#
# A fatal error has been detected by the Java Runtime Environment:
#
#  EXCEPTION_ACCESS_VIOLATION (0xc0000005) at pc=0x00007ffeb580bc29, pid=20172, tid=7392
#
# JRE version: Java(TM) SE Runtime Environment (25.0.1+8) (build 25.0.1+8-LTS-27)
# Java VM: Java HotSpot(TM) 64-Bit Server VM (25.0.1+8-LTS-27, mixed mode, sharing, tiered, compressed oops, compressed class ptrs, g1 gc, windows-amd64)
# Problematic frame:
# C  [nvoglv64.dll+0x91bc29]
#
# No core dump will be written. Minidumps are not enabled by default on client versions of Windows
#
# If you would like to submit a bug report, please visit:
#   https://bugreport.java.com/bugreport/crash.jsp
# The crash happened outside the Java Virtual Machine in native code.
# See problematic frame for where to report the bug.
#

---------------  S U M M A R Y ------------

Command Line: -Ddebugger.agent.enable.coroutines=true -Dkotlinx.coroutines.debug.enable.creation.stack.trace=false -Dkotlinx.coroutines.debug.enable.flows.stack.trace=true -Dkotlinx.coroutines.debug.enable.mutable.state.flows.stack.trace=true -agentlib:jdwp=transport=dt_socket,server=n,suspend=y,address=127.0.0.1:54822 -javaagent:C:\Users\ciara\AppData\Local\JetBrains\IntelliJIdea2025.2\captureAgent\debugger-agent.jar=file:///C:/Users/ciara/AppData/Local/Temp/capture16512205224043941937.props -Dfile.encoding=UTF-8 -Duser.country=IE -Duser.language=en -Duser.variant Main

Host: AMD Ryzen 5 5600X 6-Core Processor             , 12 cores, 15G,  Windows 10 , 64 bit Build 19041 (10.0.19041.5915)
Time: Wed Nov  5 23:17:12 2025 GMT Standard Time elapsed time: 0.663813 seconds (0d 0h 0m 0s)

---------------  T H R E A D  ---------------

Current thread (0x0000024da0735fe0):  JavaThread "main"             [_thread_in_native, id=7392, stack(0x00000072dd500000,0x00000072dd600000) (1024K)]

Stack: [0x00000072dd500000,0x00000072dd600000],  sp=0x00000072dd5ff120,  free space=1020k
Native frames: (J=compiled Java code, j=interpreted, Vv=VM code, C=native code)
C  [nvoglv64.dll+0x91bc29]  (no source info available)
C  [nvoglv64.dll+0x576487]  (no source info available)
C  0x0000024db2950abe  (no source info available)

The last pc belongs to native method entry point (kind = native) (printed below).
Java frames: (J=compiled Java code, j=interpreted, Vv=VM code)
j  org.lwjgl.opengl.GL11C.nglDrawElements(IIIJ)V+0
j  org.lwjgl.opengl.GL11C.glDrawElements(IIIJ)V+4
j  org.lwjgl.opengl.GL11.glDrawElements(IIIJ)V+4
j  Jade.DemoScene.process(F)V+43
j  Jade.SceneManager.process(F)V+7
j  Jade.Window.loop()V+38
j  Jade.Window.run()V+16
j  Main.main([Ljava/lang/String;)V+5
v  ~StubRoutines::call_stub 0x0000024db29412ed

siginfo: EXCEPTION_ACCESS_VIOLATION (0xc0000005), reading address 0x0000000000000000


Registers:
RAX=0x0000004d74d6a7ef, RBX=0x0000000000000001, RCX=0x00012e90667ffff0, RDX=0x0000004d74d6a7ef
RSP=0x00000072dd5ff120, RBP=0x0000024dc99dc080, RSI=0x0000000000000006, RDI=0x0000024dc99dc080
R8 =0x0000000000006201, R9 =0x0000000000000000, R10=0x00000000546c6148, R11=0x000001f250b5917a
R12=0x0000000000001403, R13=0x0000000000001403, R14=0x0000000000000000, R15=0x0000000000000004
RIP=0x00007ffeb580bc29, EFLAGS=0x0000000000010246

XMM[0]=0x0000000000000000 0x0000000047810b00
XMM[1]=0x0000000000000000 0x0000000000000000
XMM[2]=0x0000000000000000 0x0000000000000000
XMM[3]=0x0000000000000000 0x0000000000000000
XMM[4]=0x0000000000000000 0x0000000000000000
XMM[5]=0xe0468b4928244489 0xf0468b41f84e8b45
XMM[6]=0x0000000000000000 0x7dd7bc017dd7bc01
XMM[7]=0x0000000000000000 0x14e8c84188303fdf
XMM[8]=0x0000000000000000 0x4a319941fc018edf
XMM[9]=0x0000000000000000 0x59db6a41e191dddf
XMM[10]=0x0000000000000000 0x34e63b4167e12cdf
XMM[11]=0x0000000000000000 0x351b734cc561b6d9
XMM[12]=0x0000000000000000 0x459176a550a84614
XMM[13]=0x0000000000000000 0x0000000000000000
XMM[14]=0x0000000000000000 0x0000000000000000
XMM[15]=0x0000000000000000 0x0000000000000000
  MXCSR=0x00001fa4


Register to memory mapping:

RAX=0x0000004d74d6a7ef is an unknown value
RBX=0x0000000000000001 is an unknown value
RCX=0x00012e90667ffff0 is an unknown value
RDX=0x0000004d74d6a7ef is an unknown value
RSP=0x00000072dd5ff120 is pointing into the stack for thread: 0x0000024da0735fe0
RBP=0x0000024dc99dc080 points into unknown readable memory: 0x0000000000000000 | 00 00 00 00 00 00 00 00
RSI=0x0000000000000006 is an unknown value
RDI=0x0000024dc99dc080 points into unknown readable memory: 0x0000000000000000 | 00 00 00 00 00 00 00 00
R8 =0x0000000000006201 is an unknown value
R9 =0x0 is null
R10=0x00000000546c6148 is an unknown value
R11=0x000001f250b5917a is an unknown value
R12=0x0000000000001403 is an unknown value
R13=0x0000000000001403 is an unknown value
R14=0x0 is null
R15=0x0000000000000004 is an unknown value

Top of Stack: (sp=0x00000072dd5ff120)
0x00000072dd5ff120:   0000000000000001 0000000000000000   ................
0x00000072dd5ff130:   0000000000000000 0000000000000000   ................
0x00000072dd5ff140:   0000000000000000 0000000800000000   ................
0x00000072dd5ff150:   00007ffeb4b84ca8 0000024dc7a0c598   .L..........M...
0x00000072dd5ff160:   000000000000000e 000000000017555d   ........]U......
0x00000072dd5ff170:   0000024dc36fbd60 0000024da0735fe0   `.o.M...._s.M...
0x00000072dd5ff180:   0000000200000005 0000000000001403   ................
0x00000072dd5ff190:   0000024dc99dc080 0000000000000000   ....M...........
0x00000072dd5ff1a0:   0000000000000000 00000072dd5ff320   ........ ._.r...
0x00000072dd5ff1b0:   0000000000000004 0000000000000006   ................
0x00000072dd5ff1c0:   00000072dd5ff2e0 00007ffeb5466487   .._.r....dF.....
0x00000072dd5ff1d0:   0000024dc99de1c0 00007ffe00000004   ....M...........
0x00000072dd5ff1e0:   0000007200000000 0000024d00000000   ....r.......M...
0x00000072dd5ff1f0:   0000000000000006 0000024d0000000c   ............M...
0x00000072dd5ff200:   0000000000000000 0000024d00000000   ............M...
0x00000072dd5ff210:   0000024db2949400 0000024db29507b3   ....M.......M...
0x00000072dd5ff220:   0000024da0735fe0 0000024dc36fbd60   ._s.M...`.o.M...
0x00000072dd5ff230:   0000000000000000 0000024db294946c   ........l...M...
0x00000072dd5ff240:   0000024dc34d78b0 0000024db2950abe   .xM.M.......M...
0x00000072dd5ff250:   0000024dc36fbd60 00007ffeb47e1885   `.o.M.....~.....
0x00000072dd5ff260:   0000024db294946c 0000024dc36fbd60   l...M...`.o.M...
0x00000072dd5ff270:   0000000000001403 0000000000000000   ................
0x00000072dd5ff280:   0000024dc34d78b0 00007ffeb47da975   .xM.M...u.}.....
0x00000072dd5ff290:   0000024db295040b fffffffffffffff7   ....M...........
0x00000072dd5ff2a0:   0000024dc36fbd60 0000000000000008   `.o.M...........
0x00000072dd5ff2b0:   0000024dc38087e8 0000000000000000   ....M...........
0x00000072dd5ff2c0:   000000070fd6b480 0000024dc36fbd60   ........`.o.M...
0x00000072dd5ff2d0:   0000000000000000 00000072dd5ff300   .........._.r...
0x00000072dd5ff2e0:   00000072dd5ff370 0000024db294946c   p._.r...l...M...
0x00000072dd5ff2f0:   000000070fd6b480 0000024db294ca57   ........W...M...
0x00000072dd5ff300:   0000000000000000 0000000000000000   ................
0x00000072dd5ff310:   0000000000001403 0000000000000006   ................

Instructions: (pc=0x00007ffeb580bc29)
  0x00007ffeb580bb29:   23 d8 41 8b 82 08 06 00 00 41 8b cb 41 0b 8a 14
  0x00007ffeb580bb39:   06 00 00 f7 d1 23 c8 c1 e8 14 a8 01 0f 85 0b 09
  0x00007ffeb580bb49:   00 00 80 bd ac 0d 92 00 00 0f 85 fe 08 00 00 45
  0x00007ffeb580bb59:   3b c8 0f 82 f5 08 00 00 85 f6 0f 8e ed 08 00 00
  0x00007ffeb580bb69:   41 83 ff 0e 0f 87 e3 08 00 00 3b 95 28 10 92 00
  0x00007ffeb580bb79:   0f 8f d7 08 00 00 41 83 ba 00 06 00 00 00 0f 85
  0x00007ffeb580bb89:   c9 08 00 00 41 80 ba 29 06 00 00 00 0f 85 bb 08
  0x00007ffeb580bb99:   00 00 41 80 ba 28 06 00 00 00 0f 85 ad 08 00 00
  0x00007ffeb580bba9:   80 bd 35 e2 90 00 00 0f 85 a0 08 00 00 80 bd 3c
  0x00007ffeb580bbb9:   e2 90 00 00 0f 85 93 08 00 00 f7 c1 00 00 03 00
  0x00007ffeb580bbc9:   0f 85 87 08 00 00 44 0b d9 45 85 9a 48 08 00 00
  0x00007ffeb580bbd9:   0f 85 77 08 00 00 48 89 5c 24 78 48 8d 8d 80 11
  0x00007ffeb580bbe9:   92 00 bb 01 00 00 00 48 89 7c 24 70 8b d3 4c 89
  0x00007ffeb580bbf9:   6c 24 68 e8 ef 93 e7 ff 41 81 fc 05 14 00 00 75
  0x00007ffeb580bc09:   16 41 8b 16 41 8b 4c b6 fc 3b d1 8b f9 0f 47 fa
  0x00007ffeb580bc19:   0f 42 ca 2b f9 eb 57 41 81 fc 03 14 00 00 75 20
=>0x00007ffeb580bc29:   41 0f b7 16 41 0f b7 4c 76 fe 0f b7 c1 66 3b d1
  0x00007ffeb580bc39:   66 0f 47 c2 66 0f 42 ca 0f b7 f8 0f b7 c1 eb 2c
  0x00007ffeb580bc49:   41 81 fc 01 14 00 00 0f 85 bb 07 00 00 45 0f b6
  0x00007ffeb580bc59:   06 42 0f b6 54 36 ff 44 3a c2 8b ca 41 0f 47 c8
  0x00007ffeb580bc69:   0f b6 f9 8b ca 41 0f 42 c8 0f b6 c1 2b f8 48 8b
  0x00007ffeb580bc79:   8c 24 b0 00 00 00 44 8d 6e ff e8 58 0c 00 00 48
  0x00007ffeb580bc89:   8b 84 24 b0 00 00 00 44 8b 50 20 41 8b c2 0f af
  0x00007ffeb580bc99:   c7 44 89 94 24 d0 00 00 00 3b 85 2c 10 92 00 0f
  0x00007ffeb580bca9:   8f 63 07 00 00 0f 29 74 24 50 41 81 fc 05 14 00
  0x00007ffeb580bcb9:   00 0f 85 04 01 00 00 45 8b 3e 41 8b ff 49 8d 56
  0x00007ffeb580bcc9:   04 3b f3 0f 8e 7f 03 00 00 41 83 fd 08 0f 82 b3
  0x00007ffeb580bcd9:   00 00 00 83 3d 4d 40 de 01 02 0f 8c a6 00 00 00
  0x00007ffeb580bce9:   41 8b c5 25 07 00 00 80 7d 07 ff c8 83 c8 f8 ff
  0x00007ffeb580bcf9:   c0 66 41 0f 6e cf 8b ce 66 0f 70 c9 00 2b c8 66
  0x00007ffeb580bd09:   0f 6f d9 66 0f 6f e1 66 0f 6f d1 f3 0f 6f 02 83
  0x00007ffeb580bd19:   c3 08 66 0f 38 3b c8 66 0f 38 3f d0 f3 0f 6f 42


Stack slot to memory mapping:

stack at sp + 0 slots: 0x0000000000000001 is an unknown value
stack at sp + 1 slots: 0x0 is null
stack at sp + 2 slots: 0x0 is null
stack at sp + 3 slots: 0x0 is null
stack at sp + 4 slots: 0x0 is null
stack at sp + 5 slots: 0x0000000800000000 is an unknown value
stack at sp + 6 slots: 0x00007ffeb4b84ca8 jvm.dll
stack at sp + 7 slots: 0x0000024dc7a0c598 points into unknown readable memory: 0x49280007a4340007 | 07 00 34 a4 07 00 28 49

Lock stack of current Java thread (top to bottom):

native method entry point (kind = native)  [0x0000024db2950360, 0x0000024db2951570]  4624 bytes
[MachCode]
  0x0000024db2950360: 488b 4b08 | 0fb7 492e | 584c 8d74 | ccf8 6800 | 0000 0068 | 0000 0000 | 5055 488b | ec41 5548 
  0x0000024db2950380: 8b43 084c | 8d68 3848 | 8b40 0868 | 0000 0000 | 5348 8b50 | 1848 8b52 | 7048 8b12 | 5248 8b53 
  0x0000024db29503a0: 1048 85d2 | 7407 4881 | c2d0 0000 | 0052 488b | 5010 5249 | 8bc6 482b | c548 c1e8 | 0350 6800 
  0x0000024db29503c0: 0000 0068 | f7ff ffff | 41c6 87f1 | 0400 0001 | 488b 4310 | 4885 c074 | 208b 8890 | 0000 0083 
  0x0000024db29503e0: c102 8988 | 9000 0000 | 2388 a400 | 0000 0f84 | 1110 0000 | e986 0100 | 0048 8b43 | 1848 85c0 
  0x0000024db2950400: 0f85 6701 | 0000 e805 | 0000 00e9 | 5001 0000 | 488b d348 | 8d44 2408 | 4c89 6dc0 | 498b cfc5 
  0x0000024db2950420: f877 4989 | af38 0400 | 0049 8987 | 2804 0000 | 4883 ec20 | 40f6 c40f | 0f84 1900 | 0000 4883 
  0x0000024db2950440: ec08 48b8 | 401f 50b4 | fe7f 0000 | ffd0 4883 | c408 e90c | 0000 0048 | b840 1f50 | b4fe 7f00 
  0x0000024db2950460: 00ff d048 | 83c4 2049 | c787 2804 | 0000 0000 | 0000 49c7 | 8738 0400 | 0000 0000 | 0049 c787 
  0x0000024db2950480: 3004 0000 | 0000 0000 | c5f8 7741 | 8b8f b405 | 0000 f6c1 | 010f 8442 | 0000 00f6 | c102 0f85 
  0x0000024db29504a0: 3900 0000 | 4883 ec20 | 40f6 c40f | 0f84 1900 | 0000 4883 | ec08 48b8 | d0f0 4fb4 | fe7f 0000 
  0x0000024db29504c0: ffd0 4883 | c408 e90c | 0000 0048 | b8d0 f04f | b4fe 7f00 | 00ff d048 | 83c4 20ff | e049 8b8f 
  0x0000024db29504e0: 7806 0000 | 4885 c90f | 8455 0000 | 008b 899c | 0000 0083 | f901 0f85 | 4600 0000 | 498b 8f78 
  0x0000024db2950500: 0600 008b | 89a0 0000 | 0048 83ec | 2040 f6c4 | 0f0f 8419 | 0000 0048 | 83ec 0848 | b8c0 f04f 
  0x0000024db2950520: b4fe 7f00 | 00ff d048 | 83c4 08e9 | 0c00 0000 | 48b8 c0f0 | 4fb4 fe7f | 0000 ffd0 | 4883 c420 
  0x0000024db2950540: ffe0 4983 | 7f08 000f | 8405 0000 | 00e9 8e0c | ffff 4c8b | 6dc0 4c8b | 75c8 4e8d | 74f5 00c3 
  0x0000024db2950560: 488b 4318 | 4885 c00f | 8412 0000 | 008b 4808 | 83c1 0289 | 4808 2348 | 2c0f 8486 | 0e00 0049 
  0x0000024db2950580: 3ba7 7005 | 0000 0f87 | 4800 0000 | 8984 2400 | f0ff ff89 | 8424 00e0 | ffff 8984 | 2400 d0ff 
  0x0000024db29505a0: ff89 8424 | 00c0 ffff | 8984 2400 | b0ff ff89 | 8424 00a0 | ffff 8984 | 2400 90ff | ff89 8424 
  0x0000024db29505c0: 0080 ffff | 493b a768 | 0500 0076 | 0749 89a7 | 7005 0000 | 41c6 87f1 | 0400 0000 | 418b 9780 
  0x0000024db29505e0: 0600 0085 | d20f 8457 | 0100 00e8 | 0500 0000 | e94d 0100 | 0048 8d44 | 2408 4c89 | 6dc0 498b 
  0x0000024db2950600: cfc5 f877 | 4989 af38 | 0400 0049 | 8987 2804 | 0000 4883 | ec20 40f6 | c40f 0f84 | 1900 0000 
  0x0000024db2950620: 4883 ec08 | 48b8 7046 | 50b4 fe7f | 0000 ffd0 | 4883 c408 | e90c 0000 | 0048 b870 | 4650 b4fe 
  0x0000024db2950640: 7f00 00ff | d048 83c4 | 2049 c787 | 2804 0000 | 0000 0000 | 49c7 8738 | 0400 0000 | 0000 0049 
  0x0000024db2950660: c787 3004 | 0000 0000 | 0000 c5f8 | 7741 8b8f | b405 0000 | f6c1 010f | 8442 0000 | 00f6 c102 
  0x0000024db2950680: 0f85 3900 | 0000 4883 | ec20 40f6 | c40f 0f84 | 1900 0000 | 4883 ec08 | 48b8 d0f0 | 4fb4 fe7f 
  0x0000024db29506a0: 0000 ffd0 | 4883 c408 | e90c 0000 | 0048 b8d0 | f04f b4fe | 7f00 00ff | d048 83c4 | 20ff e049 
  0x0000024db29506c0: 8b8f 7806 | 0000 4885 | c90f 8455 | 0000 008b | 899c 0000 | 0083 f901 | 0f85 4600 | 0000 498b 
  0x0000024db29506e0: 8f78 0600 | 008b 89a0 | 0000 0048 | 83ec 2040 | f6c4 0f0f | 8419 0000 | 0048 83ec | 0848 b8c0 
  0x0000024db2950700: f04f b4fe | 7f00 00ff | d048 83c4 | 08e9 0c00 | 0000 48b8 | c0f0 4fb4 | fe7f 0000 | ffd0 4883 
  0x0000024db2950720: c420 ffe0 | 4983 7f08 | 000f 8405 | 0000 00e9 | ac0a ffff | 4c8b 6dc0 | 4c8b 75c8 | 4e8d 74f5 
  0x0000024db2950740: 00c3 488b | 5de8 4c8b | 5b08 450f | b75b 2e41 | c1e3 0349 | 2be3 4883 | ec20 4883 | e4f0 4c8b 
  0x0000024db2950760: 5b60 4d85 | db0f 8562 | 0100 00e8 | 0500 0000 | e950 0100 | 0048 8bd3 | 488d 4424 | 084c 896d 
  0x0000024db2950780: c049 8bcf | c5f8 7749 | 89af 3804 | 0000 4989 | 8728 0400 | 0048 83ec | 2040 f6c4 | 0f0f 8419 
  0x0000024db29507a0: 0000 0048 | 83ec 0848 | b870 4850 | b4fe 7f00 | 00ff d048 | 83c4 08e9 | 0c00 0000 | 48b8 7048 
  0x0000024db29507c0: 50b4 fe7f | 0000 ffd0 | 4883 c420 | 49c7 8728 | 0400 0000 | 0000 0049 | c787 3804 | 0000 0000 
  0x0000024db29507e0: 0000 49c7 | 8730 0400 | 0000 0000 | 00c5 f877 | 418b 8fb4 | 0500 00f6 | c101 0f84 | 4200 0000 
  0x0000024db2950800: f6c1 020f | 8539 0000 | 0048 83ec | 2040 f6c4 | 0f0f 8419 | 0000 0048 | 83ec 0848 | b8d0 f04f 
  0x0000024db2950820: b4fe 7f00 | 00ff d048 | 83c4 08e9 | 0c00 0000 | 48b8 d0f0 | 4fb4 fe7f | 0000 ffd0 | 4883 c420 
  0x0000024db2950840: ffe0 498b | 8f78 0600 | 0048 85c9 | 0f84 5500 | 0000 8b89 | 9c00 0000 | 83f9 010f | 8546 0000 
  0x0000024db2950860: 0049 8b8f | 7806 0000 | 8b89 a000 | 0000 4883 | ec20 40f6 | c40f 0f84 | 1900 0000 | 4883 ec08 
  0x0000024db2950880: 48b8 c0f0 | 4fb4 fe7f | 0000 ffd0 | 4883 c408 | e90c 0000 | 0048 b8c0 | f04f b4fe | 7f00 00ff 
  0x0000024db29508a0: d048 83c4 | 20ff e049 | 837f 0800 | 0f84 0500 | 0000 e929 | 09ff ff4c | 8b6d c04c | 8b75 c84e 
  0x0000024db29508c0: 8d74 f500 | c348 8b5d | e84c 8b5b | 6041 ffd3 | 488b 5de8 | 4889 4518 | 440f b75b | 2c41 f6c3 
  0x0000024db29508e0: 080f 841b | 0000 004c | 8b5b 084d | 8b5b 084d | 8b5b 184d | 8b5b 704d | 8b1b 4c89 | 5d10 488d 
  0x0000024db2950900: 5510 488b | 4358 49ba | a00f 8bb4 | fe7f 0000 | 493b c20f | 8562 0100 | 00e8 0500 | 0000 e950 
  0x0000024db2950920: 0100 0048 | 8bd3 488d | 4424 084c | 896d c049 | 8bcf c5f8 | 7749 89af | 3804 0000 | 4989 8728 
  0x0000024db2950940: 0400 0048 | 83ec 2040 | f6c4 0f0f | 8419 0000 | 0048 83ec | 0848 b870 | 4850 b4fe | 7f00 00ff 
  0x0000024db2950960: d048 83c4 | 08e9 0c00 | 0000 48b8 | 7048 50b4 | fe7f 0000 | ffd0 4883 | c420 49c7 | 8728 0400 
  0x0000024db2950980: 0000 0000 | 0049 c787 | 3804 0000 | 0000 0000 | 49c7 8730 | 0400 0000 | 0000 00c5 | f877 418b 
  0x0000024db29509a0: 8fb4 0500 | 00f6 c101 | 0f84 4200 | 0000 f6c1 | 020f 8539 | 0000 0048 | 83ec 2040 | f6c4 0f0f 
  0x0000024db29509c0: 8419 0000 | 0048 83ec | 0848 b8d0 | f04f b4fe | 7f00 00ff | d048 83c4 | 08e9 0c00 | 0000 48b8 
  0x0000024db29509e0: d0f0 4fb4 | fe7f 0000 | ffd0 4883 | c420 ffe0 | 498b 8f78 | 0600 0048 | 85c9 0f84 | 5500 0000 
  0x0000024db2950a00: 8b89 9c00 | 0000 83f9 | 010f 8546 | 0000 0049 | 8b8f 7806 | 0000 8b89 | a000 0000 | 4883 ec20 
  0x0000024db2950a20: 40f6 c40f | 0f84 1900 | 0000 4883 | ec08 48b8 | c0f0 4fb4 | fe7f 0000 | ffd0 4883 | c408 e90c 
  0x0000024db2950a40: 0000 0048 | b8c0 f04f | b4fe 7f00 | 00ff d048 | 83c4 20ff | e049 837f | 0800 0f84 | 0500 0000 
  0x0000024db2950a60: e97b 07ff | ff4c 8b6d | c04c 8b75 | c84e 8d74 | f500 c348 | 8b5d e848 | 8b43 5849 | 8d8f 4804 
  0x0000024db2950a80: 0000 4c8d | 15d5 0000 | 004d 8997 | 3004 0000 | c5f8 7749 | 89af 3804 | 0000 4989 | a728 0400 
  0x0000024db2950aa0: 0041 c787 | d404 0000 | 0400 0000 | 493b a7c8 | 0500 0076 | 0749 89a7 | c805 0000 | ffd0 493b 
  0x0000024db2950ac0: a7c8 0500 | 0072 0b49 | c787 c805 | 0000 0000 | 0000 c5f8 | 7748 83ec | 10c5 fb11 | 0424 4883 
  0x0000024db2950ae0: ec10 4889 | 0424 48c7 | 4424 0800 | 0000 0041 | c787 d404 | 0000 0500 | 0000 f083 | 4424 c000 
  0x0000024db2950b00: 493b 6f28 | 0f87 0e00 | 0000 4183 | bfd0 0400 | 0000 0f84 | 2000 0000 | 498b cf4c | 8be4 4883 
  0x0000024db2950b20: ec20 4883 | e4f0 48b8 | a0ac 51b4 | fe7f 0000 | ffd0 498b | e44d 33e4 | 41c7 87d4 | 0400 0008 
  0x0000024db2950b40: 0000 004d | 8b97 f005 | 0000 4983 | fa00 7435 | 49c7 87f0 | 0500 0000 | 0000 0041 | ffe2 49ba 
  0x0000024db2950b60: 00ed 94b2 | 4d02 0000 | 41ff d248 | 83ec 10c5 | fb11 0424 | 4883 ec10 | 4889 0424 | 48c7 4424 
  0x0000024db2950b80: 0800 0000 | 0049 c787 | 2804 0000 | 0000 0000 | 49c7 8738 | 0400 0000 | 0000 0049 | c787 3004 
  0x0000024db2950ba0: 0000 0000 | 0000 c5f8 | 774d 8b9f | b804 0000 | 41c7 8300 | 0100 0000 | 0000 0049 | bb5a ca94 
  0x0000024db2950bc0: b24d 0200 | 004c 3b5d | 180f 8555 | 0100 0048 | 8b04 2448 | 83c4 1048 | 85c0 0f84 | 2f01 0000 
  0x0000024db2950be0: a803 0f85 | 0800 0000 | 488b 00e9 | 1f01 0000 | a801 0f85 | 0900 0000 | 488b 40fe | e90e 0100 
  0x0000024db2950c00: 0048 8b40 | ff41 807f | 4800 0f84 | ff00 0000 | 4883 f800 | 0f84 f500 | 0000 4d8b | 5f38 4d85 
  0x0000024db2950c20: db0f 8414 | 0000 0049 | 83eb 084d | 895f 384d | 035f 4049 | 8903 e9d4 | 0000 0048 | 83ec 7048 
  0x0000024db2950c40: 8904 2448 | 894c 2408 | 4889 5424 | 104c 8944 | 2418 4c89 | 4c24 204c | 8954 2428 | 4c89 5c24 
  0x0000024db2950c60: 30c5 fb11 | 4424 40c5 | fb11 4c24 | 48c5 fb11 | 5424 50c5 | fb11 5c24 | 58c5 fb11 | 6424 60c5 
  0x0000024db2950c80: fb11 6c24 | 6849 8bd7 | 488b c848 | 83ec 2040 | f6c4 0f0f | 8419 0000 | 0048 83ec | 0848 b820 
  0x0000024db2950ca0: 7644 b4fe | 7f00 00ff | d048 83c4 | 08e9 0c00 | 0000 48b8 | 2076 44b4 | fe7f 0000 | ffd0 4883 
  0x0000024db2950cc0: c420 c5fb | 106c 2468 | c5fb 1064 | 2460 c5fb | 105c 2458 | c5fb 1054 | 2450 c5fb | 104c 2448 
  0x0000024db2950ce0: c5fb 1044 | 2440 4c8b | 5c24 304c | 8b54 2428 | 4c8b 4c24 | 204c 8b44 | 2418 488b | 5424 1048 
  0x0000024db2950d00: 8b4c 2408 | 488b 0424 | 4883 c470 | c5f8 7748 | 8945 1048 | 83ec 1048 | 8904 2448 | c744 2408 
  0x0000024db2950d20: 0000 0000 | 4183 bf50 | 0500 0002 | 0f85 bf00 | 0000 4881 | ec80 0000 | 0048 8944 | 2478 4889 
  0x0000024db2950d40: 4c24 7048 | 8954 2468 | 4889 5c24 | 6048 896c | 2450 4889 | 7424 4848 | 897c 2440 | 4c89 4424 
  0x0000024db2950d60: 384c 894c | 2430 4c89 | 5424 284c | 895c 2420 | 4c89 6424 | 184c 896c | 2410 4c89 | 7424 084c 
  0x0000024db2950d80: 893c 244c | 8be4 4883 | ec20 4883 | e4f0 48b8 | 10f7 8ab4 | fe7f 0000 | ffd0 498b | e44c 8b3c 
  0x0000024db2950da0: 244c 8b74 | 2408 4c8b | 6c24 104c | 8b64 2418 | 4c8b 5c24 | 204c 8b54 | 2428 4c8b | 4c24 304c 
  0x0000024db2950dc0: 8b44 2438 | 488b 7c24 | 4048 8b74 | 2448 488b | 6c24 5048 | 8b5c 2460 | 488b 5424 | 6848 8b4c 
  0x0000024db2950de0: 2470 488b | 4424 7848 | 81c4 8000 | 0000 4d33 | e448 8b5d | e84c 8b6b | 084d 8d6d | 3849 837f 
  0x0000024db2950e00: 0800 0f84 | 7201 0000 | e805 0000 | 00e9 4d01 | 0000 488d | 4424 084c | 896d c049 | 8bcf c5f8 
  0x0000024db2950e20: 7749 89af | 3804 0000 | 4989 8728 | 0400 0048 | 83ec 2040 | f6c4 0f0f | 8419 0000 | 0048 83ec 
  0x0000024db2950e40: 0848 b8b0 | 6650 b4fe | 7f00 00ff | d048 83c4 | 08e9 0c00 | 0000 48b8 | b066 50b4 | fe7f 0000 
  0x0000024db2950e60: ffd0 4883 | c420 49c7 | 8728 0400 | 0000 0000 | 0049 c787 | 3804 0000 | 0000 0000 | 49c7 8730 
  0x0000024db2950e80: 0400 0000 | 0000 00c5 | f877 418b | 8fb4 0500 | 00f6 c101 | 0f84 4200 | 0000 f6c1 | 020f 8539 
  0x0000024db2950ea0: 0000 0048 | 83ec 2040 | f6c4 0f0f | 8419 0000 | 0048 83ec | 0848 b8d0 | f04f b4fe | 7f00 00ff 
  0x0000024db2950ec0: d048 83c4 | 08e9 0c00 | 0000 48b8 | d0f0 4fb4 | fe7f 0000 | ffd0 4883 | c420 ffe0 | 498b 8f78 
  0x0000024db2950ee0: 0600 0048 | 85c9 0f84 | 5500 0000 | 8b89 9c00 | 0000 83f9 | 010f 8546 | 0000 0049 | 8b8f 7806 
  0x0000024db2950f00: 0000 8b89 | a000 0000 | 4883 ec20 | 40f6 c40f | 0f84 1900 | 0000 4883 | ec08 48b8 | c0f0 4fb4 
  0x0000024db2950f20: fe7f 0000 | ffd0 4883 | c408 e90c | 0000 0048 | b8c0 f04f | b4fe 7f00 | 00ff d048 | 83c4 20ff 
  0x0000024db2950f40: e049 837f | 0800 0f84 | 0500 0000 | e98f 02ff | ff4c 8b6d | c04c 8b75 | c84e 8d74 | f500 c348 
  0x0000024db2950f60: b948 08b4 | b4fe 7f00 | 0048 83e4 | f048 b800 | 8d77 b4fe | 7f00 00ff | d0f4 440f | b75b 2c41 
  0x0000024db2950f80: f6c3 200f | 8429 0200 | 0048 8d55 | a84c 8b5a | 084d 85db | 0f85 7201 | 0000 e805 | 0000 00e9 
  0x0000024db2950fa0: 4d01 0000 | 488d 4424 | 084c 896d | c049 8bcf | c5f8 7749 | 89af 3804 | 0000 4989 | 8728 0400 
  0x0000024db2950fc0: 0048 83ec | 2040 f6c4 | 0f0f 8419 | 0000 0048 | 83ec 0848 | b8e0 6550 | b4fe 7f00 | 00ff d048 
  0x0000024db2950fe0: 83c4 08e9 | 0c00 0000 | 48b8 e065 | 50b4 fe7f | 0000 ffd0 | 4883 c420 | 49c7 8728 | 0400 0000 
  0x0000024db2951000: 0000 0049 | c787 3804 | 0000 0000 | 0000 49c7 | 8730 0400 | 0000 0000 | 00c5 f877 | 418b 8fb4 
  0x0000024db2951020: 0500 00f6 | c101 0f84 | 4200 0000 | f6c1 020f | 8539 0000 | 0048 83ec | 2040 f6c4 | 0f0f 8419 
  0x0000024db2951040: 0000 0048 | 83ec 0848 | b8d0 f04f | b4fe 7f00 | 00ff d048 | 83c4 08e9 | 0c00 0000 | 48b8 d0f0 
  0x0000024db2951060: 4fb4 fe7f | 0000 ffd0 | 4883 c420 | ffe0 498b | 8f78 0600 | 0048 85c9 | 0f84 5500 | 0000 8b89 
  0x0000024db2951080: 9c00 0000 | 83f9 010f | 8546 0000 | 0049 8b8f | 7806 0000 | 8b89 a000 | 0000 4883 | ec20 40f6 
  0x0000024db29510a0: c40f 0f84 | 1900 0000 | 4883 ec08 | 48b8 c0f0 | 4fb4 fe7f | 0000 ffd0 | 4883 c408 | e90c 0000 
  0x0000024db29510c0: 0048 b8c0 | f04f b4fe | 7f00 00ff | d048 83c4 | 20ff e049 | 837f 0800 | 0f84 0500 | 0000 e9fd 
  0x0000024db29510e0: 00ff ff4c | 8b6d c04c | 8b75 c84e | 8d74 f500 | c348 b948 | 08b4 b4fe | 7f00 0048 | 83e4 f048 
  0x0000024db2951100: b800 8d77 | b4fe 7f00 | 00ff d0f4 | 4c89 6dc0 | 4c8b 4a08 | 48c7 4208 | 0000 0000 | 458b 87d8 
  0x0000024db2951120: 0600 004f | 3b4c 07f8 | 0f85 4200 | 0000 4183 | afd8 0600 | 0008 4f3b | 4c07 f00f | 842a 0000 
  0x0000024db2951140: 0049 8b01 | a802 0f85 | 1200 0000 | 4c8b c049 | 83c8 01f0 | 4d0f b101 | 0f84 0d00 | 0000 4183 
  0x0000024db2951160: 87d8 0600 | 0008 e905 | 0000 00e9 | 3e00 0000 | 4c89 4a08 | 488b ca48 | 83ec 2040 | f6c4 0f0f 
  0x0000024db2951180: 8419 0000 | 0048 83ec | 0848 b830 | 3850 b4fe | 7f00 00ff | d048 83c4 | 08e9 0c00 | 0000 48b8 
  0x0000024db29511a0: 3038 50b4 | fe7f 0000 | ffd0 4883 | c420 4c8b | 6dc0 41c6 | 8796 0300 | 0001 493b | 6f28 0f87 
  0x0000024db29511c0: 0500 0000 | e9ab 0000 | 0048 83ec | 10c5 fb11 | 0424 4883 | ec10 4889 | 0424 48c7 | 4424 0800 
  0x0000024db29511e0: 0000 00c5 | f877 4989 | af38 0400 | 0049 bae3 | 1195 b24d | 0200 004d | 8997 3004 | 0000 4989 
  0x0000024db2951200: a728 0400 | 0049 8bcf | 4883 ec20 | 40f6 c40f | 0f84 1900 | 0000 4883 | ec08 48b8 | d01e 50b4 
  0x0000024db2951220: fe7f 0000 | ffd0 4883 | c408 e90c | 0000 0048 | b8d0 1e50 | b4fe 7f00 | 00ff d048 | 83c4 2049 
  0x0000024db2951240: c787 2804 | 0000 0000 | 0000 49c7 | 8738 0400 | 0000 0000 | 0049 c787 | 3004 0000 | 0000 0000 
  0x0000024db2951260: c5f8 7748 | 8b04 2448 | 83c4 10c5 | fb10 0424 | 4883 c410 | 418b 9780 | 0600 0085 | d20f 8457 
  0x0000024db2951280: 0100 00e8 | 0500 0000 | e94d 0100 | 0048 8d44 | 2408 4c89 | 6dc0 498b | cfc5 f877 | 4989 af38 
  0x0000024db29512a0: 0400 0049 | 8987 2804 | 0000 4883 | ec20 40f6 | c40f 0f84 | 1900 0000 | 4883 ec08 | 48b8 a047 
  0x0000024db29512c0: 50b4 fe7f | 0000 ffd0 | 4883 c408 | e90c 0000 | 0048 b8a0 | 4750 b4fe | 7f00 00ff | d048 83c4 
  0x0000024db29512e0: 2049 c787 | 2804 0000 | 0000 0000 | 49c7 8738 | 0400 0000 | 0000 0049 | c787 3004 | 0000 0000 
  0x0000024db2951300: 0000 c5f8 | 7741 8b8f | b405 0000 | f6c1 010f | 8442 0000 | 00f6 c102 | 0f85 3900 | 0000 4883 
  0x0000024db2951320: ec20 40f6 | c40f 0f84 | 1900 0000 | 4883 ec08 | 48b8 d0f0 | 4fb4 fe7f | 0000 ffd0 | 4883 c408 
  0x0000024db2951340: e90c 0000 | 0048 b8d0 | f04f b4fe | 7f00 00ff | d048 83c4 | 20ff e049 | 8b8f 7806 | 0000 4885 
  0x0000024db2951360: c90f 8455 | 0000 008b | 899c 0000 | 0083 f901 | 0f85 4600 | 0000 498b | 8f78 0600 | 008b 89a0 
  0x0000024db2951380: 0000 0048 | 83ec 2040 | f6c4 0f0f | 8419 0000 | 0048 83ec | 0848 b8c0 | f04f b4fe | 7f00 00ff 
  0x0000024db29513a0: d048 83c4 | 08e9 0c00 | 0000 48b8 | c0f0 4fb4 | fe7f 0000 | ffd0 4883 | c420 ffe0 | 4983 7f08 
  0x0000024db29513c0: 000f 8405 | 0000 00e9 | 14fe feff | 4c8b 6dc0 | 4c8b 75c8 | 4e8d 74f5 | 00c3 488b | 0424 4883 
  0x0000024db29513e0: c410 c5fb | 1004 2448 | 83c4 104c | 8b5d 1841 | ffd3 4c8b | 5df8 c941 | c687 9603 | 0000 005f 
  0x0000024db2951400: 498b e3ff | e7ba 0000 | 0000 e805 | 0000 00e9 | 4d01 0000 | 488d 4424 | 084c 896d | c049 8bcf 
  0x0000024db2951420: c5f8 7749 | 89af 3804 | 0000 4989 | 8728 0400 | 0048 83ec | 2040 f6c4 | 0f0f 8419 | 0000 0048 
  0x0000024db2951440: 83ec 0848 | b820 2e50 | b4fe 7f00 | 00ff d048 | 83c4 08e9 | 0c00 0000 | 48b8 202e | 50b4 fe7f 
  0x0000024db2951460: 0000 ffd0 | 4883 c420 | 49c7 8728 | 0400 0000 | 0000 0049 | c787 3804 | 0000 0000 | 0000 49c7 
  0x0000024db2951480: 8730 0400 | 0000 0000 | 00c5 f877 | 418b 8fb4 | 0500 00f6 | c101 0f84 | 4200 0000 | f6c1 020f 
  0x0000024db29514a0: 8539 0000 | 0048 83ec | 2040 f6c4 | 0f0f 8419 | 0000 0048 | 83ec 0848 | b8d0 f04f | b4fe 7f00 
  0x0000024db29514c0: 00ff d048 | 83c4 08e9 | 0c00 0000 | 48b8 d0f0 | 4fb4 fe7f | 0000 ffd0 | 4883 c420 | ffe0 498b 
  0x0000024db29514e0: 8f78 0600 | 0048 85c9 | 0f84 5500 | 0000 8b89 | 9c00 0000 | 83f9 010f | 8546 0000 | 0049 8b8f 
  0x0000024db2951500: 7806 0000 | 8b89 a000 | 0000 4883 | ec20 40f6 | c40f 0f84 | 1900 0000 | 4883 ec08 | 48b8 c0f0 
  0x0000024db2951520: 4fb4 fe7f | 0000 ffd0 | 4883 c408 | e90c 0000 | 0048 b8c0 | f04f b4fe | 7f00 00ff | d048 83c4 
  0x0000024db2951540: 20ff e049 | 837f 0800 | 0f84 0500 | 0000 e98d | fcfe ff4c | 8b6d c04c | 8b75 c84e | 8d74 f500 
  0x0000024db2951560: c348 8b5d | e8e9 15f0 | ffff 660f | 1f44 0000 
[/MachCode]

---------------  P R O C E S S  ---------------

Threads class SMR info:
_java_thread_list=0x0000024dc29a7d30, length=15, elements={
0x0000024da0735fe0, 0x0000024dc26598a0, 0x0000024dc265a300, 0x0000024dc265d3f0,
0x0000024dc265efc0, 0x0000024dc265fb80, 0x0000024dc2662750, 0x0000024dc266b650,
0x0000024dc2679000, 0x0000024dc2855c80, 0x0000024dc2856660, 0x0000024dc281a3d0,
0x0000024dc28b9620, 0x0000024dc2a3fc30, 0x0000024dc299f9f0
}

Java Threads: ( => current thread )
=>0x0000024da0735fe0 JavaThread "main"                              [_thread_in_native, id=7392, stack(0x00000072dd500000,0x00000072dd600000) (1024K)]
  0x0000024dc26598a0 JavaThread "Reference Handler"          daemon [_thread_blocked, id=20284, stack(0x00000072ddd00000,0x00000072dde00000) (1024K)]
  0x0000024dc265a300 JavaThread "Finalizer"                  daemon [_thread_blocked, id=7652, stack(0x00000072dde00000,0x00000072ddf00000) (1024K)]
  0x0000024dc265d3f0 JavaThread "Signal Dispatcher"          daemon [_thread_blocked, id=5588, stack(0x00000072ddf00000,0x00000072de000000) (1024K)]
  0x0000024dc265efc0 JavaThread "Attach Listener"            daemon [_thread_blocked, id=17500, stack(0x00000072de000000,0x00000072de100000) (1024K)]
  0x0000024dc265fb80 JavaThread "Service Thread"             daemon [_thread_blocked, id=22480, stack(0x00000072de100000,0x00000072de200000) (1024K)]
  0x0000024dc2662750 JavaThread "Monitor Deflation Thread"   daemon [_thread_blocked, id=5524, stack(0x00000072de200000,0x00000072de300000) (1024K)]
  0x0000024dc266b650 JavaThread "C2 CompilerThread0"         daemon [_thread_blocked, id=24260, stack(0x00000072de300000,0x00000072de400000) (1024K)]
  0x0000024dc2679000 JavaThread "C1 CompilerThread0"         daemon [_thread_blocked, id=16672, stack(0x00000072de400000,0x00000072de500000) (1024K)]
  0x0000024dc2855c80 JavaThread "JDWP Transport Listener: dt_socket" daemon [_thread_blocked, id=2400, stack(0x00000072de500000,0x00000072de600000) (1024K)]
  0x0000024dc2856660 JavaThread "JDWP Event Helper Thread"   daemon [_thread_blocked, id=5908, stack(0x00000072de600000,0x00000072de700000) (1024K)]
  0x0000024dc281a3d0 JavaThread "JDWP Command Reader"        daemon [_thread_in_native, id=23748, stack(0x00000072de700000,0x00000072de800000) (1024K)]
  0x0000024dc28b9620 JavaThread "Common-Cleaner"             daemon [_thread_blocked, id=22856, stack(0x00000072de800000,0x00000072de900000) (1024K)]
  0x0000024dc2a3fc30 JavaThread "IntelliJ Suspend Helper"    daemon [_thread_blocked, id=9036, stack(0x00000072de900000,0x00000072dea00000) (1024K)]
  0x0000024dc299f9f0 JavaThread "Notification Thread"        daemon [_thread_blocked, id=20148, stack(0x00000072dea00000,0x00000072deb00000) (1024K)]
Total: 15

Other Threads:
  0x0000024dc2648ee0 VMThread "VM Thread"                           [id=21896, stack(0x00000072ddc00000,0x00000072ddd00000) (1024K)]
  0x0000024dc263c010 WatcherThread "VM Periodic Task Thread"        [id=20400, stack(0x00000072ddb00000,0x00000072ddc00000) (1024K)]
  0x0000024da2bf51a0 WorkerThread "GC Thread#0"                     [id=19920, stack(0x00000072dd600000,0x00000072dd700000) (1024K)]
  0x0000024da2c0e2d0 ConcurrentGCThread "G1 Main Marker"            [id=13816, stack(0x00000072dd700000,0x00000072dd800000) (1024K)]
  0x0000024da2c10e30 WorkerThread "G1 Conc#0"                       [id=19460, stack(0x00000072dd800000,0x00000072dd900000) (1024K)]
  0x0000024da2c4ea50 ConcurrentGCThread "G1 Refine#0"               [id=15044, stack(0x00000072dd900000,0x00000072dda00000) (1024K)]
  0x0000024dc25093e0 ConcurrentGCThread "G1 Service"                [id=10396, stack(0x00000072dda00000,0x00000072ddb00000) (1024K)]
Total: 7

Threads with active compile tasks:
Total: 0

VM state: not at safepoint (normal execution)

VM Mutex/Monitor currently owned by a thread: None

Heap address: 0x0000000700c00000, size: 4084 MB, Compressed Oops mode: Zero based, Oop shift amount: 3

CDS archive(s) mapped at: [0x0000000082000000-0x0000000082dd0000-0x0000000082dd0000), size 14483456, SharedBaseAddress: 0x0000000082000000, ArchiveRelocationMode: 1.
Compressed class space mapped at: 0x0000000083000000-0x00000000c3000000, reserved size: 1073741824
UseCompressedClassPointers 1, UseCompactObjectHeaders 0
Narrow klass pointer bits 32, Max shift 3
Narrow klass base: 0x0000000082000000, Narrow klass shift: 0
Encoding Range: [0x0000000082000000 - 0x0000000182000000), (4294967296 bytes)
Klass Range:    [0x0000000082010000 - 0x00000000c3000000), (1090453504 bytes)
Klass ID Range:  [65536 - 1090519033) (1090453497)
Protection zone: [0x0000000082000000 - 0x0000000082010000), (65536 bytes)

GC Precious Log:
 CardTable entry size: 512
 Card Set container configuration: InlinePtr #cards 4 size 8 Array Of Cards #cards 16 size 48 Howl #buckets 8 coarsen threshold 3686 Howl Bitmap #cards 512 size 80 coarsen threshold 460 Card regions per heap region 1 cards per card region 4096
 CPUs: 12 total, 12 available
 Memory: 16330M
 Large Page Support: Disabled
 NUMA Support: Disabled
 Compressed Oops: Enabled (Zero based)
 Heap Region Size: 2M
 Heap Min Capacity: 8M
 Heap Initial Capacity: 256M
 Heap Max Capacity: 4084M
 Pre-touch: Disabled
 Parallel Workers: 10
 Concurrent Workers: 3
 Concurrent Refinement Workers: 10
 Periodic GC: Disabled

Heap:
 garbage-first heap   total reserved 4182016K, committed 264192K, used 15509K [0x0000000700c00000, 0x0000000800000000)
  region size 2048K, 9 young (18432K), 0 survivors (0K)

Heap Regions: E=young(eden), S=young(survivor), O=old, HS=humongous(starts), HC=humongous(continues), CS=collection set, F=free, TAMS=top-at-mark-start, PB=parsable bottom
|   0|0x0000000700c00000, 0x0000000700c00000, 0x0000000700e00000|  0%| F|  |TAMS 0x0000000700c00000| PB 0x0000000700c00000| Untracked |  0
|   1|0x0000000700e00000, 0x0000000700e00000, 0x0000000701000000|  0%| F|  |TAMS 0x0000000700e00000| PB 0x0000000700e00000| Untracked |  0
|   2|0x0000000701000000, 0x0000000701000000, 0x0000000701200000|  0%| F|  |TAMS 0x0000000701000000| PB 0x0000000701000000| Untracked |  0
|   3|0x0000000701200000, 0x0000000701200000, 0x0000000701400000|  0%| F|  |TAMS 0x0000000701200000| PB 0x0000000701200000| Untracked |  0
|   4|0x0000000701400000, 0x0000000701400000, 0x0000000701600000|  0%| F|  |TAMS 0x0000000701400000| PB 0x0000000701400000| Untracked |  0
|   5|0x0000000701600000, 0x0000000701600000, 0x0000000701800000|  0%| F|  |TAMS 0x0000000701600000| PB 0x0000000701600000| Untracked |  0
|   6|0x0000000701800000, 0x0000000701800000, 0x0000000701a00000|  0%| F|  |TAMS 0x0000000701800000| PB 0x0000000701800000| Untracked |  0
|   7|0x0000000701a00000, 0x0000000701a00000, 0x0000000701c00000|  0%| F|  |TAMS 0x0000000701a00000| PB 0x0000000701a00000| Untracked |  0
|   8|0x0000000701c00000, 0x0000000701c00000, 0x0000000701e00000|  0%| F|  |TAMS 0x0000000701c00000| PB 0x0000000701c00000| Untracked |  0
|   9|0x0000000701e00000, 0x0000000701e00000, 0x0000000702000000|  0%| F|  |TAMS 0x0000000701e00000| PB 0x0000000701e00000| Untracked |  0
|  10|0x0000000702000000, 0x0000000702000000, 0x0000000702200000|  0%| F|  |TAMS 0x0000000702000000| PB 0x0000000702000000| Untracked |  0
|  11|0x0000000702200000, 0x0000000702200000, 0x0000000702400000|  0%| F|  |TAMS 0x0000000702200000| PB 0x0000000702200000| Untracked |  0
|  12|0x0000000702400000, 0x0000000702400000, 0x0000000702600000|  0%| F|  |TAMS 0x0000000702400000| PB 0x0000000702400000| Untracked |  0
|  13|0x0000000702600000, 0x0000000702600000, 0x0000000702800000|  0%| F|  |TAMS 0x0000000702600000| PB 0x0000000702600000| Untracked |  0
|  14|0x0000000702800000, 0x0000000702800000, 0x0000000702a00000|  0%| F|  |TAMS 0x0000000702800000| PB 0x0000000702800000| Untracked |  0
|  15|0x0000000702a00000, 0x0000000702a00000, 0x0000000702c00000|  0%| F|  |TAMS 0x0000000702a00000| PB 0x0000000702a00000| Untracked |  0
|  16|0x0000000702c00000, 0x0000000702c00000, 0x0000000702e00000|  0%| F|  |TAMS 0x0000000702c00000| PB 0x0000000702c00000| Untracked |  0
|  17|0x0000000702e00000, 0x0000000702e00000, 0x0000000703000000|  0%| F|  |TAMS 0x0000000702e00000| PB 0x0000000702e00000| Untracked |  0
|  18|0x0000000703000000, 0x0000000703000000, 0x0000000703200000|  0%| F|  |TAMS 0x0000000703000000| PB 0x0000000703000000| Untracked |  0
|  19|0x0000000703200000, 0x0000000703200000, 0x0000000703400000|  0%| F|  |TAMS 0x0000000703200000| PB 0x0000000703200000| Untracked |  0
|  20|0x0000000703400000, 0x0000000703400000, 0x0000000703600000|  0%| F|  |TAMS 0x0000000703400000| PB 0x0000000703400000| Untracked |  0
|  21|0x0000000703600000, 0x0000000703600000, 0x0000000703800000|  0%| F|  |TAMS 0x0000000703600000| PB 0x0000000703600000| Untracked |  0
|  22|0x0000000703800000, 0x0000000703800000, 0x0000000703a00000|  0%| F|  |TAMS 0x0000000703800000| PB 0x0000000703800000| Untracked |  0
|  23|0x0000000703a00000, 0x0000000703a00000, 0x0000000703c00000|  0%| F|  |TAMS 0x0000000703a00000| PB 0x0000000703a00000| Untracked |  0
|  24|0x0000000703c00000, 0x0000000703c00000, 0x0000000703e00000|  0%| F|  |TAMS 0x0000000703c00000| PB 0x0000000703c00000| Untracked |  0
|  25|0x0000000703e00000, 0x0000000703e00000, 0x0000000704000000|  0%| F|  |TAMS 0x0000000703e00000| PB 0x0000000703e00000| Untracked |  0
|  26|0x0000000704000000, 0x0000000704000000, 0x0000000704200000|  0%| F|  |TAMS 0x0000000704000000| PB 0x0000000704000000| Untracked |  0
|  27|0x0000000704200000, 0x0000000704200000, 0x0000000704400000|  0%| F|  |TAMS 0x0000000704200000| PB 0x0000000704200000| Untracked |  0
|  28|0x0000000704400000, 0x0000000704400000, 0x0000000704600000|  0%| F|  |TAMS 0x0000000704400000| PB 0x0000000704400000| Untracked |  0
|  29|0x0000000704600000, 0x0000000704600000, 0x0000000704800000|  0%| F|  |TAMS 0x0000000704600000| PB 0x0000000704600000| Untracked |  0
|  30|0x0000000704800000, 0x0000000704800000, 0x0000000704a00000|  0%| F|  |TAMS 0x0000000704800000| PB 0x0000000704800000| Untracked |  0
|  31|0x0000000704a00000, 0x0000000704a00000, 0x0000000704c00000|  0%| F|  |TAMS 0x0000000704a00000| PB 0x0000000704a00000| Untracked |  0
|  32|0x0000000704c00000, 0x0000000704c00000, 0x0000000704e00000|  0%| F|  |TAMS 0x0000000704c00000| PB 0x0000000704c00000| Untracked |  0
|  33|0x0000000704e00000, 0x0000000704e00000, 0x0000000705000000|  0%| F|  |TAMS 0x0000000704e00000| PB 0x0000000704e00000| Untracked |  0
|  34|0x0000000705000000, 0x0000000705000000, 0x0000000705200000|  0%| F|  |TAMS 0x0000000705000000| PB 0x0000000705000000| Untracked |  0
|  35|0x0000000705200000, 0x0000000705200000, 0x0000000705400000|  0%| F|  |TAMS 0x0000000705200000| PB 0x0000000705200000| Untracked |  0
|  36|0x0000000705400000, 0x0000000705400000, 0x0000000705600000|  0%| F|  |TAMS 0x0000000705400000| PB 0x0000000705400000| Untracked |  0
|  37|0x0000000705600000, 0x0000000705600000, 0x0000000705800000|  0%| F|  |TAMS 0x0000000705600000| PB 0x0000000705600000| Untracked |  0
|  38|0x0000000705800000, 0x0000000705800000, 0x0000000705a00000|  0%| F|  |TAMS 0x0000000705800000| PB 0x0000000705800000| Untracked |  0
|  39|0x0000000705a00000, 0x0000000705a00000, 0x0000000705c00000|  0%| F|  |TAMS 0x0000000705a00000| PB 0x0000000705a00000| Untracked |  0
|  40|0x0000000705c00000, 0x0000000705c00000, 0x0000000705e00000|  0%| F|  |TAMS 0x0000000705c00000| PB 0x0000000705c00000| Untracked |  0
|  41|0x0000000705e00000, 0x0000000705e00000, 0x0000000706000000|  0%| F|  |TAMS 0x0000000705e00000| PB 0x0000000705e00000| Untracked |  0
|  42|0x0000000706000000, 0x0000000706000000, 0x0000000706200000|  0%| F|  |TAMS 0x0000000706000000| PB 0x0000000706000000| Untracked |  0
|  43|0x0000000706200000, 0x0000000706200000, 0x0000000706400000|  0%| F|  |TAMS 0x0000000706200000| PB 0x0000000706200000| Untracked |  0
|  44|0x0000000706400000, 0x0000000706400000, 0x0000000706600000|  0%| F|  |TAMS 0x0000000706400000| PB 0x0000000706400000| Untracked |  0
|  45|0x0000000706600000, 0x0000000706600000, 0x0000000706800000|  0%| F|  |TAMS 0x0000000706600000| PB 0x0000000706600000| Untracked |  0
|  46|0x0000000706800000, 0x0000000706800000, 0x0000000706a00000|  0%| F|  |TAMS 0x0000000706800000| PB 0x0000000706800000| Untracked |  0
|  47|0x0000000706a00000, 0x0000000706a00000, 0x0000000706c00000|  0%| F|  |TAMS 0x0000000706a00000| PB 0x0000000706a00000| Untracked |  0
|  48|0x0000000706c00000, 0x0000000706c00000, 0x0000000706e00000|  0%| F|  |TAMS 0x0000000706c00000| PB 0x0000000706c00000| Untracked |  0
|  49|0x0000000706e00000, 0x0000000706e00000, 0x0000000707000000|  0%| F|  |TAMS 0x0000000706e00000| PB 0x0000000706e00000| Untracked |  0
|  50|0x0000000707000000, 0x0000000707000000, 0x0000000707200000|  0%| F|  |TAMS 0x0000000707000000| PB 0x0000000707000000| Untracked |  0
|  51|0x0000000707200000, 0x0000000707200000, 0x0000000707400000|  0%| F|  |TAMS 0x0000000707200000| PB 0x0000000707200000| Untracked |  0
|  52|0x0000000707400000, 0x0000000707400000, 0x0000000707600000|  0%| F|  |TAMS 0x0000000707400000| PB 0x0000000707400000| Untracked |  0
|  53|0x0000000707600000, 0x0000000707600000, 0x0000000707800000|  0%| F|  |TAMS 0x0000000707600000| PB 0x0000000707600000| Untracked |  0
|  54|0x0000000707800000, 0x0000000707800000, 0x0000000707a00000|  0%| F|  |TAMS 0x0000000707800000| PB 0x0000000707800000| Untracked |  0
|  55|0x0000000707a00000, 0x0000000707a00000, 0x0000000707c00000|  0%| F|  |TAMS 0x0000000707a00000| PB 0x0000000707a00000| Untracked |  0
|  56|0x0000000707c00000, 0x0000000707c00000, 0x0000000707e00000|  0%| F|  |TAMS 0x0000000707c00000| PB 0x0000000707c00000| Untracked |  0
|  57|0x0000000707e00000, 0x0000000707e00000, 0x0000000708000000|  0%| F|  |TAMS 0x0000000707e00000| PB 0x0000000707e00000| Untracked |  0
|  58|0x0000000708000000, 0x0000000708000000, 0x0000000708200000|  0%| F|  |TAMS 0x0000000708000000| PB 0x0000000708000000| Untracked |  0
|  59|0x0000000708200000, 0x0000000708200000, 0x0000000708400000|  0%| F|  |TAMS 0x0000000708200000| PB 0x0000000708200000| Untracked |  0
|  60|0x0000000708400000, 0x0000000708400000, 0x0000000708600000|  0%| F|  |TAMS 0x0000000708400000| PB 0x0000000708400000| Untracked |  0
|  61|0x0000000708600000, 0x0000000708600000, 0x0000000708800000|  0%| F|  |TAMS 0x0000000708600000| PB 0x0000000708600000| Untracked |  0
|  62|0x0000000708800000, 0x0000000708800000, 0x0000000708a00000|  0%| F|  |TAMS 0x0000000708800000| PB 0x0000000708800000| Untracked |  0
|  63|0x0000000708a00000, 0x0000000708a00000, 0x0000000708c00000|  0%| F|  |TAMS 0x0000000708a00000| PB 0x0000000708a00000| Untracked |  0
|  64|0x0000000708c00000, 0x0000000708c00000, 0x0000000708e00000|  0%| F|  |TAMS 0x0000000708c00000| PB 0x0000000708c00000| Untracked |  0
|  65|0x0000000708e00000, 0x0000000708e00000, 0x0000000709000000|  0%| F|  |TAMS 0x0000000708e00000| PB 0x0000000708e00000| Untracked |  0
|  66|0x0000000709000000, 0x0000000709000000, 0x0000000709200000|  0%| F|  |TAMS 0x0000000709000000| PB 0x0000000709000000| Untracked |  0
|  67|0x0000000709200000, 0x0000000709200000, 0x0000000709400000|  0%| F|  |TAMS 0x0000000709200000| PB 0x0000000709200000| Untracked |  0
|  68|0x0000000709400000, 0x0000000709400000, 0x0000000709600000|  0%| F|  |TAMS 0x0000000709400000| PB 0x0000000709400000| Untracked |  0
|  69|0x0000000709600000, 0x0000000709600000, 0x0000000709800000|  0%| F|  |TAMS 0x0000000709600000| PB 0x0000000709600000| Untracked |  0
|  70|0x0000000709800000, 0x0000000709800000, 0x0000000709a00000|  0%| F|  |TAMS 0x0000000709800000| PB 0x0000000709800000| Untracked |  0
|  71|0x0000000709a00000, 0x0000000709a00000, 0x0000000709c00000|  0%| F|  |TAMS 0x0000000709a00000| PB 0x0000000709a00000| Untracked |  0
|  72|0x0000000709c00000, 0x0000000709c00000, 0x0000000709e00000|  0%| F|  |TAMS 0x0000000709c00000| PB 0x0000000709c00000| Untracked |  0
|  73|0x0000000709e00000, 0x0000000709e00000, 0x000000070a000000|  0%| F|  |TAMS 0x0000000709e00000| PB 0x0000000709e00000| Untracked |  0
|  74|0x000000070a000000, 0x000000070a000000, 0x000000070a200000|  0%| F|  |TAMS 0x000000070a000000| PB 0x000000070a000000| Untracked |  0
|  75|0x000000070a200000, 0x000000070a200000, 0x000000070a400000|  0%| F|  |TAMS 0x000000070a200000| PB 0x000000070a200000| Untracked |  0
|  76|0x000000070a400000, 0x000000070a400000, 0x000000070a600000|  0%| F|  |TAMS 0x000000070a400000| PB 0x000000070a400000| Untracked |  0
|  77|0x000000070a600000, 0x000000070a600000, 0x000000070a800000|  0%| F|  |TAMS 0x000000070a600000| PB 0x000000070a600000| Untracked |  0
|  78|0x000000070a800000, 0x000000070a800000, 0x000000070aa00000|  0%| F|  |TAMS 0x000000070a800000| PB 0x000000070a800000| Untracked |  0
|  79|0x000000070aa00000, 0x000000070aa00000, 0x000000070ac00000|  0%| F|  |TAMS 0x000000070aa00000| PB 0x000000070aa00000| Untracked |  0
|  80|0x000000070ac00000, 0x000000070ac00000, 0x000000070ae00000|  0%| F|  |TAMS 0x000000070ac00000| PB 0x000000070ac00000| Untracked |  0
|  81|0x000000070ae00000, 0x000000070ae00000, 0x000000070b000000|  0%| F|  |TAMS 0x000000070ae00000| PB 0x000000070ae00000| Untracked |  0
|  82|0x000000070b000000, 0x000000070b000000, 0x000000070b200000|  0%| F|  |TAMS 0x000000070b000000| PB 0x000000070b000000| Untracked |  0
|  83|0x000000070b200000, 0x000000070b200000, 0x000000070b400000|  0%| F|  |TAMS 0x000000070b200000| PB 0x000000070b200000| Untracked |  0
|  84|0x000000070b400000, 0x000000070b400000, 0x000000070b600000|  0%| F|  |TAMS 0x000000070b400000| PB 0x000000070b400000| Untracked |  0
|  85|0x000000070b600000, 0x000000070b600000, 0x000000070b800000|  0%| F|  |TAMS 0x000000070b600000| PB 0x000000070b600000| Untracked |  0
|  86|0x000000070b800000, 0x000000070b800000, 0x000000070ba00000|  0%| F|  |TAMS 0x000000070b800000| PB 0x000000070b800000| Untracked |  0
|  87|0x000000070ba00000, 0x000000070ba00000, 0x000000070bc00000|  0%| F|  |TAMS 0x000000070ba00000| PB 0x000000070ba00000| Untracked |  0
|  88|0x000000070bc00000, 0x000000070bc00000, 0x000000070be00000|  0%| F|  |TAMS 0x000000070bc00000| PB 0x000000070bc00000| Untracked |  0
|  89|0x000000070be00000, 0x000000070be00000, 0x000000070c000000|  0%| F|  |TAMS 0x000000070be00000| PB 0x000000070be00000| Untracked |  0
|  90|0x000000070c000000, 0x000000070c000000, 0x000000070c200000|  0%| F|  |TAMS 0x000000070c000000| PB 0x000000070c000000| Untracked |  0
|  91|0x000000070c200000, 0x000000070c200000, 0x000000070c400000|  0%| F|  |TAMS 0x000000070c200000| PB 0x000000070c200000| Untracked |  0
|  92|0x000000070c400000, 0x000000070c400000, 0x000000070c600000|  0%| F|  |TAMS 0x000000070c400000| PB 0x000000070c400000| Untracked |  0
|  93|0x000000070c600000, 0x000000070c600000, 0x000000070c800000|  0%| F|  |TAMS 0x000000070c600000| PB 0x000000070c600000| Untracked |  0
|  94|0x000000070c800000, 0x000000070c800000, 0x000000070ca00000|  0%| F|  |TAMS 0x000000070c800000| PB 0x000000070c800000| Untracked |  0
|  95|0x000000070ca00000, 0x000000070ca00000, 0x000000070cc00000|  0%| F|  |TAMS 0x000000070ca00000| PB 0x000000070ca00000| Untracked |  0
|  96|0x000000070cc00000, 0x000000070cc00000, 0x000000070ce00000|  0%| F|  |TAMS 0x000000070cc00000| PB 0x000000070cc00000| Untracked |  0
|  97|0x000000070ce00000, 0x000000070ce00000, 0x000000070d000000|  0%| F|  |TAMS 0x000000070ce00000| PB 0x000000070ce00000| Untracked |  0
|  98|0x000000070d000000, 0x000000070d000000, 0x000000070d200000|  0%| F|  |TAMS 0x000000070d000000| PB 0x000000070d000000| Untracked |  0
|  99|0x000000070d200000, 0x000000070d200000, 0x000000070d400000|  0%| F|  |TAMS 0x000000070d200000| PB 0x000000070d200000| Untracked |  0
| 100|0x000000070d400000, 0x000000070d400000, 0x000000070d600000|  0%| F|  |TAMS 0x000000070d400000| PB 0x000000070d400000| Untracked |  0
| 101|0x000000070d600000, 0x000000070d600000, 0x000000070d800000|  0%| F|  |TAMS 0x000000070d600000| PB 0x000000070d600000| Untracked |  0
| 102|0x000000070d800000, 0x000000070d800000, 0x000000070da00000|  0%| F|  |TAMS 0x000000070d800000| PB 0x000000070d800000| Untracked |  0
| 103|0x000000070da00000, 0x000000070da00000, 0x000000070dc00000|  0%| F|  |TAMS 0x000000070da00000| PB 0x000000070da00000| Untracked |  0
| 104|0x000000070dc00000, 0x000000070dc00000, 0x000000070de00000|  0%| F|  |TAMS 0x000000070dc00000| PB 0x000000070dc00000| Untracked |  0
| 105|0x000000070de00000, 0x000000070de00000, 0x000000070e000000|  0%| F|  |TAMS 0x000000070de00000| PB 0x000000070de00000| Untracked |  0
| 106|0x000000070e000000, 0x000000070e000000, 0x000000070e200000|  0%| F|  |TAMS 0x000000070e000000| PB 0x000000070e000000| Untracked |  0
| 107|0x000000070e200000, 0x000000070e200000, 0x000000070e400000|  0%| F|  |TAMS 0x000000070e200000| PB 0x000000070e200000| Untracked |  0
| 108|0x000000070e400000, 0x000000070e400000, 0x000000070e600000|  0%| F|  |TAMS 0x000000070e400000| PB 0x000000070e400000| Untracked |  0
| 109|0x000000070e600000, 0x000000070e600000, 0x000000070e800000|  0%| F|  |TAMS 0x000000070e600000| PB 0x000000070e600000| Untracked |  0
| 110|0x000000070e800000, 0x000000070e800000, 0x000000070ea00000|  0%| F|  |TAMS 0x000000070e800000| PB 0x000000070e800000| Untracked |  0
| 111|0x000000070ea00000, 0x000000070ea00000, 0x000000070ec00000|  0%| F|  |TAMS 0x000000070ea00000| PB 0x000000070ea00000| Untracked |  0
| 112|0x000000070ec00000, 0x000000070ec00000, 0x000000070ee00000|  0%| F|  |TAMS 0x000000070ec00000| PB 0x000000070ec00000| Untracked |  0
| 113|0x000000070ee00000, 0x000000070ee00000, 0x000000070f000000|  0%| F|  |TAMS 0x000000070ee00000| PB 0x000000070ee00000| Untracked |  0
| 114|0x000000070f000000, 0x000000070f000000, 0x000000070f200000|  0%| F|  |TAMS 0x000000070f000000| PB 0x000000070f000000| Untracked |  0
| 115|0x000000070f200000, 0x000000070f200000, 0x000000070f400000|  0%| F|  |TAMS 0x000000070f200000| PB 0x000000070f200000| Untracked |  0
| 116|0x000000070f400000, 0x000000070f400000, 0x000000070f600000|  0%| F|  |TAMS 0x000000070f400000| PB 0x000000070f400000| Untracked |  0
| 117|0x000000070f600000, 0x000000070f600000, 0x000000070f800000|  0%| F|  |TAMS 0x000000070f600000| PB 0x000000070f600000| Untracked |  0
| 118|0x000000070f800000, 0x000000070f800000, 0x000000070fa00000|  0%| F|  |TAMS 0x000000070f800000| PB 0x000000070f800000| Untracked |  0
| 119|0x000000070fa00000, 0x000000070fb5c8e8, 0x000000070fc00000| 68%| E|  |TAMS 0x000000070fa00000| PB 0x000000070fa00000| Complete |  0
| 120|0x000000070fc00000, 0x000000070fe00000, 0x000000070fe00000|100%| E|  |TAMS 0x000000070fc00000| PB 0x000000070fc00000| Complete |  0
| 121|0x000000070fe00000, 0x0000000710000000, 0x0000000710000000|100%| E|CS|TAMS 0x000000070fe00000| PB 0x000000070fe00000| Complete |  0
| 122|0x0000000710000000, 0x0000000710200000, 0x0000000710200000|100%| E|CS|TAMS 0x0000000710000000| PB 0x0000000710000000| Complete |  0
| 123|0x0000000710200000, 0x0000000710400000, 0x0000000710400000|100%| E|CS|TAMS 0x0000000710200000| PB 0x0000000710200000| Complete |  0
| 124|0x0000000710400000, 0x0000000710600000, 0x0000000710600000|100%| E|CS|TAMS 0x0000000710400000| PB 0x0000000710400000| Complete |  0
| 125|0x0000000710600000, 0x0000000710800000, 0x0000000710800000|100%| E|CS|TAMS 0x0000000710600000| PB 0x0000000710600000| Complete |  0
| 126|0x0000000710800000, 0x0000000710a00000, 0x0000000710a00000|100%| E|CS|TAMS 0x0000000710800000| PB 0x0000000710800000| Complete |  0
| 127|0x0000000710a00000, 0x0000000710c00000, 0x0000000710c00000|100%| E|CS|TAMS 0x0000000710a00000| PB 0x0000000710a00000| Complete |  0
|2041|0x00000007ffe00000, 0x00000007fff256a0, 0x0000000800000000| 57%| O|  |TAMS 0x00000007ffe00000| PB 0x00000007ffe00000| Untracked |  0

Card table byte_map: [0x0000024dbb280000,0x0000024dbba80000] _byte_map_base: 0x0000024db7a7a000

Marking Bits: (CMBitMap*) 0x0000024da2bf5930
 Bits: [0x0000024dbba80000, 0x0000024dbfa50000)

Polling page: 0x0000024da0a10000

Metaspace:
Metaspace        used 8492K, committed 8640K, reserved 1114112K
 class space     used 589K, committed 640K, reserved 1048576K

Usage:
  Non-class:      7.72 MB used.
      Class:    589.88 KB used.
       Both:      8.29 MB used.

Virtual space:
  Non-class space:       64.00 MB reserved,       7.81 MB ( 12%) committed,  1 nodes.
      Class space:        1.00 GB reserved,     640.00 KB ( <1%) committed,  1 nodes.
             Both:        1.06 GB reserved,       8.44 MB ( <1%) committed. 

Chunk freelists:
   Non-Class:  7.28 MB
       Class:  15.20 MB
        Both:  22.48 MB

MaxMetaspaceSize: unlimited
CompressedClassSpaceSize: 1.00 GB
Initial GC threshold: 21.00 MB
Current GC threshold: 21.00 MB
CDS: on
 - commit_granule_bytes: 65536.
 - commit_granule_words: 8192.
 - virtual_space_node_default_size: 8388608.
 - enlarge_chunks_in_place: 1.
UseCompressedClassPointers 1, UseCompactObjectHeaders 0
Narrow klass pointer bits 32, Max shift 3
Narrow klass base: 0x0000000082000000, Narrow klass shift: 0
Encoding Range: [0x0000000082000000 - 0x0000000182000000), (4294967296 bytes)
Klass Range:    [0x0000000082010000 - 0x00000000c3000000), (1090453504 bytes)
Klass ID Range:  [65536 - 1090519033) (1090453497)
Protection zone: [0x0000000082000000 - 0x0000000082010000), (65536 bytes)


Internal statistics:

num_allocs_failed_limit: 0.
num_arena_births: 94.
num_arena_deaths: 0.
num_vsnodes_births: 2.
num_vsnodes_deaths: 0.
num_space_committed: 134.
num_space_uncommitted: 0.
num_chunks_returned_to_freelist: 0.
num_chunks_taken_from_freelist: 205.
num_chunk_merges: 0.
num_chunk_splits: 139.
num_chunks_enlarged: 93.
num_inconsistent_stats: 0.

CodeHeap 'non-profiled nmethods': size=120064Kb used=259Kb max_used=259Kb free=119804Kb
 bounds [0x0000024db2ed0000, 0x0000024db3140000, 0x0000024dba410000]
CodeHeap 'profiled nmethods': size=120000Kb used=1416Kb max_used=1416Kb free=118583Kb
 bounds [0x0000024dab410000, 0x0000024dab680000, 0x0000024db2940000]
CodeHeap 'non-nmethods': size=5696Kb used=2025Kb max_used=2040Kb free=3670Kb
 bounds [0x0000024db2940000, 0x0000024db2bb0000, 0x0000024db2ed0000]
CodeCache: size=245760Kb, used=3700Kb, max_used=3715Kb, free=242057Kb
 total_blobs=2234, nmethods=1127, adapters=1011, full_count=0
Compilation: enabled, stopped_count=0, restarted_count=0

Compilation events (20 events):
Event: 0.651 Thread 0x0000024dc2679000 nmethod 1115 0x0000024db2f10088 code [0x0000024db2f10180, 0x0000024db2f10248]
Event: 0.652 Thread 0x0000024dc2679000 1119       3       java.net.URL::isBuiltinStreamHandler (32 bytes)
Event: 0.653 Thread 0x0000024dc2679000 nmethod 1119 0x0000024dab56a808 code [0x0000024dab56a900, 0x0000024dab56b158]
Event: 0.653 Thread 0x0000024dc2679000 1120       3       java.net.URL::isBuiltinStreamHandler (8 bytes)
Event: 0.653 Thread 0x0000024dc2679000 nmethod 1120 0x0000024dab56b188 code [0x0000024dab56b280, 0x0000024dab56b540]
Event: 0.653 Thread 0x0000024dc2679000 1121       3       sun.net.util.IPAddressUtil::checkHostString (65 bytes)
Event: 0.653 Thread 0x0000024dc2679000 nmethod 1121 0x0000024dab56b588 code [0x0000024dab56b680, 0x0000024dab56b888]
Event: 0.653 Thread 0x0000024dc2679000 1122       3       sun.net.util.IPAddressUtil::checkHost (159 bytes)
Event: 0.654 Thread 0x0000024dc2679000 nmethod 1122 0x0000024dab56b908 code [0x0000024dab56ba00, 0x0000024dab56e450]
Event: 0.654 Thread 0x0000024dc2679000 1123       3       sun.net.util.IPAddressUtil::scan (92 bytes)
Event: 0.654 Thread 0x0000024dc2679000 nmethod 1123 0x0000024dab56e488 code [0x0000024dab56e580, 0x0000024dab56f288]
Event: 0.655 Thread 0x0000024dc266b650 1124       4       java.lang.StringLatin1::indexOf (121 bytes)
Event: 0.656 Thread 0x0000024dc2679000 1125       3       java.io.WinNTFileSystem::prefixLength (114 bytes)
Event: 0.657 Thread 0x0000024dc2679000 nmethod 1125 0x0000024dab56f308 code [0x0000024dab56f400, 0x0000024dab570b28]
Event: 0.657 Thread 0x0000024dc2679000 1128       3       java.util.WeakHashMap::remove (131 bytes)
Event: 0.658 Thread 0x0000024dc2679000 nmethod 1128 0x0000024dab570b88 code [0x0000024dab570c80, 0x0000024dab571880]
Event: 0.658 Thread 0x0000024dc2679000 1126   !   3       java.util.zip.ZipFile$ZipFileInputStream::close (59 bytes)
Event: 0.658 Thread 0x0000024dc2679000 nmethod 1126 0x0000024dab571888 code [0x0000024dab571980, 0x0000024dab571dc0]
Event: 0.658 Thread 0x0000024dc2679000 1127       3       java.util.Collections$SetFromMap::remove (19 bytes)
Event: 0.658 Thread 0x0000024dc2679000 nmethod 1127 0x0000024dab571e08 code [0x0000024dab571f00, 0x0000024dab572138]

GC Heap Usage History (0 events):
No events

Metaspace Usage History (0 events):
No events

Dll operation events (10 events):
Event: 0.011 Loaded shared library C:\Program Files\Java\jdk-25\bin\java.dll
Event: 0.012 Loaded shared library C:\Program Files\Java\jdk-25\bin\zip.dll
Event: 0.158 Loaded shared library C:\Program Files\Java\jdk-25\bin\instrument.dll
Event: 0.171 Loaded shared library C:\Program Files\Java\jdk-25\bin\verify.dll
Event: 0.229 Loaded shared library C:\Program Files\Java\jdk-25\bin\net.dll
Event: 0.229 Loaded shared library C:\Program Files\Java\jdk-25\bin\nio.dll
Event: 0.247 Loaded shared library C:\Program Files\Java\jdk-25\bin\zip.dll
Event: 0.299 Loaded shared library C:\Program Files\Java\jdk-25\bin\jimage.dll
Event: 0.331 Loaded shared library C:\Users\ciara\AppData\Local\Temp\lwjgl_ciara\3.3.6+1\x64\lwjgl.dll
Event: 0.615 Loaded shared library C:\Users\ciara\AppData\Local\Temp\lwjgl_ciara\3.3.6+1\x64\lwjgl_opengl.dll

Deoptimization events (14 events):
Event: 0.178 Thread 0x0000024da0735fe0 Uncommon trap: trap_request=0xffffff45 fr.pc=0x0000024db2ed7fb4 relative=0x00000000000000b4
Event: 0.178 Thread 0x0000024da0735fe0 Uncommon trap: reason=unstable_if action=reinterpret pc=0x0000024db2ed7fb4 method=java.lang.String.hashCode()I @ 42 c2
Event: 0.178 Thread 0x0000024da0735fe0 DEOPT PACKING pc=0x0000024db2ed7fb4 sp=0x00000072dd5fcd90
Event: 0.178 Thread 0x0000024da0735fe0 DEOPT UNPACKING pc=0x0000024db2a6fb82 sp=0x00000072dd5fcd28 mode 2
Event: 0.357 Thread 0x0000024da0735fe0 Uncommon trap: trap_request=0xffffff45 fr.pc=0x0000024db2ede248 relative=0x00000000000008c8
Event: 0.357 Thread 0x0000024da0735fe0 Uncommon trap: reason=unstable_if action=reinterpret pc=0x0000024db2ede248 method=java.util.HashMap.putVal(ILjava/lang/Object;Ljava/lang/Object;ZZ)Ljava/lang/Object; @ 181 c2
Event: 0.357 Thread 0x0000024da0735fe0 DEOPT PACKING pc=0x0000024db2ede248 sp=0x00000072dd5fc7e0
Event: 0.357 Thread 0x0000024da0735fe0 DEOPT UNPACKING pc=0x0000024db2a6fb82 sp=0x00000072dd5fc780 mode 2
Event: 0.375 Thread 0x0000024da0735fe0 Uncommon trap: trap_request=0xffffff45 fr.pc=0x0000024db2ee7a10 relative=0x0000000000000090
Event: 0.375 Thread 0x0000024da0735fe0 Uncommon trap: reason=unstable_if action=reinterpret pc=0x0000024db2ee7a10 method=jdk.internal.misc.Unsafe.convEndian(ZI)I @ 4 c2
Event: 0.375 Thread 0x0000024da0735fe0 DEOPT PACKING pc=0x0000024db2ee7a10 sp=0x00000072dd5fc7a0
Event: 0.375 Thread 0x0000024da0735fe0 DEOPT UNPACKING pc=0x0000024db2a6fb82 sp=0x00000072dd5fc6e0 mode 2
Event: 0.655 Thread 0x0000024da0735fe0 DEOPT PACKING pc=0x0000024dab45afab sp=0x00000072dd5fe130
Event: 0.655 Thread 0x0000024da0735fe0 DEOPT UNPACKING pc=0x0000024db2991702 sp=0x00000072dd5fd5b8 mode 0

Classes loaded (20 events):
Event: 0.652 Loading class org/lwjgl/opengl/GL11
Event: 0.652 Loading class org/lwjgl/opengl/GL11 done
Event: 0.655 Loading class org/lwjgl/opengl/GL20C
Event: 0.655 Loading class org/lwjgl/opengl/GL20C done
Event: 0.656 Loading class org/lwjgl/opengl/GL15C
Event: 0.656 Loading class org/lwjgl/opengl/GL15C done
Event: 0.656 Loading class org/lwjgl/opengl/GL14C
Event: 0.656 Loading class org/lwjgl/opengl/GL14C done
Event: 0.656 Loading class org/lwjgl/opengl/GL13C
Event: 0.656 Loading class org/lwjgl/opengl/GL13C done
Event: 0.657 Loading class org/lwjgl/opengl/GL12C
Event: 0.657 Loading class org/lwjgl/opengl/GL12C done
Event: 0.658 Loading class org/lwjgl/opengl/GL30
Event: 0.658 Loading class org/lwjgl/opengl/GL30 done
Event: 0.658 Loading class org/lwjgl/opengl/GL21
Event: 0.658 Loading class org/lwjgl/opengl/GL21 done
Event: 0.659 Loading class org/lwjgl/opengl/GL30C
Event: 0.659 Loading class org/lwjgl/opengl/GL30C done
Event: 0.659 Loading class org/lwjgl/opengl/GL21C
Event: 0.659 Loading class org/lwjgl/opengl/GL21C done

Classes unloaded (0 events):
No events

Classes redefined (1 events):
Event: 0.184 Thread 0x0000024dc2648ee0 redefined class name=java.lang.Throwable, count=1

Internal exceptions (20 events):
Event: 0.335 Thread 0x0000024da0735fe0 Exception <a 'sun/nio/fs/WindowsException'{0x00000007103928c0}> (0x00000007103928c0) 
thrown [s\open\src\hotspot\share\prims\jni.cpp, line 516]
Event: 0.335 Thread 0x0000024da0735fe0 Exception <a 'sun/nio/fs/WindowsException'{0x0000000710393f58}> (0x0000000710393f58) 
thrown [s\open\src\hotspot\share\prims\jni.cpp, line 516]
Event: 0.390 Thread 0x0000024da0735fe0 Exception <a 'java/lang/NoSuchMethodError'{0x0000000710171f58}: 'int java.lang.invoke.DirectMethodHandle$Holder.invokeStaticInit(java.lang.Object, java.lang.Object, int, long)'> (0x0000000710171f58) 
thrown [s\open\src\hotspot\share\interpreter\linkResolver.cpp, line 804]
Event: 0.391 Thread 0x0000024da0735fe0 Exception <a 'java/lang/NoSuchMethodError'{0x0000000710181360}: 'java.lang.Object java.lang.invoke.DirectMethodHandle$Holder.newInvokeSpecial(java.lang.Object, java.lang.Object, int)'> (0x0000000710181360) 
thrown [s\open\src\hotspot\share\interpreter\linkResolver.cpp, line 804]
Event: 0.404 Thread 0x0000024da0735fe0 Exception <a 'java/lang/NoSuchMethodError'{0x000000070fe06968}: 'int java.lang.invoke.DirectMethodHandle$Holder.invokeStaticInit(java.lang.Object, java.lang.Object, long, long)'> (0x000000070fe06968) 
thrown [s\open\src\hotspot\share\interpreter\linkResolver.cpp, line 804]
Event: 0.405 Thread 0x0000024da0735fe0 Exception <a 'java/lang/NoSuchMethodError'{0x000000070fe15d98}: 'java.lang.Object java.lang.invoke.DirectMethodHandle$Holder.newInvokeSpecial(java.lang.Object, java.lang.Object, long)'> (0x000000070fe15d98) 
thrown [s\open\src\hotspot\share\interpreter\linkResolver.cpp, line 804]
Event: 0.405 Thread 0x0000024da0735fe0 Exception <a 'java/lang/NoSuchMethodError'{0x000000070fe1eb28}: 'java.lang.Object java.lang.invoke.Invokers$Holder.linkToTargetMethod(java.lang.Object, long, java.lang.Object)'> (0x000000070fe1eb28) 
thrown [s\open\src\hotspot\share\interpreter\linkResolver.cpp, line 804]
Event: 0.406 Thread 0x0000024da0735fe0 Exception <a 'java/lang/NoSuchMethodError'{0x000000070fe2f1c0}: 'int java.lang.invoke.DirectMethodHandle$Holder.invokeStaticInit(java.lang.Object, java.lang.Object, java.lang.Object, long)'> (0x000000070fe2f1c0) 
thrown [s\open\src\hotspot\share\interpreter\linkResolver.cpp, line 804]
Event: 0.418 Thread 0x0000024da0735fe0 Exception <a 'sun/nio/fs/WindowsException'{0x000000070feec800}> (0x000000070feec800) 
thrown [s\open\src\hotspot\share\prims\jni.cpp, line 516]
Event: 0.418 Thread 0x0000024da0735fe0 Exception <a 'sun/nio/fs/WindowsException'{0x000000070feecb80}> (0x000000070feecb80) 
thrown [s\open\src\hotspot\share\prims\jni.cpp, line 516]
Event: 0.423 Thread 0x0000024da0735fe0 Exception <a 'java/lang/NoSuchMethodError'{0x000000070ff02a00}: 'int java.lang.invoke.Invokers$Holder.invokeExact_MT(java.lang.Object, java.lang.Object)'> (0x000000070ff02a00) 
thrown [s\open\src\hotspot\share\interpreter\linkResolver.cpp, line 804]
Event: 0.591 Thread 0x0000024da0735fe0 Exception <a 'java/lang/NoSuchMethodError'{0x000000070ff67978}: 'void java.lang.invoke.DirectMethodHandle$Holder.invokeStaticInit(java.lang.Object, long, double, double)'> (0x000000070ff67978) 
thrown [s\open\src\hotspot\share\interpreter\linkResolver.cpp, line 804]
Event: 0.593 Thread 0x0000024da0735fe0 Exception <a 'java/lang/NoSuchMethodError'{0x000000070ff84678}: 'void java.lang.invoke.DirectMethodHandle$Holder.invokeStaticInit(java.lang.Object, long, int, int, int)'> (0x000000070ff84678) 
thrown [s\open\src\hotspot\share\interpreter\linkResolver.cpp, line 804]
Event: 0.596 Thread 0x0000024da0735fe0 Exception <a 'java/lang/NoSuchMethodError'{0x000000070ffaf2d8}: 'void java.lang.invoke.DirectMethodHandle$Holder.invokeStaticInit(java.lang.Object, long, int, int, int, int)'> (0x000000070ffaf2d8) 
thrown [s\open\src\hotspot\share\interpreter\linkResolver.cpp, line 804]
Event: 0.610 Thread 0x0000024da0735fe0 Exception <a 'java/lang/NoSuchMethodError'{0x000000070ffdc400}: 'void java.lang.System.load(java.lang.String, java.lang.Class)'> (0x000000070ffdc400) 
thrown [s\open\src\hotspot\share\interpreter\linkResolver.cpp, line 804]
Event: 0.610 Thread 0x0000024da0735fe0 Exception <a 'java/lang/NoSuchMethodError'{0x000000070ffe4200}: 'void java.lang.System.loadLibrary(java.lang.String, java.lang.Class)'> (0x000000070ffe4200) 
thrown [s\open\src\hotspot\share\interpreter\linkResolver.cpp, line 804]
Event: 0.614 Thread 0x0000024da0735fe0 Exception <a 'sun/nio/fs/WindowsException'{0x000000070fff80d0}> (0x000000070fff80d0) 
thrown [s\open\src\hotspot\share\prims\jni.cpp, line 516]
Event: 0.614 Thread 0x0000024da0735fe0 Exception <a 'sun/nio/fs/WindowsException'{0x000000070fff8490}> (0x000000070fff8490) 
thrown [s\open\src\hotspot\share\prims\jni.cpp, line 516]
Event: 0.617 Thread 0x0000024da0735fe0 Exception <a 'sun/nio/fs/WindowsException'{0x000000070fc01fb8}> (0x000000070fc01fb8) 
thrown [s\open\src\hotspot\share\prims\jni.cpp, line 516]
Event: 0.617 Thread 0x0000024da0735fe0 Exception <a 'sun/nio/fs/WindowsException'{0x000000070fc022a8}> (0x000000070fc022a8) 
thrown [s\open\src\hotspot\share\prims\jni.cpp, line 516]

VM Operations (16 events):
Event: 0.052 Executing non-safepoint VM operation: HandshakeAllThreads (Deoptimize)
Event: 0.052 Executing non-safepoint VM operation: HandshakeAllThreads (Deoptimize) done
Event: 0.156 Executing safepoint VM operation: ChangeBreakpoints
Event: 0.156 Executing safepoint VM operation: ChangeBreakpoints done
Event: 0.156 Executing safepoint VM operation: ChangeBreakpoints
Event: 0.156 Executing safepoint VM operation: ChangeBreakpoints done
Event: 0.183 Executing safepoint VM operation: RedefineClasses
Event: 0.184 Executing safepoint VM operation: RedefineClasses done
Event: 0.189 Executing safepoint VM operation: get/set locals
Event: 0.189 Executing safepoint VM operation: get/set locals done
Event: 0.322 Executing non-safepoint VM operation: HandshakeAllThreads (Deoptimize)
Event: 0.322 Executing non-safepoint VM operation: HandshakeAllThreads (Deoptimize) done
Event: 0.345 Executing non-safepoint VM operation: HandshakeAllThreads (Deoptimize)
Event: 0.345 Executing non-safepoint VM operation: HandshakeAllThreads (Deoptimize) done
Event: 0.648 Executing safepoint VM operation: ChangeBreakpoints
Event: 0.649 Executing safepoint VM operation: ChangeBreakpoints done

Memory protections (0 events):
No events

Nmethod flushes (0 events):
No events

Events (15 events):
Event: 0.021 Thread 0x0000024da0735fe0 Thread added: 0x0000024da0735fe0
Event: 0.028 Thread 0x0000024da0735fe0 Thread added: 0x0000024dc26598a0
Event: 0.028 Thread 0x0000024da0735fe0 Thread added: 0x0000024dc265a300
Event: 0.028 Thread 0x0000024da0735fe0 Thread added: 0x0000024dc265d3f0
Event: 0.028 Thread 0x0000024da0735fe0 Thread added: 0x0000024dc265efc0
Event: 0.028 Thread 0x0000024da0735fe0 Thread added: 0x0000024dc265fb80
Event: 0.028 Thread 0x0000024da0735fe0 Thread added: 0x0000024dc2662750
Event: 0.028 Thread 0x0000024da0735fe0 Thread added: 0x0000024dc266b650
Event: 0.028 Thread 0x0000024da0735fe0 Thread added: 0x0000024dc2679000
Event: 0.063 Thread 0x0000024da0735fe0 Thread added: 0x0000024dc2855c80
Event: 0.063 Thread 0x0000024da0735fe0 Thread added: 0x0000024dc2856660
Event: 0.064 Thread 0x0000024dc2855c80 Thread added: 0x0000024dc281a3d0
Event: 0.165 Thread 0x0000024da0735fe0 Thread added: 0x0000024dc28b9620
Event: 0.192 Thread 0x0000024da0735fe0 Thread added: 0x0000024dc2a3fc30
Event: 0.195 Thread 0x0000024da0735fe0 Thread added: 0x0000024dc299f9f0


Dynamic libraries:
0x00007ff6eab10000 - 0x00007ff6eab20000 	C:\Program Files\Java\jdk-25\bin\java.exe
0x00007fff19130000 - 0x00007fff19328000 	C:\WINDOWS\SYSTEM32\ntdll.dll
0x00007fff178b0000 - 0x00007fff17972000 	C:\WINDOWS\System32\KERNEL32.DLL
0x00007fff16d50000 - 0x00007fff17046000 	C:\WINDOWS\System32\KERNELBASE.dll
0x00007fff16c50000 - 0x00007fff16d50000 	C:\WINDOWS\System32\ucrtbase.dll
0x00007fff01d60000 - 0x00007fff01d77000 	C:\Program Files\Java\jdk-25\bin\jli.dll
0x00007fff00c60000 - 0x00007fff00c7e000 	C:\Program Files\Java\jdk-25\bin\VCRUNTIME140.dll
0x00007fff179e0000 - 0x00007fff17b81000 	C:\WINDOWS\System32\USER32.dll
0x00007fff17050000 - 0x00007fff17072000 	C:\WINDOWS\System32\win32u.dll
0x00007fff05c90000 - 0x00007fff05f2b000 	C:\WINDOWS\WinSxS\amd64_microsoft.windows.common-controls_6595b64144ccf1df_6.0.19041.6456_none_60b8a6cb71f64256\COMCTL32.dll
0x00007fff190c0000 - 0x00007fff190eb000 	C:\WINDOWS\System32\GDI32.dll
0x00007fff19020000 - 0x00007fff190be000 	C:\WINDOWS\System32\msvcrt.dll
0x00007fff16870000 - 0x00007fff16989000 	C:\WINDOWS\System32\gdi32full.dll
0x00007fff17080000 - 0x00007fff1711d000 	C:\WINDOWS\System32\msvcp_win.dll
0x00007fff184e0000 - 0x00007fff1850f000 	C:\WINDOWS\System32\IMM32.DLL
0x00007fff05840000 - 0x00007fff0584c000 	C:\Program Files\Java\jdk-25\bin\vcruntime140_1.dll
0x00007ffee7370000 - 0x00007ffee73fd000 	C:\Program Files\Java\jdk-25\bin\msvcp140.dll
0x00007ffeb4090000 - 0x00007ffeb4eef000 	C:\Program Files\Java\jdk-25\bin\server\jvm.dll
0x00007fff177f0000 - 0x00007fff178a1000 	C:\WINDOWS\System32\ADVAPI32.dll
0x00007fff17de0000 - 0x00007fff17e7f000 	C:\WINDOWS\System32\sechost.dll
0x00007fff17cc0000 - 0x00007fff17de0000 	C:\WINDOWS\System32\RPCRT4.dll
0x00007fff17120000 - 0x00007fff17147000 	C:\WINDOWS\System32\bcrypt.dll
0x00007fff17e80000 - 0x00007fff17eeb000 	C:\WINDOWS\System32\WS2_32.dll
0x00007fff0cf50000 - 0x00007fff0cf77000 	C:\WINDOWS\SYSTEM32\WINMM.dll
0x00007fff15d50000 - 0x00007fff15d9b000 	C:\WINDOWS\SYSTEM32\POWRPROF.dll
0x00007fff10680000 - 0x00007fff1068a000 	C:\WINDOWS\SYSTEM32\VERSION.dll
0x00007fff15bc0000 - 0x00007fff15bd2000 	C:\WINDOWS\SYSTEM32\UMPDC.dll
0x00007fff14650000 - 0x00007fff14662000 	C:\WINDOWS\SYSTEM32\kernel.appcore.dll
0x00007fff05640000 - 0x00007fff0564a000 	C:\Program Files\Java\jdk-25\bin\jimage.dll
0x00007fff0bef0000 - 0x00007fff0c0f1000 	C:\WINDOWS\SYSTEM32\DBGHELP.DLL
0x00007ffef8720000 - 0x00007ffef8754000 	C:\WINDOWS\SYSTEM32\dbgcore.DLL
0x00007fff16bc0000 - 0x00007fff16c42000 	C:\WINDOWS\System32\bcryptPrimitives.dll
0x00007ffefa840000 - 0x00007ffefa87d000 	C:\Program Files\Java\jdk-25\bin\jdwp.dll
0x00007fff054e0000 - 0x00007fff054f0000 	C:\Program Files\Java\jdk-25\bin\instrument.dll
0x00007ffefd240000 - 0x00007ffefd25f000 	C:\Program Files\Java\jdk-25\bin\java.dll
0x00007fff171c0000 - 0x00007fff172eb000 	C:\WINDOWS\System32\ole32.dll
0x00007fff17ef0000 - 0x00007fff18244000 	C:\WINDOWS\System32\combase.dll
0x00007fff18660000 - 0x00007fff18dd0000 	C:\WINDOWS\System32\SHELL32.dll
0x00007ffefd170000 - 0x00007ffefd187000 	C:\Program Files\Java\jdk-25\bin\zip.dll
0x00007fff14850000 - 0x00007fff14ff5000 	C:\WINDOWS\SYSTEM32\windows.storage.dll
0x00007fff161f0000 - 0x00007fff1621b000 	C:\WINDOWS\SYSTEM32\Wldp.dll
0x00007fff18de0000 - 0x00007fff18ead000 	C:\WINDOWS\System32\OLEAUT32.dll
0x00007fff18530000 - 0x00007fff185dd000 	C:\WINDOWS\System32\SHCORE.dll
0x00007fff18f10000 - 0x00007fff18f6b000 	C:\WINDOWS\System32\shlwapi.dll
0x00007fff166f0000 - 0x00007fff16714000 	C:\WINDOWS\SYSTEM32\profapi.dll
0x00007fff03ea0000 - 0x00007fff03eac000 	C:\Program Files\Java\jdk-25\bin\dt_socket.dll
0x00007fff15be0000 - 0x00007fff15c1b000 	C:\WINDOWS\SYSTEM32\IPHLPAPI.DLL
0x00007fff15f50000 - 0x00007fff15fba000 	C:\WINDOWS\system32\mswsock.dll
0x00007fff03880000 - 0x00007fff03890000 	C:\Program Files\Java\jdk-25\bin\verify.dll
0x00007ffefc110000 - 0x00007ffefc122000 	C:\Program Files\Java\jdk-25\bin\net.dll
0x00007ffefa100000 - 0x00007ffefa116000 	C:\Program Files\Java\jdk-25\bin\nio.dll
0x00007ffeee610000 - 0x00007ffeee68e000 	C:\Users\ciara\AppData\Local\Temp\lwjgl_ciara\3.3.6+1\x64\lwjgl.dll
0x00007ffee72e0000 - 0x00007ffee7369000 	C:\Users\ciara\AppData\Local\Temp\lwjgl_ciara\3.3.6+1\x64\glfw.dll
0x00007ffef6b70000 - 0x00007ffef6bb5000 	C:\WINDOWS\SYSTEM32\dinput8.dll
0x00007ffefa0e0000 - 0x00007ffefa0f1000 	C:\WINDOWS\SYSTEM32\xinput1_4.dll
0x00007fff16b70000 - 0x00007fff16bbe000 	C:\WINDOWS\System32\cfgmgr32.dll
0x00007fff16550000 - 0x00007fff16583000 	C:\WINDOWS\SYSTEM32\DEVOBJ.dll
0x00007fff14470000 - 0x00007fff1449e000 	C:\WINDOWS\SYSTEM32\dwmapi.dll
0x00007fff07700000 - 0x00007fff07852000 	C:\WINDOWS\SYSTEM32\inputhost.dll
0x00007fff13320000 - 0x00007fff13477000 	C:\WINDOWS\SYSTEM32\wintypes.dll
0x00007fff122b0000 - 0x00007fff123a2000 	C:\WINDOWS\SYSTEM32\CoreMessaging.dll
0x00007fff11ed0000 - 0x00007fff1222b000 	C:\WINDOWS\SYSTEM32\CoreUIComponents.dll
0x00007fff13b80000 - 0x00007fff13c74000 	C:\WINDOWS\SYSTEM32\PROPSYS.dll
0x00007fff15a50000 - 0x00007fff15a83000 	C:\WINDOWS\SYSTEM32\ntmarta.dll
0x00007fff140c0000 - 0x00007fff1415e000 	C:\WINDOWS\system32\uxtheme.dll
0x00007fff17ba0000 - 0x00007fff17cb5000 	C:\WINDOWS\System32\MSCTF.dll
0x00007ffeebf60000 - 0x00007ffeec088000 	C:\WINDOWS\SYSTEM32\opengl32.dll
0x00007fff05fc0000 - 0x00007fff05fec000 	C:\WINDOWS\SYSTEM32\GLU32.dll
0x00007fff18f70000 - 0x00007fff19019000 	C:\WINDOWS\System32\clbcatq.dll
0x00007ffeb4ef0000 - 0x00007ffeb7843000 	C:\WINDOWS\System32\DriverStore\FileRepository\nv_dispi.inf_amd64_d471cab2f241c3c2\nvoglv64.dll
0x00007fff172f0000 - 0x00007fff17760000 	C:\WINDOWS\System32\SETUPAPI.dll
0x00007fff12e80000 - 0x00007fff12e94000 	C:\WINDOWS\SYSTEM32\WTSAPI32.dll
0x00007fff16380000 - 0x00007fff16392000 	C:\WINDOWS\SYSTEM32\msasn1.dll
0x00007fff10640000 - 0x00007fff10671000 	C:\WINDOWS\SYSTEM32\cryptnet.dll
0x00007fff16a10000 - 0x00007fff16b6d000 	C:\WINDOWS\System32\CRYPT32.dll
0x00007fff16160000 - 0x00007fff1616c000 	C:\WINDOWS\SYSTEM32\cryptbase.dll
0x00007fff10260000 - 0x00007fff103a7000 	C:\WINDOWS\SYSTEM32\drvstore.dll
0x00007fff16990000 - 0x00007fff16a03000 	C:\WINDOWS\System32\WINTRUST.dll
0x00007fff18510000 - 0x00007fff1852d000 	C:\WINDOWS\System32\imagehlp.dll
0x00007fff16140000 - 0x00007fff16158000 	C:\WINDOWS\SYSTEM32\CRYPTSP.dll
0x00007fff15800000 - 0x00007fff15838000 	C:\WINDOWS\system32\rsaenh.dll
0x00007ffe6e980000 - 0x00007ffe72714000 	C:\WINDOWS\System32\DriverStore\FileRepository\nv_dispi.inf_amd64_d471cab2f241c3c2\nvgpucomp64.dll
0x00007fff0beb0000 - 0x00007fff0beeb000 	C:\WINDOWS\SYSTEM32\dxcore.dll
0x00007ffeec4e0000 - 0x00007ffeec627000 	C:\WINDOWS\system32\nvspcap64.dll
0x00007fff15470000 - 0x00007fff154d3000 	C:\WINDOWS\SYSTEM32\WINSTA.dll
0x00007fff072a0000 - 0x00007fff07399000 	C:\WINDOWS\SYSTEM32\textinputframework.dll
0x00007ffef55c0000 - 0x00007ffef561d000 	C:\Users\ciara\AppData\Local\Temp\lwjgl_ciara\3.3.6+1\x64\lwjgl_opengl.dll

JVMTI agents:
jdwp path:C:\Program Files\Java\jdk-25\bin\jdwp.dll, loaded, initialized, options:transport=dt_socket,server=n,suspend=y,address=127.0.0.1:54822
C:\Users\ciara\AppData\Local\JetBrains\IntelliJIdea2025.2\captureAgent\debugger-agent.jar path:C:\Program Files\Java\jdk-25\bin\instrument.dll, loaded, initialized, instrumentlib options:file:///C:/Users/ciara/AppData/Local/Temp/capture16512205224043941937.props

dbghelp: loaded successfully - version: 4.0.5 - missing functions: none
symbol engine: initialized successfully - sym options: 0x614 - pdb path: .;C:\Program Files\Java\jdk-25\bin;C:\WINDOWS\SYSTEM32;C:\WINDOWS\WinSxS\amd64_microsoft.windows.common-controls_6595b64144ccf1df_6.0.19041.6456_none_60b8a6cb71f64256;C:\Program Files\Java\jdk-25\bin\server;C:\Users\ciara\AppData\Local\Temp\lwjgl_ciara\3.3.6+1\x64;C:\WINDOWS\System32\DriverStore\FileRepository\nv_dispi.inf_amd64_d471cab2f241c3c2

VM Arguments:
jvm_args: -Ddebugger.agent.enable.coroutines=true -Dkotlinx.coroutines.debug.enable.creation.stack.trace=false -Dkotlinx.coroutines.debug.enable.flows.stack.trace=true -Dkotlinx.coroutines.debug.enable.mutable.state.flows.stack.trace=true -agentlib:jdwp=transport=dt_socket,server=n,suspend=y,address=127.0.0.1:54822 -javaagent:C:\Users\ciara\AppData\Local\JetBrains\IntelliJIdea2025.2\captureAgent\debugger-agent.jar=file:///C:/Users/ciara/AppData/Local/Temp/capture16512205224043941937.props -Dfile.encoding=UTF-8 -Duser.country=IE -Duser.language=en -Duser.variant 
java_command: Main
java_class_path (initial): C:\Users\ciara\Desktop\Code\College Work\Year 4\FYP\PrototypeEngine\build\classes\java\main;C:\Users\ciara\Desktop\Code\College Work\Year 4\FYP\PrototypeEngine\build\resources\main;C:\Users\ciara\.gradle\caches\modules-2\files-2.1\org.lwjgl\lwjgl-assimp\3.3.6\931a8de55dd5ee546689119c85ed4d4af7fa68f2\lwjgl-assimp-3.3.6.jar;C:\Users\ciara\.gradle\caches\modules-2\files-2.1\org.lwjgl\lwjgl-assimp\3.3.6\486fa1e2db9fc903a0cab984604cef1a895b0e28\lwjgl-assimp-3.3.6-natives-windows.jar;C:\Users\ciara\.gradle\caches\modules-2\files-2.1\org.lwjgl\lwjgl-glfw\3.3.6\7119f7d0eeb1e5502ff0ca71d2b4d47317da015\lwjgl-glfw-3.3.6.jar;C:\Users\ciara\.gradle\caches\modules-2\files-2.1\org.lwjgl\lwjgl-glfw\3.3.6\99ef08056feb9627f90425a4d2a22cd9fae8e39b\lwjgl-glfw-3.3.6-natives-windows.jar;C:\Users\ciara\.gradle\caches\modules-2\files-2.1\org.lwjgl\lwjgl-openal\3.3.6\ad313317ff399fd2a7f4dd74716a68cf3976c6ad\lwjgl-openal-3.3.6.jar;C:\Users\ciara\.gradle\caches\modules-2\files-2.1\org.lwjgl\lwjgl-openal\3.3.6\9c2b9b660e085bb0b47a4453dc0e26f24a5475e4\lwjgl-openal-3.3.6-natives-windows.jar;C:\Users\ciara\.gradle\caches\modules-2\files-2.1\org.lwjgl\lwjgl-opengl\3.3.6\ac2532612a4df374e9a9282bcf8ce2573018ebbb\lwjgl-opengl-3.3.6.jar;C:\Users\ciara\.gradle\caches\modules-2\files-2.1\org.lwjgl\lwjgl-opengl\3.3.6\18dc639ebc94aa5202c2157f7490d28997b697c5\lwjgl-opengl-3.3.6-natives-windows.jar;C:\Users\ciara\.gradle\caches\modules-2\files-2.1\org.lwjgl\lwjgl-stb\3.3.6\e2d3739dcfe7b672b626ded66d94f6587083306e\lwjgl-stb-3.3.6.jar;C:\Users\ciara\.gradle\caches\modules-2\files-2.1\org.lwjgl\lwjgl-stb\3.3.6\334cf885b39e2db9070c39e70e65efb136435f10\lwjgl-stb-3.3.6-natives-windows.jar;C:\Users\ciara\.gradle\caches\modules-2\files-2.1\org.lwjgl\lwjgl\3.3.6\ce7721d30cfaf47feaed10213e0c43eb55c49d68\lwjgl-3.3.6.jar;C:\Users\ciara\.gradle\caches\modules-2\files-2.1\org.lwjgl\lwjgl\3.3.6\9a29b6a22fc5184604b8cb434ee5d5ecc4bfcbee\lwjgl-3.3.6-natives-windows.jar;C:\Users\ciara\.gradle\caches\modules-2\files-2.1\org.joml\joml\1.10.8\fc0a71dad90a2cf41d82a76156a0e700af8e4f8d\joml-1.10.8.jar;C:\Users\ciara\.gradle\caches\modules-2\files-2.1\com.code-disaster.steamworks4j\steamworks4j\1.9.0\d69b7f7540745a8d569a5400554e34d42e035da8\steamworks4j-1.9.0.jar;C:\Users\ciara\.gradle\caches\modules-2\files-2.1\org.jetbrains.kotlin\kotlin-stdlib-jdk8\1.8.20\73576ddf378c5b4f1f6b449fe6b119b8183fc078\kotlin-stdlib-jdk8-1.8.20.jar;C:\Users\ciara\.gradle\caches\modules-2\files-2.1\org.jetbrains.kotlin\kotlin-stdlib-jdk7\1.8.20\3aa51faf20aae8b31e1a4bc54f8370673d7b7df4\kotlin-stdlib-jdk7-1.8.20.jar;C:\Users\ciara\.gradle\caches\modules-2\files-2.1\org.jetbrains.kotlin\kotlin-stdlib\1.8.20\e72fc5e03ec6c064c678a6bd0d955c88d55b0c4a\kotlin-stdlib-1.8.20.jar;C:\Users\ciara\.gradle\caches\modules-2\files-2.1\org.jetbrains.kotlin\kotlin-stdlib-common\1.8.20\5eddaaf234c8c49d03eebeb6a14feb7f90faca71\kotlin-stdlib-common-1.8.20.jar;C:\Users\ciara\.gradle\caches\modules-2\files-2.1\org.jetbrains\annotations\13.0\919f0dfe192fb4e063e7dacadee7f8bb9a2672a9\annotations-13.0.jar
Launcher Type: SUN_STANDARD

[Global flags]
     intx CICompilerCount                          = 4                                         {product} {ergonomic}
     uint ConcGCThreads                            = 3                                         {product} {ergonomic}
     uint G1ConcRefinementThreads                  = 10                                        {product} {ergonomic}
   size_t G1HeapRegionSize                         = 2097152                                   {product} {ergonomic}
   size_t InitialHeapSize                          = 268435456                                 {product} {ergonomic}
   size_t MarkStackSize                            = 4194304                                   {product} {ergonomic}
   size_t MarkStackSizeMax                         = 536870912                                 {product} {ergonomic}
   size_t MaxHeapSize                              = 4282384384                                {product} {ergonomic}
   size_t MaxNewSize                               = 2569011200                                {product} {ergonomic}
   size_t MinHeapDeltaBytes                        = 2097152                                   {product} {ergonomic}
   size_t MinHeapSize                              = 8388608                                   {product} {ergonomic}
    uintx NonNMethodCodeHeapSize                   = 5832704                                {pd product} {ergonomic}
    uintx NonProfiledCodeHeapSize                  = 122945536                              {pd product} {ergonomic}
    uintx ProfiledCodeHeapSize                     = 122880000                              {pd product} {ergonomic}
    uintx ReservedCodeCacheSize                    = 251658240                              {pd product} {ergonomic}
     bool SegmentedCodeCache                       = true                                      {product} {ergonomic}
   size_t SoftMaxHeapSize                          = 4282384384                             {manageable} {ergonomic}
     bool UseCompressedOops                        = true                           {product lp64_product} {ergonomic}
     bool UseG1GC                                  = true                                      {product} {ergonomic}
     bool UseLargePagesIndividualAllocation        = false                                  {pd product} {ergonomic}

Logging:
Log output configuration:
 #0: stdout all=warning uptime,level,tags foldmultilines=false
 #1: stderr all=off uptime,level,tags foldmultilines=false

Release file:
IMPLEMENTOR="Oracle Corporation" 
JAVA_RUNTIME_VERSION="25.0.1+8-LTS-27" 
JAVA_VERSION="25.0.1" 
JAVA_VERSION_DATE="2025-10-21" 
LIBC="default" 
MODULES="java.base java.compiler java.datatransfer java.xml java.prefs java.desktop java.instrument java.logging java.management java.security.sasl java.naming java.rmi java.management.rmi java.net.http java.scripting java.security.jgss java.transaction.xa java.sql java.sql.rowset java.xml.crypto java.se java.smartcardio jdk.accessibility jdk.internal.jvmstat jdk.attach jdk.charsets jdk.internal.opt jdk.zipfs jdk.compiler jdk.crypto.cryptoki jdk.crypto.ec jdk.crypto.mscapi jdk.dynalink jdk.internal.ed jdk.editpad jdk.internal.vm.ci jdk.graal.compiler jdk.graal.compiler.management jdk.hotspot.agent jdk.httpserver jdk.incubator.vector jdk.internal.le jdk.internal.md jdk.jartool jdk.javadoc jdk.jcmd jdk.management jdk.management.agent jdk.jconsole jdk.jdeps jdk.jdwp.agent jdk.jdi jdk.jfr jdk.jlink jdk.jpackage jdk.jshell jdk.jsobject jdk.jstatd jdk.localedata jdk.management.jfr jdk.naming.dns jdk.naming.rmi jdk.net jdk.nio.mapmode jdk.sctp jdk.security.auth jdk.security.jgss jdk.unsupported jdk.unsupported.desktop jdk.xml.dom" 
OS_ARCH="x86_64" 
OS_NAME="Windows" 
SOURCE=".:git:862c85bc42b7 open:git:78770bfaefd2" 

Environment Variables:
PATH=C:\Program Files\Common Files\Oracle\Java\javapath;C:\WINDOWS\system32;C:\WINDOWS;C:\WINDOWS\System32\Wbem;C:\WINDOWS\System32\WindowsPowerShell\v1.0\;C:\WINDOWS\System32\OpenSSH\;C:\Program Files\NVIDIA Corporation\NVIDIA App\NvDLISR;C:\Program Files (x86)\NVIDIA Corporation\PhysX\Common;C:\Program Files\Git\cmd;C:\Users\ciara\AppData\Local\Android\Sdk\platform-tools;C:\Program Files\ytDLP;C:\Users\ciara\AppData\Local\Microsoft\WindowsApps;C:\Users\ciara\AppData\Local\PowerToys\;C:\Users\ciara\AppData\Local\Programs\Microsoft VS Code\bin
USERNAME=ciara
OS=Windows_NT
PROCESSOR_IDENTIFIER=AMD64 Family 25 Model 33 Stepping 0, AuthenticAMD
TMP=C:\Users\ciara\AppData\Local\Temp
TEMP=C:\Users\ciara\AppData\Local\Temp




Compilation memory statistics disabled.

Periodic native trim disabled

---------------  S Y S T E M  ---------------

OS:
 Windows 10 , 64 bit Build 19041 (10.0.19041.5915)
OS uptime: 3 days 20:24 hours

CPU: total 12 (initial active 12) (12 cores per cpu, 2 threads per core) family 25 model 33 stepping 0 microcode 0x0, cx8, cmov, fxsr, ht, mmx, 3dnowpref, sse, sse2, sse3, ssse3, sse4a, sse4.1, sse4.2, popcnt, lzcnt, tsc, tscinvbit, avx, avx2, aes, erms, clmul, bmi1, bmi2, adx, sha, fma, vzeroupper, clflush, clflushopt, clwb, rdtscp, rdpid, fsrm, f16c, pku, cet_ss
Processor Information for the first 12 processors :
  Max Mhz: 3701, Current Mhz: 3701, Mhz Limit: 3701

Memory: 4k page, system-wide physical 16330M (5953M free)
TotalPageFile size 20943M (AvailPageFile size 5796M)
current process WorkingSet (physical memory assigned to process): 131M, peak: 131M
current process commit charge ("private bytes"): 492M, peak: 492M

vm_info: Java HotSpot(TM) 64-Bit Server VM (25.0.1+8-LTS-27) for windows-amd64 JRE (25.0.1+8-LTS-27), built on 2025-09-25T16:41:16Z with unknown MS VC++:1943

END.
