#
# A fatal error has been detected by the Java Runtime Environment:
#
#  EXCEPTION_ACCESS_VIOLATION (0xc0000005) at pc=0x00007ffa4a5c86fe, pid=1064, tid=7764
#
# JRE version: Java(TM) SE Runtime Environment (25.0.1+8) (build 25.0.1+8-LTS-27)
# Java VM: Java HotSpot(TM) 64-Bit Server VM (25.0.1+8-LTS-27, mixed mode, sharing, tiered, compressed oops, compressed class ptrs, g1 gc, windows-amd64)
# Problematic frame:
# C  [nvoglv64.dll+0xb586fe]
#
# No core dump will be written. Minidumps are not enabled by default on client versions of Windows
#
# If you would like to submit a bug report, please visit:
#   https://bugreport.java.com/bugreport/crash.jsp
# The crash happened outside the Java Virtual Machine in native code.
# See problematic frame for where to report the bug.
#

---------------  S U M M A R Y ------------

Command Line: -Ddebugger.agent.enable.coroutines=true -Dkotlinx.coroutines.debug.enable.creation.stack.trace=false -Dkotlinx.coroutines.debug.enable.flows.stack.trace=true -Dkotlinx.coroutines.debug.enable.mutable.state.flows.stack.trace=true --enable-native-access=ALL-UNNAMED --add-opens=java.base/sun.misc=ALL-UNNAMED --add-opens=java.base/java.nio=ALL-UNNAMED --enable-preview --enable-preview -agentlib:jdwp=transport=dt_socket,server=n,suspend=y,address=127.0.0.1:60404 -javaagent:C:\Users\ciara\AppData\Local\JetBrains\IntelliJIdea2025.2\captureAgent\debugger-agent.jar=file:///C:/Users/ciara/AppData/Local/Temp/capture10577207651569838843.props -Dfile.encoding=UTF-8 -Duser.country=IE -Duser.language=en -Duser.variant -ea Main java.library.path=libs

Host: AMD Ryzen 5 5600X 6-Core Processor             , 12 cores, 15G,  Windows 10 , 64 bit Build 19041 (10.0.19041.5915)
Time: Fri Feb 13 22:02:08 2026 GMT Standard Time elapsed time: 27.734970 seconds (0d 0h 0m 27s)

---------------  T H R E A D  ---------------

Current thread (0x0000017033fdba40):  JavaThread "main"             [_thread_in_native, id=7764, stack(0x0000004cf7a00000,0x0000004cf7b00000) (1024K)]

Stack: [0x0000004cf7a00000,0x0000004cf7b00000],  sp=0x0000004cf7aff340,  free space=1020k
Native frames: (J=compiled Java code, j=interpreted, Vv=VM code, C=native code)
C  [nvoglv64.dll+0xb586fe]  (no source info available)
C  [nvoglv64.dll+0xbf4fda]  (no source info available)
C  [nvoglv64.dll+0x7a0477]  (no source info available)
C  0x0000017043da0abe  (no source info available)

The last pc belongs to native method entry point (kind = native) (printed below).
Java frames: (J=compiled Java code, j=interpreted, Vv=VM code)
j  org.lwjgl.opengl.GL32C.nglDrawElementsBaseVertex(IIIJI)V+0
j  org.lwjgl.opengl.GL32C.glDrawElementsBaseVertex(IIIJI)V+6
j  org.lwjgl.opengl.GL32.glDrawElementsBaseVertex(IIIJI)V+6
j  imgui.gl3.ImGuiImplGl3.renderDrawData(Limgui/ImDrawData;)V+691
j  Rendering.ImGui.ImGuiWindow.render()V+34
j  Jade.Window.loop()V+44
j  Jade.Window.run()V+16
j  Main.main([Ljava/lang/String;)V+5
v  ~StubRoutines::call_stub 0x0000017043d912ed

siginfo: EXCEPTION_ACCESS_VIOLATION (0xc0000005), reading address 0x0000000000000000


Registers:
RAX=0x0000017053abc768, RBX=0x0000000000001403, RCX=0x000001705d8a0000, RDX=0x0000000000000000
RSP=0x0000004cf7aff340, RBP=0x0000000000000010, RSI=0x000000000000004e, RDI=0x0000000000000000
R8 =0x00000000ffffffff, R9 =0x000000000000004e, R10=0x0000000000000004, R11=0x0000004cf7aff3c0
R12=0x0000017053abc768, R13=0x0000017058f19dc0, R14=0x000001705d8a0000, R15=0x0000000000000000
RIP=0x00007ffa4a5c86fe, EFLAGS=0x0000000000010246

XMM[0]=0x0000000000800000 0x0000000000000000
XMM[1]=0x0000000000000000 0x0080000000000000
XMM[2]=0x0000000000000000 0x0000000000800000
XMM[3]=0x000fc00000000000 0x0000000000007918
XMM[4]=0x7184e07f3c6499f4 0x4947b4b61f14f3a3
XMM[5]=0x0000000000000000 0x0000000000000000
XMM[6]=0x0000000000000000 0x7dd7bc017dd7bc01
XMM[7]=0x0000000000000000 0x14e8c84188303fdf
XMM[8]=0x0000000000000000 0x4a319941fc018edf
XMM[9]=0x0000000000000000 0x59db6a41e191dddf
XMM[10]=0x0000000000000000 0x34e63b4167e12cdf
XMM[11]=0x0000000000000000 0x351b734cc561b6d9
XMM[12]=0x0000000000000000 0x459176a550a84614
XMM[13]=0x0000000000000000 0x0000000000000000
XMM[14]=0x0000000000000000 0x0000000000000000
XMM[15]=0x0000000000000000 0x0000000000000000
  MXCSR=0x00001fa0


Register to memory mapping:

RAX=0x0000017053abc768 points into unknown readable memory: 0x0000000000000000 | 00 00 00 00 00 00 00 00
RBX=0x0000000000001403 is an unknown value
RCX=0x000001705d8a0000 points into unknown readable memory: 0x0000017058bf8e40 | 40 8e bf 58 70 01 00 00
RDX=0x0 is null
RSP=0x0000004cf7aff340 is pointing into the stack for thread: 0x0000017033fdba40
RBP=0x0000000000000010 is an unknown value
RSI=0x000000000000004e is an unknown value
RDI=0x0 is null
R8 =0x00000000ffffffff is an unknown value
R9 =0x000000000000004e is an unknown value
R10=0x0000000000000004 is an unknown value
R11=0x0000004cf7aff3c0 is pointing into the stack for thread: 0x0000017033fdba40
R12=0x0000017053abc768 points into unknown readable memory: 0x0000000000000000 | 00 00 00 00 00 00 00 00
R13=0x0000017058f19dc0 points into unknown readable memory: 0x0000000000002000 | 00 20 00 00 00 00 00 00
R14=0x000001705d8a0000 points into unknown readable memory: 0x0000017058bf8e40 | 40 8e bf 58 70 01 00 00
R15=0x0 is null

Top of Stack: (sp=0x0000004cf7aff340)
0x0000004cf7aff340:   000001705d93bd98 0000017058f19dc0   ...]p......Xp...
0x0000004cf7aff350:   0000017058bf8e40 0000017053abc768   @..Xp...h..Sp...
0x0000004cf7aff360:   00000000ffffffff 00007ffa4a664fda   .........OfJ....
0x0000004cf7aff370:   0000000000001403 000000000000004e   ........N.......
0x0000004cf7aff380:   000000000000004e 000001705d8a0000   N..........]p...
0x0000004cf7aff390:   d3ffc5df00001403 0000000000000000   ................
0x0000004cf7aff3a0:   0000004cf7aff3b0 0000004cf7aff3b4   ....L.......L...
0x0000004cf7aff3b0:   e47c533349bbe080 00007ffa4a20d5eb   ...I3S|... J....
0x0000004cf7aff3c0:   0000000000000000 00007ffa4b3ece90   ..........>K....
0x0000004cf7aff3d0:   0000000000000000 0000000000000004   ................
0x0000004cf7aff3e0:   000001705d8a0000 00000000ffffffff   ...]p...........
0x0000004cf7aff3f0:   0000017054819ec8 0000000000000000   ...Tp...........
0x0000004cf7aff400:   0000000000001403 00007ffa4a210477   ........w.!J....
0x0000004cf7aff410:   0000000000000000 0000000000000004   ................
0x0000004cf7aff420:   0000000000000000 0000017000010000   ............p...
0x0000004cf7aff430:   000001700000004e 0000017000001403   N...p.......p...
0x0000004cf7aff440:   0000000000000000 0000017054819ec8   ...........Tp...
0x0000004cf7aff450:   0000017033fdba40 0000017043d9946c   @..3p...l..Cp...
0x0000004cf7aff460:   00000000000000d8 0000017043da0abe   ...........Cp...
0x0000004cf7aff470:   0000004cf7aff550 0000017054819ec8   P...L......Tp...
0x0000004cf7aff480:   0000004cf7aff508 0000017043da0630   ....L...0..Cp...
0x0000004cf7aff490:   0000004c00000000 0000000000000000   ....L...........
0x0000004cf7aff4a0:   0000000000000000 0000017043d9f0a1   ...........Cp...
0x0000004cf7aff4b0:   0000017043d98408 0000017043da05f0   ...Cp......Cp...
0x0000004cf7aff4c0:   fffffffffffffff7 0000017054819ec8   ...........Tp...
0x0000004cf7aff4d0:   0000000000000009 0000017054867340   ........@s.Tp...
0x0000004cf7aff4e0:   0000000000000000 000000070fb0fad0   ................
0x0000004cf7aff4f0:   0000017054819ec8 0000000000000000   ...Tp...........
0x0000004cf7aff500:   0000004cf7aff528 0000004cf7aff5a0   (...L.......L...
0x0000004cf7aff510:   0000017043d9946c 000000070fb0fad0   l..Cp...........
0x0000004cf7aff520:   0000017043d9ca57 0000000000000000   W..Cp...........
0x0000004cf7aff530:   0000000000000000 0000000000000000   ................

Instructions: (pc=0x00007ffa4a5c86fe)
  0x00007ffa4a5c85fe:   cc 66 0f 38 3b d3 66 0f 6f c1 66 0f 73 d8 08 66
  0x00007ffa4a5c860e:   0f 38 3f c8 66 0f 6f c1 66 0f 73 d8 04 66 0f 38
  0x00007ffa4a5c861e:   3f c8 66 0f 6f c2 66 0f 73 d8 08 66 41 0f 7e c9
  0x00007ffa4a5c862e:   66 0f 38 3b d0 66 0f 6f c2 66 0f 73 d8 04 66 0f
  0x00007ffa4a5c863e:   38 3b d0 66 0f 7e d2 44 3b c6 7d 25 41 2b f0 4c
  0x00007ffa4a5c864e:   63 c6 8b 0f 48 8d 7f 04 3b d1 8b c1 0f 42 c2 44
  0x00007ffa4a5c865e:   3b c9 8b d0 41 0f 47 c9 44 8b c9 49 83 e8 01 75
  0x00007ffa4a5c866e:   e1 48 8b 4c 24 60 44 2b ca 41 ff c1 b8 01 00 00
  0x00007ffa4a5c867e:   00 89 11 48 8b 4c 24 68 44 89 09 e9 12 06 00 00
  0x00007ffa4a5c868e:   83 b9 a8 7d 05 00 00 48 8b 7c 24 58 75 62 48 8b
  0x00007ffa4a5c869e:   81 68 8e 05 00 80 b8 29 06 00 00 00 74 3b 48 8b
  0x00007ffa4a5c86ae:   90 38 07 00 00 e8 78 9d b0 ff 48 8b d0 49 8b ce
  0x00007ffa4a5c86be:   48 8b d8 e8 0a 74 f2 ff 49 8b 8e 68 8e 05 00 48
  0x00007ffa4a5c86ce:   8b 91 38 07 00 00 48 2b 93 70 01 00 00 48 03 93
  0x00007ffa4a5c86de:   c8 00 00 00 48 03 fa eb 17 83 b8 00 06 00 00 00
  0x00007ffa4a5c86ee:   74 0e 48 8b 80 70 0a 00 00 48 03 b8 c8 00 00 00
=>0x00007ffa4a5c86fe:   0f bf 17 8d 45 ff 44 8b 1d 25 76 ba 01 48 83 c7
  0x00007ffa4a5c870e:   02 41 b9 01 00 00 00 44 0f b7 c2 41 3b e9 0f 8e
  0x00007ffa4a5c871e:   05 01 00 00 83 f8 10 0f 82 cb 00 00 00 41 83 fb
  0x00007ffa4a5c872e:   02 0f 8c c1 00 00 00 25 0f 00 00 80 7d 07 ff c8
  0x00007ffa4a5c873e:   83 c8 f0 ff c0 66 0f 6e ca 8b cd 66 0f 61 c9 2b
  0x00007ffa4a5c874e:   c8 66 0f 70 c9 00 66 0f 6f d9 66 0f 6f e1 66 0f
  0x00007ffa4a5c875e:   6f d1 f3 0f 6f 07 41 83 c1 10 66 0f 38 3a c8 66
  0x00007ffa4a5c876e:   0f 38 3e d0 f3 0f 6f 47 10 48 83 c7 20 66 0f 38
  0x00007ffa4a5c877e:   3a d8 66 0f 38 3e e0 44 3b c9 7c d6 66 0f 38 3e
  0x00007ffa4a5c878e:   d4 66 0f 38 3a cb 66 0f 6f c2 66 0f 73 d8 08 66
  0x00007ffa4a5c879e:   0f 38 3e d0 66 0f 6f c2 66 0f 73 d8 04 66 0f 38
  0x00007ffa4a5c87ae:   3e d0 66 0f 6f c2 66 0f 73 d8 02 66 0f 38 3e d0
  0x00007ffa4a5c87be:   66 0f 6f c1 66 0f 73 d8 08 66 41 0f 7e d0 66 0f
  0x00007ffa4a5c87ce:   38 3a c8 66 0f 6f c1 66 0f 73 d8 04 66 0f 38 3a
  0x00007ffa4a5c87de:   c8 66 0f 6f c1 66 0f 73 d8 02 66 0f 38 3a c8 66
  0x00007ffa4a5c87ee:   0f 7e ca 44 3b cd 7d 31 41 2b e9 44 8b d5 44 03


Stack slot to memory mapping:

stack at sp + 0 slots: 0x000001705d93bd98 points into unknown readable memory: 0x0000008000000001 | 01 00 00 00 80 00 00 00
stack at sp + 1 slots: 0x0000017058f19dc0 points into unknown readable memory: 0x0000000000002000 | 00 20 00 00 00 00 00 00
stack at sp + 2 slots: 0x0000017058bf8e40 points into unknown readable memory: 0x0000000000000002 | 02 00 00 00 00 00 00 00
stack at sp + 3 slots: 0x0000017053abc768 points into unknown readable memory: 0x0000000000000000 | 00 00 00 00 00 00 00 00
stack at sp + 4 slots: 0x00000000ffffffff is an unknown value
stack at sp + 5 slots: 0x00007ffa4a664fda nvoglv64.dll
stack at sp + 6 slots: 0x0000000000001403 is an unknown value
stack at sp + 7 slots: 0x000000000000004e is an unknown value

Lock stack of current Java thread (top to bottom):

native method entry point (kind = native)  [0x0000017043da0360, 0x0000017043da1570]  4624 bytes
[MachCode]
  0x0000017043da0360: 488b 4b08 | 0fb7 492e | 584c 8d74 | ccf8 6800 | 0000 0068 | 0000 0000 | 5055 488b | ec41 5548 
  0x0000017043da0380: 8b43 084c | 8d68 3848 | 8b40 0868 | 0000 0000 | 5348 8b50 | 1848 8b52 | 7048 8b12 | 5248 8b53 
  0x0000017043da03a0: 1048 85d2 | 7407 4881 | c2d0 0000 | 0052 488b | 5010 5249 | 8bc6 482b | c548 c1e8 | 0350 6800 
  0x0000017043da03c0: 0000 0068 | f7ff ffff | 41c6 87f1 | 0400 0001 | 488b 4310 | 4885 c074 | 208b 8890 | 0000 0083 
  0x0000017043da03e0: c102 8988 | 9000 0000 | 2388 a400 | 0000 0f84 | 1110 0000 | e986 0100 | 0048 8b43 | 1848 85c0 
  0x0000017043da0400: 0f85 6701 | 0000 e805 | 0000 00e9 | 5001 0000 | 488b d348 | 8d44 2408 | 4c89 6dc0 | 498b cfc5 
  0x0000017043da0420: f877 4989 | af38 0400 | 0049 8987 | 2804 0000 | 4883 ec20 | 40f6 c40f | 0f84 1900 | 0000 4883 
  0x0000017043da0440: ec08 48b8 | 401f ac43 | fa7f 0000 | ffd0 4883 | c408 e90c | 0000 0048 | b840 1fac | 43fa 7f00 
  0x0000017043da0460: 00ff d048 | 83c4 2049 | c787 2804 | 0000 0000 | 0000 49c7 | 8738 0400 | 0000 0000 | 0049 c787 
  0x0000017043da0480: 3004 0000 | 0000 0000 | c5f8 7741 | 8b8f b405 | 0000 f6c1 | 010f 8442 | 0000 00f6 | c102 0f85 
  0x0000017043da04a0: 3900 0000 | 4883 ec20 | 40f6 c40f | 0f84 1900 | 0000 4883 | ec08 48b8 | d0f0 ab43 | fa7f 0000 
  0x0000017043da04c0: ffd0 4883 | c408 e90c | 0000 0048 | b8d0 f0ab | 43fa 7f00 | 00ff d048 | 83c4 20ff | e049 8b8f 
  0x0000017043da04e0: 7806 0000 | 4885 c90f | 8455 0000 | 008b 899c | 0000 0083 | f901 0f85 | 4600 0000 | 498b 8f78 
  0x0000017043da0500: 0600 008b | 89a0 0000 | 0048 83ec | 2040 f6c4 | 0f0f 8419 | 0000 0048 | 83ec 0848 | b8c0 f0ab 
  0x0000017043da0520: 43fa 7f00 | 00ff d048 | 83c4 08e9 | 0c00 0000 | 48b8 c0f0 | ab43 fa7f | 0000 ffd0 | 4883 c420 
  0x0000017043da0540: ffe0 4983 | 7f08 000f | 8405 0000 | 00e9 8e0c | ffff 4c8b | 6dc0 4c8b | 75c8 4e8d | 74f5 00c3 
  0x0000017043da0560: 488b 4318 | 4885 c00f | 8412 0000 | 008b 4808 | 83c1 0289 | 4808 2348 | 2c0f 8486 | 0e00 0049 
  0x0000017043da0580: 3ba7 7005 | 0000 0f87 | 4800 0000 | 8984 2400 | f0ff ff89 | 8424 00e0 | ffff 8984 | 2400 d0ff 
  0x0000017043da05a0: ff89 8424 | 00c0 ffff | 8984 2400 | b0ff ff89 | 8424 00a0 | ffff 8984 | 2400 90ff | ff89 8424 
  0x0000017043da05c0: 0080 ffff | 493b a768 | 0500 0076 | 0749 89a7 | 7005 0000 | 41c6 87f1 | 0400 0000 | 418b 9780 
  0x0000017043da05e0: 0600 0085 | d20f 8457 | 0100 00e8 | 0500 0000 | e94d 0100 | 0048 8d44 | 2408 4c89 | 6dc0 498b 
  0x0000017043da0600: cfc5 f877 | 4989 af38 | 0400 0049 | 8987 2804 | 0000 4883 | ec20 40f6 | c40f 0f84 | 1900 0000 
  0x0000017043da0620: 4883 ec08 | 48b8 7046 | ac43 fa7f | 0000 ffd0 | 4883 c408 | e90c 0000 | 0048 b870 | 46ac 43fa 
  0x0000017043da0640: 7f00 00ff | d048 83c4 | 2049 c787 | 2804 0000 | 0000 0000 | 49c7 8738 | 0400 0000 | 0000 0049 
  0x0000017043da0660: c787 3004 | 0000 0000 | 0000 c5f8 | 7741 8b8f | b405 0000 | f6c1 010f | 8442 0000 | 00f6 c102 
  0x0000017043da0680: 0f85 3900 | 0000 4883 | ec20 40f6 | c40f 0f84 | 1900 0000 | 4883 ec08 | 48b8 d0f0 | ab43 fa7f 
  0x0000017043da06a0: 0000 ffd0 | 4883 c408 | e90c 0000 | 0048 b8d0 | f0ab 43fa | 7f00 00ff | d048 83c4 | 20ff e049 
  0x0000017043da06c0: 8b8f 7806 | 0000 4885 | c90f 8455 | 0000 008b | 899c 0000 | 0083 f901 | 0f85 4600 | 0000 498b 
  0x0000017043da06e0: 8f78 0600 | 008b 89a0 | 0000 0048 | 83ec 2040 | f6c4 0f0f | 8419 0000 | 0048 83ec | 0848 b8c0 
  0x0000017043da0700: f0ab 43fa | 7f00 00ff | d048 83c4 | 08e9 0c00 | 0000 48b8 | c0f0 ab43 | fa7f 0000 | ffd0 4883 
  0x0000017043da0720: c420 ffe0 | 4983 7f08 | 000f 8405 | 0000 00e9 | ac0a ffff | 4c8b 6dc0 | 4c8b 75c8 | 4e8d 74f5 
  0x0000017043da0740: 00c3 488b | 5de8 4c8b | 5b08 450f | b75b 2e41 | c1e3 0349 | 2be3 4883 | ec20 4883 | e4f0 4c8b 
  0x0000017043da0760: 5b60 4d85 | db0f 8562 | 0100 00e8 | 0500 0000 | e950 0100 | 0048 8bd3 | 488d 4424 | 084c 896d 
  0x0000017043da0780: c049 8bcf | c5f8 7749 | 89af 3804 | 0000 4989 | 8728 0400 | 0048 83ec | 2040 f6c4 | 0f0f 8419 
  0x0000017043da07a0: 0000 0048 | 83ec 0848 | b870 48ac | 43fa 7f00 | 00ff d048 | 83c4 08e9 | 0c00 0000 | 48b8 7048 
  0x0000017043da07c0: ac43 fa7f | 0000 ffd0 | 4883 c420 | 49c7 8728 | 0400 0000 | 0000 0049 | c787 3804 | 0000 0000 
  0x0000017043da07e0: 0000 49c7 | 8730 0400 | 0000 0000 | 00c5 f877 | 418b 8fb4 | 0500 00f6 | c101 0f84 | 4200 0000 
  0x0000017043da0800: f6c1 020f | 8539 0000 | 0048 83ec | 2040 f6c4 | 0f0f 8419 | 0000 0048 | 83ec 0848 | b8d0 f0ab 
  0x0000017043da0820: 43fa 7f00 | 00ff d048 | 83c4 08e9 | 0c00 0000 | 48b8 d0f0 | ab43 fa7f | 0000 ffd0 | 4883 c420 
  0x0000017043da0840: ffe0 498b | 8f78 0600 | 0048 85c9 | 0f84 5500 | 0000 8b89 | 9c00 0000 | 83f9 010f | 8546 0000 
  0x0000017043da0860: 0049 8b8f | 7806 0000 | 8b89 a000 | 0000 4883 | ec20 40f6 | c40f 0f84 | 1900 0000 | 4883 ec08 
  0x0000017043da0880: 48b8 c0f0 | ab43 fa7f | 0000 ffd0 | 4883 c408 | e90c 0000 | 0048 b8c0 | f0ab 43fa | 7f00 00ff 
  0x0000017043da08a0: d048 83c4 | 20ff e049 | 837f 0800 | 0f84 0500 | 0000 e929 | 09ff ff4c | 8b6d c04c | 8b75 c84e 
  0x0000017043da08c0: 8d74 f500 | c348 8b5d | e84c 8b5b | 6041 ffd3 | 488b 5de8 | 4889 4518 | 440f b75b | 2c41 f6c3 
  0x0000017043da08e0: 080f 841b | 0000 004c | 8b5b 084d | 8b5b 084d | 8b5b 184d | 8b5b 704d | 8b1b 4c89 | 5d10 488d 
  0x0000017043da0900: 5510 488b | 4358 49ba | a00f e743 | fa7f 0000 | 493b c20f | 8562 0100 | 00e8 0500 | 0000 e950 
  0x0000017043da0920: 0100 0048 | 8bd3 488d | 4424 084c | 896d c049 | 8bcf c5f8 | 7749 89af | 3804 0000 | 4989 8728 
  0x0000017043da0940: 0400 0048 | 83ec 2040 | f6c4 0f0f | 8419 0000 | 0048 83ec | 0848 b870 | 48ac 43fa | 7f00 00ff 
  0x0000017043da0960: d048 83c4 | 08e9 0c00 | 0000 48b8 | 7048 ac43 | fa7f 0000 | ffd0 4883 | c420 49c7 | 8728 0400 
  0x0000017043da0980: 0000 0000 | 0049 c787 | 3804 0000 | 0000 0000 | 49c7 8730 | 0400 0000 | 0000 00c5 | f877 418b 
  0x0000017043da09a0: 8fb4 0500 | 00f6 c101 | 0f84 4200 | 0000 f6c1 | 020f 8539 | 0000 0048 | 83ec 2040 | f6c4 0f0f 
  0x0000017043da09c0: 8419 0000 | 0048 83ec | 0848 b8d0 | f0ab 43fa | 7f00 00ff | d048 83c4 | 08e9 0c00 | 0000 48b8 
  0x0000017043da09e0: d0f0 ab43 | fa7f 0000 | ffd0 4883 | c420 ffe0 | 498b 8f78 | 0600 0048 | 85c9 0f84 | 5500 0000 
  0x0000017043da0a00: 8b89 9c00 | 0000 83f9 | 010f 8546 | 0000 0049 | 8b8f 7806 | 0000 8b89 | a000 0000 | 4883 ec20 
  0x0000017043da0a20: 40f6 c40f | 0f84 1900 | 0000 4883 | ec08 48b8 | c0f0 ab43 | fa7f 0000 | ffd0 4883 | c408 e90c 
  0x0000017043da0a40: 0000 0048 | b8c0 f0ab | 43fa 7f00 | 00ff d048 | 83c4 20ff | e049 837f | 0800 0f84 | 0500 0000 
  0x0000017043da0a60: e97b 07ff | ff4c 8b6d | c04c 8b75 | c84e 8d74 | f500 c348 | 8b5d e848 | 8b43 5849 | 8d8f 4804 
  0x0000017043da0a80: 0000 4c8d | 15d5 0000 | 004d 8997 | 3004 0000 | c5f8 7749 | 89af 3804 | 0000 4989 | a728 0400 
  0x0000017043da0aa0: 0041 c787 | d404 0000 | 0400 0000 | 493b a7c8 | 0500 0076 | 0749 89a7 | c805 0000 | ffd0 493b 
  0x0000017043da0ac0: a7c8 0500 | 0072 0b49 | c787 c805 | 0000 0000 | 0000 c5f8 | 7748 83ec | 10c5 fb11 | 0424 4883 
  0x0000017043da0ae0: ec10 4889 | 0424 48c7 | 4424 0800 | 0000 0041 | c787 d404 | 0000 0500 | 0000 f083 | 4424 c000 
  0x0000017043da0b00: 493b 6f28 | 0f87 0e00 | 0000 4183 | bfd0 0400 | 0000 0f84 | 2000 0000 | 498b cf4c | 8be4 4883 
  0x0000017043da0b20: ec20 4883 | e4f0 48b8 | a0ac ad43 | fa7f 0000 | ffd0 498b | e44d 33e4 | 41c7 87d4 | 0400 0008 
  0x0000017043da0b40: 0000 004d | 8b97 f005 | 0000 4983 | fa00 7435 | 49c7 87f0 | 0500 0000 | 0000 0041 | ffe2 49ba 
  0x0000017043da0b60: 00ed d943 | 7001 0000 | 41ff d248 | 83ec 10c5 | fb11 0424 | 4883 ec10 | 4889 0424 | 48c7 4424 
  0x0000017043da0b80: 0800 0000 | 0049 c787 | 2804 0000 | 0000 0000 | 49c7 8738 | 0400 0000 | 0000 0049 | c787 3004 
  0x0000017043da0ba0: 0000 0000 | 0000 c5f8 | 774d 8b9f | b804 0000 | 41c7 8300 | 0100 0000 | 0000 0049 | bb5a cad9 
  0x0000017043da0bc0: 4370 0100 | 004c 3b5d | 180f 8555 | 0100 0048 | 8b04 2448 | 83c4 1048 | 85c0 0f84 | 2f01 0000 
  0x0000017043da0be0: a803 0f85 | 0800 0000 | 488b 00e9 | 1f01 0000 | a801 0f85 | 0900 0000 | 488b 40fe | e90e 0100 
  0x0000017043da0c00: 0048 8b40 | ff41 807f | 4800 0f84 | ff00 0000 | 4883 f800 | 0f84 f500 | 0000 4d8b | 5f38 4d85 
  0x0000017043da0c20: db0f 8414 | 0000 0049 | 83eb 084d | 895f 384d | 035f 4049 | 8903 e9d4 | 0000 0048 | 83ec 7048 
  0x0000017043da0c40: 8904 2448 | 894c 2408 | 4889 5424 | 104c 8944 | 2418 4c89 | 4c24 204c | 8954 2428 | 4c89 5c24 
  0x0000017043da0c60: 30c5 fb11 | 4424 40c5 | fb11 4c24 | 48c5 fb11 | 5424 50c5 | fb11 5c24 | 58c5 fb11 | 6424 60c5 
  0x0000017043da0c80: fb11 6c24 | 6849 8bd7 | 488b c848 | 83ec 2040 | f6c4 0f0f | 8419 0000 | 0048 83ec | 0848 b820 
  0x0000017043da0ca0: 76a0 43fa | 7f00 00ff | d048 83c4 | 08e9 0c00 | 0000 48b8 | 2076 a043 | fa7f 0000 | ffd0 4883 
  0x0000017043da0cc0: c420 c5fb | 106c 2468 | c5fb 1064 | 2460 c5fb | 105c 2458 | c5fb 1054 | 2450 c5fb | 104c 2448 
  0x0000017043da0ce0: c5fb 1044 | 2440 4c8b | 5c24 304c | 8b54 2428 | 4c8b 4c24 | 204c 8b44 | 2418 488b | 5424 1048 
  0x0000017043da0d00: 8b4c 2408 | 488b 0424 | 4883 c470 | c5f8 7748 | 8945 1048 | 83ec 1048 | 8904 2448 | c744 2408 
  0x0000017043da0d20: 0000 0000 | 4183 bf50 | 0500 0002 | 0f85 bf00 | 0000 4881 | ec80 0000 | 0048 8944 | 2478 4889 
  0x0000017043da0d40: 4c24 7048 | 8954 2468 | 4889 5c24 | 6048 896c | 2450 4889 | 7424 4848 | 897c 2440 | 4c89 4424 
  0x0000017043da0d60: 384c 894c | 2430 4c89 | 5424 284c | 895c 2420 | 4c89 6424 | 184c 896c | 2410 4c89 | 7424 084c 
  0x0000017043da0d80: 893c 244c | 8be4 4883 | ec20 4883 | e4f0 48b8 | 10f7 e643 | fa7f 0000 | ffd0 498b | e44c 8b3c 
  0x0000017043da0da0: 244c 8b74 | 2408 4c8b | 6c24 104c | 8b64 2418 | 4c8b 5c24 | 204c 8b54 | 2428 4c8b | 4c24 304c 
  0x0000017043da0dc0: 8b44 2438 | 488b 7c24 | 4048 8b74 | 2448 488b | 6c24 5048 | 8b5c 2460 | 488b 5424 | 6848 8b4c 
  0x0000017043da0de0: 2470 488b | 4424 7848 | 81c4 8000 | 0000 4d33 | e448 8b5d | e84c 8b6b | 084d 8d6d | 3849 837f 
  0x0000017043da0e00: 0800 0f84 | 7201 0000 | e805 0000 | 00e9 4d01 | 0000 488d | 4424 084c | 896d c049 | 8bcf c5f8 
  0x0000017043da0e20: 7749 89af | 3804 0000 | 4989 8728 | 0400 0048 | 83ec 2040 | f6c4 0f0f | 8419 0000 | 0048 83ec 
  0x0000017043da0e40: 0848 b8b0 | 66ac 43fa | 7f00 00ff | d048 83c4 | 08e9 0c00 | 0000 48b8 | b066 ac43 | fa7f 0000 
  0x0000017043da0e60: ffd0 4883 | c420 49c7 | 8728 0400 | 0000 0000 | 0049 c787 | 3804 0000 | 0000 0000 | 49c7 8730 
  0x0000017043da0e80: 0400 0000 | 0000 00c5 | f877 418b | 8fb4 0500 | 00f6 c101 | 0f84 4200 | 0000 f6c1 | 020f 8539 
  0x0000017043da0ea0: 0000 0048 | 83ec 2040 | f6c4 0f0f | 8419 0000 | 0048 83ec | 0848 b8d0 | f0ab 43fa | 7f00 00ff 
  0x0000017043da0ec0: d048 83c4 | 08e9 0c00 | 0000 48b8 | d0f0 ab43 | fa7f 0000 | ffd0 4883 | c420 ffe0 | 498b 8f78 
  0x0000017043da0ee0: 0600 0048 | 85c9 0f84 | 5500 0000 | 8b89 9c00 | 0000 83f9 | 010f 8546 | 0000 0049 | 8b8f 7806 
  0x0000017043da0f00: 0000 8b89 | a000 0000 | 4883 ec20 | 40f6 c40f | 0f84 1900 | 0000 4883 | ec08 48b8 | c0f0 ab43 
  0x0000017043da0f20: fa7f 0000 | ffd0 4883 | c408 e90c | 0000 0048 | b8c0 f0ab | 43fa 7f00 | 00ff d048 | 83c4 20ff 
  0x0000017043da0f40: e049 837f | 0800 0f84 | 0500 0000 | e98f 02ff | ff4c 8b6d | c04c 8b75 | c84e 8d74 | f500 c348 
  0x0000017043da0f60: b948 0810 | 44fa 7f00 | 0048 83e4 | f048 b800 | 8dd3 43fa | 7f00 00ff | d0f4 440f | b75b 2c41 
  0x0000017043da0f80: f6c3 200f | 8429 0200 | 0048 8d55 | a84c 8b5a | 084d 85db | 0f85 7201 | 0000 e805 | 0000 00e9 
  0x0000017043da0fa0: 4d01 0000 | 488d 4424 | 084c 896d | c049 8bcf | c5f8 7749 | 89af 3804 | 0000 4989 | 8728 0400 
  0x0000017043da0fc0: 0048 83ec | 2040 f6c4 | 0f0f 8419 | 0000 0048 | 83ec 0848 | b8e0 65ac | 43fa 7f00 | 00ff d048 
  0x0000017043da0fe0: 83c4 08e9 | 0c00 0000 | 48b8 e065 | ac43 fa7f | 0000 ffd0 | 4883 c420 | 49c7 8728 | 0400 0000 
  0x0000017043da1000: 0000 0049 | c787 3804 | 0000 0000 | 0000 49c7 | 8730 0400 | 0000 0000 | 00c5 f877 | 418b 8fb4 
  0x0000017043da1020: 0500 00f6 | c101 0f84 | 4200 0000 | f6c1 020f | 8539 0000 | 0048 83ec | 2040 f6c4 | 0f0f 8419 
  0x0000017043da1040: 0000 0048 | 83ec 0848 | b8d0 f0ab | 43fa 7f00 | 00ff d048 | 83c4 08e9 | 0c00 0000 | 48b8 d0f0 
  0x0000017043da1060: ab43 fa7f | 0000 ffd0 | 4883 c420 | ffe0 498b | 8f78 0600 | 0048 85c9 | 0f84 5500 | 0000 8b89 
  0x0000017043da1080: 9c00 0000 | 83f9 010f | 8546 0000 | 0049 8b8f | 7806 0000 | 8b89 a000 | 0000 4883 | ec20 40f6 
  0x0000017043da10a0: c40f 0f84 | 1900 0000 | 4883 ec08 | 48b8 c0f0 | ab43 fa7f | 0000 ffd0 | 4883 c408 | e90c 0000 
  0x0000017043da10c0: 0048 b8c0 | f0ab 43fa | 7f00 00ff | d048 83c4 | 20ff e049 | 837f 0800 | 0f84 0500 | 0000 e9fd 
  0x0000017043da10e0: 00ff ff4c | 8b6d c04c | 8b75 c84e | 8d74 f500 | c348 b948 | 0810 44fa | 7f00 0048 | 83e4 f048 
  0x0000017043da1100: b800 8dd3 | 43fa 7f00 | 00ff d0f4 | 4c89 6dc0 | 4c8b 4a08 | 48c7 4208 | 0000 0000 | 458b 87d8 
  0x0000017043da1120: 0600 004f | 3b4c 07f8 | 0f85 4200 | 0000 4183 | afd8 0600 | 0008 4f3b | 4c07 f00f | 842a 0000 
  0x0000017043da1140: 0049 8b01 | a802 0f85 | 1200 0000 | 4c8b c049 | 83c8 01f0 | 4d0f b101 | 0f84 0d00 | 0000 4183 
  0x0000017043da1160: 87d8 0600 | 0008 e905 | 0000 00e9 | 3e00 0000 | 4c89 4a08 | 488b ca48 | 83ec 2040 | f6c4 0f0f 
  0x0000017043da1180: 8419 0000 | 0048 83ec | 0848 b830 | 38ac 43fa | 7f00 00ff | d048 83c4 | 08e9 0c00 | 0000 48b8 
  0x0000017043da11a0: 3038 ac43 | fa7f 0000 | ffd0 4883 | c420 4c8b | 6dc0 41c6 | 8796 0300 | 0001 493b | 6f28 0f87 
  0x0000017043da11c0: 0500 0000 | e9ab 0000 | 0048 83ec | 10c5 fb11 | 0424 4883 | ec10 4889 | 0424 48c7 | 4424 0800 
  0x0000017043da11e0: 0000 00c5 | f877 4989 | af38 0400 | 0049 bae3 | 11da 4370 | 0100 004d | 8997 3004 | 0000 4989 
  0x0000017043da1200: a728 0400 | 0049 8bcf | 4883 ec20 | 40f6 c40f | 0f84 1900 | 0000 4883 | ec08 48b8 | d01e ac43 
  0x0000017043da1220: fa7f 0000 | ffd0 4883 | c408 e90c | 0000 0048 | b8d0 1eac | 43fa 7f00 | 00ff d048 | 83c4 2049 
  0x0000017043da1240: c787 2804 | 0000 0000 | 0000 49c7 | 8738 0400 | 0000 0000 | 0049 c787 | 3004 0000 | 0000 0000 
  0x0000017043da1260: c5f8 7748 | 8b04 2448 | 83c4 10c5 | fb10 0424 | 4883 c410 | 418b 9780 | 0600 0085 | d20f 8457 
  0x0000017043da1280: 0100 00e8 | 0500 0000 | e94d 0100 | 0048 8d44 | 2408 4c89 | 6dc0 498b | cfc5 f877 | 4989 af38 
  0x0000017043da12a0: 0400 0049 | 8987 2804 | 0000 4883 | ec20 40f6 | c40f 0f84 | 1900 0000 | 4883 ec08 | 48b8 a047 
  0x0000017043da12c0: ac43 fa7f | 0000 ffd0 | 4883 c408 | e90c 0000 | 0048 b8a0 | 47ac 43fa | 7f00 00ff | d048 83c4 
  0x0000017043da12e0: 2049 c787 | 2804 0000 | 0000 0000 | 49c7 8738 | 0400 0000 | 0000 0049 | c787 3004 | 0000 0000 
  0x0000017043da1300: 0000 c5f8 | 7741 8b8f | b405 0000 | f6c1 010f | 8442 0000 | 00f6 c102 | 0f85 3900 | 0000 4883 
  0x0000017043da1320: ec20 40f6 | c40f 0f84 | 1900 0000 | 4883 ec08 | 48b8 d0f0 | ab43 fa7f | 0000 ffd0 | 4883 c408 
  0x0000017043da1340: e90c 0000 | 0048 b8d0 | f0ab 43fa | 7f00 00ff | d048 83c4 | 20ff e049 | 8b8f 7806 | 0000 4885 
  0x0000017043da1360: c90f 8455 | 0000 008b | 899c 0000 | 0083 f901 | 0f85 4600 | 0000 498b | 8f78 0600 | 008b 89a0 
  0x0000017043da1380: 0000 0048 | 83ec 2040 | f6c4 0f0f | 8419 0000 | 0048 83ec | 0848 b8c0 | f0ab 43fa | 7f00 00ff 
  0x0000017043da13a0: d048 83c4 | 08e9 0c00 | 0000 48b8 | c0f0 ab43 | fa7f 0000 | ffd0 4883 | c420 ffe0 | 4983 7f08 
  0x0000017043da13c0: 000f 8405 | 0000 00e9 | 14fe feff | 4c8b 6dc0 | 4c8b 75c8 | 4e8d 74f5 | 00c3 488b | 0424 4883 
  0x0000017043da13e0: c410 c5fb | 1004 2448 | 83c4 104c | 8b5d 1841 | ffd3 4c8b | 5df8 c941 | c687 9603 | 0000 005f 
  0x0000017043da1400: 498b e3ff | e7ba 0000 | 0000 e805 | 0000 00e9 | 4d01 0000 | 488d 4424 | 084c 896d | c049 8bcf 
  0x0000017043da1420: c5f8 7749 | 89af 3804 | 0000 4989 | 8728 0400 | 0048 83ec | 2040 f6c4 | 0f0f 8419 | 0000 0048 
  0x0000017043da1440: 83ec 0848 | b820 2eac | 43fa 7f00 | 00ff d048 | 83c4 08e9 | 0c00 0000 | 48b8 202e | ac43 fa7f 
  0x0000017043da1460: 0000 ffd0 | 4883 c420 | 49c7 8728 | 0400 0000 | 0000 0049 | c787 3804 | 0000 0000 | 0000 49c7 
  0x0000017043da1480: 8730 0400 | 0000 0000 | 00c5 f877 | 418b 8fb4 | 0500 00f6 | c101 0f84 | 4200 0000 | f6c1 020f 
  0x0000017043da14a0: 8539 0000 | 0048 83ec | 2040 f6c4 | 0f0f 8419 | 0000 0048 | 83ec 0848 | b8d0 f0ab | 43fa 7f00 
  0x0000017043da14c0: 00ff d048 | 83c4 08e9 | 0c00 0000 | 48b8 d0f0 | ab43 fa7f | 0000 ffd0 | 4883 c420 | ffe0 498b 
  0x0000017043da14e0: 8f78 0600 | 0048 85c9 | 0f84 5500 | 0000 8b89 | 9c00 0000 | 83f9 010f | 8546 0000 | 0049 8b8f 
  0x0000017043da1500: 7806 0000 | 8b89 a000 | 0000 4883 | ec20 40f6 | c40f 0f84 | 1900 0000 | 4883 ec08 | 48b8 c0f0 
  0x0000017043da1520: ab43 fa7f | 0000 ffd0 | 4883 c408 | e90c 0000 | 0048 b8c0 | f0ab 43fa | 7f00 00ff | d048 83c4 
  0x0000017043da1540: 20ff e049 | 837f 0800 | 0f84 0500 | 0000 e98d | fcfe ff4c | 8b6d c04c | 8b75 c84e | 8d74 f500 
  0x0000017043da1560: c348 8b5d | e8e9 15f0 | ffff 660f | 1f44 0000 
[/MachCode]

---------------  P R O C E S S  ---------------

Threads class SMR info:
_java_thread_list=0x0000017053dd1ec0, length=15, elements={
0x0000017033fdba40, 0x0000017053a29650, 0x0000017053a29e10, 0x0000017053a30ad0,
0x0000017053a31910, 0x0000017053a42560, 0x0000017053a43120, 0x0000017053a38c40,
0x0000017053a39850, 0x0000017053cbc540, 0x0000017053cc0340, 0x0000017053cc0b10,
0x0000017053d8fea0, 0x0000017053dd2420, 0x0000017053ed1290
}

Java Threads: ( => current thread )
=>0x0000017033fdba40 JavaThread "main"                              [_thread_in_native, id=7764, stack(0x0000004cf7a00000,0x0000004cf7b00000) (1024K)]
  0x0000017053a29650 JavaThread "Reference Handler"          daemon [_thread_blocked, id=8884, stack(0x0000004cf8200000,0x0000004cf8300000) (1024K)]
  0x0000017053a29e10 JavaThread "Finalizer"                  daemon [_thread_blocked, id=21852, stack(0x0000004cf8300000,0x0000004cf8400000) (1024K)]
  0x0000017053a30ad0 JavaThread "Signal Dispatcher"          daemon [_thread_blocked, id=2204, stack(0x0000004cf8400000,0x0000004cf8500000) (1024K)]
  0x0000017053a31910 JavaThread "Attach Listener"            daemon [_thread_blocked, id=16184, stack(0x0000004cf8500000,0x0000004cf8600000) (1024K)]
  0x0000017053a42560 JavaThread "Service Thread"             daemon [_thread_blocked, id=25568, stack(0x0000004cf8600000,0x0000004cf8700000) (1024K)]
  0x0000017053a43120 JavaThread "Monitor Deflation Thread"   daemon [_thread_blocked, id=16376, stack(0x0000004cf8700000,0x0000004cf8800000) (1024K)]
  0x0000017053a38c40 JavaThread "C2 CompilerThread0"         daemon [_thread_blocked, id=9220, stack(0x0000004cf8800000,0x0000004cf8900000) (1024K)]
  0x0000017053a39850 JavaThread "C1 CompilerThread0"         daemon [_thread_blocked, id=24972, stack(0x0000004cf8900000,0x0000004cf8a00000) (1024K)]
  0x0000017053cbc540 JavaThread "JDWP Transport Listener: dt_socket" daemon [_thread_blocked, id=12620, stack(0x0000004cf8a00000,0x0000004cf8b00000) (1024K)]
  0x0000017053cc0340 JavaThread "JDWP Event Helper Thread"   daemon [_thread_blocked, id=10808, stack(0x0000004cf8b00000,0x0000004cf8c00000) (1024K)]
  0x0000017053cc0b10 JavaThread "JDWP Command Reader"        daemon [_thread_in_native, id=16452, stack(0x0000004cf8c00000,0x0000004cf8d00000) (1024K)]
  0x0000017053d8fea0 JavaThread "Common-Cleaner"             daemon [_thread_blocked, id=2436, stack(0x0000004cf8d00000,0x0000004cf8e00000) (1024K)]
  0x0000017053dd2420 JavaThread "IntelliJ Suspend Helper"    daemon [_thread_blocked, id=22380, stack(0x0000004cf8e00000,0x0000004cf8f00000) (1024K)]
  0x0000017053ed1290 JavaThread "Notification Thread"        daemon [_thread_blocked, id=15652, stack(0x0000004cf8f00000,0x0000004cf9000000) (1024K)]
Total: 15

Other Threads:
  0x0000017053a1abc0 VMThread "VM Thread"                           [id=10812, stack(0x0000004cf8100000,0x0000004cf8200000) (1024K)]
  0x0000017053a0fa10 WatcherThread "VM Periodic Task Thread"        [id=984, stack(0x0000004cf8000000,0x0000004cf8100000) (1024K)]
  0x00000170340475d0 WorkerThread "GC Thread#0"                     [id=5280, stack(0x0000004cf7b00000,0x0000004cf7c00000) (1024K)]
  0x0000017034060d90 ConcurrentGCThread "G1 Main Marker"            [id=16044, stack(0x0000004cf7c00000,0x0000004cf7d00000) (1024K)]
  0x00000170340630e0 WorkerThread "G1 Conc#0"                       [id=14052, stack(0x0000004cf7d00000,0x0000004cf7e00000) (1024K)]
  0x000001703409ea10 ConcurrentGCThread "G1 Refine#0"               [id=7100, stack(0x0000004cf7e00000,0x0000004cf7f00000) (1024K)]
  0x00000170538e45a0 ConcurrentGCThread "G1 Service"                [id=9608, stack(0x0000004cf7f00000,0x0000004cf8000000) (1024K)]
Total: 7

Threads with active compile tasks:
Total: 0

VM state: not at safepoint (normal execution)

VM Mutex/Monitor currently owned by a thread: None

Heap address: 0x0000000700c00000, size: 4084 MB, Compressed Oops mode: Zero based, Oop shift amount: 3

CDS archive(s) mapped at: [0x0000000021000000-0x0000000021dd0000-0x0000000021dd0000), size 14483456, SharedBaseAddress: 0x0000000021000000, ArchiveRelocationMode: 1.
Compressed class space mapped at: 0x0000000022000000-0x0000000062000000, reserved size: 1073741824
UseCompressedClassPointers 1, UseCompactObjectHeaders 0
Narrow klass pointer bits 32, Max shift 3
Narrow klass base: 0x0000000021000000, Narrow klass shift: 0
Encoding Range: [0x0000000021000000 - 0x0000000121000000), (4294967296 bytes)
Klass Range:    [0x0000000021010000 - 0x0000000062000000), (1090453504 bytes)
Klass ID Range:  [65536 - 1090519033) (1090453497)
Protection zone: [0x0000000021000000 - 0x0000000021010000), (65536 bytes)

GC Precious Log:
 CardTable entry size: 512
 Card Set container configuration: InlinePtr #cards 4 size 8 Array Of Cards #cards 16 size 48 Howl #buckets 8 coarsen threshold 3686 Howl Bitmap #cards 512 size 80 coarsen threshold 460 Card regions per heap region 1 cards per card region 4096
 CPUs: 12 total, 12 available
 Memory: 16330M
 Large Page Support: Disabled
 NUMA Support: Disabled
 Compressed Oops: Enabled (Zero based)
 Heap Region Size: 2M
 Heap Min Capacity: 8M
 Heap Initial Capacity: 256M
 Heap Max Capacity: 4084M
 Pre-touch: Disabled
 Parallel Workers: 10
 Concurrent Workers: 3
 Concurrent Refinement Workers: 10
 Periodic GC: Disabled

Heap:
 garbage-first heap   total reserved 4182016K, committed 264192K, used 21653K [0x0000000700c00000, 0x0000000800000000)
  region size 2048K, 11 young (22528K), 0 survivors (0K)

Heap Regions: E=young(eden), S=young(survivor), O=old, HS=humongous(starts), HC=humongous(continues), CS=collection set, F=free, TAMS=top-at-mark-start, PB=parsable bottom
|   0|0x0000000700c00000, 0x0000000700c00000, 0x0000000700e00000|  0%| F|  |TAMS 0x0000000700c00000| PB 0x0000000700c00000| Untracked |  0
|   1|0x0000000700e00000, 0x0000000700e00000, 0x0000000701000000|  0%| F|  |TAMS 0x0000000700e00000| PB 0x0000000700e00000| Untracked |  0
|   2|0x0000000701000000, 0x0000000701000000, 0x0000000701200000|  0%| F|  |TAMS 0x0000000701000000| PB 0x0000000701000000| Untracked |  0
|   3|0x0000000701200000, 0x0000000701200000, 0x0000000701400000|  0%| F|  |TAMS 0x0000000701200000| PB 0x0000000701200000| Untracked |  0
|   4|0x0000000701400000, 0x0000000701400000, 0x0000000701600000|  0%| F|  |TAMS 0x0000000701400000| PB 0x0000000701400000| Untracked |  0
|   5|0x0000000701600000, 0x0000000701600000, 0x0000000701800000|  0%| F|  |TAMS 0x0000000701600000| PB 0x0000000701600000| Untracked |  0
|   6|0x0000000701800000, 0x0000000701800000, 0x0000000701a00000|  0%| F|  |TAMS 0x0000000701800000| PB 0x0000000701800000| Untracked |  0
|   7|0x0000000701a00000, 0x0000000701a00000, 0x0000000701c00000|  0%| F|  |TAMS 0x0000000701a00000| PB 0x0000000701a00000| Untracked |  0
|   8|0x0000000701c00000, 0x0000000701c00000, 0x0000000701e00000|  0%| F|  |TAMS 0x0000000701c00000| PB 0x0000000701c00000| Untracked |  0
|   9|0x0000000701e00000, 0x0000000701e00000, 0x0000000702000000|  0%| F|  |TAMS 0x0000000701e00000| PB 0x0000000701e00000| Untracked |  0
|  10|0x0000000702000000, 0x0000000702000000, 0x0000000702200000|  0%| F|  |TAMS 0x0000000702000000| PB 0x0000000702000000| Untracked |  0
|  11|0x0000000702200000, 0x0000000702200000, 0x0000000702400000|  0%| F|  |TAMS 0x0000000702200000| PB 0x0000000702200000| Untracked |  0
|  12|0x0000000702400000, 0x0000000702400000, 0x0000000702600000|  0%| F|  |TAMS 0x0000000702400000| PB 0x0000000702400000| Untracked |  0
|  13|0x0000000702600000, 0x0000000702600000, 0x0000000702800000|  0%| F|  |TAMS 0x0000000702600000| PB 0x0000000702600000| Untracked |  0
|  14|0x0000000702800000, 0x0000000702800000, 0x0000000702a00000|  0%| F|  |TAMS 0x0000000702800000| PB 0x0000000702800000| Untracked |  0
|  15|0x0000000702a00000, 0x0000000702a00000, 0x0000000702c00000|  0%| F|  |TAMS 0x0000000702a00000| PB 0x0000000702a00000| Untracked |  0
|  16|0x0000000702c00000, 0x0000000702c00000, 0x0000000702e00000|  0%| F|  |TAMS 0x0000000702c00000| PB 0x0000000702c00000| Untracked |  0
|  17|0x0000000702e00000, 0x0000000702e00000, 0x0000000703000000|  0%| F|  |TAMS 0x0000000702e00000| PB 0x0000000702e00000| Untracked |  0
|  18|0x0000000703000000, 0x0000000703000000, 0x0000000703200000|  0%| F|  |TAMS 0x0000000703000000| PB 0x0000000703000000| Untracked |  0
|  19|0x0000000703200000, 0x0000000703200000, 0x0000000703400000|  0%| F|  |TAMS 0x0000000703200000| PB 0x0000000703200000| Untracked |  0
|  20|0x0000000703400000, 0x0000000703400000, 0x0000000703600000|  0%| F|  |TAMS 0x0000000703400000| PB 0x0000000703400000| Untracked |  0
|  21|0x0000000703600000, 0x0000000703600000, 0x0000000703800000|  0%| F|  |TAMS 0x0000000703600000| PB 0x0000000703600000| Untracked |  0
|  22|0x0000000703800000, 0x0000000703800000, 0x0000000703a00000|  0%| F|  |TAMS 0x0000000703800000| PB 0x0000000703800000| Untracked |  0
|  23|0x0000000703a00000, 0x0000000703a00000, 0x0000000703c00000|  0%| F|  |TAMS 0x0000000703a00000| PB 0x0000000703a00000| Untracked |  0
|  24|0x0000000703c00000, 0x0000000703c00000, 0x0000000703e00000|  0%| F|  |TAMS 0x0000000703c00000| PB 0x0000000703c00000| Untracked |  0
|  25|0x0000000703e00000, 0x0000000703e00000, 0x0000000704000000|  0%| F|  |TAMS 0x0000000703e00000| PB 0x0000000703e00000| Untracked |  0
|  26|0x0000000704000000, 0x0000000704000000, 0x0000000704200000|  0%| F|  |TAMS 0x0000000704000000| PB 0x0000000704000000| Untracked |  0
|  27|0x0000000704200000, 0x0000000704200000, 0x0000000704400000|  0%| F|  |TAMS 0x0000000704200000| PB 0x0000000704200000| Untracked |  0
|  28|0x0000000704400000, 0x0000000704400000, 0x0000000704600000|  0%| F|  |TAMS 0x0000000704400000| PB 0x0000000704400000| Untracked |  0
|  29|0x0000000704600000, 0x0000000704600000, 0x0000000704800000|  0%| F|  |TAMS 0x0000000704600000| PB 0x0000000704600000| Untracked |  0
|  30|0x0000000704800000, 0x0000000704800000, 0x0000000704a00000|  0%| F|  |TAMS 0x0000000704800000| PB 0x0000000704800000| Untracked |  0
|  31|0x0000000704a00000, 0x0000000704a00000, 0x0000000704c00000|  0%| F|  |TAMS 0x0000000704a00000| PB 0x0000000704a00000| Untracked |  0
|  32|0x0000000704c00000, 0x0000000704c00000, 0x0000000704e00000|  0%| F|  |TAMS 0x0000000704c00000| PB 0x0000000704c00000| Untracked |  0
|  33|0x0000000704e00000, 0x0000000704e00000, 0x0000000705000000|  0%| F|  |TAMS 0x0000000704e00000| PB 0x0000000704e00000| Untracked |  0
|  34|0x0000000705000000, 0x0000000705000000, 0x0000000705200000|  0%| F|  |TAMS 0x0000000705000000| PB 0x0000000705000000| Untracked |  0
|  35|0x0000000705200000, 0x0000000705200000, 0x0000000705400000|  0%| F|  |TAMS 0x0000000705200000| PB 0x0000000705200000| Untracked |  0
|  36|0x0000000705400000, 0x0000000705400000, 0x0000000705600000|  0%| F|  |TAMS 0x0000000705400000| PB 0x0000000705400000| Untracked |  0
|  37|0x0000000705600000, 0x0000000705600000, 0x0000000705800000|  0%| F|  |TAMS 0x0000000705600000| PB 0x0000000705600000| Untracked |  0
|  38|0x0000000705800000, 0x0000000705800000, 0x0000000705a00000|  0%| F|  |TAMS 0x0000000705800000| PB 0x0000000705800000| Untracked |  0
|  39|0x0000000705a00000, 0x0000000705a00000, 0x0000000705c00000|  0%| F|  |TAMS 0x0000000705a00000| PB 0x0000000705a00000| Untracked |  0
|  40|0x0000000705c00000, 0x0000000705c00000, 0x0000000705e00000|  0%| F|  |TAMS 0x0000000705c00000| PB 0x0000000705c00000| Untracked |  0
|  41|0x0000000705e00000, 0x0000000705e00000, 0x0000000706000000|  0%| F|  |TAMS 0x0000000705e00000| PB 0x0000000705e00000| Untracked |  0
|  42|0x0000000706000000, 0x0000000706000000, 0x0000000706200000|  0%| F|  |TAMS 0x0000000706000000| PB 0x0000000706000000| Untracked |  0
|  43|0x0000000706200000, 0x0000000706200000, 0x0000000706400000|  0%| F|  |TAMS 0x0000000706200000| PB 0x0000000706200000| Untracked |  0
|  44|0x0000000706400000, 0x0000000706400000, 0x0000000706600000|  0%| F|  |TAMS 0x0000000706400000| PB 0x0000000706400000| Untracked |  0
|  45|0x0000000706600000, 0x0000000706600000, 0x0000000706800000|  0%| F|  |TAMS 0x0000000706600000| PB 0x0000000706600000| Untracked |  0
|  46|0x0000000706800000, 0x0000000706800000, 0x0000000706a00000|  0%| F|  |TAMS 0x0000000706800000| PB 0x0000000706800000| Untracked |  0
|  47|0x0000000706a00000, 0x0000000706a00000, 0x0000000706c00000|  0%| F|  |TAMS 0x0000000706a00000| PB 0x0000000706a00000| Untracked |  0
|  48|0x0000000706c00000, 0x0000000706c00000, 0x0000000706e00000|  0%| F|  |TAMS 0x0000000706c00000| PB 0x0000000706c00000| Untracked |  0
|  49|0x0000000706e00000, 0x0000000706e00000, 0x0000000707000000|  0%| F|  |TAMS 0x0000000706e00000| PB 0x0000000706e00000| Untracked |  0
|  50|0x0000000707000000, 0x0000000707000000, 0x0000000707200000|  0%| F|  |TAMS 0x0000000707000000| PB 0x0000000707000000| Untracked |  0
|  51|0x0000000707200000, 0x0000000707200000, 0x0000000707400000|  0%| F|  |TAMS 0x0000000707200000| PB 0x0000000707200000| Untracked |  0
|  52|0x0000000707400000, 0x0000000707400000, 0x0000000707600000|  0%| F|  |TAMS 0x0000000707400000| PB 0x0000000707400000| Untracked |  0
|  53|0x0000000707600000, 0x0000000707600000, 0x0000000707800000|  0%| F|  |TAMS 0x0000000707600000| PB 0x0000000707600000| Untracked |  0
|  54|0x0000000707800000, 0x0000000707800000, 0x0000000707a00000|  0%| F|  |TAMS 0x0000000707800000| PB 0x0000000707800000| Untracked |  0
|  55|0x0000000707a00000, 0x0000000707a00000, 0x0000000707c00000|  0%| F|  |TAMS 0x0000000707a00000| PB 0x0000000707a00000| Untracked |  0
|  56|0x0000000707c00000, 0x0000000707c00000, 0x0000000707e00000|  0%| F|  |TAMS 0x0000000707c00000| PB 0x0000000707c00000| Untracked |  0
|  57|0x0000000707e00000, 0x0000000707e00000, 0x0000000708000000|  0%| F|  |TAMS 0x0000000707e00000| PB 0x0000000707e00000| Untracked |  0
|  58|0x0000000708000000, 0x0000000708000000, 0x0000000708200000|  0%| F|  |TAMS 0x0000000708000000| PB 0x0000000708000000| Untracked |  0
|  59|0x0000000708200000, 0x0000000708200000, 0x0000000708400000|  0%| F|  |TAMS 0x0000000708200000| PB 0x0000000708200000| Untracked |  0
|  60|0x0000000708400000, 0x0000000708400000, 0x0000000708600000|  0%| F|  |TAMS 0x0000000708400000| PB 0x0000000708400000| Untracked |  0
|  61|0x0000000708600000, 0x0000000708600000, 0x0000000708800000|  0%| F|  |TAMS 0x0000000708600000| PB 0x0000000708600000| Untracked |  0
|  62|0x0000000708800000, 0x0000000708800000, 0x0000000708a00000|  0%| F|  |TAMS 0x0000000708800000| PB 0x0000000708800000| Untracked |  0
|  63|0x0000000708a00000, 0x0000000708a00000, 0x0000000708c00000|  0%| F|  |TAMS 0x0000000708a00000| PB 0x0000000708a00000| Untracked |  0
|  64|0x0000000708c00000, 0x0000000708c00000, 0x0000000708e00000|  0%| F|  |TAMS 0x0000000708c00000| PB 0x0000000708c00000| Untracked |  0
|  65|0x0000000708e00000, 0x0000000708e00000, 0x0000000709000000|  0%| F|  |TAMS 0x0000000708e00000| PB 0x0000000708e00000| Untracked |  0
|  66|0x0000000709000000, 0x0000000709000000, 0x0000000709200000|  0%| F|  |TAMS 0x0000000709000000| PB 0x0000000709000000| Untracked |  0
|  67|0x0000000709200000, 0x0000000709200000, 0x0000000709400000|  0%| F|  |TAMS 0x0000000709200000| PB 0x0000000709200000| Untracked |  0
|  68|0x0000000709400000, 0x0000000709400000, 0x0000000709600000|  0%| F|  |TAMS 0x0000000709400000| PB 0x0000000709400000| Untracked |  0
|  69|0x0000000709600000, 0x0000000709600000, 0x0000000709800000|  0%| F|  |TAMS 0x0000000709600000| PB 0x0000000709600000| Untracked |  0
|  70|0x0000000709800000, 0x0000000709800000, 0x0000000709a00000|  0%| F|  |TAMS 0x0000000709800000| PB 0x0000000709800000| Untracked |  0
|  71|0x0000000709a00000, 0x0000000709a00000, 0x0000000709c00000|  0%| F|  |TAMS 0x0000000709a00000| PB 0x0000000709a00000| Untracked |  0
|  72|0x0000000709c00000, 0x0000000709c00000, 0x0000000709e00000|  0%| F|  |TAMS 0x0000000709c00000| PB 0x0000000709c00000| Untracked |  0
|  73|0x0000000709e00000, 0x0000000709e00000, 0x000000070a000000|  0%| F|  |TAMS 0x0000000709e00000| PB 0x0000000709e00000| Untracked |  0
|  74|0x000000070a000000, 0x000000070a000000, 0x000000070a200000|  0%| F|  |TAMS 0x000000070a000000| PB 0x000000070a000000| Untracked |  0
|  75|0x000000070a200000, 0x000000070a200000, 0x000000070a400000|  0%| F|  |TAMS 0x000000070a200000| PB 0x000000070a200000| Untracked |  0
|  76|0x000000070a400000, 0x000000070a400000, 0x000000070a600000|  0%| F|  |TAMS 0x000000070a400000| PB 0x000000070a400000| Untracked |  0
|  77|0x000000070a600000, 0x000000070a600000, 0x000000070a800000|  0%| F|  |TAMS 0x000000070a600000| PB 0x000000070a600000| Untracked |  0
|  78|0x000000070a800000, 0x000000070a800000, 0x000000070aa00000|  0%| F|  |TAMS 0x000000070a800000| PB 0x000000070a800000| Untracked |  0
|  79|0x000000070aa00000, 0x000000070aa00000, 0x000000070ac00000|  0%| F|  |TAMS 0x000000070aa00000| PB 0x000000070aa00000| Untracked |  0
|  80|0x000000070ac00000, 0x000000070ac00000, 0x000000070ae00000|  0%| F|  |TAMS 0x000000070ac00000| PB 0x000000070ac00000| Untracked |  0
|  81|0x000000070ae00000, 0x000000070ae00000, 0x000000070b000000|  0%| F|  |TAMS 0x000000070ae00000| PB 0x000000070ae00000| Untracked |  0
|  82|0x000000070b000000, 0x000000070b000000, 0x000000070b200000|  0%| F|  |TAMS 0x000000070b000000| PB 0x000000070b000000| Untracked |  0
|  83|0x000000070b200000, 0x000000070b200000, 0x000000070b400000|  0%| F|  |TAMS 0x000000070b200000| PB 0x000000070b200000| Untracked |  0
|  84|0x000000070b400000, 0x000000070b400000, 0x000000070b600000|  0%| F|  |TAMS 0x000000070b400000| PB 0x000000070b400000| Untracked |  0
|  85|0x000000070b600000, 0x000000070b600000, 0x000000070b800000|  0%| F|  |TAMS 0x000000070b600000| PB 0x000000070b600000| Untracked |  0
|  86|0x000000070b800000, 0x000000070b800000, 0x000000070ba00000|  0%| F|  |TAMS 0x000000070b800000| PB 0x000000070b800000| Untracked |  0
|  87|0x000000070ba00000, 0x000000070ba00000, 0x000000070bc00000|  0%| F|  |TAMS 0x000000070ba00000| PB 0x000000070ba00000| Untracked |  0
|  88|0x000000070bc00000, 0x000000070bc00000, 0x000000070be00000|  0%| F|  |TAMS 0x000000070bc00000| PB 0x000000070bc00000| Untracked |  0
|  89|0x000000070be00000, 0x000000070be00000, 0x000000070c000000|  0%| F|  |TAMS 0x000000070be00000| PB 0x000000070be00000| Untracked |  0
|  90|0x000000070c000000, 0x000000070c000000, 0x000000070c200000|  0%| F|  |TAMS 0x000000070c000000| PB 0x000000070c000000| Untracked |  0
|  91|0x000000070c200000, 0x000000070c200000, 0x000000070c400000|  0%| F|  |TAMS 0x000000070c200000| PB 0x000000070c200000| Untracked |  0
|  92|0x000000070c400000, 0x000000070c400000, 0x000000070c600000|  0%| F|  |TAMS 0x000000070c400000| PB 0x000000070c400000| Untracked |  0
|  93|0x000000070c600000, 0x000000070c600000, 0x000000070c800000|  0%| F|  |TAMS 0x000000070c600000| PB 0x000000070c600000| Untracked |  0
|  94|0x000000070c800000, 0x000000070c800000, 0x000000070ca00000|  0%| F|  |TAMS 0x000000070c800000| PB 0x000000070c800000| Untracked |  0
|  95|0x000000070ca00000, 0x000000070ca00000, 0x000000070cc00000|  0%| F|  |TAMS 0x000000070ca00000| PB 0x000000070ca00000| Untracked |  0
|  96|0x000000070cc00000, 0x000000070cc00000, 0x000000070ce00000|  0%| F|  |TAMS 0x000000070cc00000| PB 0x000000070cc00000| Untracked |  0
|  97|0x000000070ce00000, 0x000000070ce00000, 0x000000070d000000|  0%| F|  |TAMS 0x000000070ce00000| PB 0x000000070ce00000| Untracked |  0
|  98|0x000000070d000000, 0x000000070d000000, 0x000000070d200000|  0%| F|  |TAMS 0x000000070d000000| PB 0x000000070d000000| Untracked |  0
|  99|0x000000070d200000, 0x000000070d200000, 0x000000070d400000|  0%| F|  |TAMS 0x000000070d200000| PB 0x000000070d200000| Untracked |  0
| 100|0x000000070d400000, 0x000000070d400000, 0x000000070d600000|  0%| F|  |TAMS 0x000000070d400000| PB 0x000000070d400000| Untracked |  0
| 101|0x000000070d600000, 0x000000070d600000, 0x000000070d800000|  0%| F|  |TAMS 0x000000070d600000| PB 0x000000070d600000| Untracked |  0
| 102|0x000000070d800000, 0x000000070d800000, 0x000000070da00000|  0%| F|  |TAMS 0x000000070d800000| PB 0x000000070d800000| Untracked |  0
| 103|0x000000070da00000, 0x000000070da00000, 0x000000070dc00000|  0%| F|  |TAMS 0x000000070da00000| PB 0x000000070da00000| Untracked |  0
| 104|0x000000070dc00000, 0x000000070dc00000, 0x000000070de00000|  0%| F|  |TAMS 0x000000070dc00000| PB 0x000000070dc00000| Untracked |  0
| 105|0x000000070de00000, 0x000000070de00000, 0x000000070e000000|  0%| F|  |TAMS 0x000000070de00000| PB 0x000000070de00000| Untracked |  0
| 106|0x000000070e000000, 0x000000070e000000, 0x000000070e200000|  0%| F|  |TAMS 0x000000070e000000| PB 0x000000070e000000| Untracked |  0
| 107|0x000000070e200000, 0x000000070e200000, 0x000000070e400000|  0%| F|  |TAMS 0x000000070e200000| PB 0x000000070e200000| Untracked |  0
| 108|0x000000070e400000, 0x000000070e400000, 0x000000070e600000|  0%| F|  |TAMS 0x000000070e400000| PB 0x000000070e400000| Untracked |  0
| 109|0x000000070e600000, 0x000000070e600000, 0x000000070e800000|  0%| F|  |TAMS 0x000000070e600000| PB 0x000000070e600000| Untracked |  0
| 110|0x000000070e800000, 0x000000070e800000, 0x000000070ea00000|  0%| F|  |TAMS 0x000000070e800000| PB 0x000000070e800000| Untracked |  0
| 111|0x000000070ea00000, 0x000000070ea00000, 0x000000070ec00000|  0%| F|  |TAMS 0x000000070ea00000| PB 0x000000070ea00000| Untracked |  0
| 112|0x000000070ec00000, 0x000000070ec00000, 0x000000070ee00000|  0%| F|  |TAMS 0x000000070ec00000| PB 0x000000070ec00000| Untracked |  0
| 113|0x000000070ee00000, 0x000000070ee00000, 0x000000070f000000|  0%| F|  |TAMS 0x000000070ee00000| PB 0x000000070ee00000| Untracked |  0
| 114|0x000000070f000000, 0x000000070f000000, 0x000000070f200000|  0%| F|  |TAMS 0x000000070f000000| PB 0x000000070f000000| Untracked |  0
| 115|0x000000070f200000, 0x000000070f200000, 0x000000070f400000|  0%| F|  |TAMS 0x000000070f200000| PB 0x000000070f200000| Untracked |  0
| 116|0x000000070f400000, 0x000000070f400000, 0x000000070f600000|  0%| F|  |TAMS 0x000000070f400000| PB 0x000000070f400000| Untracked |  0
| 117|0x000000070f600000, 0x000000070f6fa978, 0x000000070f800000| 48%| E|  |TAMS 0x000000070f600000| PB 0x000000070f600000| Complete |  0
| 118|0x000000070f800000, 0x000000070fa00000, 0x000000070fa00000|100%| E|CS|TAMS 0x000000070f800000| PB 0x000000070f800000| Complete |  1
| 119|0x000000070fa00000, 0x000000070fc00000, 0x000000070fc00000|100%| E|CS|TAMS 0x000000070fa00000| PB 0x000000070fa00000| Complete |  0
| 120|0x000000070fc00000, 0x000000070fe00000, 0x000000070fe00000|100%| E|CS|TAMS 0x000000070fc00000| PB 0x000000070fc00000| Complete |  0
| 121|0x000000070fe00000, 0x0000000710000000, 0x0000000710000000|100%| E|CS|TAMS 0x000000070fe00000| PB 0x000000070fe00000| Complete |  0
| 122|0x0000000710000000, 0x0000000710200000, 0x0000000710200000|100%| E|CS|TAMS 0x0000000710000000| PB 0x0000000710000000| Complete |  0
| 123|0x0000000710200000, 0x0000000710400000, 0x0000000710400000|100%| E|CS|TAMS 0x0000000710200000| PB 0x0000000710200000| Complete |  0
| 124|0x0000000710400000, 0x0000000710600000, 0x0000000710600000|100%| E|CS|TAMS 0x0000000710400000| PB 0x0000000710400000| Complete |  0
| 125|0x0000000710600000, 0x0000000710800000, 0x0000000710800000|100%| E|CS|TAMS 0x0000000710600000| PB 0x0000000710600000| Complete |  0
| 126|0x0000000710800000, 0x0000000710a00000, 0x0000000710a00000|100%| E|CS|TAMS 0x0000000710800000| PB 0x0000000710800000| Complete |  0
| 127|0x0000000710a00000, 0x0000000710c00000, 0x0000000710c00000|100%| E|CS|TAMS 0x0000000710a00000| PB 0x0000000710a00000| Complete |  0
|2041|0x00000007ffe00000, 0x00000007fff256a0, 0x0000000800000000| 57%| O|  |TAMS 0x00000007ffe00000| PB 0x00000007ffe00000| Untracked |  0

Card table byte_map: [0x000001704c6d0000,0x000001704ced0000] _byte_map_base: 0x0000017048eca000

Marking Bits: (CMBitMap*) 0x0000017034048570
 Bits: [0x000001704ced0000, 0x0000017050ea0000)

Polling page: 0x0000017031e90000

Metaspace:
Metaspace        used 9923K, committed 10112K, reserved 1114112K
 class space     used 626K, committed 704K, reserved 1048576K

Usage:
  Non-class:      9.08 MB used.
      Class:    626.62 KB used.
       Both:      9.69 MB used.

Virtual space:
  Non-class space:       64.00 MB reserved,       9.19 MB ( 14%) committed,  1 nodes.
      Class space:        1.00 GB reserved,     704.00 KB ( <1%) committed,  1 nodes.
             Both:        1.06 GB reserved,       9.88 MB ( <1%) committed. 

Chunk freelists:
   Non-Class:  6.09 MB
       Class:  15.16 MB
        Both:  21.25 MB

MaxMetaspaceSize: unlimited
CompressedClassSpaceSize: 1.00 GB
Initial GC threshold: 21.00 MB
Current GC threshold: 21.00 MB
CDS: on
 - commit_granule_bytes: 65536.
 - commit_granule_words: 8192.
 - virtual_space_node_default_size: 8388608.
 - enlarge_chunks_in_place: 1.
UseCompressedClassPointers 1, UseCompactObjectHeaders 0
Narrow klass pointer bits 32, Max shift 3
Narrow klass base: 0x0000000021000000, Narrow klass shift: 0
Encoding Range: [0x0000000021000000 - 0x0000000121000000), (4294967296 bytes)
Klass Range:    [0x0000000021010000 - 0x0000000062000000), (1090453504 bytes)
Klass ID Range:  [65536 - 1090519033) (1090453497)
Protection zone: [0x0000000021000000 - 0x0000000021010000), (65536 bytes)


Internal statistics:

num_allocs_failed_limit: 0.
num_arena_births: 104.
num_arena_deaths: 0.
num_vsnodes_births: 2.
num_vsnodes_deaths: 0.
num_space_committed: 157.
num_space_uncommitted: 0.
num_chunks_returned_to_freelist: 0.
num_chunks_taken_from_freelist: 276.
num_chunk_merges: 0.
num_chunk_splits: 186.
num_chunks_enlarged: 133.
num_inconsistent_stats: 0.

CodeHeap 'non-profiled nmethods': size=120064Kb used=276Kb max_used=276Kb free=119788Kb
 bounds [0x0000017044320000, 0x0000017044590000, 0x000001704b860000]
CodeHeap 'profiled nmethods': size=120000Kb used=1596Kb max_used=1596Kb free=118403Kb
 bounds [0x000001703c860000, 0x000001703cad0000, 0x0000017043d90000]
CodeHeap 'non-nmethods': size=5696Kb used=2257Kb max_used=2259Kb free=3438Kb
 bounds [0x0000017043d90000, 0x0000017044000000, 0x0000017044320000]
CodeCache: size=245760Kb, used=4129Kb, max_used=4131Kb, free=241629Kb
 total_blobs=2568, nmethods=1217, adapters=1255, full_count=0
Compilation: enabled, stopped_count=0, restarted_count=0

Compilation events (20 events):
Event: 6.494 Thread 0x0000017053a38c40 nmethod 1209 0x0000017044364c88 code [0x0000017044364d80, 0x0000017044364fa8]
Event: 6.495 Thread 0x0000017053a39850 nmethod 1210 0x000001703c9e8e88 code [0x000001703c9e8f80, 0x000001703c9eb600]
Event: 6.495 Thread 0x0000017053a39850 1211       3       java.lang.classfile.constantpool.ConstantPoolBuilder::nameAndTypeEntry (21 bytes)
Event: 6.495 Thread 0x0000017053a39850 nmethod 1211 0x000001703c9eb688 code [0x000001703c9eb780, 0x000001703c9ebaf0]
Event: 6.495 Thread 0x0000017053a39850 1212       3       java.util.ImmutableCollections$List12::size (16 bytes)
Event: 6.495 Thread 0x0000017053a39850 nmethod 1212 0x000001703c9ebb08 code [0x000001703c9ebc00, 0x000001703c9ebd88]
Event: 6.495 Thread 0x0000017053a39850 1213       3       java.lang.classfile.constantpool.ConstantPoolBuilder::methodRefEntry (22 bytes)
Event: 6.495 Thread 0x0000017053a39850 nmethod 1213 0x000001703c9ebe08 code [0x000001703c9ebf00, 0x000001703c9ec280]
Event: 6.495 Thread 0x0000017053a39850 1214       3       jdk.internal.classfile.impl.SplitConstantPool::methodRefEntry (72 bytes)
Event: 6.495 Thread 0x0000017053a39850 nmethod 1214 0x000001703c9ec288 code [0x000001703c9ec380, 0x000001703c9ed9b0]
Event: 6.495 Thread 0x0000017053a39850 1215       3       java.io.File::exists (18 bytes)
Event: 6.496 Thread 0x0000017053a39850 nmethod 1215 0x000001703c9eda08 code [0x000001703c9edb00, 0x000001703c9ee1b8]
Event: 6.496 Thread 0x0000017053a39850 1217       3       jdk.internal.classfile.impl.UnboundAttribute::<init> (10 bytes)
Event: 6.496 Thread 0x0000017053a39850 nmethod 1217 0x000001703c9ee208 code [0x000001703c9ee300, 0x000001703c9ee528]
Event: 6.496 Thread 0x0000017053a39850 1216       3       java.io.FilterInputStream::<init> (10 bytes)
Event: 6.496 Thread 0x0000017053a39850 nmethod 1216 0x000001703c9ee588 code [0x000001703c9ee680, 0x000001703c9ee8b0]
Event: 6.496 Thread 0x0000017053a39850 1218       3       java.util.ArrayDeque::addLast (51 bytes)
Event: 6.496 Thread 0x0000017053a39850 nmethod 1218 0x000001703c9ee908 code [0x000001703c9eea00, 0x000001703c9eeea8]
Event: 6.499 Thread 0x0000017053a39850 1219       3       java.util.ArrayDeque::add (7 bytes)
Event: 6.499 Thread 0x0000017053a39850 nmethod 1219 0x000001703c9eef08 code [0x000001703c9ef000, 0x000001703c9ef168]

GC Heap Usage History (0 events):
No events

Metaspace Usage History (0 events):
No events

Dll operation events (11 events):
Event: 0.006 Loaded shared library C:\Program Files\Java\jdk-25\bin\java.dll
Event: 0.006 Loaded shared library C:\Program Files\Java\jdk-25\bin\zip.dll
Event: 0.061 Loaded shared library C:\Program Files\Java\jdk-25\bin\instrument.dll
Event: 0.069 Loaded shared library C:\Program Files\Java\jdk-25\bin\verify.dll
Event: 0.100 Loaded shared library C:\Program Files\Java\jdk-25\bin\net.dll
Event: 0.101 Loaded shared library C:\Program Files\Java\jdk-25\bin\nio.dll
Event: 0.107 Loaded shared library C:\Program Files\Java\jdk-25\bin\zip.dll
Event: 0.160 Loaded shared library C:\Program Files\Java\jdk-25\bin\jimage.dll
Event: 0.179 Loaded shared library C:\Users\ciara\AppData\Local\Temp\lwjgl_ciara\3.3.6+1\x64\lwjgl.dll
Event: 0.427 Loaded shared library C:\Users\ciara\AppData\Local\Temp\lwjgl_ciara\3.3.6+1\x64\lwjgl_opengl.dll
Event: 0.493 Loaded shared library C:\Users\ciara\AppData\Local\Temp\imgui-java-natives\1.90.0\imgui-java64.dll

Deoptimization events (20 events):
Event: 0.207 Thread 0x0000017033fdba40 DEOPT PACKING pc=0x0000017044339390 sp=0x0000004cf7afca60
Event: 0.207 Thread 0x0000017033fdba40 DEOPT UNPACKING pc=0x0000017043ebfb82 sp=0x0000004cf7afc9a0 mode 2
Event: 0.234 Thread 0x0000017033fdba40 DEOPT PACKING pc=0x000001703c89ecab sp=0x0000004cf7afd8d0
Event: 0.234 Thread 0x0000017033fdba40 DEOPT UNPACKING pc=0x0000017043de1702 sp=0x0000004cf7afcd58 mode 0
Event: 0.239 Thread 0x0000017033fdba40 Uncommon trap: trap_request=0xffffffc6 fr.pc=0x0000017044349670 relative=0x00000000000003f0
Event: 0.239 Thread 0x0000017033fdba40 Uncommon trap: reason=bimorphic_or_optimized_type_check action=maybe_recompile pc=0x0000017044349670 method=java.util.HashMap.getNode(Ljava/lang/Object;)Ljava/util/HashMap$Node; @ 63 c2
Event: 0.239 Thread 0x0000017033fdba40 DEOPT PACKING pc=0x0000017044349670 sp=0x0000004cf7afe300
Event: 0.239 Thread 0x0000017033fdba40 DEOPT UNPACKING pc=0x0000017043ebfb82 sp=0x0000004cf7afe298 mode 2
Event: 0.423 Thread 0x0000017033fdba40 Uncommon trap: trap_request=0xffffff66 fr.pc=0x00000170443575b0 relative=0x0000000000000430
Event: 0.423 Thread 0x0000017033fdba40 Uncommon trap: reason=loop_limit_check action=maybe_recompile pc=0x00000170443575b0 method=java.lang.StringLatin1.indexOf([BI[BII)I @ 37 c2
Event: 0.423 Thread 0x0000017033fdba40 DEOPT PACKING pc=0x00000170443575b0 sp=0x0000004cf7afe850
Event: 0.423 Thread 0x0000017033fdba40 DEOPT UNPACKING pc=0x0000017043ebfb82 sp=0x0000004cf7afe7b0 mode 2
Event: 0.423 Thread 0x0000017033fdba40 Uncommon trap: trap_request=0xffffffc6 fr.pc=0x0000017044349670 relative=0x00000000000003f0
Event: 0.423 Thread 0x0000017033fdba40 Uncommon trap: reason=bimorphic_or_optimized_type_check action=maybe_recompile pc=0x0000017044349670 method=java.util.HashMap.getNode(Ljava/lang/Object;)Ljava/util/HashMap$Node; @ 63 c2
Event: 0.423 Thread 0x0000017033fdba40 DEOPT PACKING pc=0x0000017044349670 sp=0x0000004cf7afe540
Event: 0.423 Thread 0x0000017033fdba40 DEOPT UNPACKING pc=0x0000017043ebfb82 sp=0x0000004cf7afe4d8 mode 2
Event: 0.464 Thread 0x0000017033fdba40 Uncommon trap: trap_request=0xffffffc6 fr.pc=0x0000017044349670 relative=0x00000000000003f0
Event: 0.464 Thread 0x0000017033fdba40 Uncommon trap: reason=bimorphic_or_optimized_type_check action=maybe_recompile pc=0x0000017044349670 method=java.util.HashMap.getNode(Ljava/lang/Object;)Ljava/util/HashMap$Node; @ 63 c2
Event: 0.464 Thread 0x0000017033fdba40 DEOPT PACKING pc=0x0000017044349670 sp=0x0000004cf7afe5c0
Event: 0.464 Thread 0x0000017033fdba40 DEOPT UNPACKING pc=0x0000017043ebfb82 sp=0x0000004cf7afe558 mode 2

Classes loaded (20 events):
Event: 6.498 Loading class org/lwjgl/opengl/GL20
Event: 6.498 Loading class org/lwjgl/opengl/GL20 done
Event: 6.498 Loading class org/lwjgl/opengl/GL15
Event: 6.498 Loading class org/lwjgl/opengl/GL15 done
Event: 6.498 Loading class org/lwjgl/opengl/GL14
Event: 6.498 Loading class org/lwjgl/opengl/GL14 done
Event: 6.499 Loading class org/lwjgl/opengl/GL13
Event: 6.499 Loading class org/lwjgl/opengl/GL13 done
Event: 6.499 Loading class org/lwjgl/opengl/GL12
Event: 6.499 Loading class org/lwjgl/opengl/GL12 done
Event: 6.499 Loading class org/lwjgl/opengl/GL11
Event: 6.499 Loading class org/lwjgl/opengl/GL11 done
Event: 6.502 Loading class org/lwjgl/system/MultiReleaseTextDecoding
Event: 6.502 Loading class org/lwjgl/system/MultiReleaseTextDecoding done
Event: 6.502 Loading class org/lwjgl/opengl/GL$ICDStatic$WriteOnce
Event: 6.502 Loading class org/lwjgl/opengl/GL$ICDStatic$WriteOnce done
Event: 6.502 Loading class util/Time
Event: 6.502 Loading class util/Time done
Event: 27.726 Loading class org/lwjgl/opengl/GL33
Event: 27.726 Loading class org/lwjgl/opengl/GL33 done

Classes unloaded (0 events):
No events

Classes redefined (1 events):
Event: 0.078 Thread 0x0000017053a1abc0 redefined class name=java.lang.Throwable, count=1

Internal exceptions (20 events):
Event: 0.182 Thread 0x0000017033fdba40 Exception <a 'sun/nio/fs/WindowsException'{0x00000007100285c0}> (0x00000007100285c0) 
thrown [s\open\src\hotspot\share\prims\jni.cpp, line 516]
Event: 0.182 Thread 0x0000017033fdba40 Exception <a 'sun/nio/fs/WindowsException'{0x0000000710029c58}> (0x0000000710029c58) 
thrown [s\open\src\hotspot\share\prims\jni.cpp, line 516]
Event: 0.218 Thread 0x0000017033fdba40 Exception <a 'java/lang/NoSuchMethodError'{0x00000007101f2f08}: 'int java.lang.invoke.DirectMethodHandle$Holder.invokeStaticInit(java.lang.Object, java.lang.Object, int, long)'> (0x00000007101f2f08) 
thrown [s\open\src\hotspot\share\interpreter\linkResolver.cpp, line 804]
Event: 0.219 Thread 0x0000017033fdba40 Exception <a 'java/lang/NoSuchMethodError'{0x000000070fe06300}: 'java.lang.Object java.lang.invoke.DirectMethodHandle$Holder.newInvokeSpecial(java.lang.Object, java.lang.Object, int)'> (0x000000070fe06300) 
thrown [s\open\src\hotspot\share\interpreter\linkResolver.cpp, line 804]
Event: 0.229 Thread 0x0000017033fdba40 Exception <a 'java/lang/NoSuchMethodError'{0x000000070fe9d578}: 'int java.lang.invoke.DirectMethodHandle$Holder.invokeStaticInit(java.lang.Object, java.lang.Object, long, long)'> (0x000000070fe9d578) 
thrown [s\open\src\hotspot\share\interpreter\linkResolver.cpp, line 804]
Event: 0.230 Thread 0x0000017033fdba40 Exception <a 'java/lang/NoSuchMethodError'{0x000000070feac9a8}: 'java.lang.Object java.lang.invoke.DirectMethodHandle$Holder.newInvokeSpecial(java.lang.Object, java.lang.Object, long)'> (0x000000070feac9a8) 
thrown [s\open\src\hotspot\share\interpreter\linkResolver.cpp, line 804]
Event: 0.230 Thread 0x0000017033fdba40 Exception <a 'java/lang/NoSuchMethodError'{0x000000070feb5738}: 'java.lang.Object java.lang.invoke.Invokers$Holder.linkToTargetMethod(java.lang.Object, long, java.lang.Object)'> (0x000000070feb5738) 
thrown [s\open\src\hotspot\share\interpreter\linkResolver.cpp, line 804]
Event: 0.231 Thread 0x0000017033fdba40 Exception <a 'java/lang/NoSuchMethodError'{0x000000070fec5dd0}: 'int java.lang.invoke.DirectMethodHandle$Holder.invokeStaticInit(java.lang.Object, java.lang.Object, java.lang.Object, long)'> (0x000000070fec5dd0) 
thrown [s\open\src\hotspot\share\interpreter\linkResolver.cpp, line 804]
Event: 0.242 Thread 0x0000017033fdba40 Exception <a 'sun/nio/fs/WindowsException'{0x000000070ff84720}> (0x000000070ff84720) 
thrown [s\open\src\hotspot\share\prims\jni.cpp, line 516]
Event: 0.242 Thread 0x0000017033fdba40 Exception <a 'sun/nio/fs/WindowsException'{0x000000070ff84aa0}> (0x000000070ff84aa0) 
thrown [s\open\src\hotspot\share\prims\jni.cpp, line 516]
Event: 0.246 Thread 0x0000017033fdba40 Exception <a 'java/lang/NoSuchMethodError'{0x000000070ff99e10}: 'int java.lang.invoke.Invokers$Holder.invokeExact_MT(java.lang.Object, java.lang.Object)'> (0x000000070ff99e10) 
thrown [s\open\src\hotspot\share\interpreter\linkResolver.cpp, line 804]
Event: 0.405 Thread 0x0000017033fdba40 Exception <a 'java/lang/NoSuchMethodError'{0x000000070fffda70}: 'void java.lang.invoke.DirectMethodHandle$Holder.invokeStaticInit(java.lang.Object, long, double, double)'> (0x000000070fffda70) 
thrown [s\open\src\hotspot\share\interpreter\linkResolver.cpp, line 804]
Event: 0.406 Thread 0x0000017033fdba40 Exception <a 'java/lang/NoSuchMethodError'{0x000000070fc17080}: 'void java.lang.invoke.DirectMethodHandle$Holder.invokeStaticInit(java.lang.Object, long, int, int, int)'> (0x000000070fc17080) 
thrown [s\open\src\hotspot\share\interpreter\linkResolver.cpp, line 804]
Event: 0.408 Thread 0x0000017033fdba40 Exception <a 'java/lang/NoSuchMethodError'{0x000000070fc39650}: 'void java.lang.invoke.DirectMethodHandle$Holder.invokeStaticInit(java.lang.Object, long, int, int, int, int)'> (0x000000070fc39650) 
thrown [s\open\src\hotspot\share\interpreter\linkResolver.cpp, line 804]
Event: 0.422 Thread 0x0000017033fdba40 Exception <a 'java/lang/NoSuchMethodError'{0x000000070fc642b8}: 'void java.lang.System.load(java.lang.String, java.lang.Class)'> (0x000000070fc642b8) 
thrown [s\open\src\hotspot\share\interpreter\linkResolver.cpp, line 804]
Event: 0.422 Thread 0x0000017033fdba40 Exception <a 'java/lang/NoSuchMethodError'{0x000000070fc6c0b8}: 'void java.lang.System.loadLibrary(java.lang.String, java.lang.Class)'> (0x000000070fc6c0b8) 
thrown [s\open\src\hotspot\share\interpreter\linkResolver.cpp, line 804]
Event: 0.425 Thread 0x0000017033fdba40 Exception <a 'sun/nio/fs/WindowsException'{0x000000070fc7fd38}> (0x000000070fc7fd38) 
thrown [s\open\src\hotspot\share\prims\jni.cpp, line 516]
Event: 0.425 Thread 0x0000017033fdba40 Exception <a 'sun/nio/fs/WindowsException'{0x000000070fc800f8}> (0x000000070fc800f8) 
thrown [s\open\src\hotspot\share\prims\jni.cpp, line 516]
Event: 0.429 Thread 0x0000017033fdba40 Exception <a 'sun/nio/fs/WindowsException'{0x000000070fc89980}> (0x000000070fc89980) 
thrown [s\open\src\hotspot\share\prims\jni.cpp, line 516]
Event: 0.429 Thread 0x0000017033fdba40 Exception <a 'sun/nio/fs/WindowsException'{0x000000070fc89c70}> (0x000000070fc89c70) 
thrown [s\open\src\hotspot\share\prims\jni.cpp, line 516]

VM Operations (20 events):
Event: 24.704 Executing safepoint VM operation: get/set locals
Event: 24.704 Executing safepoint VM operation: get/set locals done
Event: 25.740 Executing safepoint VM operation: ChangeSingleStep
Event: 25.740 Executing safepoint VM operation: ChangeSingleStep done
Event: 25.740 Executing safepoint VM operation: ChangeSingleStep
Event: 25.740 Executing safepoint VM operation: ChangeSingleStep done
Event: 25.740 Executing safepoint VM operation: ChangeSingleStep
Event: 25.740 Executing safepoint VM operation: ChangeSingleStep done
Event: 25.740 Executing safepoint VM operation: ChangeSingleStep
Event: 25.740 Executing safepoint VM operation: ChangeSingleStep done
Event: 25.744 Executing safepoint VM operation: get/set locals
Event: 25.744 Executing safepoint VM operation: get/set locals done
Event: 27.724 Executing safepoint VM operation: ChangeSingleStep
Event: 27.724 Executing safepoint VM operation: ChangeSingleStep done
Event: 27.724 Executing safepoint VM operation: ChangeSingleStep
Event: 27.724 Executing safepoint VM operation: ChangeSingleStep done
Event: 27.724 Executing safepoint VM operation: ChangeSingleStep
Event: 27.724 Executing safepoint VM operation: ChangeSingleStep done
Event: 27.724 Executing safepoint VM operation: ChangeSingleStep
Event: 27.724 Executing safepoint VM operation: ChangeSingleStep done

Memory protections (0 events):
No events

Nmethod flushes (0 events):
No events

Events (15 events):
Event: 0.014 Thread 0x0000017033fdba40 Thread added: 0x0000017033fdba40
Event: 0.020 Thread 0x0000017033fdba40 Thread added: 0x0000017053a29650
Event: 0.020 Thread 0x0000017033fdba40 Thread added: 0x0000017053a29e10
Event: 0.020 Thread 0x0000017033fdba40 Thread added: 0x0000017053a30ad0
Event: 0.021 Thread 0x0000017033fdba40 Thread added: 0x0000017053a31910
Event: 0.021 Thread 0x0000017033fdba40 Thread added: 0x0000017053a42560
Event: 0.021 Thread 0x0000017033fdba40 Thread added: 0x0000017053a43120
Event: 0.021 Thread 0x0000017033fdba40 Thread added: 0x0000017053a38c40
Event: 0.021 Thread 0x0000017033fdba40 Thread added: 0x0000017053a39850
Event: 0.053 Thread 0x0000017033fdba40 Thread added: 0x0000017053cbc540
Event: 0.053 Thread 0x0000017033fdba40 Thread added: 0x0000017053cc0340
Event: 0.053 Thread 0x0000017053cbc540 Thread added: 0x0000017053cc0b10
Event: 0.066 Thread 0x0000017033fdba40 Thread added: 0x0000017053d8fea0
Event: 0.079 Thread 0x0000017033fdba40 Thread added: 0x0000017053dd2420
Event: 0.082 Thread 0x0000017033fdba40 Thread added: 0x0000017053ed1290


Dynamic libraries:
0x00007ff679810000 - 0x00007ff679820000 	C:\Program Files\Java\jdk-25\bin\java.exe
0x00007ffaf5770000 - 0x00007ffaf5968000 	C:\WINDOWS\SYSTEM32\ntdll.dll
0x00007ffaf4ab0000 - 0x00007ffaf4b72000 	C:\WINDOWS\System32\KERNEL32.DLL
0x00007ffaf32c0000 - 0x00007ffaf35b6000 	C:\WINDOWS\System32\KERNELBASE.dll
0x00007ffaf3130000 - 0x00007ffaf3230000 	C:\WINDOWS\System32\ucrtbase.dll
0x00007ffac67c0000 - 0x00007ffac67d7000 	C:\Program Files\Java\jdk-25\bin\jli.dll
0x00007ffac1f80000 - 0x00007ffac1f9e000 	C:\Program Files\Java\jdk-25\bin\VCRUNTIME140.dll
0x00007ffaf4290000 - 0x00007ffaf4431000 	C:\WINDOWS\System32\USER32.dll
0x00007ffaf35c0000 - 0x00007ffaf35e2000 	C:\WINDOWS\System32\win32u.dll
0x00007ffaf3a00000 - 0x00007ffaf3a2b000 	C:\WINDOWS\System32\GDI32.dll
0x00007ffae6dc0000 - 0x00007ffae705b000 	C:\WINDOWS\WinSxS\amd64_microsoft.windows.common-controls_6595b64144ccf1df_6.0.19041.6456_none_60b8a6cb71f64256\COMCTL32.dll
0x00007ffaf2e00000 - 0x00007ffaf2f19000 	C:\WINDOWS\System32\gdi32full.dll
0x00007ffaf3a30000 - 0x00007ffaf3ace000 	C:\WINDOWS\System32\msvcrt.dll
0x00007ffaf3670000 - 0x00007ffaf370d000 	C:\WINDOWS\System32\msvcp_win.dll
0x00007ffaf3bf0000 - 0x00007ffaf3c1f000 	C:\WINDOWS\System32\IMM32.DLL
0x00007ffacbc40000 - 0x00007ffacbc4c000 	C:\Program Files\Java\jdk-25\bin\vcruntime140_1.dll
0x00007ffab19d0000 - 0x00007ffab1a5d000 	C:\Program Files\Java\jdk-25\bin\msvcp140.dll
0x00007ffa43650000 - 0x00007ffa444af000 	C:\Program Files\Java\jdk-25\bin\server\jvm.dll
0x00007ffaf4450000 - 0x00007ffaf4501000 	C:\WINDOWS\System32\ADVAPI32.dll
0x00007ffaf4a10000 - 0x00007ffaf4aaf000 	C:\WINDOWS\System32\sechost.dll
0x00007ffaf3790000 - 0x00007ffaf38b0000 	C:\WINDOWS\System32\RPCRT4.dll
0x00007ffaf3710000 - 0x00007ffaf3737000 	C:\WINDOWS\System32\bcrypt.dll
0x00007ffaf56c0000 - 0x00007ffaf572b000 	C:\WINDOWS\System32\WS2_32.dll
0x00007ffaf2390000 - 0x00007ffaf23db000 	C:\WINDOWS\SYSTEM32\POWRPROF.dll
0x00007ffaece90000 - 0x00007ffaece9a000 	C:\WINDOWS\SYSTEM32\VERSION.dll
0x00007ffae8e90000 - 0x00007ffae8eb7000 	C:\WINDOWS\SYSTEM32\WINMM.dll
0x00007ffaf2200000 - 0x00007ffaf2212000 	C:\WINDOWS\SYSTEM32\UMPDC.dll
0x00007ffaf0c90000 - 0x00007ffaf0ca2000 	C:\WINDOWS\SYSTEM32\kernel.appcore.dll
0x00007ffac78a0000 - 0x00007ffac78aa000 	C:\Program Files\Java\jdk-25\bin\jimage.dll
0x00007ffae8530000 - 0x00007ffae8731000 	C:\WINDOWS\SYSTEM32\DBGHELP.DLL
0x00007ffaddeb0000 - 0x00007ffaddee4000 	C:\WINDOWS\SYSTEM32\dbgcore.DLL
0x00007ffaf3230000 - 0x00007ffaf32b2000 	C:\WINDOWS\System32\bcryptPrimitives.dll
0x00007ffac1e90000 - 0x00007ffac1ecd000 	C:\Program Files\Java\jdk-25\bin\jdwp.dll
0x00007ffac5270000 - 0x00007ffac5280000 	C:\Program Files\Java\jdk-25\bin\instrument.dll
0x00007ffac18f0000 - 0x00007ffac190f000 	C:\Program Files\Java\jdk-25\bin\java.dll
0x00007ffaf53c0000 - 0x00007ffaf54eb000 	C:\WINDOWS\System32\ole32.dll
0x00007ffaf45c0000 - 0x00007ffaf4914000 	C:\WINDOWS\System32\combase.dll
0x00007ffaf4b90000 - 0x00007ffaf5300000 	C:\WINDOWS\System32\SHELL32.dll
0x00007ffabbf90000 - 0x00007ffabbfa7000 	C:\Program Files\Java\jdk-25\bin\zip.dll
0x00007ffaf0e90000 - 0x00007ffaf1635000 	C:\WINDOWS\SYSTEM32\windows.storage.dll
0x00007ffaf2830000 - 0x00007ffaf285b000 	C:\WINDOWS\SYSTEM32\Wldp.dll
0x00007ffaf3930000 - 0x00007ffaf39fd000 	C:\WINDOWS\System32\OLEAUT32.dll
0x00007ffaf41e0000 - 0x00007ffaf428d000 	C:\WINDOWS\System32\SHCORE.dll
0x00007ffaf5300000 - 0x00007ffaf535b000 	C:\WINDOWS\System32\shlwapi.dll
0x00007ffaf2d30000 - 0x00007ffaf2d54000 	C:\WINDOWS\SYSTEM32\profapi.dll
0x00007ffac4690000 - 0x00007ffac469c000 	C:\Program Files\Java\jdk-25\bin\dt_socket.dll
0x00007ffaf2220000 - 0x00007ffaf225b000 	C:\WINDOWS\SYSTEM32\IPHLPAPI.DLL
0x00007ffaf2590000 - 0x00007ffaf25fa000 	C:\WINDOWS\system32\mswsock.dll
0x00007ffac4190000 - 0x00007ffac41a0000 	C:\Program Files\Java\jdk-25\bin\verify.dll
0x00007ffabbf70000 - 0x00007ffabbf82000 	C:\Program Files\Java\jdk-25\bin\net.dll
0x00007ffabbf50000 - 0x00007ffabbf66000 	C:\Program Files\Java\jdk-25\bin\nio.dll
0x00007ffab0c70000 - 0x00007ffab0cee000 	C:\Users\ciara\AppData\Local\Temp\lwjgl_ciara\3.3.6+1\x64\lwjgl.dll
0x00007ffaa4020000 - 0x00007ffaa40a9000 	C:\Users\ciara\AppData\Local\Temp\lwjgl_ciara\3.3.6+1\x64\glfw.dll
0x00007ffac4640000 - 0x00007ffac4685000 	C:\WINDOWS\SYSTEM32\dinput8.dll
0x00007ffaa1340000 - 0x00007ffaa1351000 	C:\WINDOWS\SYSTEM32\xinput1_4.dll
0x00007ffaf3740000 - 0x00007ffaf378e000 	C:\WINDOWS\System32\cfgmgr32.dll
0x00007ffaf2b90000 - 0x00007ffaf2bc3000 	C:\WINDOWS\SYSTEM32\DEVOBJ.dll
0x00007ffaf0ab0000 - 0x00007ffaf0ade000 	C:\WINDOWS\SYSTEM32\dwmapi.dll
0x00007ffad09a0000 - 0x00007ffad0af2000 	C:\WINDOWS\SYSTEM32\inputhost.dll
0x00007ffaef0d0000 - 0x00007ffaef1c2000 	C:\WINDOWS\SYSTEM32\CoreMessaging.dll
0x00007ffaef960000 - 0x00007ffaefab7000 	C:\WINDOWS\SYSTEM32\wintypes.dll
0x00007ffaf01c0000 - 0x00007ffaf02b4000 	C:\WINDOWS\SYSTEM32\PROPSYS.dll
0x00007ffaeec70000 - 0x00007ffaeefcb000 	C:\WINDOWS\SYSTEM32\CoreUIComponents.dll
0x00007ffaf2090000 - 0x00007ffaf20c3000 	C:\WINDOWS\SYSTEM32\ntmarta.dll
0x00007ffaf0700000 - 0x00007ffaf079e000 	C:\WINDOWS\system32\uxtheme.dll
0x00007ffaf3ad0000 - 0x00007ffaf3be5000 	C:\WINDOWS\System32\MSCTF.dll
0x00007ffa84dd0000 - 0x00007ffa84ef8000 	C:\WINDOWS\SYSTEM32\opengl32.dll
0x00007ffa89aa0000 - 0x00007ffa89acc000 	C:\WINDOWS\SYSTEM32\GLU32.dll
0x00007ffaf4510000 - 0x00007ffaf45b9000 	C:\WINDOWS\System32\clbcatq.dll
0x00007ffa49a70000 - 0x00007ffa4c3c3000 	C:\WINDOWS\System32\DriverStore\FileRepository\nv_dispi.inf_amd64_d471cab2f241c3c2\nvoglv64.dll
0x00007ffaf3d00000 - 0x00007ffaf4170000 	C:\WINDOWS\System32\SETUPAPI.dll
0x00007ffaef280000 - 0x00007ffaef294000 	C:\WINDOWS\SYSTEM32\WTSAPI32.dll
0x00007ffaf29c0000 - 0x00007ffaf29d2000 	C:\WINDOWS\SYSTEM32\msasn1.dll
0x00007ffaec620000 - 0x00007ffaec651000 	C:\WINDOWS\SYSTEM32\cryptnet.dll
0x00007ffaf2f20000 - 0x00007ffaf307d000 	C:\WINDOWS\System32\CRYPT32.dll
0x00007ffaf27a0000 - 0x00007ffaf27ac000 	C:\WINDOWS\SYSTEM32\cryptbase.dll
0x00007ffaec920000 - 0x00007ffaeca67000 	C:\WINDOWS\SYSTEM32\drvstore.dll
0x00007ffaf35f0000 - 0x00007ffaf3663000 	C:\WINDOWS\System32\WINTRUST.dll
0x00007ffaf56a0000 - 0x00007ffaf56bd000 	C:\WINDOWS\System32\imagehlp.dll
0x00007ffaf2780000 - 0x00007ffaf2798000 	C:\WINDOWS\SYSTEM32\CRYPTSP.dll
0x00007ffaf1e40000 - 0x00007ffaf1e78000 	C:\WINDOWS\system32\rsaenh.dll
0x00007ffadf780000 - 0x00007ffae3514000 	C:\WINDOWS\System32\DriverStore\FileRepository\nv_dispi.inf_amd64_d471cab2f241c3c2\nvgpucomp64.dll
0x00007ffae84f0000 - 0x00007ffae852b000 	C:\WINDOWS\SYSTEM32\dxcore.dll
0x00007ffa6fd50000 - 0x00007ffa6fe97000 	C:\WINDOWS\system32\nvspcap64.dll
0x00007ffaf1ab0000 - 0x00007ffaf1b13000 	C:\WINDOWS\SYSTEM32\WINSTA.dll
0x00007ffad4900000 - 0x00007ffad49f9000 	C:\WINDOWS\SYSTEM32\textinputframework.dll
0x00007ffab0d10000 - 0x00007ffab0d6d000 	C:\Users\ciara\AppData\Local\Temp\lwjgl_ciara\3.3.6+1\x64\lwjgl_opengl.dll
0x00007ffa407b0000 - 0x00007ffa40fb7000 	C:\Users\ciara\AppData\Local\Temp\imgui-java-natives\1.90.0\imgui-java64.dll

JVMTI agents:
jdwp path:C:\Program Files\Java\jdk-25\bin\jdwp.dll, loaded, initialized, options:transport=dt_socket,server=n,suspend=y,address=127.0.0.1:60404
C:\Users\ciara\AppData\Local\JetBrains\IntelliJIdea2025.2\captureAgent\debugger-agent.jar path:C:\Program Files\Java\jdk-25\bin\instrument.dll, loaded, initialized, instrumentlib options:file:///C:/Users/ciara/AppData/Local/Temp/capture10577207651569838843.props

dbghelp: loaded successfully - version: 4.0.5 - missing functions: none
symbol engine: initialized successfully - sym options: 0x614 - pdb path: .;C:\Program Files\Java\jdk-25\bin;C:\WINDOWS\SYSTEM32;C:\WINDOWS\WinSxS\amd64_microsoft.windows.common-controls_6595b64144ccf1df_6.0.19041.6456_none_60b8a6cb71f64256;C:\Program Files\Java\jdk-25\bin\server;C:\Users\ciara\AppData\Local\Temp\lwjgl_ciara\3.3.6+1\x64;C:\WINDOWS\System32\DriverStore\FileRepository\nv_dispi.inf_amd64_d471cab2f241c3c2;C:\Users\ciara\AppData\Local\Temp\imgui-java-natives\1.90.0

VM Arguments:
jvm_args: -Ddebugger.agent.enable.coroutines=true -Dkotlinx.coroutines.debug.enable.creation.stack.trace=false -Dkotlinx.coroutines.debug.enable.flows.stack.trace=true -Dkotlinx.coroutines.debug.enable.mutable.state.flows.stack.trace=true --enable-native-access=ALL-UNNAMED --add-opens=java.base/sun.misc=ALL-UNNAMED --add-opens=java.base/java.nio=ALL-UNNAMED --enable-preview --enable-preview -agentlib:jdwp=transport=dt_socket,server=n,suspend=y,address=127.0.0.1:60404 -javaagent:C:\Users\ciara\AppData\Local\JetBrains\IntelliJIdea2025.2\captureAgent\debugger-agent.jar=file:///C:/Users/ciara/AppData/Local/Temp/capture10577207651569838843.props -Dfile.encoding=UTF-8 -Duser.country=IE -Duser.language=en -Duser.variant -ea 
java_command: Main java.library.path=libs
java_class_path (initial): C:\Users\ciara\Desktop\Code\College Work\Year 4\FYP\PrototypeEngine\build\classes\java\main;C:\Users\ciara\Desktop\Code\College Work\Year 4\FYP\PrototypeEngine\build\resources\main;C:\Users\ciara\Desktop\Code\College Work\Year 4\FYP\PrototypeEngine\libs\imgui-app-1.90.0.jar;C:\Users\ciara\Desktop\Code\College Work\Year 4\FYP\PrototypeEngine\libs\imgui-binding-1.90.0.jar;C:\Users\ciara\Desktop\Code\College Work\Year 4\FYP\PrototypeEngine\libs\imgui-lwjgl3-1.90.0.jar;C:\Users\ciara\.gradle\caches\modules-2\files-2.1\org.lwjgl\lwjgl-assimp\3.3.6\931a8de55dd5ee546689119c85ed4d4af7fa68f2\lwjgl-assimp-3.3.6.jar;C:\Users\ciara\.gradle\caches\modules-2\files-2.1\org.lwjgl\lwjgl-assimp\3.3.6\486fa1e2db9fc903a0cab984604cef1a895b0e28\lwjgl-assimp-3.3.6-natives-windows.jar;C:\Users\ciara\.gradle\caches\modules-2\files-2.1\org.lwjgl\lwjgl-glfw\3.3.6\7119f7d0eeb1e5502ff0ca71d2b4d47317da015\lwjgl-glfw-3.3.6.jar;C:\Users\ciara\.gradle\caches\modules-2\files-2.1\org.lwjgl\lwjgl-glfw\3.3.6\99ef08056feb9627f90425a4d2a22cd9fae8e39b\lwjgl-glfw-3.3.6-natives-windows.jar;C:\Users\ciara\.gradle\caches\modules-2\files-2.1\org.lwjgl\lwjgl-openal\3.3.6\ad313317ff399fd2a7f4dd74716a68cf3976c6ad\lwjgl-openal-3.3.6.jar;C:\Users\ciara\.gradle\caches\modules-2\files-2.1\org.lwjgl\lwjgl-openal\3.3.6\9c2b9b660e085bb0b47a4453dc0e26f24a5475e4\lwjgl-openal-3.3.6-natives-windows.jar;C:\Users\ciara\.gradle\caches\modules-2\files-2.1\org.lwjgl\lwjgl-opengl\3.3.6\ac2532612a4df374e9a9282bcf8ce2573018ebbb\lwjgl-opengl-3.3.6.jar;C:\Users\ciara\.gradle\caches\modules-2\files-2.1\org.lwjgl\lwjgl-opengl\3.3.6\18dc639ebc94aa5202c2157f7490d28997b697c5\lwjgl-opengl-3.3.6-natives-windows.jar;C:\Users\ciara\.gradle\caches\modules-2\files-2.1\org.lwjgl\lwjgl-stb\3.3.6\e2d3739dcfe7b672b626ded66d94f6587083306e\lwjgl-stb-3.3.6.jar;C:\Users\ciara\.gradle\caches\modules-2\files-2.1\org.lwjgl\lwjgl-stb\3.3.6\334cf885b39e2db9070c39e70e65efb136435f10\lwjgl-stb-3.3.6-natives-windows.jar;C:\Users\ciara\.gradle\caches\modules-2\files-2.1\org.lwjgl\lwjgl\3.3.6\ce7721d30cfaf47feaed10213e0c43eb55c49d68\lwjgl-3.3.6.jar;C:\Users\ciara\.gradle\caches\modules-2\files-2.1\org.lwjgl\lwjgl\3.3.6\9a29b6a22fc5184604b8cb434ee5d5ecc4bfcbee\lwjgl-3.3.6-natives-windows.jar;C:\Users\ciara\.gradle\caches\modules-2\files-2.1\org.joml\joml\1.10.8\fc0a71dad90a2cf41d82a76156a0e700af8e4f8d\joml-1.10.8.jar;C:\Users\ciara\.gradle\caches\modules-2\files-2.1\com.code-disaster.steamworks4j\steamworks4j\1.9.0\d69b7f7540745a8d569a5400554e34d42e035da8\steamworks4j-1.9.0.jar;C:\Users\ciara\.gradle\caches\modules-2\files-2.1\org.jetbrains.kotlin\kotlin-stdlib-jdk8\1.8.20\73576ddf378c5b4f1f6b449fe6b119b8183fc078\kotlin-stdlib-jdk8-1.8.20.jar;C:\Users\ciara\.gradle\caches\modules-2\files-2.1\org.jetbrains.kotlin\kotlin-stdlib-jdk7\1.8.20\3aa51faf20aae8b31e1a4bc54f8370673d7b7df4\kotlin-stdlib-jdk7-1.8.20.jar;C:\Users\ciara\.gradle\caches\modules-2\files-2.1\org.jetbrains.kotlin\kotlin-stdlib\1.8.20\e72fc5e03ec6c064c678a6bd0d955c88d55b0c4a\kotlin-stdlib-1.8.20.jar;C:\Users\ciara\.gradle\caches\modules-2\files-2.1\org.jetbrains.kotlin\kotlin-stdlib-common\1.8.20\5eddaaf234c8c49d03eebeb6a14feb7f90faca71\kotlin-stdlib-common-1.8.20.jar;C:\Users\ciara\.gradle\caches\modules-2\files-2.1\org.jetbrains\annotations\13.0\919f0dfe192fb4e063e7dacadee7f8bb9a2672a9\annotations-13.0.jar
Launcher Type: SUN_STANDARD

[Global flags]
     intx CICompilerCount                          = 4                                         {product} {ergonomic}
     uint ConcGCThreads                            = 3                                         {product} {ergonomic}
     uint G1ConcRefinementThreads                  = 10                                        {product} {ergonomic}
   size_t G1HeapRegionSize                         = 2097152                                   {product} {ergonomic}
   size_t InitialHeapSize                          = 268435456                                 {product} {ergonomic}
   size_t MarkStackSize                            = 4194304                                   {product} {ergonomic}
   size_t MarkStackSizeMax                         = 536870912                                 {product} {ergonomic}
   size_t MaxHeapSize                              = 4282384384                                {product} {ergonomic}
   size_t MaxNewSize                               = 2569011200                                {product} {ergonomic}
   size_t MinHeapDeltaBytes                        = 2097152                                   {product} {ergonomic}
   size_t MinHeapSize                              = 8388608                                   {product} {ergonomic}
    uintx NonNMethodCodeHeapSize                   = 5832704                                {pd product} {ergonomic}
    uintx NonProfiledCodeHeapSize                  = 122945536                              {pd product} {ergonomic}
    uintx ProfiledCodeHeapSize                     = 122880000                              {pd product} {ergonomic}
    uintx ReservedCodeCacheSize                    = 251658240                              {pd product} {ergonomic}
     bool SegmentedCodeCache                       = true                                      {product} {ergonomic}
   size_t SoftMaxHeapSize                          = 4282384384                             {manageable} {ergonomic}
     bool UseCompressedOops                        = true                           {product lp64_product} {ergonomic}
     bool UseG1GC                                  = true                                      {product} {ergonomic}
     bool UseLargePagesIndividualAllocation        = false                                  {pd product} {ergonomic}

Logging:
Log output configuration:
 #0: stdout all=warning uptime,level,tags foldmultilines=false
 #1: stderr all=off uptime,level,tags foldmultilines=false

Release file:
IMPLEMENTOR="Oracle Corporation" 
JAVA_RUNTIME_VERSION="25.0.1+8-LTS-27" 
JAVA_VERSION="25.0.1" 
JAVA_VERSION_DATE="2025-10-21" 
LIBC="default" 
MODULES="java.base java.compiler java.datatransfer java.xml java.prefs java.desktop java.instrument java.logging java.management java.security.sasl java.naming java.rmi java.management.rmi java.net.http java.scripting java.security.jgss java.transaction.xa java.sql java.sql.rowset java.xml.crypto java.se java.smartcardio jdk.accessibility jdk.internal.jvmstat jdk.attach jdk.charsets jdk.internal.opt jdk.zipfs jdk.compiler jdk.crypto.cryptoki jdk.crypto.ec jdk.crypto.mscapi jdk.dynalink jdk.internal.ed jdk.editpad jdk.internal.vm.ci jdk.graal.compiler jdk.graal.compiler.management jdk.hotspot.agent jdk.httpserver jdk.incubator.vector jdk.internal.le jdk.internal.md jdk.jartool jdk.javadoc jdk.jcmd jdk.management jdk.management.agent jdk.jconsole jdk.jdeps jdk.jdwp.agent jdk.jdi jdk.jfr jdk.jlink jdk.jpackage jdk.jshell jdk.jsobject jdk.jstatd jdk.localedata jdk.management.jfr jdk.naming.dns jdk.naming.rmi jdk.net jdk.nio.mapmode jdk.sctp jdk.security.auth jdk.security.jgss jdk.unsupported jdk.unsupported.desktop jdk.xml.dom" 
OS_ARCH="x86_64" 
OS_NAME="Windows" 
SOURCE=".:git:862c85bc42b7 open:git:78770bfaefd2" 

Environment Variables:
PATH=C:\Program Files\Common Files\Oracle\Java\javapath;C:\WINDOWS\system32;C:\WINDOWS;C:\WINDOWS\System32\Wbem;C:\WINDOWS\System32\WindowsPowerShell\v1.0\;C:\WINDOWS\System32\OpenSSH\;C:\Program Files\NVIDIA Corporation\NVIDIA App\NvDLISR;C:\Program Files (x86)\NVIDIA Corporation\PhysX\Common;C:\Program Files\Git\cmd;C:\Users\ciara\AppData\Local\Android\Sdk\platform-tools;C:\Program Files\ytDLP;C:\Users\ciara\AppData\Local\Muse Hub\lib;C:\Users\ciara\AppData\Local\Microsoft\WindowsApps;C:\Users\ciara\AppData\Local\Programs\Microsoft VS Code\bin;C:\Users\ciara\AppData\Local\Python\bin
USERNAME=ciara
OS=Windows_NT
PROCESSOR_IDENTIFIER=AMD64 Family 25 Model 33 Stepping 0, AuthenticAMD
TMP=C:\Users\ciara\AppData\Local\Temp
TEMP=C:\Users\ciara\AppData\Local\Temp




Compilation memory statistics disabled.

Periodic native trim disabled

---------------  S Y S T E M  ---------------

OS:
 Windows 10 , 64 bit Build 19041 (10.0.19041.5915)
OS uptime: 0 days 21:08 hours

CPU: total 12 (initial active 12) (12 cores per cpu, 2 threads per core) family 25 model 33 stepping 0 microcode 0x0, cx8, cmov, fxsr, ht, mmx, 3dnowpref, sse, sse2, sse3, ssse3, sse4a, sse4.1, sse4.2, popcnt, lzcnt, tsc, tscinvbit, avx, avx2, aes, erms, clmul, bmi1, bmi2, adx, sha, fma, vzeroupper, clflush, clflushopt, clwb, rdtscp, rdpid, fsrm, f16c, pku, cet_ss
Processor Information for the first 12 processors :
  Max Mhz: 3701, Current Mhz: 3701, Mhz Limit: 3701

Memory: 4k page, system-wide physical 16330M (5234M free)
TotalPageFile size 23242M (AvailPageFile size 5956M)
current process WorkingSet (physical memory assigned to process): 137M, peak: 138M
current process commit charge ("private bytes"): 496M, peak: 498M

vm_info: Java HotSpot(TM) 64-Bit Server VM (25.0.1+8-LTS-27) for windows-amd64 JRE (25.0.1+8-LTS-27), built on 2025-09-25T16:41:16Z with unknown MS VC++:1943

END.
