#
# A fatal error has been detected by the Java Runtime Environment:
#
#  EXCEPTION_ACCESS_VIOLATION (0xc0000005) at pc=0x00007ffeb580bc29, pid=6180, tid=1728
#
# JRE version: Java(TM) SE Runtime Environment (25.0.1+8) (build 25.0.1+8-LTS-27)
# Java VM: Java HotSpot(TM) 64-Bit Server VM (25.0.1+8-LTS-27, mixed mode, sharing, tiered, compressed oops, compressed class ptrs, g1 gc, windows-amd64)
# Problematic frame:
# C  [nvoglv64.dll+0x91bc29]
#
# No core dump will be written. Minidumps are not enabled by default on client versions of Windows
#
# If you would like to submit a bug report, please visit:
#   https://bugreport.java.com/bugreport/crash.jsp
# The crash happened outside the Java Virtual Machine in native code.
# See problematic frame for where to report the bug.
#

---------------  S U M M A R Y ------------

Command Line: -Dfile.encoding=UTF-8 -Duser.country=IE -Duser.language=en -Duser.variant Main

Host: AMD Ryzen 5 5600X 6-Core Processor             , 12 cores, 15G,  Windows 10 , 64 bit Build 19041 (10.0.19041.5915)
Time: Wed Nov  5 23:16:44 2025 GMT Standard Time elapsed time: 0.474511 seconds (0d 0h 0m 0s)

---------------  T H R E A D  ---------------

Current thread (0x00000249ff530be0):  JavaThread "main"             [_thread_in_native, id=1728, stack(0x000000b4a5b00000,0x000000b4a5c00000) (1024K)]

Stack: [0x000000b4a5b00000,0x000000b4a5c00000],  sp=0x000000b4a5bff360,  free space=1020k
Native frames: (J=compiled Java code, j=interpreted, Vv=VM code, C=native code)
C  [nvoglv64.dll+0x91bc29]  (no source info available)
C  [nvoglv64.dll+0x576487]  (no source info available)
C  0x000002499110d193  (no source info available)

The last pc belongs to native method entry point (kind = native) (printed below).
Java frames: (J=compiled Java code, j=interpreted, Vv=VM code)
j  org.lwjgl.opengl.GL11C.nglDrawElements(IIIJ)V+0
j  org.lwjgl.opengl.GL11C.glDrawElements(IIIJ)V+4
j  org.lwjgl.opengl.GL11.glDrawElements(IIIJ)V+4
j  Jade.DemoScene.process(F)V+43
j  Jade.SceneManager.process(F)V+7
j  Jade.Window.loop()V+38
j  Jade.Window.run()V+16
j  Main.main([Ljava/lang/String;)V+5
v  ~StubRoutines::call_stub 0x00000249911012ed

siginfo: EXCEPTION_ACCESS_VIOLATION (0xc0000005), reading address 0x0000000000000000


Registers:
RAX=0x0000004d7326876c, RBX=0x0000000000000001, RCX=0x00012e89ce80fe44, RDX=0x0000004d7326876c
RSP=0x000000b4a5bff360, RBP=0x00000249a730e080, RSI=0x0000000000000006, RDI=0x00000249a730e080
R8 =0x0000000000003783, R9 =0x0000000000000000, R10=0x00000000546c6148, R11=0x000001f250b5917a
R12=0x0000000000001403, R13=0x0000000000001403, R14=0x0000000000000000, R15=0x0000000000000004
RIP=0x00007ffeb580bc29, EFLAGS=0x0000000000010246

XMM[0]=0x0000000000000000 0x00000000475de100
XMM[1]=0x0000000000000000 0x0000000000000000
XMM[2]=0x0000000000000000 0x0000000000000000
XMM[3]=0x0000000000000000 0x0000000000000000
XMM[4]=0x0000000000000000 0x0000000000000000
XMM[5]=0xe0468b4928244489 0xf0468b41f84e8b45
XMM[6]=0x0000000000000000 0x459176a550a84614
XMM[7]=0x0000000000000000 0xb76c25747845117f
XMM[8]=0x0000000000000000 0x0b3c73a1e1caaeca
XMM[9]=0x0000000000000000 0x483b58ad081b993f
XMM[10]=0x0000000000000000 0x00000000bfe04092
XMM[11]=0x0000000000000000 0xae5eba6db67a53ac
XMM[12]=0x0000000000000000 0x00000000081b993f
XMM[13]=0x0000000000000000 0x0000000000000000
XMM[14]=0x0000000000000000 0x0000000000000000
XMM[15]=0x0000000000000000 0x0000000000000000
  MXCSR=0x00001fa4


Register to memory mapping:

RAX=0x0000004d7326876c is an unknown value
RBX=0x0000000000000001 is an unknown value
RCX=0x00012e89ce80fe44 is an unknown value
RDX=0x0000004d7326876c is an unknown value
RSP=0x000000b4a5bff360 is pointing into the stack for thread: 0x00000249ff530be0
RBP=0x00000249a730e080 points into unknown readable memory: 0x0000000000000000 | 00 00 00 00 00 00 00 00
RSI=0x0000000000000006 is an unknown value
RDI=0x00000249a730e080 points into unknown readable memory: 0x0000000000000000 | 00 00 00 00 00 00 00 00
R8 =0x0000000000003783 is an unknown value
R9 =0x0 is null
R10=0x00000000546c6148 is pointing into metadata
R11=0x000001f250b5917a is an unknown value
R12=0x0000000000001403 is an unknown value
R13=0x0000000000001403 is an unknown value
R14=0x0 is null
R15=0x0000000000000004 is an unknown value

Top of Stack: (sp=0x000000b4a5bff360)
0x000000b4a5bff360:   0000000000000001 0000000000000000   ................
0x000000b4a5bff370:   0000000000000000 0000000000000000   ................
0x000000b4a5bff380:   0000000000000000 0000000800000000   ................
0x000000b4a5bff390:   00007ffeb4b84ca8 00000249a1b338d8   .L.......8..I...
0x000000b4a5bff3a0:   000000000000000e 000000000017555d   ........]U......
0x000000b4a5bff3b0:   00000249a2574ea0 00000249ff530be0   .NW.I.....S.I...
0x000000b4a5bff3c0:   0000000200000005 0000000000001403   ................
0x000000b4a5bff3d0:   00000249a730e080 0000000000000000   ..0.I...........
0x000000b4a5bff3e0:   0000000000000000 000000b4a5bff560   ........`.......
0x000000b4a5bff3f0:   0000000000000004 0000000000000006   ................
0x000000b4a5bff400:   000000b4a5bff520 00007ffeb5466487    ........dF.....
0x000000b4a5bff410:   00000249a73101c0 00007ffe00000004   ..1.I...........
0x000000b4a5bff420:   000000b400000000 0000024900000000   ............I...
0x000000b4a5bff430:   0000000000000006 000002490000000c   ............I...
0x000000b4a5bff440:   0000000000000000 0000024900000000   ............I...
0x000000b4a5bff450:   0000024991108b00 000002499110cff6   ....I.......I...
0x000000b4a5bff460:   00000249ff530be0 00000249a2574ea0   ..S.I....NW.I...
0x000000b4a5bff470:   0000000000000000 0000024991108b18   ............I...
0x000000b4a5bff480:   00000000000000d8 000002499110d193   ............I...
0x000000b4a5bff490:   00000249a2574ea0 00007ffeb47e1885   .NW.I.....~.....
0x000000b4a5bff4a0:   0000024991108b18 00000249a2574ea0   ....I....NW.I...
0x000000b4a5bff4b0:   0000000000001403 0000000000000000   ................
0x000000b4a5bff4c0:   00000000000000d8 00007ffeb47da975   ........u.}.....
0x000000b4a5bff4d0:   000002499110ce6b fffffffffffffff7   k...I...........
0x000000b4a5bff4e0:   00000249a2574ea0 0000000000000008   .NW.I...........
0x000000b4a5bff4f0:   00000249a2580f90 0000000000000000   ..X.I...........
0x000000b4a5bff500:   00000007102ab390 00000249a2574ea0   ..*......NW.I...
0x000000b4a5bff510:   0000000000000000 000000b4a5bff540   ........@.......
0x000000b4a5bff520:   000000b4a5bff5b0 0000024991108b18   ............I...
0x000000b4a5bff530:   00000007102ab390 000002499110a757   ..*.....W...I...
0x000000b4a5bff540:   0000000000000000 0000000000000000   ................
0x000000b4a5bff550:   0000000000001403 0000000000000006   ................

Instructions: (pc=0x00007ffeb580bc29)
  0x00007ffeb580bb29:   23 d8 41 8b 82 08 06 00 00 41 8b cb 41 0b 8a 14
  0x00007ffeb580bb39:   06 00 00 f7 d1 23 c8 c1 e8 14 a8 01 0f 85 0b 09
  0x00007ffeb580bb49:   00 00 80 bd ac 0d 92 00 00 0f 85 fe 08 00 00 45
  0x00007ffeb580bb59:   3b c8 0f 82 f5 08 00 00 85 f6 0f 8e ed 08 00 00
  0x00007ffeb580bb69:   41 83 ff 0e 0f 87 e3 08 00 00 3b 95 28 10 92 00
  0x00007ffeb580bb79:   0f 8f d7 08 00 00 41 83 ba 00 06 00 00 00 0f 85
  0x00007ffeb580bb89:   c9 08 00 00 41 80 ba 29 06 00 00 00 0f 85 bb 08
  0x00007ffeb580bb99:   00 00 41 80 ba 28 06 00 00 00 0f 85 ad 08 00 00
  0x00007ffeb580bba9:   80 bd 35 e2 90 00 00 0f 85 a0 08 00 00 80 bd 3c
  0x00007ffeb580bbb9:   e2 90 00 00 0f 85 93 08 00 00 f7 c1 00 00 03 00
  0x00007ffeb580bbc9:   0f 85 87 08 00 00 44 0b d9 45 85 9a 48 08 00 00
  0x00007ffeb580bbd9:   0f 85 77 08 00 00 48 89 5c 24 78 48 8d 8d 80 11
  0x00007ffeb580bbe9:   92 00 bb 01 00 00 00 48 89 7c 24 70 8b d3 4c 89
  0x00007ffeb580bbf9:   6c 24 68 e8 ef 93 e7 ff 41 81 fc 05 14 00 00 75
  0x00007ffeb580bc09:   16 41 8b 16 41 8b 4c b6 fc 3b d1 8b f9 0f 47 fa
  0x00007ffeb580bc19:   0f 42 ca 2b f9 eb 57 41 81 fc 03 14 00 00 75 20
=>0x00007ffeb580bc29:   41 0f b7 16 41 0f b7 4c 76 fe 0f b7 c1 66 3b d1
  0x00007ffeb580bc39:   66 0f 47 c2 66 0f 42 ca 0f b7 f8 0f b7 c1 eb 2c
  0x00007ffeb580bc49:   41 81 fc 01 14 00 00 0f 85 bb 07 00 00 45 0f b6
  0x00007ffeb580bc59:   06 42 0f b6 54 36 ff 44 3a c2 8b ca 41 0f 47 c8
  0x00007ffeb580bc69:   0f b6 f9 8b ca 41 0f 42 c8 0f b6 c1 2b f8 48 8b
  0x00007ffeb580bc79:   8c 24 b0 00 00 00 44 8d 6e ff e8 58 0c 00 00 48
  0x00007ffeb580bc89:   8b 84 24 b0 00 00 00 44 8b 50 20 41 8b c2 0f af
  0x00007ffeb580bc99:   c7 44 89 94 24 d0 00 00 00 3b 85 2c 10 92 00 0f
  0x00007ffeb580bca9:   8f 63 07 00 00 0f 29 74 24 50 41 81 fc 05 14 00
  0x00007ffeb580bcb9:   00 0f 85 04 01 00 00 45 8b 3e 41 8b ff 49 8d 56
  0x00007ffeb580bcc9:   04 3b f3 0f 8e 7f 03 00 00 41 83 fd 08 0f 82 b3
  0x00007ffeb580bcd9:   00 00 00 83 3d 4d 40 de 01 02 0f 8c a6 00 00 00
  0x00007ffeb580bce9:   41 8b c5 25 07 00 00 80 7d 07 ff c8 83 c8 f8 ff
  0x00007ffeb580bcf9:   c0 66 41 0f 6e cf 8b ce 66 0f 70 c9 00 2b c8 66
  0x00007ffeb580bd09:   0f 6f d9 66 0f 6f e1 66 0f 6f d1 f3 0f 6f 02 83
  0x00007ffeb580bd19:   c3 08 66 0f 38 3b c8 66 0f 38 3f d0 f3 0f 6f 42


Stack slot to memory mapping:

stack at sp + 0 slots: 0x0000000000000001 is an unknown value
stack at sp + 1 slots: 0x0 is null
stack at sp + 2 slots: 0x0 is null
stack at sp + 3 slots: 0x0 is null
stack at sp + 4 slots: 0x0 is null
stack at sp + 5 slots: 0x0000000800000000 is an unknown value
stack at sp + 6 slots: 0x00007ffeb4b84ca8 jvm.dll
stack at sp + 7 slots: 0x00000249a1b338d8 points into unknown readable memory: 0x4928000798120007 | 07 00 12 98 07 00 28 49

Lock stack of current Java thread (top to bottom):

native method entry point (kind = native)  [0x000002499110cdc0, 0x000002499110d8b8]  2808 bytes
[MachCode]
  0x000002499110cdc0: 488b 4b08 | 0fb7 492e | 584c 8d74 | ccf8 6800 | 0000 0068 | 0000 0000 | 5055 488b | ec41 5548 
  0x000002499110cde0: 8b43 084c | 8d68 3848 | 8b40 0868 | 0000 0000 | 5348 8b50 | 1848 8b52 | 7048 8b12 | 5248 8b53 
  0x000002499110ce00: 1048 85d2 | 7407 4881 | c2d0 0000 | 0052 488b | 5010 5249 | 8bc6 482b | c548 c1e8 | 0350 6800 
  0x000002499110ce20: 0000 0068 | f7ff ffff | 41c6 87f1 | 0400 0001 | 488b 4310 | 4885 c074 | 208b 8890 | 0000 0083 
  0x000002499110ce40: c102 8988 | 9000 0000 | 2388 a400 | 0000 0f84 | b209 0000 | e9cf 0000 | 0048 8b43 | 1848 85c0 
  0x000002499110ce60: 0f85 b000 | 0000 e805 | 0000 00e9 | 9900 0000 | 488b d348 | 8d44 2408 | 4c89 6dc0 | 498b cfc5 
  0x000002499110ce80: f877 4989 | af38 0400 | 0049 8987 | 2804 0000 | 4883 ec20 | 40f6 c40f | 0f84 1900 | 0000 4883 
  0x000002499110cea0: ec08 48b8 | 401f 50b4 | fe7f 0000 | ffd0 4883 | c408 e90c | 0000 0048 | b840 1f50 | b4fe 7f00 
  0x000002499110cec0: 00ff d048 | 83c4 2049 | c787 2804 | 0000 0000 | 0000 49c7 | 8738 0400 | 0000 0000 | 0049 c787 
  0x000002499110cee0: 3004 0000 | 0000 0000 | c5f8 7749 | 837f 0800 | 0f84 0500 | 0000 e9e5 | 42ff ff4c | 8b6d c04c 
  0x000002499110cf00: 8b75 c84e | 8d74 f500 | c348 8b43 | 1848 85c0 | 0f84 1200 | 0000 8b48 | 0883 c102 | 8948 0823 
  0x000002499110cf20: 482c 0f84 | de08 0000 | 493b a770 | 0500 000f | 8748 0000 | 0089 8424 | 00f0 ffff | 8984 2400 
  0x000002499110cf40: e0ff ff89 | 8424 00d0 | ffff 8984 | 2400 c0ff | ff89 8424 | 00b0 ffff | 8984 2400 | a0ff ff89 
  0x000002499110cf60: 8424 0090 | ffff 8984 | 2400 80ff | ff49 3ba7 | 6805 0000 | 7607 4989 | a770 0500 | 0041 c687 
  0x000002499110cf80: f104 0000 | 0048 8b5d | e84c 8b5b | 0845 0fb7 | 5b2e 41c1 | e303 492b | e348 83ec | 2048 83e4 
  0x000002499110cfa0: f04c 8b5b | 604d 85db | 0f85 ab00 | 0000 e805 | 0000 00e9 | 9900 0000 | 488b d348 | 8d44 2408 
  0x000002499110cfc0: 4c89 6dc0 | 498b cfc5 | f877 4989 | af38 0400 | 0049 8987 | 2804 0000 | 4883 ec20 | 40f6 c40f 
  0x000002499110cfe0: 0f84 1900 | 0000 4883 | ec08 48b8 | 7048 50b4 | fe7f 0000 | ffd0 4883 | c408 e90c | 0000 0048 
  0x000002499110d000: b870 4850 | b4fe 7f00 | 00ff d048 | 83c4 2049 | c787 2804 | 0000 0000 | 0000 49c7 | 8738 0400 
  0x000002499110d020: 0000 0000 | 0049 c787 | 3004 0000 | 0000 0000 | c5f8 7749 | 837f 0800 | 0f84 0500 | 0000 e99d 
  0x000002499110d040: 41ff ff4c | 8b6d c04c | 8b75 c84e | 8d74 f500 | c348 8b5d | e84c 8b5b | 6041 ffd3 | 488b 5de8 
  0x000002499110d060: 4889 4518 | 440f b75b | 2c41 f6c3 | 080f 841b | 0000 004c | 8b5b 084d | 8b5b 084d | 8b5b 184d 
  0x000002499110d080: 8b5b 704d | 8b1b 4c89 | 5d10 488d | 5510 488b | 4358 49ba | a00f 8bb4 | fe7f 0000 | 493b c20f 
  0x000002499110d0a0: 85ab 0000 | 00e8 0500 | 0000 e999 | 0000 0048 | 8bd3 488d | 4424 084c | 896d c049 | 8bcf c5f8 
  0x000002499110d0c0: 7749 89af | 3804 0000 | 4989 8728 | 0400 0048 | 83ec 2040 | f6c4 0f0f | 8419 0000 | 0048 83ec 
  0x000002499110d0e0: 0848 b870 | 4850 b4fe | 7f00 00ff | d048 83c4 | 08e9 0c00 | 0000 48b8 | 7048 50b4 | fe7f 0000 
  0x000002499110d100: ffd0 4883 | c420 49c7 | 8728 0400 | 0000 0000 | 0049 c787 | 3804 0000 | 0000 0000 | 49c7 8730 
  0x000002499110d120: 0400 0000 | 0000 00c5 | f877 4983 | 7f08 000f | 8405 0000 | 00e9 a640 | ffff 4c8b | 6dc0 4c8b 
  0x000002499110d140: 75c8 4e8d | 74f5 00c3 | 488b 5de8 | 488b 4358 | 498d 8f48 | 0400 004c | 8d15 d500 | 0000 4d89 
  0x000002499110d160: 9730 0400 | 00c5 f877 | 4989 af38 | 0400 0049 | 89a7 2804 | 0000 41c7 | 87d4 0400 | 0004 0000 
  0x000002499110d180: 0049 3ba7 | c805 0000 | 7607 4989 | a7c8 0500 | 00ff d049 | 3ba7 c805 | 0000 720b | 49c7 87c8 
  0x000002499110d1a0: 0500 0000 | 0000 00c5 | f877 4883 | ec10 c5fb | 1104 2448 | 83ec 1048 | 8904 2448 | c744 2408 
  0x000002499110d1c0: 0000 0000 | 41c7 87d4 | 0400 0005 | 0000 00f0 | 8344 24c0 | 0049 3b6f | 280f 870e | 0000 0041 
  0x000002499110d1e0: 83bf d004 | 0000 000f | 8420 0000 | 0049 8bcf | 4c8b e448 | 83ec 2048 | 83e4 f048 | b8a0 ac51 
  0x000002499110d200: b4fe 7f00 | 00ff d049 | 8be4 4d33 | e441 c787 | d404 0000 | 0800 0000 | 4d8b 97f0 | 0500 0049 
  0x000002499110d220: 83fa 0074 | 3549 c787 | f005 0000 | 0000 0000 | 41ff e249 | ba60 be10 | 9149 0200 | 0041 ffd2 
  0x000002499110d240: 4883 ec10 | c5fb 1104 | 2448 83ec | 1048 8904 | 2448 c744 | 2408 0000 | 0000 49c7 | 8728 0400 
  0x000002499110d260: 0000 0000 | 0049 c787 | 3804 0000 | 0000 0000 | 49c7 8730 | 0400 0000 | 0000 00c5 | f877 4d8b 
  0x000002499110d280: 9fb8 0400 | 0041 c783 | 0001 0000 | 0000 0000 | 49bb 5aa7 | 1091 4902 | 0000 4c3b | 5d18 0f85 
  0x000002499110d2a0: 5501 0000 | 488b 0424 | 4883 c410 | 4885 c00f | 842f 0100 | 00a8 030f | 8508 0000 | 0048 8b00 
  0x000002499110d2c0: e91f 0100 | 00a8 010f | 8509 0000 | 0048 8b40 | fee9 0e01 | 0000 488b | 40ff 4180 | 7f48 000f 
  0x000002499110d2e0: 84ff 0000 | 0048 83f8 | 000f 84f5 | 0000 004d | 8b5f 384d | 85db 0f84 | 1400 0000 | 4983 eb08 
  0x000002499110d300: 4d89 5f38 | 4d03 5f40 | 4989 03e9 | d400 0000 | 4883 ec70 | 4889 0424 | 4889 4c24 | 0848 8954 
  0x000002499110d320: 2410 4c89 | 4424 184c | 894c 2420 | 4c89 5424 | 284c 895c | 2430 c5fb | 1144 2440 | c5fb 114c 
  0x000002499110d340: 2448 c5fb | 1154 2450 | c5fb 115c | 2458 c5fb | 1164 2460 | c5fb 116c | 2468 498b | d748 8bc8 
  0x000002499110d360: 4883 ec20 | 40f6 c40f | 0f84 1900 | 0000 4883 | ec08 48b8 | 2076 44b4 | fe7f 0000 | ffd0 4883 
  0x000002499110d380: c408 e90c | 0000 0048 | b820 7644 | b4fe 7f00 | 00ff d048 | 83c4 20c5 | fb10 6c24 | 68c5 fb10 
  0x000002499110d3a0: 6424 60c5 | fb10 5c24 | 58c5 fb10 | 5424 50c5 | fb10 4c24 | 48c5 fb10 | 4424 404c | 8b5c 2430 
  0x000002499110d3c0: 4c8b 5424 | 284c 8b4c | 2420 4c8b | 4424 1848 | 8b54 2410 | 488b 4c24 | 0848 8b04 | 2448 83c4 
  0x000002499110d3e0: 70c5 f877 | 4889 4510 | 4883 ec10 | 4889 0424 | 48c7 4424 | 0800 0000 | 0041 83bf | 5005 0000 
  0x000002499110d400: 020f 85bf | 0000 0048 | 81ec 8000 | 0000 4889 | 4424 7848 | 894c 2470 | 4889 5424 | 6848 895c 
  0x000002499110d420: 2460 4889 | 6c24 5048 | 8974 2448 | 4889 7c24 | 404c 8944 | 2438 4c89 | 4c24 304c | 8954 2428 
  0x000002499110d440: 4c89 5c24 | 204c 8964 | 2418 4c89 | 6c24 104c | 8974 2408 | 4c89 3c24 | 4c8b e448 | 83ec 2048 
  0x000002499110d460: 83e4 f048 | b810 f78a | b4fe 7f00 | 00ff d049 | 8be4 4c8b | 3c24 4c8b | 7424 084c | 8b6c 2410 
  0x000002499110d480: 4c8b 6424 | 184c 8b5c | 2420 4c8b | 5424 284c | 8b4c 2430 | 4c8b 4424 | 3848 8b7c | 2440 488b 
  0x000002499110d4a0: 7424 4848 | 8b6c 2450 | 488b 5c24 | 6048 8b54 | 2468 488b | 4c24 7048 | 8b44 2478 | 4881 c480 
  0x000002499110d4c0: 0000 004d | 33e4 488b | 5de8 4c8b | 6b08 4d8d | 6d38 4983 | 7f08 000f | 84bb 0000 | 00e8 0500 
  0x000002499110d4e0: 0000 e996 | 0000 0048 | 8d44 2408 | 4c89 6dc0 | 498b cfc5 | f877 4989 | af38 0400 | 0049 8987 
  0x000002499110d500: 2804 0000 | 4883 ec20 | 40f6 c40f | 0f84 1900 | 0000 4883 | ec08 48b8 | b066 50b4 | fe7f 0000 
  0x000002499110d520: ffd0 4883 | c408 e90c | 0000 0048 | b8b0 6650 | b4fe 7f00 | 00ff d048 | 83c4 2049 | c787 2804 
  0x000002499110d540: 0000 0000 | 0000 49c7 | 8738 0400 | 0000 0000 | 0049 c787 | 3004 0000 | 0000 0000 | c5f8 7749 
  0x000002499110d560: 837f 0800 | 0f84 0500 | 0000 e971 | 3cff ff4c | 8b6d c04c | 8b75 c84e | 8d74 f500 | c348 b948 
  0x000002499110d580: 08b4 b4fe | 7f00 0048 | 83e4 f048 | b800 8d77 | b4fe 7f00 | 00ff d0f4 | 440f b75b | 2c41 f6c3 
  0x000002499110d5a0: 200f 8472 | 0100 0048 | 8d55 a84c | 8b5a 084d | 85db 0f85 | bb00 0000 | e805 0000 | 00e9 9600 
  0x000002499110d5c0: 0000 488d | 4424 084c | 896d c049 | 8bcf c5f8 | 7749 89af | 3804 0000 | 4989 8728 | 0400 0048 
  0x000002499110d5e0: 83ec 2040 | f6c4 0f0f | 8419 0000 | 0048 83ec | 0848 b8e0 | 6550 b4fe | 7f00 00ff | d048 83c4 
  0x000002499110d600: 08e9 0c00 | 0000 48b8 | e065 50b4 | fe7f 0000 | ffd0 4883 | c420 49c7 | 8728 0400 | 0000 0000 
  0x000002499110d620: 0049 c787 | 3804 0000 | 0000 0000 | 49c7 8730 | 0400 0000 | 0000 00c5 | f877 4983 | 7f08 000f 
  0x000002499110d640: 8405 0000 | 00e9 963b | ffff 4c8b | 6dc0 4c8b | 75c8 4e8d | 74f5 00c3 | 48b9 4808 | b4b4 fe7f 
  0x000002499110d660: 0000 4883 | e4f0 48b8 | 008d 77b4 | fe7f 0000 | ffd0 f44c | 896d c04c | 8b4a 0848 | c742 0800 
  0x000002499110d680: 0000 0045 | 8b87 d806 | 0000 4f3b | 4c07 f80f | 8542 0000 | 0041 83af | d806 0000 | 084f 3b4c 
  0x000002499110d6a0: 07f0 0f84 | 2a00 0000 | 498b 01a8 | 020f 8512 | 0000 004c | 8bc0 4983 | c801 f04d | 0fb1 010f 
  0x000002499110d6c0: 840d 0000 | 0041 8387 | d806 0000 | 08e9 0500 | 0000 e93e | 0000 004c | 894a 0848 | 8bca 4883 
  0x000002499110d6e0: ec20 40f6 | c40f 0f84 | 1900 0000 | 4883 ec08 | 48b8 3038 | 50b4 fe7f | 0000 ffd0 | 4883 c408 
  0x000002499110d700: e90c 0000 | 0048 b830 | 3850 b4fe | 7f00 00ff | d048 83c4 | 204c 8b6d | c041 c687 | 9603 0000 
  0x000002499110d720: 0149 3b6f | 280f 8705 | 0000 00e9 | ab00 0000 | 4883 ec10 | c5fb 1104 | 2448 83ec | 1048 8904 
  0x000002499110d740: 2448 c744 | 2408 0000 | 0000 c5f8 | 7749 89af | 3804 0000 | 49ba 4ad7 | 1091 4902 | 0000 4d89 
  0x000002499110d760: 9730 0400 | 0049 89a7 | 2804 0000 | 498b cf48 | 83ec 2040 | f6c4 0f0f | 8419 0000 | 0048 83ec 
  0x000002499110d780: 0848 b8d0 | 1e50 b4fe | 7f00 00ff | d048 83c4 | 08e9 0c00 | 0000 48b8 | d01e 50b4 | fe7f 0000 
  0x000002499110d7a0: ffd0 4883 | c420 49c7 | 8728 0400 | 0000 0000 | 0049 c787 | 3804 0000 | 0000 0000 | 49c7 8730 
  0x000002499110d7c0: 0400 0000 | 0000 00c5 | f877 488b | 0424 4883 | c410 c5fb | 1004 2448 | 83c4 1048 | 8b04 2448 
  0x000002499110d7e0: 83c4 10c5 | fb10 0424 | 4883 c410 | 4c8b 5d18 | 41ff d34c | 8b5d f8c9 | 41c6 8796 | 0300 0000 
  0x000002499110d800: 5f49 8be3 | ffe7 ba00 | 0000 00e8 | 0500 0000 | e996 0000 | 0048 8d44 | 2408 4c89 | 6dc0 498b 
  0x000002499110d820: cfc5 f877 | 4989 af38 | 0400 0049 | 8987 2804 | 0000 4883 | ec20 40f6 | c40f 0f84 | 1900 0000 
  0x000002499110d840: 4883 ec08 | 48b8 202e | 50b4 fe7f | 0000 ffd0 | 4883 c408 | e90c 0000 | 0048 b820 | 2e50 b4fe 
  0x000002499110d860: 7f00 00ff | d048 83c4 | 2049 c787 | 2804 0000 | 0000 0000 | 49c7 8738 | 0400 0000 | 0000 0049 
  0x000002499110d880: c787 3004 | 0000 0000 | 0000 c5f8 | 7749 837f | 0800 0f84 | 0500 0000 | e943 39ff | ff4c 8b6d 
  0x000002499110d8a0: c04c 8b75 | c84e 8d74 | f500 c348 | 8b5d e8e9 | 74f6 ffff | 0f1f 4000 
[/MachCode]

---------------  P R O C E S S  ---------------

Threads class SMR info:
_java_thread_list=0x00000249a11ac200, length=11, elements={
0x00000249ff530be0, 0x00000249a10d04a0, 0x00000249a10d0f00, 0x00000249a10d3230,
0x00000249a10d4e00, 0x00000249a10d9de0, 0x00000249a10da9a0, 0x00000249a10e7990,
0x00000249a10e85a0, 0x00000249a11ad1f0, 0x00000249a11b1b70
}

Java Threads: ( => current thread )
=>0x00000249ff530be0 JavaThread "main"                              [_thread_in_native, id=1728, stack(0x000000b4a5b00000,0x000000b4a5c00000) (1024K)]
  0x00000249a10d04a0 JavaThread "Reference Handler"          daemon [_thread_blocked, id=19520, stack(0x000000b4a6300000,0x000000b4a6400000) (1024K)]
  0x00000249a10d0f00 JavaThread "Finalizer"                  daemon [_thread_blocked, id=12592, stack(0x000000b4a6400000,0x000000b4a6500000) (1024K)]
  0x00000249a10d3230 JavaThread "Signal Dispatcher"          daemon [_thread_blocked, id=12128, stack(0x000000b4a6500000,0x000000b4a6600000) (1024K)]
  0x00000249a10d4e00 JavaThread "Attach Listener"            daemon [_thread_blocked, id=12968, stack(0x000000b4a6600000,0x000000b4a6700000) (1024K)]
  0x00000249a10d9de0 JavaThread "Service Thread"             daemon [_thread_blocked, id=6520, stack(0x000000b4a6700000,0x000000b4a6800000) (1024K)]
  0x00000249a10da9a0 JavaThread "Monitor Deflation Thread"   daemon [_thread_blocked, id=16624, stack(0x000000b4a6800000,0x000000b4a6900000) (1024K)]
  0x00000249a10e7990 JavaThread "C2 CompilerThread0"         daemon [_thread_blocked, id=18544, stack(0x000000b4a6900000,0x000000b4a6a00000) (1024K)]
  0x00000249a10e85a0 JavaThread "C1 CompilerThread0"         daemon [_thread_blocked, id=22964, stack(0x000000b4a6a00000,0x000000b4a6b00000) (1024K)]
  0x00000249a11ad1f0 JavaThread "Notification Thread"        daemon [_thread_blocked, id=10732, stack(0x000000b4a6b00000,0x000000b4a6c00000) (1024K)]
  0x00000249a11b1b70 JavaThread "Common-Cleaner"             daemon [_thread_blocked, id=12940, stack(0x000000b4a6c00000,0x000000b4a6d00000) (1024K)]
Total: 11

Other Threads:
  0x00000249a10bb920 VMThread "VM Thread"                           [id=2912, stack(0x000000b4a6200000,0x000000b4a6300000) (1024K)]
  0x00000249a10aded0 WatcherThread "VM Periodic Task Thread"        [id=20048, stack(0x000000b4a6100000,0x000000b4a6200000) (1024K)]
  0x00000249ffb4fac0 WorkerThread "GC Thread#0"                     [id=15152, stack(0x000000b4a5c00000,0x000000b4a5d00000) (1024K)]
  0x00000249ffb68a70 ConcurrentGCThread "G1 Main Marker"            [id=9888, stack(0x000000b4a5d00000,0x000000b4a5e00000) (1024K)]
  0x00000249ffb6a1c0 WorkerThread "G1 Conc#0"                       [id=23796, stack(0x000000b4a5e00000,0x000000b4a5f00000) (1024K)]
  0x00000249a0f741a0 ConcurrentGCThread "G1 Refine#0"               [id=9660, stack(0x000000b4a5f00000,0x000000b4a6000000) (1024K)]
  0x00000249a0f74db0 ConcurrentGCThread "G1 Service"                [id=9936, stack(0x000000b4a6000000,0x000000b4a6100000) (1024K)]
Total: 7

Threads with active compile tasks:
Total: 0

VM state: not at safepoint (normal execution)

VM Mutex/Monitor currently owned by a thread: None

Heap address: 0x0000000700c00000, size: 4084 MB, Compressed Oops mode: Zero based, Oop shift amount: 3

CDS archive(s) mapped at: [0x0000000030000000-0x0000000030dd0000-0x0000000030dd0000), size 14483456, SharedBaseAddress: 0x0000000030000000, ArchiveRelocationMode: 1.
Compressed class space mapped at: 0x0000000031000000-0x0000000071000000, reserved size: 1073741824
UseCompressedClassPointers 1, UseCompactObjectHeaders 0
Narrow klass pointer bits 32, Max shift 3
Narrow klass base: 0x0000000030000000, Narrow klass shift: 0
Encoding Range: [0x0000000030000000 - 0x0000000130000000), (4294967296 bytes)
Klass Range:    [0x0000000030010000 - 0x0000000071000000), (1090453504 bytes)
Klass ID Range:  [65536 - 1090519033) (1090453497)
Protection zone: [0x0000000030000000 - 0x0000000030010000), (65536 bytes)

GC Precious Log:
 CardTable entry size: 512
 Card Set container configuration: InlinePtr #cards 4 size 8 Array Of Cards #cards 16 size 48 Howl #buckets 8 coarsen threshold 3686 Howl Bitmap #cards 512 size 80 coarsen threshold 460 Card regions per heap region 1 cards per card region 4096
 CPUs: 12 total, 12 available
 Memory: 16330M
 Large Page Support: Disabled
 NUMA Support: Disabled
 Compressed Oops: Enabled (Zero based)
 Heap Region Size: 2M
 Heap Min Capacity: 8M
 Heap Initial Capacity: 256M
 Heap Max Capacity: 4084M
 Pre-touch: Disabled
 Parallel Workers: 10
 Concurrent Workers: 3
 Concurrent Refinement Workers: 10
 Periodic GC: Disabled

Heap:
 garbage-first heap   total reserved 4182016K, committed 264192K, used 7317K [0x0000000700c00000, 0x0000000800000000)
  region size 2048K, 5 young (10240K), 0 survivors (0K)

Heap Regions: E=young(eden), S=young(survivor), O=old, HS=humongous(starts), HC=humongous(continues), CS=collection set, F=free, TAMS=top-at-mark-start, PB=parsable bottom
|   0|0x0000000700c00000, 0x0000000700c00000, 0x0000000700e00000|  0%| F|  |TAMS 0x0000000700c00000| PB 0x0000000700c00000| Untracked |  0
|   1|0x0000000700e00000, 0x0000000700e00000, 0x0000000701000000|  0%| F|  |TAMS 0x0000000700e00000| PB 0x0000000700e00000| Untracked |  0
|   2|0x0000000701000000, 0x0000000701000000, 0x0000000701200000|  0%| F|  |TAMS 0x0000000701000000| PB 0x0000000701000000| Untracked |  0
|   3|0x0000000701200000, 0x0000000701200000, 0x0000000701400000|  0%| F|  |TAMS 0x0000000701200000| PB 0x0000000701200000| Untracked |  0
|   4|0x0000000701400000, 0x0000000701400000, 0x0000000701600000|  0%| F|  |TAMS 0x0000000701400000| PB 0x0000000701400000| Untracked |  0
|   5|0x0000000701600000, 0x0000000701600000, 0x0000000701800000|  0%| F|  |TAMS 0x0000000701600000| PB 0x0000000701600000| Untracked |  0
|   6|0x0000000701800000, 0x0000000701800000, 0x0000000701a00000|  0%| F|  |TAMS 0x0000000701800000| PB 0x0000000701800000| Untracked |  0
|   7|0x0000000701a00000, 0x0000000701a00000, 0x0000000701c00000|  0%| F|  |TAMS 0x0000000701a00000| PB 0x0000000701a00000| Untracked |  0
|   8|0x0000000701c00000, 0x0000000701c00000, 0x0000000701e00000|  0%| F|  |TAMS 0x0000000701c00000| PB 0x0000000701c00000| Untracked |  0
|   9|0x0000000701e00000, 0x0000000701e00000, 0x0000000702000000|  0%| F|  |TAMS 0x0000000701e00000| PB 0x0000000701e00000| Untracked |  0
|  10|0x0000000702000000, 0x0000000702000000, 0x0000000702200000|  0%| F|  |TAMS 0x0000000702000000| PB 0x0000000702000000| Untracked |  0
|  11|0x0000000702200000, 0x0000000702200000, 0x0000000702400000|  0%| F|  |TAMS 0x0000000702200000| PB 0x0000000702200000| Untracked |  0
|  12|0x0000000702400000, 0x0000000702400000, 0x0000000702600000|  0%| F|  |TAMS 0x0000000702400000| PB 0x0000000702400000| Untracked |  0
|  13|0x0000000702600000, 0x0000000702600000, 0x0000000702800000|  0%| F|  |TAMS 0x0000000702600000| PB 0x0000000702600000| Untracked |  0
|  14|0x0000000702800000, 0x0000000702800000, 0x0000000702a00000|  0%| F|  |TAMS 0x0000000702800000| PB 0x0000000702800000| Untracked |  0
|  15|0x0000000702a00000, 0x0000000702a00000, 0x0000000702c00000|  0%| F|  |TAMS 0x0000000702a00000| PB 0x0000000702a00000| Untracked |  0
|  16|0x0000000702c00000, 0x0000000702c00000, 0x0000000702e00000|  0%| F|  |TAMS 0x0000000702c00000| PB 0x0000000702c00000| Untracked |  0
|  17|0x0000000702e00000, 0x0000000702e00000, 0x0000000703000000|  0%| F|  |TAMS 0x0000000702e00000| PB 0x0000000702e00000| Untracked |  0
|  18|0x0000000703000000, 0x0000000703000000, 0x0000000703200000|  0%| F|  |TAMS 0x0000000703000000| PB 0x0000000703000000| Untracked |  0
|  19|0x0000000703200000, 0x0000000703200000, 0x0000000703400000|  0%| F|  |TAMS 0x0000000703200000| PB 0x0000000703200000| Untracked |  0
|  20|0x0000000703400000, 0x0000000703400000, 0x0000000703600000|  0%| F|  |TAMS 0x0000000703400000| PB 0x0000000703400000| Untracked |  0
|  21|0x0000000703600000, 0x0000000703600000, 0x0000000703800000|  0%| F|  |TAMS 0x0000000703600000| PB 0x0000000703600000| Untracked |  0
|  22|0x0000000703800000, 0x0000000703800000, 0x0000000703a00000|  0%| F|  |TAMS 0x0000000703800000| PB 0x0000000703800000| Untracked |  0
|  23|0x0000000703a00000, 0x0000000703a00000, 0x0000000703c00000|  0%| F|  |TAMS 0x0000000703a00000| PB 0x0000000703a00000| Untracked |  0
|  24|0x0000000703c00000, 0x0000000703c00000, 0x0000000703e00000|  0%| F|  |TAMS 0x0000000703c00000| PB 0x0000000703c00000| Untracked |  0
|  25|0x0000000703e00000, 0x0000000703e00000, 0x0000000704000000|  0%| F|  |TAMS 0x0000000703e00000| PB 0x0000000703e00000| Untracked |  0
|  26|0x0000000704000000, 0x0000000704000000, 0x0000000704200000|  0%| F|  |TAMS 0x0000000704000000| PB 0x0000000704000000| Untracked |  0
|  27|0x0000000704200000, 0x0000000704200000, 0x0000000704400000|  0%| F|  |TAMS 0x0000000704200000| PB 0x0000000704200000| Untracked |  0
|  28|0x0000000704400000, 0x0000000704400000, 0x0000000704600000|  0%| F|  |TAMS 0x0000000704400000| PB 0x0000000704400000| Untracked |  0
|  29|0x0000000704600000, 0x0000000704600000, 0x0000000704800000|  0%| F|  |TAMS 0x0000000704600000| PB 0x0000000704600000| Untracked |  0
|  30|0x0000000704800000, 0x0000000704800000, 0x0000000704a00000|  0%| F|  |TAMS 0x0000000704800000| PB 0x0000000704800000| Untracked |  0
|  31|0x0000000704a00000, 0x0000000704a00000, 0x0000000704c00000|  0%| F|  |TAMS 0x0000000704a00000| PB 0x0000000704a00000| Untracked |  0
|  32|0x0000000704c00000, 0x0000000704c00000, 0x0000000704e00000|  0%| F|  |TAMS 0x0000000704c00000| PB 0x0000000704c00000| Untracked |  0
|  33|0x0000000704e00000, 0x0000000704e00000, 0x0000000705000000|  0%| F|  |TAMS 0x0000000704e00000| PB 0x0000000704e00000| Untracked |  0
|  34|0x0000000705000000, 0x0000000705000000, 0x0000000705200000|  0%| F|  |TAMS 0x0000000705000000| PB 0x0000000705000000| Untracked |  0
|  35|0x0000000705200000, 0x0000000705200000, 0x0000000705400000|  0%| F|  |TAMS 0x0000000705200000| PB 0x0000000705200000| Untracked |  0
|  36|0x0000000705400000, 0x0000000705400000, 0x0000000705600000|  0%| F|  |TAMS 0x0000000705400000| PB 0x0000000705400000| Untracked |  0
|  37|0x0000000705600000, 0x0000000705600000, 0x0000000705800000|  0%| F|  |TAMS 0x0000000705600000| PB 0x0000000705600000| Untracked |  0
|  38|0x0000000705800000, 0x0000000705800000, 0x0000000705a00000|  0%| F|  |TAMS 0x0000000705800000| PB 0x0000000705800000| Untracked |  0
|  39|0x0000000705a00000, 0x0000000705a00000, 0x0000000705c00000|  0%| F|  |TAMS 0x0000000705a00000| PB 0x0000000705a00000| Untracked |  0
|  40|0x0000000705c00000, 0x0000000705c00000, 0x0000000705e00000|  0%| F|  |TAMS 0x0000000705c00000| PB 0x0000000705c00000| Untracked |  0
|  41|0x0000000705e00000, 0x0000000705e00000, 0x0000000706000000|  0%| F|  |TAMS 0x0000000705e00000| PB 0x0000000705e00000| Untracked |  0
|  42|0x0000000706000000, 0x0000000706000000, 0x0000000706200000|  0%| F|  |TAMS 0x0000000706000000| PB 0x0000000706000000| Untracked |  0
|  43|0x0000000706200000, 0x0000000706200000, 0x0000000706400000|  0%| F|  |TAMS 0x0000000706200000| PB 0x0000000706200000| Untracked |  0
|  44|0x0000000706400000, 0x0000000706400000, 0x0000000706600000|  0%| F|  |TAMS 0x0000000706400000| PB 0x0000000706400000| Untracked |  0
|  45|0x0000000706600000, 0x0000000706600000, 0x0000000706800000|  0%| F|  |TAMS 0x0000000706600000| PB 0x0000000706600000| Untracked |  0
|  46|0x0000000706800000, 0x0000000706800000, 0x0000000706a00000|  0%| F|  |TAMS 0x0000000706800000| PB 0x0000000706800000| Untracked |  0
|  47|0x0000000706a00000, 0x0000000706a00000, 0x0000000706c00000|  0%| F|  |TAMS 0x0000000706a00000| PB 0x0000000706a00000| Untracked |  0
|  48|0x0000000706c00000, 0x0000000706c00000, 0x0000000706e00000|  0%| F|  |TAMS 0x0000000706c00000| PB 0x0000000706c00000| Untracked |  0
|  49|0x0000000706e00000, 0x0000000706e00000, 0x0000000707000000|  0%| F|  |TAMS 0x0000000706e00000| PB 0x0000000706e00000| Untracked |  0
|  50|0x0000000707000000, 0x0000000707000000, 0x0000000707200000|  0%| F|  |TAMS 0x0000000707000000| PB 0x0000000707000000| Untracked |  0
|  51|0x0000000707200000, 0x0000000707200000, 0x0000000707400000|  0%| F|  |TAMS 0x0000000707200000| PB 0x0000000707200000| Untracked |  0
|  52|0x0000000707400000, 0x0000000707400000, 0x0000000707600000|  0%| F|  |TAMS 0x0000000707400000| PB 0x0000000707400000| Untracked |  0
|  53|0x0000000707600000, 0x0000000707600000, 0x0000000707800000|  0%| F|  |TAMS 0x0000000707600000| PB 0x0000000707600000| Untracked |  0
|  54|0x0000000707800000, 0x0000000707800000, 0x0000000707a00000|  0%| F|  |TAMS 0x0000000707800000| PB 0x0000000707800000| Untracked |  0
|  55|0x0000000707a00000, 0x0000000707a00000, 0x0000000707c00000|  0%| F|  |TAMS 0x0000000707a00000| PB 0x0000000707a00000| Untracked |  0
|  56|0x0000000707c00000, 0x0000000707c00000, 0x0000000707e00000|  0%| F|  |TAMS 0x0000000707c00000| PB 0x0000000707c00000| Untracked |  0
|  57|0x0000000707e00000, 0x0000000707e00000, 0x0000000708000000|  0%| F|  |TAMS 0x0000000707e00000| PB 0x0000000707e00000| Untracked |  0
|  58|0x0000000708000000, 0x0000000708000000, 0x0000000708200000|  0%| F|  |TAMS 0x0000000708000000| PB 0x0000000708000000| Untracked |  0
|  59|0x0000000708200000, 0x0000000708200000, 0x0000000708400000|  0%| F|  |TAMS 0x0000000708200000| PB 0x0000000708200000| Untracked |  0
|  60|0x0000000708400000, 0x0000000708400000, 0x0000000708600000|  0%| F|  |TAMS 0x0000000708400000| PB 0x0000000708400000| Untracked |  0
|  61|0x0000000708600000, 0x0000000708600000, 0x0000000708800000|  0%| F|  |TAMS 0x0000000708600000| PB 0x0000000708600000| Untracked |  0
|  62|0x0000000708800000, 0x0000000708800000, 0x0000000708a00000|  0%| F|  |TAMS 0x0000000708800000| PB 0x0000000708800000| Untracked |  0
|  63|0x0000000708a00000, 0x0000000708a00000, 0x0000000708c00000|  0%| F|  |TAMS 0x0000000708a00000| PB 0x0000000708a00000| Untracked |  0
|  64|0x0000000708c00000, 0x0000000708c00000, 0x0000000708e00000|  0%| F|  |TAMS 0x0000000708c00000| PB 0x0000000708c00000| Untracked |  0
|  65|0x0000000708e00000, 0x0000000708e00000, 0x0000000709000000|  0%| F|  |TAMS 0x0000000708e00000| PB 0x0000000708e00000| Untracked |  0
|  66|0x0000000709000000, 0x0000000709000000, 0x0000000709200000|  0%| F|  |TAMS 0x0000000709000000| PB 0x0000000709000000| Untracked |  0
|  67|0x0000000709200000, 0x0000000709200000, 0x0000000709400000|  0%| F|  |TAMS 0x0000000709200000| PB 0x0000000709200000| Untracked |  0
|  68|0x0000000709400000, 0x0000000709400000, 0x0000000709600000|  0%| F|  |TAMS 0x0000000709400000| PB 0x0000000709400000| Untracked |  0
|  69|0x0000000709600000, 0x0000000709600000, 0x0000000709800000|  0%| F|  |TAMS 0x0000000709600000| PB 0x0000000709600000| Untracked |  0
|  70|0x0000000709800000, 0x0000000709800000, 0x0000000709a00000|  0%| F|  |TAMS 0x0000000709800000| PB 0x0000000709800000| Untracked |  0
|  71|0x0000000709a00000, 0x0000000709a00000, 0x0000000709c00000|  0%| F|  |TAMS 0x0000000709a00000| PB 0x0000000709a00000| Untracked |  0
|  72|0x0000000709c00000, 0x0000000709c00000, 0x0000000709e00000|  0%| F|  |TAMS 0x0000000709c00000| PB 0x0000000709c00000| Untracked |  0
|  73|0x0000000709e00000, 0x0000000709e00000, 0x000000070a000000|  0%| F|  |TAMS 0x0000000709e00000| PB 0x0000000709e00000| Untracked |  0
|  74|0x000000070a000000, 0x000000070a000000, 0x000000070a200000|  0%| F|  |TAMS 0x000000070a000000| PB 0x000000070a000000| Untracked |  0
|  75|0x000000070a200000, 0x000000070a200000, 0x000000070a400000|  0%| F|  |TAMS 0x000000070a200000| PB 0x000000070a200000| Untracked |  0
|  76|0x000000070a400000, 0x000000070a400000, 0x000000070a600000|  0%| F|  |TAMS 0x000000070a400000| PB 0x000000070a400000| Untracked |  0
|  77|0x000000070a600000, 0x000000070a600000, 0x000000070a800000|  0%| F|  |TAMS 0x000000070a600000| PB 0x000000070a600000| Untracked |  0
|  78|0x000000070a800000, 0x000000070a800000, 0x000000070aa00000|  0%| F|  |TAMS 0x000000070a800000| PB 0x000000070a800000| Untracked |  0
|  79|0x000000070aa00000, 0x000000070aa00000, 0x000000070ac00000|  0%| F|  |TAMS 0x000000070aa00000| PB 0x000000070aa00000| Untracked |  0
|  80|0x000000070ac00000, 0x000000070ac00000, 0x000000070ae00000|  0%| F|  |TAMS 0x000000070ac00000| PB 0x000000070ac00000| Untracked |  0
|  81|0x000000070ae00000, 0x000000070ae00000, 0x000000070b000000|  0%| F|  |TAMS 0x000000070ae00000| PB 0x000000070ae00000| Untracked |  0
|  82|0x000000070b000000, 0x000000070b000000, 0x000000070b200000|  0%| F|  |TAMS 0x000000070b000000| PB 0x000000070b000000| Untracked |  0
|  83|0x000000070b200000, 0x000000070b200000, 0x000000070b400000|  0%| F|  |TAMS 0x000000070b200000| PB 0x000000070b200000| Untracked |  0
|  84|0x000000070b400000, 0x000000070b400000, 0x000000070b600000|  0%| F|  |TAMS 0x000000070b400000| PB 0x000000070b400000| Untracked |  0
|  85|0x000000070b600000, 0x000000070b600000, 0x000000070b800000|  0%| F|  |TAMS 0x000000070b600000| PB 0x000000070b600000| Untracked |  0
|  86|0x000000070b800000, 0x000000070b800000, 0x000000070ba00000|  0%| F|  |TAMS 0x000000070b800000| PB 0x000000070b800000| Untracked |  0
|  87|0x000000070ba00000, 0x000000070ba00000, 0x000000070bc00000|  0%| F|  |TAMS 0x000000070ba00000| PB 0x000000070ba00000| Untracked |  0
|  88|0x000000070bc00000, 0x000000070bc00000, 0x000000070be00000|  0%| F|  |TAMS 0x000000070bc00000| PB 0x000000070bc00000| Untracked |  0
|  89|0x000000070be00000, 0x000000070be00000, 0x000000070c000000|  0%| F|  |TAMS 0x000000070be00000| PB 0x000000070be00000| Untracked |  0
|  90|0x000000070c000000, 0x000000070c000000, 0x000000070c200000|  0%| F|  |TAMS 0x000000070c000000| PB 0x000000070c000000| Untracked |  0
|  91|0x000000070c200000, 0x000000070c200000, 0x000000070c400000|  0%| F|  |TAMS 0x000000070c200000| PB 0x000000070c200000| Untracked |  0
|  92|0x000000070c400000, 0x000000070c400000, 0x000000070c600000|  0%| F|  |TAMS 0x000000070c400000| PB 0x000000070c400000| Untracked |  0
|  93|0x000000070c600000, 0x000000070c600000, 0x000000070c800000|  0%| F|  |TAMS 0x000000070c600000| PB 0x000000070c600000| Untracked |  0
|  94|0x000000070c800000, 0x000000070c800000, 0x000000070ca00000|  0%| F|  |TAMS 0x000000070c800000| PB 0x000000070c800000| Untracked |  0
|  95|0x000000070ca00000, 0x000000070ca00000, 0x000000070cc00000|  0%| F|  |TAMS 0x000000070ca00000| PB 0x000000070ca00000| Untracked |  0
|  96|0x000000070cc00000, 0x000000070cc00000, 0x000000070ce00000|  0%| F|  |TAMS 0x000000070cc00000| PB 0x000000070cc00000| Untracked |  0
|  97|0x000000070ce00000, 0x000000070ce00000, 0x000000070d000000|  0%| F|  |TAMS 0x000000070ce00000| PB 0x000000070ce00000| Untracked |  0
|  98|0x000000070d000000, 0x000000070d000000, 0x000000070d200000|  0%| F|  |TAMS 0x000000070d000000| PB 0x000000070d000000| Untracked |  0
|  99|0x000000070d200000, 0x000000070d200000, 0x000000070d400000|  0%| F|  |TAMS 0x000000070d200000| PB 0x000000070d200000| Untracked |  0
| 100|0x000000070d400000, 0x000000070d400000, 0x000000070d600000|  0%| F|  |TAMS 0x000000070d400000| PB 0x000000070d400000| Untracked |  0
| 101|0x000000070d600000, 0x000000070d600000, 0x000000070d800000|  0%| F|  |TAMS 0x000000070d600000| PB 0x000000070d600000| Untracked |  0
| 102|0x000000070d800000, 0x000000070d800000, 0x000000070da00000|  0%| F|  |TAMS 0x000000070d800000| PB 0x000000070d800000| Untracked |  0
| 103|0x000000070da00000, 0x000000070da00000, 0x000000070dc00000|  0%| F|  |TAMS 0x000000070da00000| PB 0x000000070da00000| Untracked |  0
| 104|0x000000070dc00000, 0x000000070dc00000, 0x000000070de00000|  0%| F|  |TAMS 0x000000070dc00000| PB 0x000000070dc00000| Untracked |  0
| 105|0x000000070de00000, 0x000000070de00000, 0x000000070e000000|  0%| F|  |TAMS 0x000000070de00000| PB 0x000000070de00000| Untracked |  0
| 106|0x000000070e000000, 0x000000070e000000, 0x000000070e200000|  0%| F|  |TAMS 0x000000070e000000| PB 0x000000070e000000| Untracked |  0
| 107|0x000000070e200000, 0x000000070e200000, 0x000000070e400000|  0%| F|  |TAMS 0x000000070e200000| PB 0x000000070e200000| Untracked |  0
| 108|0x000000070e400000, 0x000000070e400000, 0x000000070e600000|  0%| F|  |TAMS 0x000000070e400000| PB 0x000000070e400000| Untracked |  0
| 109|0x000000070e600000, 0x000000070e600000, 0x000000070e800000|  0%| F|  |TAMS 0x000000070e600000| PB 0x000000070e600000| Untracked |  0
| 110|0x000000070e800000, 0x000000070e800000, 0x000000070ea00000|  0%| F|  |TAMS 0x000000070e800000| PB 0x000000070e800000| Untracked |  0
| 111|0x000000070ea00000, 0x000000070ea00000, 0x000000070ec00000|  0%| F|  |TAMS 0x000000070ea00000| PB 0x000000070ea00000| Untracked |  0
| 112|0x000000070ec00000, 0x000000070ec00000, 0x000000070ee00000|  0%| F|  |TAMS 0x000000070ec00000| PB 0x000000070ec00000| Untracked |  0
| 113|0x000000070ee00000, 0x000000070ee00000, 0x000000070f000000|  0%| F|  |TAMS 0x000000070ee00000| PB 0x000000070ee00000| Untracked |  0
| 114|0x000000070f000000, 0x000000070f000000, 0x000000070f200000|  0%| F|  |TAMS 0x000000070f000000| PB 0x000000070f000000| Untracked |  0
| 115|0x000000070f200000, 0x000000070f200000, 0x000000070f400000|  0%| F|  |TAMS 0x000000070f200000| PB 0x000000070f200000| Untracked |  0
| 116|0x000000070f400000, 0x000000070f400000, 0x000000070f600000|  0%| F|  |TAMS 0x000000070f400000| PB 0x000000070f400000| Untracked |  0
| 117|0x000000070f600000, 0x000000070f600000, 0x000000070f800000|  0%| F|  |TAMS 0x000000070f600000| PB 0x000000070f600000| Untracked |  0
| 118|0x000000070f800000, 0x000000070f800000, 0x000000070fa00000|  0%| F|  |TAMS 0x000000070f800000| PB 0x000000070f800000| Untracked |  0
| 119|0x000000070fa00000, 0x000000070fa00000, 0x000000070fc00000|  0%| F|  |TAMS 0x000000070fa00000| PB 0x000000070fa00000| Untracked |  0
| 120|0x000000070fc00000, 0x000000070fc00000, 0x000000070fe00000|  0%| F|  |TAMS 0x000000070fc00000| PB 0x000000070fc00000| Untracked |  0
| 121|0x000000070fe00000, 0x000000070fe00000, 0x0000000710000000|  0%| F|  |TAMS 0x000000070fe00000| PB 0x000000070fe00000| Untracked |  0
| 122|0x0000000710000000, 0x0000000710000000, 0x0000000710200000|  0%| F|  |TAMS 0x0000000710000000| PB 0x0000000710000000| Untracked |  0
| 123|0x0000000710200000, 0x0000000710400000, 0x0000000710400000|100%| E|  |TAMS 0x0000000710200000| PB 0x0000000710200000| Complete |  0
| 124|0x0000000710400000, 0x0000000710600000, 0x0000000710600000|100%| E|  |TAMS 0x0000000710400000| PB 0x0000000710400000| Complete |  0
| 125|0x0000000710600000, 0x0000000710800000, 0x0000000710800000|100%| E|CS|TAMS 0x0000000710600000| PB 0x0000000710600000| Complete |  0
| 126|0x0000000710800000, 0x0000000710a00000, 0x0000000710a00000|100%| E|CS|TAMS 0x0000000710800000| PB 0x0000000710800000| Complete |  0
| 127|0x0000000710a00000, 0x0000000710c00000, 0x0000000710c00000|100%| E|CS|TAMS 0x0000000710a00000| PB 0x0000000710a00000| Complete |  0
|2041|0x00000007ffe00000, 0x00000007fff256a0, 0x0000000800000000| 57%| O|  |TAMS 0x00000007ffe00000| PB 0x00000007ffe00000| Untracked |  0

Card table byte_map: [0x0000024999c60000,0x000002499a460000] _byte_map_base: 0x000002499645a000

Marking Bits: (CMBitMap*) 0x00000249ffb50250
 Bits: [0x000002499a460000, 0x000002499e430000)

Polling page: 0x00000249ffbc0000

Metaspace:
Metaspace        used 3992K, committed 4160K, reserved 1114112K
 class space     used 185K, committed 256K, reserved 1048576K

Usage:
  Non-class:      3.72 MB used.
      Class:    185.20 KB used.
       Both:      3.90 MB used.

Virtual space:
  Non-class space:       64.00 MB reserved,       3.81 MB (  6%) committed,  1 nodes.
      Class space:        1.00 GB reserved,     256.00 KB ( <1%) committed,  1 nodes.
             Both:        1.06 GB reserved,       4.06 MB ( <1%) committed. 

Chunk freelists:
   Non-Class:  9.81 MB
       Class:  15.64 MB
        Both:  25.45 MB

MaxMetaspaceSize: unlimited
CompressedClassSpaceSize: 1.00 GB
Initial GC threshold: 21.00 MB
Current GC threshold: 21.00 MB
CDS: on
 - commit_granule_bytes: 65536.
 - commit_granule_words: 8192.
 - virtual_space_node_default_size: 8388608.
 - enlarge_chunks_in_place: 1.
UseCompressedClassPointers 1, UseCompactObjectHeaders 0
Narrow klass pointer bits 32, Max shift 3
Narrow klass base: 0x0000000030000000, Narrow klass shift: 0
Encoding Range: [0x0000000030000000 - 0x0000000130000000), (4294967296 bytes)
Klass Range:    [0x0000000030010000 - 0x0000000071000000), (1090453504 bytes)
Klass ID Range:  [65536 - 1090519033) (1090453497)
Protection zone: [0x0000000030000000 - 0x0000000030010000), (65536 bytes)


Internal statistics:

num_allocs_failed_limit: 0.
num_arena_births: 82.
num_arena_deaths: 0.
num_vsnodes_births: 2.
num_vsnodes_deaths: 0.
num_space_committed: 64.
num_space_uncommitted: 0.
num_chunks_returned_to_freelist: 0.
num_chunks_taken_from_freelist: 191.
num_chunk_merges: 0.
num_chunk_splits: 127.
num_chunks_enlarged: 79.
num_inconsistent_stats: 0.

CodeHeap 'non-profiled nmethods': size=120064Kb used=211Kb max_used=211Kb free=119852Kb
 bounds [0x0000024991690000, 0x0000024991900000, 0x0000024998bd0000]
CodeHeap 'profiled nmethods': size=120000Kb used=1189Kb max_used=1189Kb free=118810Kb
 bounds [0x0000024989bd0000, 0x0000024989e40000, 0x0000024991100000]
CodeHeap 'non-nmethods': size=5696Kb used=1938Kb max_used=1953Kb free=3757Kb
 bounds [0x0000024991100000, 0x0000024991370000, 0x0000024991690000]
CodeCache: size=245760Kb, used=3338Kb, max_used=3353Kb, free=242419Kb
 total_blobs=2032, nmethods=948, adapters=988, full_count=0
Compilation: enabled, stopped_count=0, restarted_count=0

Compilation events (20 events):
Event: 0.460 Thread 0x00000249a10e85a0 nmethod 936 0x00000249916c3a88 code [0x00000249916c3b80, 0x00000249916c3c48]
Event: 0.463 Thread 0x00000249a10e7990  937       4       java.lang.StringLatin1::replace (197 bytes)
Event: 0.464 Thread 0x00000249a10e85a0  938       3       java.net.URL::isBuiltinStreamHandler (32 bytes)
Event: 0.464 Thread 0x00000249a10e85a0 nmethod 938 0x0000024989cf3208 code [0x0000024989cf3300, 0x0000024989cf3b40]
Event: 0.464 Thread 0x00000249a10e85a0  939       3       java.net.URL::isBuiltinStreamHandler (8 bytes)
Event: 0.464 Thread 0x00000249a10e85a0 nmethod 939 0x0000024989cf3b88 code [0x0000024989cf3c80, 0x0000024989cf3f38]
Event: 0.464 Thread 0x00000249a10e85a0  940       3       sun.net.util.IPAddressUtil::checkHostString (65 bytes)
Event: 0.464 Thread 0x00000249a10e85a0 nmethod 940 0x0000024989cf3f88 code [0x0000024989cf4080, 0x0000024989cf4280]
Event: 0.464 Thread 0x00000249a10e85a0  941       3       sun.net.util.IPAddressUtil::checkHost (159 bytes)
Event: 0.465 Thread 0x00000249a10e85a0 nmethod 941 0x0000024989cf4288 code [0x0000024989cf4380, 0x0000024989cf6d90]
Event: 0.465 Thread 0x00000249a10e85a0  942       3       sun.net.util.IPAddressUtil::scan (92 bytes)
Event: 0.465 Thread 0x00000249a10e85a0 nmethod 942 0x0000024989cf6e08 code [0x0000024989cf6f00, 0x0000024989cf7bc8]
Event: 0.465 Thread 0x00000249a10e85a0  943       3       java.lang.Module::isNamed (13 bytes)
Event: 0.465 Thread 0x00000249a10e85a0 nmethod 943 0x0000024989cf7c08 code [0x0000024989cf7d00, 0x0000024989cf7e60]
Event: 0.466 Thread 0x00000249a10e85a0  947       3       java.util.WeakHashMap::remove (131 bytes)
Event: 0.466 Thread 0x00000249a10e85a0 nmethod 947 0x0000024989cf7f08 code [0x0000024989cf8000, 0x0000024989cf8bd0]
Event: 0.466 Thread 0x00000249a10e85a0  945   !   3       java.util.zip.ZipFile$ZipFileInputStream::close (59 bytes)
Event: 0.466 Thread 0x00000249a10e85a0 nmethod 945 0x0000024989cf8c08 code [0x0000024989cf8d00, 0x0000024989cf9110]
Event: 0.466 Thread 0x00000249a10e85a0  946       3       java.util.Collections$SetFromMap::remove (19 bytes)
Event: 0.466 Thread 0x00000249a10e85a0 nmethod 946 0x0000024989cf9188 code [0x0000024989cf9280, 0x0000024989cf94a0]

GC Heap Usage History (0 events):
No events

Metaspace Usage History (0 events):
No events

Dll operation events (7 events):
Event: 0.006 Loaded shared library C:\Program Files\Java\jdk-25\bin\java.dll
Event: 0.049 Loaded shared library C:\Program Files\Java\jdk-25\bin\net.dll
Event: 0.051 Loaded shared library C:\Program Files\Java\jdk-25\bin\nio.dll
Event: 0.060 Loaded shared library C:\Program Files\Java\jdk-25\bin\zip.dll
Event: 0.104 Loaded shared library C:\Program Files\Java\jdk-25\bin\jimage.dll
Event: 0.120 Loaded shared library C:\Users\ciara\AppData\Local\Temp\lwjgl_ciara\3.3.6+1\x64\lwjgl.dll
Event: 0.432 Loaded shared library C:\Users\ciara\AppData\Local\Temp\lwjgl_ciara\3.3.6+1\x64\lwjgl_opengl.dll

Deoptimization events (0 events):
No events

Classes loaded (20 events):
Event: 0.156 Loading class java/util/stream/SliceOps$1
Event: 0.156 Loading class java/util/stream/SliceOps$1 done
Event: 0.157 Loading class java/util/stream/SliceOps$1$1
Event: 0.157 Loading class java/util/stream/SliceOps$1$1 done
Event: 0.157 Loading class java/util/stream/WhileOps$1Op$1OpSink
Event: 0.157 Loading class java/util/stream/WhileOps$DropWhileSink
Event: 0.157 Loading class java/util/stream/WhileOps$DropWhileSink done
Event: 0.157 Loading class java/util/stream/WhileOps$1Op$1OpSink done
Event: 0.158 Loading class java/lang/foreign/MemorySegment
Event: 0.159 Loading class java/lang/foreign/MemorySegment done
Event: 0.161 Loading class java/nio/InvalidMarkException
Event: 0.161 Loading class java/nio/InvalidMarkException done
Event: 0.161 Loading class java/nio/BufferUnderflowException
Event: 0.161 Loading class java/nio/BufferUnderflowException done
Event: 0.172 Loading class java/lang/NoSuchFieldError
Event: 0.172 Loading class java/lang/NoSuchFieldError done
Event: 0.175 Loading class jdk/internal/reflect/MethodHandleIntegerFieldAccessorImpl
Event: 0.175 Loading class jdk/internal/reflect/MethodHandleIntegerFieldAccessorImpl done
Event: 0.458 Loading class java/lang/AssertionError
Event: 0.458 Loading class java/lang/AssertionError done

Classes unloaded (0 events):
No events

Classes redefined (0 events):
No events

Internal exceptions (20 events):
Event: 0.123 Thread 0x00000249ff530be0 Exception <a 'sun/nio/fs/WindowsException'{0x0000000710687058}> (0x0000000710687058) 
thrown [s\open\src\hotspot\share\prims\jni.cpp, line 516]
Event: 0.124 Thread 0x00000249ff530be0 Exception <a 'sun/nio/fs/WindowsException'{0x00000007106875f0}> (0x00000007106875f0) 
thrown [s\open\src\hotspot\share\prims\jni.cpp, line 516]
Event: 0.153 Thread 0x00000249ff530be0 Exception <a 'java/lang/NoSuchMethodError'{0x0000000710771388}: 'int java.lang.invoke.DirectMethodHandle$Holder.invokeStaticInit(java.lang.Object, java.lang.Object, int, long)'> (0x0000000710771388) 
thrown [s\open\src\hotspot\share\interpreter\linkResolver.cpp, line 804]
Event: 0.154 Thread 0x00000249ff530be0 Exception <a 'java/lang/NoSuchMethodError'{0x0000000710780740}: 'java.lang.Object java.lang.invoke.DirectMethodHandle$Holder.newInvokeSpecial(java.lang.Object, java.lang.Object, int)'> (0x0000000710780740) 
thrown [s\open\src\hotspot\share\interpreter\linkResolver.cpp, line 804]
Event: 0.160 Thread 0x00000249ff530be0 Exception <a 'java/lang/NoSuchMethodError'{0x00000007107ccf18}: 'int java.lang.invoke.DirectMethodHandle$Holder.invokeStaticInit(java.lang.Object, java.lang.Object, long, long)'> (0x00000007107ccf18) 
thrown [s\open\src\hotspot\share\interpreter\linkResolver.cpp, line 804]
Event: 0.160 Thread 0x00000249ff530be0 Exception <a 'java/lang/NoSuchMethodError'{0x00000007107dc328}: 'java.lang.Object java.lang.invoke.DirectMethodHandle$Holder.newInvokeSpecial(java.lang.Object, java.lang.Object, long)'> (0x00000007107dc328) 
thrown [s\open\src\hotspot\share\interpreter\linkResolver.cpp, line 804]
Event: 0.160 Thread 0x00000249ff530be0 Exception <a 'java/lang/NoSuchMethodError'{0x00000007107e5098}: 'java.lang.Object java.lang.invoke.Invokers$Holder.linkToTargetMethod(java.lang.Object, long, java.lang.Object)'> (0x00000007107e5098) 
thrown [s\open\src\hotspot\share\interpreter\linkResolver.cpp, line 804]
Event: 0.161 Thread 0x00000249ff530be0 Exception <a 'java/lang/NoSuchMethodError'{0x00000007107f7250}: 'int java.lang.invoke.DirectMethodHandle$Holder.invokeStaticInit(java.lang.Object, java.lang.Object, java.lang.Object, long)'> (0x00000007107f7250) 
thrown [s\open\src\hotspot\share\interpreter\linkResolver.cpp, line 804]
Event: 0.171 Thread 0x00000249ff530be0 Exception <a 'sun/nio/fs/WindowsException'{0x0000000710496ed0}> (0x0000000710496ed0) 
thrown [s\open\src\hotspot\share\prims\jni.cpp, line 516]
Event: 0.171 Thread 0x00000249ff530be0 Exception <a 'sun/nio/fs/WindowsException'{0x0000000710497230}> (0x0000000710497230) 
thrown [s\open\src\hotspot\share\prims\jni.cpp, line 516]
Event: 0.175 Thread 0x00000249ff530be0 Exception <a 'java/lang/NoSuchMethodError'{0x00000007104a8610}: 'int java.lang.invoke.Invokers$Holder.invokeExact_MT(java.lang.Object, java.lang.Object)'> (0x00000007104a8610) 
thrown [s\open\src\hotspot\share\interpreter\linkResolver.cpp, line 804]
Event: 0.409 Thread 0x00000249ff530be0 Exception <a 'java/lang/NoSuchMethodError'{0x00000007104fecd0}: 'void java.lang.invoke.DirectMethodHandle$Holder.invokeStaticInit(java.lang.Object, long, double, double)'> (0x00000007104fecd0) 
thrown [s\open\src\hotspot\share\interpreter\linkResolver.cpp, line 804]
Event: 0.410 Thread 0x00000249ff530be0 Exception <a 'java/lang/NoSuchMethodError'{0x000000071051a8e8}: 'void java.lang.invoke.DirectMethodHandle$Holder.invokeStaticInit(java.lang.Object, long, int, int, int)'> (0x000000071051a8e8) 
thrown [s\open\src\hotspot\share\interpreter\linkResolver.cpp, line 804]
Event: 0.413 Thread 0x00000249ff530be0 Exception <a 'java/lang/NoSuchMethodError'{0x0000000710542e58}: 'void java.lang.invoke.DirectMethodHandle$Holder.invokeStaticInit(java.lang.Object, long, int, int, int, int)'> (0x0000000710542e58) 
thrown [s\open\src\hotspot\share\interpreter\linkResolver.cpp, line 804]
Event: 0.426 Thread 0x00000249ff530be0 Exception <a 'java/lang/NoSuchMethodError'{0x0000000710569b08}: 'void java.lang.System.load(java.lang.String, java.lang.Class)'> (0x0000000710569b08) 
thrown [s\open\src\hotspot\share\interpreter\linkResolver.cpp, line 804]
Event: 0.427 Thread 0x00000249ff530be0 Exception <a 'java/lang/NoSuchMethodError'{0x00000007105718e8}: 'void java.lang.System.loadLibrary(java.lang.String, java.lang.Class)'> (0x00000007105718e8) 
thrown [s\open\src\hotspot\share\interpreter\linkResolver.cpp, line 804]
Event: 0.430 Thread 0x00000249ff530be0 Exception <a 'sun/nio/fs/WindowsException'{0x0000000710585548}> (0x0000000710585548) 
thrown [s\open\src\hotspot\share\prims\jni.cpp, line 516]
Event: 0.430 Thread 0x00000249ff530be0 Exception <a 'sun/nio/fs/WindowsException'{0x00000007105858e8}> (0x00000007105858e8) 
thrown [s\open\src\hotspot\share\prims\jni.cpp, line 516]
Event: 0.435 Thread 0x00000249ff530be0 Exception <a 'sun/nio/fs/WindowsException'{0x000000071058ea68}> (0x000000071058ea68) 
thrown [s\open\src\hotspot\share\prims\jni.cpp, line 516]
Event: 0.435 Thread 0x00000249ff530be0 Exception <a 'sun/nio/fs/WindowsException'{0x000000071058ed38}> (0x000000071058ed38) 
thrown [s\open\src\hotspot\share\prims\jni.cpp, line 516]

VM Operations (2 events):
Event: 0.114 Executing non-safepoint VM operation: HandshakeAllThreads (Deoptimize)
Event: 0.114 Executing non-safepoint VM operation: HandshakeAllThreads (Deoptimize) done

Memory protections (0 events):
No events

Nmethod flushes (0 events):
No events

Events (11 events):
Event: 0.021 Thread 0x00000249ff530be0 Thread added: 0x00000249ff530be0
Event: 0.029 Thread 0x00000249ff530be0 Thread added: 0x00000249a10d04a0
Event: 0.029 Thread 0x00000249ff530be0 Thread added: 0x00000249a10d0f00
Event: 0.029 Thread 0x00000249ff530be0 Thread added: 0x00000249a10d3230
Event: 0.029 Thread 0x00000249ff530be0 Thread added: 0x00000249a10d4e00
Event: 0.029 Thread 0x00000249ff530be0 Thread added: 0x00000249a10d9de0
Event: 0.029 Thread 0x00000249ff530be0 Thread added: 0x00000249a10da9a0
Event: 0.029 Thread 0x00000249ff530be0 Thread added: 0x00000249a10e7990
Event: 0.029 Thread 0x00000249ff530be0 Thread added: 0x00000249a10e85a0
Event: 0.043 Thread 0x00000249ff530be0 Thread added: 0x00000249a11ad1f0
Event: 0.045 Thread 0x00000249ff530be0 Thread added: 0x00000249a11b1b70


Dynamic libraries:
0x00007ff6eab10000 - 0x00007ff6eab20000 	C:\Program Files\Java\jdk-25\bin\java.exe
0x00007fff19130000 - 0x00007fff19328000 	C:\WINDOWS\SYSTEM32\ntdll.dll
0x00007fff178b0000 - 0x00007fff17972000 	C:\WINDOWS\System32\KERNEL32.DLL
0x00007fff16d50000 - 0x00007fff17046000 	C:\WINDOWS\System32\KERNELBASE.dll
0x00007fff16c50000 - 0x00007fff16d50000 	C:\WINDOWS\System32\ucrtbase.dll
0x00007fff0a7f0000 - 0x00007fff0a807000 	C:\Program Files\Java\jdk-25\bin\jli.dll
0x00007fff09d00000 - 0x00007fff09d1e000 	C:\Program Files\Java\jdk-25\bin\VCRUNTIME140.dll
0x00007fff179e0000 - 0x00007fff17b81000 	C:\WINDOWS\System32\USER32.dll
0x00007fff17050000 - 0x00007fff17072000 	C:\WINDOWS\System32\win32u.dll
0x00007fff190c0000 - 0x00007fff190eb000 	C:\WINDOWS\System32\GDI32.dll
0x00007fff05c90000 - 0x00007fff05f2b000 	C:\WINDOWS\WinSxS\amd64_microsoft.windows.common-controls_6595b64144ccf1df_6.0.19041.6456_none_60b8a6cb71f64256\COMCTL32.dll
0x00007fff16870000 - 0x00007fff16989000 	C:\WINDOWS\System32\gdi32full.dll
0x00007fff19020000 - 0x00007fff190be000 	C:\WINDOWS\System32\msvcrt.dll
0x00007fff17080000 - 0x00007fff1711d000 	C:\WINDOWS\System32\msvcp_win.dll
0x00007fff184e0000 - 0x00007fff1850f000 	C:\WINDOWS\System32\IMM32.DLL
0x00007fff05840000 - 0x00007fff0584c000 	C:\Program Files\Java\jdk-25\bin\vcruntime140_1.dll
0x00007ffefc120000 - 0x00007ffefc1ad000 	C:\Program Files\Java\jdk-25\bin\msvcp140.dll
0x00007ffeb4090000 - 0x00007ffeb4eef000 	C:\Program Files\Java\jdk-25\bin\server\jvm.dll
0x00007fff177f0000 - 0x00007fff178a1000 	C:\WINDOWS\System32\ADVAPI32.dll
0x00007fff17de0000 - 0x00007fff17e7f000 	C:\WINDOWS\System32\sechost.dll
0x00007fff17cc0000 - 0x00007fff17de0000 	C:\WINDOWS\System32\RPCRT4.dll
0x00007fff17120000 - 0x00007fff17147000 	C:\WINDOWS\System32\bcrypt.dll
0x00007fff17e80000 - 0x00007fff17eeb000 	C:\WINDOWS\System32\WS2_32.dll
0x00007fff15d50000 - 0x00007fff15d9b000 	C:\WINDOWS\SYSTEM32\POWRPROF.dll
0x00007fff0cf50000 - 0x00007fff0cf77000 	C:\WINDOWS\SYSTEM32\WINMM.dll
0x00007fff10680000 - 0x00007fff1068a000 	C:\WINDOWS\SYSTEM32\VERSION.dll
0x00007fff15bc0000 - 0x00007fff15bd2000 	C:\WINDOWS\SYSTEM32\UMPDC.dll
0x00007fff14650000 - 0x00007fff14662000 	C:\WINDOWS\SYSTEM32\kernel.appcore.dll
0x00007fff05640000 - 0x00007fff0564a000 	C:\Program Files\Java\jdk-25\bin\jimage.dll
0x00007fff0bef0000 - 0x00007fff0c0f1000 	C:\WINDOWS\SYSTEM32\DBGHELP.DLL
0x00007ffef8720000 - 0x00007ffef8754000 	C:\WINDOWS\SYSTEM32\dbgcore.DLL
0x00007fff16bc0000 - 0x00007fff16c42000 	C:\WINDOWS\System32\bcryptPrimitives.dll
0x00007fff01d60000 - 0x00007fff01d7f000 	C:\Program Files\Java\jdk-25\bin\java.dll
0x00007fff171c0000 - 0x00007fff172eb000 	C:\WINDOWS\System32\ole32.dll
0x00007fff17ef0000 - 0x00007fff18244000 	C:\WINDOWS\System32\combase.dll
0x00007fff18660000 - 0x00007fff18dd0000 	C:\WINDOWS\System32\SHELL32.dll
0x00007fff14850000 - 0x00007fff14ff5000 	C:\WINDOWS\SYSTEM32\windows.storage.dll
0x00007fff161f0000 - 0x00007fff1621b000 	C:\WINDOWS\SYSTEM32\Wldp.dll
0x00007fff18de0000 - 0x00007fff18ead000 	C:\WINDOWS\System32\OLEAUT32.dll
0x00007fff18530000 - 0x00007fff185dd000 	C:\WINDOWS\System32\SHCORE.dll
0x00007fff18f10000 - 0x00007fff18f6b000 	C:\WINDOWS\System32\shlwapi.dll
0x00007fff166f0000 - 0x00007fff16714000 	C:\WINDOWS\SYSTEM32\profapi.dll
0x00007fff01d20000 - 0x00007fff01d32000 	C:\Program Files\Java\jdk-25\bin\net.dll
0x00007fff15f50000 - 0x00007fff15fba000 	C:\WINDOWS\system32\mswsock.dll
0x00007fff00c60000 - 0x00007fff00c76000 	C:\Program Files\Java\jdk-25\bin\nio.dll
0x00007fff00320000 - 0x00007fff00337000 	C:\Program Files\Java\jdk-25\bin\zip.dll
0x00007ffeefbf0000 - 0x00007ffeefc6e000 	C:\Users\ciara\AppData\Local\Temp\lwjgl_ciara\3.3.6+1\x64\lwjgl.dll
0x00007ffeeec20000 - 0x00007ffeeeca9000 	C:\Users\ciara\AppData\Local\Temp\lwjgl_ciara\3.3.6+1\x64\glfw.dll
0x00007ffef6b70000 - 0x00007ffef6bb5000 	C:\WINDOWS\SYSTEM32\dinput8.dll
0x00007ffefd240000 - 0x00007ffefd251000 	C:\WINDOWS\SYSTEM32\xinput1_4.dll
0x00007fff16b70000 - 0x00007fff16bbe000 	C:\WINDOWS\System32\cfgmgr32.dll
0x00007fff16550000 - 0x00007fff16583000 	C:\WINDOWS\SYSTEM32\DEVOBJ.dll
0x00007fff14470000 - 0x00007fff1449e000 	C:\WINDOWS\SYSTEM32\dwmapi.dll
0x00007fff07700000 - 0x00007fff07852000 	C:\WINDOWS\SYSTEM32\inputhost.dll
0x00007fff122b0000 - 0x00007fff123a2000 	C:\WINDOWS\SYSTEM32\CoreMessaging.dll
0x00007fff13320000 - 0x00007fff13477000 	C:\WINDOWS\SYSTEM32\wintypes.dll
0x00007fff11ed0000 - 0x00007fff1222b000 	C:\WINDOWS\SYSTEM32\CoreUIComponents.dll
0x00007fff13b80000 - 0x00007fff13c74000 	C:\WINDOWS\SYSTEM32\PROPSYS.dll
0x00007fff15a50000 - 0x00007fff15a83000 	C:\WINDOWS\SYSTEM32\ntmarta.dll
0x00007fff140c0000 - 0x00007fff1415e000 	C:\WINDOWS\system32\uxtheme.dll
0x00007fff17ba0000 - 0x00007fff17cb5000 	C:\WINDOWS\System32\MSCTF.dll
0x00007ffeebf60000 - 0x00007ffeec088000 	C:\WINDOWS\SYSTEM32\opengl32.dll
0x00007fff05fc0000 - 0x00007fff05fec000 	C:\WINDOWS\SYSTEM32\GLU32.dll
0x00007fff18f70000 - 0x00007fff19019000 	C:\WINDOWS\System32\clbcatq.dll
0x00007ffeb4ef0000 - 0x00007ffeb7843000 	C:\WINDOWS\System32\DriverStore\FileRepository\nv_dispi.inf_amd64_d471cab2f241c3c2\nvoglv64.dll
0x00007fff172f0000 - 0x00007fff17760000 	C:\WINDOWS\System32\SETUPAPI.dll
0x00007fff12e80000 - 0x00007fff12e94000 	C:\WINDOWS\SYSTEM32\WTSAPI32.dll
0x00007fff16380000 - 0x00007fff16392000 	C:\WINDOWS\SYSTEM32\msasn1.dll
0x00007fff10640000 - 0x00007fff10671000 	C:\WINDOWS\SYSTEM32\cryptnet.dll
0x00007fff16a10000 - 0x00007fff16b6d000 	C:\WINDOWS\System32\CRYPT32.dll
0x00007fff16160000 - 0x00007fff1616c000 	C:\WINDOWS\SYSTEM32\cryptbase.dll
0x00007fff10260000 - 0x00007fff103a7000 	C:\WINDOWS\SYSTEM32\drvstore.dll
0x00007fff16990000 - 0x00007fff16a03000 	C:\WINDOWS\System32\WINTRUST.dll
0x00007fff18510000 - 0x00007fff1852d000 	C:\WINDOWS\System32\imagehlp.dll
0x00007fff16140000 - 0x00007fff16158000 	C:\WINDOWS\SYSTEM32\CRYPTSP.dll
0x00007fff15800000 - 0x00007fff15838000 	C:\WINDOWS\system32\rsaenh.dll
0x00007ffe6e980000 - 0x00007ffe72714000 	C:\WINDOWS\System32\DriverStore\FileRepository\nv_dispi.inf_amd64_d471cab2f241c3c2\nvgpucomp64.dll
0x00007fff0beb0000 - 0x00007fff0beeb000 	C:\WINDOWS\SYSTEM32\dxcore.dll
0x00007ffeec4e0000 - 0x00007ffeec627000 	C:\WINDOWS\system32\nvspcap64.dll
0x00007fff15470000 - 0x00007fff154d3000 	C:\WINDOWS\SYSTEM32\WINSTA.dll
0x00007fff072a0000 - 0x00007fff07399000 	C:\WINDOWS\SYSTEM32\textinputframework.dll
0x00007ffef55c0000 - 0x00007ffef561d000 	C:\Users\ciara\AppData\Local\Temp\lwjgl_ciara\3.3.6+1\x64\lwjgl_opengl.dll

JVMTI agents: none

dbghelp: loaded successfully - version: 4.0.5 - missing functions: none
symbol engine: initialized successfully - sym options: 0x614 - pdb path: .;C:\Program Files\Java\jdk-25\bin;C:\WINDOWS\SYSTEM32;C:\WINDOWS\WinSxS\amd64_microsoft.windows.common-controls_6595b64144ccf1df_6.0.19041.6456_none_60b8a6cb71f64256;C:\Program Files\Java\jdk-25\bin\server;C:\Users\ciara\AppData\Local\Temp\lwjgl_ciara\3.3.6+1\x64;C:\WINDOWS\System32\DriverStore\FileRepository\nv_dispi.inf_amd64_d471cab2f241c3c2

VM Arguments:
jvm_args: -Dfile.encoding=UTF-8 -Duser.country=IE -Duser.language=en -Duser.variant 
java_command: Main
java_class_path (initial): C:\Users\ciara\Desktop\Code\College Work\Year 4\FYP\PrototypeEngine\build\classes\java\main;C:\Users\ciara\Desktop\Code\College Work\Year 4\FYP\PrototypeEngine\build\resources\main;C:\Users\ciara\.gradle\caches\modules-2\files-2.1\org.lwjgl\lwjgl-assimp\3.3.6\931a8de55dd5ee546689119c85ed4d4af7fa68f2\lwjgl-assimp-3.3.6.jar;C:\Users\ciara\.gradle\caches\modules-2\files-2.1\org.lwjgl\lwjgl-assimp\3.3.6\486fa1e2db9fc903a0cab984604cef1a895b0e28\lwjgl-assimp-3.3.6-natives-windows.jar;C:\Users\ciara\.gradle\caches\modules-2\files-2.1\org.lwjgl\lwjgl-glfw\3.3.6\7119f7d0eeb1e5502ff0ca71d2b4d47317da015\lwjgl-glfw-3.3.6.jar;C:\Users\ciara\.gradle\caches\modules-2\files-2.1\org.lwjgl\lwjgl-glfw\3.3.6\99ef08056feb9627f90425a4d2a22cd9fae8e39b\lwjgl-glfw-3.3.6-natives-windows.jar;C:\Users\ciara\.gradle\caches\modules-2\files-2.1\org.lwjgl\lwjgl-openal\3.3.6\ad313317ff399fd2a7f4dd74716a68cf3976c6ad\lwjgl-openal-3.3.6.jar;C:\Users\ciara\.gradle\caches\modules-2\files-2.1\org.lwjgl\lwjgl-openal\3.3.6\9c2b9b660e085bb0b47a4453dc0e26f24a5475e4\lwjgl-openal-3.3.6-natives-windows.jar;C:\Users\ciara\.gradle\caches\modules-2\files-2.1\org.lwjgl\lwjgl-opengl\3.3.6\ac2532612a4df374e9a9282bcf8ce2573018ebbb\lwjgl-opengl-3.3.6.jar;C:\Users\ciara\.gradle\caches\modules-2\files-2.1\org.lwjgl\lwjgl-opengl\3.3.6\18dc639ebc94aa5202c2157f7490d28997b697c5\lwjgl-opengl-3.3.6-natives-windows.jar;C:\Users\ciara\.gradle\caches\modules-2\files-2.1\org.lwjgl\lwjgl-stb\3.3.6\e2d3739dcfe7b672b626ded66d94f6587083306e\lwjgl-stb-3.3.6.jar;C:\Users\ciara\.gradle\caches\modules-2\files-2.1\org.lwjgl\lwjgl-stb\3.3.6\334cf885b39e2db9070c39e70e65efb136435f10\lwjgl-stb-3.3.6-natives-windows.jar;C:\Users\ciara\.gradle\caches\modules-2\files-2.1\org.lwjgl\lwjgl\3.3.6\ce7721d30cfaf47feaed10213e0c43eb55c49d68\lwjgl-3.3.6.jar;C:\Users\ciara\.gradle\caches\modules-2\files-2.1\org.lwjgl\lwjgl\3.3.6\9a29b6a22fc5184604b8cb434ee5d5ecc4bfcbee\lwjgl-3.3.6-natives-windows.jar;C:\Users\ciara\.gradle\caches\modules-2\files-2.1\org.joml\joml\1.10.8\fc0a71dad90a2cf41d82a76156a0e700af8e4f8d\joml-1.10.8.jar;C:\Users\ciara\.gradle\caches\modules-2\files-2.1\com.code-disaster.steamworks4j\steamworks4j\1.9.0\d69b7f7540745a8d569a5400554e34d42e035da8\steamworks4j-1.9.0.jar;C:\Users\ciara\.gradle\caches\modules-2\files-2.1\org.jetbrains.kotlin\kotlin-stdlib-jdk8\1.8.20\73576ddf378c5b4f1f6b449fe6b119b8183fc078\kotlin-stdlib-jdk8-1.8.20.jar;C:\Users\ciara\.gradle\caches\modules-2\files-2.1\org.jetbrains.kotlin\kotlin-stdlib-jdk7\1.8.20\3aa51faf20aae8b31e1a4bc54f8370673d7b7df4\kotlin-stdlib-jdk7-1.8.20.jar;C:\Users\ciara\.gradle\caches\modules-2\files-2.1\org.jetbrains.kotlin\kotlin-stdlib\1.8.20\e72fc5e03ec6c064c678a6bd0d955c88d55b0c4a\kotlin-stdlib-1.8.20.jar;C:\Users\ciara\.gradle\caches\modules-2\files-2.1\org.jetbrains.kotlin\kotlin-stdlib-common\1.8.20\5eddaaf234c8c49d03eebeb6a14feb7f90faca71\kotlin-stdlib-common-1.8.20.jar;C:\Users\ciara\.gradle\caches\modules-2\files-2.1\org.jetbrains\annotations\13.0\919f0dfe192fb4e063e7dacadee7f8bb9a2672a9\annotations-13.0.jar
Launcher Type: SUN_STANDARD

[Global flags]
     intx CICompilerCount                          = 4                                         {product} {ergonomic}
     uint ConcGCThreads                            = 3                                         {product} {ergonomic}
     uint G1ConcRefinementThreads                  = 10                                        {product} {ergonomic}
   size_t G1HeapRegionSize                         = 2097152                                   {product} {ergonomic}
   size_t InitialHeapSize                          = 268435456                                 {product} {ergonomic}
   size_t MarkStackSize                            = 4194304                                   {product} {ergonomic}
   size_t MarkStackSizeMax                         = 536870912                                 {product} {ergonomic}
   size_t MaxHeapSize                              = 4282384384                                {product} {ergonomic}
   size_t MaxNewSize                               = 2569011200                                {product} {ergonomic}
   size_t MinHeapDeltaBytes                        = 2097152                                   {product} {ergonomic}
   size_t MinHeapSize                              = 8388608                                   {product} {ergonomic}
    uintx NonNMethodCodeHeapSize                   = 5832704                                {pd product} {ergonomic}
    uintx NonProfiledCodeHeapSize                  = 122945536                              {pd product} {ergonomic}
    uintx ProfiledCodeHeapSize                     = 122880000                              {pd product} {ergonomic}
    uintx ReservedCodeCacheSize                    = 251658240                              {pd product} {ergonomic}
     bool SegmentedCodeCache                       = true                                      {product} {ergonomic}
   size_t SoftMaxHeapSize                          = 4282384384                             {manageable} {ergonomic}
     bool UseCompressedOops                        = true                           {product lp64_product} {ergonomic}
     bool UseG1GC                                  = true                                      {product} {ergonomic}
     bool UseLargePagesIndividualAllocation        = false                                  {pd product} {ergonomic}

Logging:
Log output configuration:
 #0: stdout all=warning uptime,level,tags foldmultilines=false
 #1: stderr all=off uptime,level,tags foldmultilines=false

Release file:
IMPLEMENTOR="Oracle Corporation" 
JAVA_RUNTIME_VERSION="25.0.1+8-LTS-27" 
JAVA_VERSION="25.0.1" 
JAVA_VERSION_DATE="2025-10-21" 
LIBC="default" 
MODULES="java.base java.compiler java.datatransfer java.xml java.prefs java.desktop java.instrument java.logging java.management java.security.sasl java.naming java.rmi java.management.rmi java.net.http java.scripting java.security.jgss java.transaction.xa java.sql java.sql.rowset java.xml.crypto java.se java.smartcardio jdk.accessibility jdk.internal.jvmstat jdk.attach jdk.charsets jdk.internal.opt jdk.zipfs jdk.compiler jdk.crypto.cryptoki jdk.crypto.ec jdk.crypto.mscapi jdk.dynalink jdk.internal.ed jdk.editpad jdk.internal.vm.ci jdk.graal.compiler jdk.graal.compiler.management jdk.hotspot.agent jdk.httpserver jdk.incubator.vector jdk.internal.le jdk.internal.md jdk.jartool jdk.javadoc jdk.jcmd jdk.management jdk.management.agent jdk.jconsole jdk.jdeps jdk.jdwp.agent jdk.jdi jdk.jfr jdk.jlink jdk.jpackage jdk.jshell jdk.jsobject jdk.jstatd jdk.localedata jdk.management.jfr jdk.naming.dns jdk.naming.rmi jdk.net jdk.nio.mapmode jdk.sctp jdk.security.auth jdk.security.jgss jdk.unsupported jdk.unsupported.desktop jdk.xml.dom" 
OS_ARCH="x86_64" 
OS_NAME="Windows" 
SOURCE=".:git:862c85bc42b7 open:git:78770bfaefd2" 

Environment Variables:
PATH=C:\Program Files\Common Files\Oracle\Java\javapath;C:\WINDOWS\system32;C:\WINDOWS;C:\WINDOWS\System32\Wbem;C:\WINDOWS\System32\WindowsPowerShell\v1.0\;C:\WINDOWS\System32\OpenSSH\;C:\Program Files\NVIDIA Corporation\NVIDIA App\NvDLISR;C:\Program Files (x86)\NVIDIA Corporation\PhysX\Common;C:\Program Files\Git\cmd;C:\Users\ciara\AppData\Local\Android\Sdk\platform-tools;C:\Program Files\ytDLP;C:\Users\ciara\AppData\Local\Microsoft\WindowsApps;C:\Users\ciara\AppData\Local\PowerToys\;C:\Users\ciara\AppData\Local\Programs\Microsoft VS Code\bin
USERNAME=ciara
OS=Windows_NT
PROCESSOR_IDENTIFIER=AMD64 Family 25 Model 33 Stepping 0, AuthenticAMD
TMP=C:\Users\ciara\AppData\Local\Temp
TEMP=C:\Users\ciara\AppData\Local\Temp




Compilation memory statistics disabled.

Periodic native trim disabled

---------------  S Y S T E M  ---------------

OS:
 Windows 10 , 64 bit Build 19041 (10.0.19041.5915)
OS uptime: 3 days 20:24 hours

CPU: total 12 (initial active 12) (12 cores per cpu, 2 threads per core) family 25 model 33 stepping 0 microcode 0x0, cx8, cmov, fxsr, ht, mmx, 3dnowpref, sse, sse2, sse3, ssse3, sse4a, sse4.1, sse4.2, popcnt, lzcnt, tsc, tscinvbit, avx, avx2, aes, erms, clmul, bmi1, bmi2, adx, sha, fma, vzeroupper, clflush, clflushopt, clwb, rdtscp, rdpid, fsrm, f16c, pku, cet_ss
Processor Information for the first 12 processors :
  Max Mhz: 3701, Current Mhz: 3701, Mhz Limit: 3701

Memory: 4k page, system-wide physical 16330M (6009M free)
TotalPageFile size 20943M (AvailPageFile size 5806M)
current process WorkingSet (physical memory assigned to process): 113M, peak: 113M
current process commit charge ("private bytes"): 481M, peak: 482M

vm_info: Java HotSpot(TM) 64-Bit Server VM (25.0.1+8-LTS-27) for windows-amd64 JRE (25.0.1+8-LTS-27), built on 2025-09-25T16:41:16Z with unknown MS VC++:1943

END.
