#
# A fatal error has been detected by the Java Runtime Environment:
#
#  EXCEPTION_ACCESS_VIOLATION (0xc0000005) at pc=0x00007ff95ecd2827, pid=3292, tid=17004
#
# JRE version: Java(TM) SE Runtime Environment (25.0.1+8) (build 25.0.1+8-LTS-27)
# Java VM: Java HotSpot(TM) 64-Bit Server VM (25.0.1+8-LTS-27, mixed mode, sharing, tiered, compressed oops, compressed class ptrs, g1 gc, windows-amd64)
# Problematic frame:
# C  [imgui-java64.dll+0x52827]
#
# No core dump will be written. Minidumps are not enabled by default on client versions of Windows
#
# If you would like to submit a bug report, please visit:
#   https://bugreport.java.com/bugreport/crash.jsp
# The crash happened outside the Java Virtual Machine in native code.
# See problematic frame for where to report the bug.
#

---------------  S U M M A R Y ------------

Command Line: --enable-native-access=ALL-UNNAMED --add-opens=java.base/sun.misc=ALL-UNNAMED --add-opens=java.base/java.nio=ALL-UNNAMED --enable-preview --enable-preview -Dfile.encoding=UTF-8 -Duser.country=IE -Duser.language=en -Duser.variant -ea Main java.library.path=libs

Host: AMD Ryzen 5 5600X 6-Core Processor             , 12 cores, 15G,  Windows 10 , 64 bit Build 19041 (10.0.19041.5915)
Time: Fri Apr  3 04:34:18 2026 GMT Summer Time elapsed time: 1.603414 seconds (0d 0h 0m 1s)

---------------  T H R E A D  ---------------

Current thread (0x000002820e3f5570):  JavaThread "main"             [_thread_in_native, id=17004, stack(0x0000009ea9400000,0x0000009ea9500000) (1024K)]

Stack: [0x0000009ea9400000,0x0000009ea9500000],  sp=0x0000009ea94fcf00,  free space=1011k
Native frames: (J=compiled Java code, j=interpreted, Vv=VM code, C=native code)
C  [imgui-java64.dll+0x52827]  (no source info available)
C  [imgui-java64.dll+0x54816]  (no source info available)
C  [imgui-java64.dll+0xa386e]  (no source info available)
C  0x000002822051d193  (no source info available)

The last pc belongs to native method entry point (kind = native) (printed below).
Java frames: (J=compiled Java code, j=interpreted, Vv=VM code)
j  imgui.ImGui.nOpenPopup(Ljava/lang/String;)V+0
j  imgui.ImGui.openPopup(Ljava/lang/String;)V+1
j  Rendering.ImGui.ImGuiWindowClose.windowClose()V+8
j  Jade.Window.lambda$init$1(J)V+5
j  Jade.Window$$Lambda+0x000000009e05b000.invoke(J)V+1
j  org.lwjgl.glfw.GLFWWindowCloseCallbackI.callback(JJ)V+8
v  ~StubRoutines::call_stub 0x00000282205112ed
J 1545  org.lwjgl.system.JNI.invokeV(J)V (0 bytes) @ 0x0000028220af9049 [0x0000028220af9000+0x0000000000000049]
j  org.lwjgl.glfw.GLFW.glfwPollEvents()V+5
j  Jade.Window.renderBuffer()V+7
j  Jade.Window.loop()V+75
j  Jade.Window.run()V+16
j  Main.main([Ljava/lang/String;)V+5
v  ~StubRoutines::call_stub 0x00000282205112ed

siginfo: EXCEPTION_ACCESS_VIOLATION (0xc0000005), reading address 0x0000000000000138


Registers:
RAX=0x00000282375d1ac0, RBX=0x000002820e3f59b8, RCX=0x0000000000000000, RDX=0x00000282375d1ac0
RSP=0x0000009ea94fcf00, RBP=0x0000028235822ac0, RSI=0x00000282375d1ac0, RDI=0x0000000000000000
R8 =0x0000000000000000, R9 =0x0000000000000001, R10=0x00000282375d1acf, R11=0x00000282375d1ac0
R12=0x0000000000000000, R13=0x00000282317ef9b8, R14=0x0000009ea94fd078, R15=0x000002820e3f5570
RIP=0x00007ff95ecd2827, EFLAGS=0x0000000000010206

XMM[0]=0x0000000000000000 0x0000000000000000
XMM[1]=0x0000000000000000 0x0000000000000000
XMM[2]=0x0000000000000000 0x0000000000000000
XMM[3]=0x0000000000000000 0x0000000000000000
XMM[4]=0x0000000000000000 0x0000000000000000
XMM[5]=0x0000000000000000 0x0000000000000000
XMM[6]=0x0000000000000000 0x0000000000000000
XMM[7]=0x0000000000000000 0x0000000000000000
XMM[8]=0x0000000000000000 0x0000000000000000
XMM[9]=0x0000000000000000 0x0000000000000000
XMM[10]=0x0000000000000000 0x0000000000000000
XMM[11]=0x0000000000000000 0x0000000000000000
XMM[12]=0x0000000000000000 0x0000000000000000
XMM[13]=0x0000000000000000 0x0000000000000000
XMM[14]=0x0000000000000000 0x0000000000000000
XMM[15]=0x0000000000000000 0x0000000000000000
  MXCSR=0x00001fa0


Register to memory mapping:

RAX=0x00000282375d1ac0 points into unknown readable memory: 0x2064657661736e55 | 55 6e 73 61 76 65 64 20
RBX=0x000002820e3f59b8 points into unknown readable memory: 0x0000028237493da0 | a0 3d 49 37 82 02 00 00
RCX=0x0 is null
RDX=0x00000282375d1ac0 points into unknown readable memory: 0x2064657661736e55 | 55 6e 73 61 76 65 64 20
RSP=0x0000009ea94fcf00 is pointing into the stack for thread: 0x000002820e3f5570
RBP=0x0000028235822ac0 points into unknown readable memory: 0x000002820e670101 | 01 01 67 0e 82 02 00 00
RSI=0x00000282375d1ac0 points into unknown readable memory: 0x2064657661736e55 | 55 6e 73 61 76 65 64 20
RDI=0x0 is null
R8 =0x0 is null
R9 =0x0000000000000001 is an unknown value
R10=0x00000282375d1acf points into unknown readable memory: 00
R11=0x00000282375d1ac0 points into unknown readable memory: 0x2064657661736e55 | 55 6e 73 61 76 65 64 20
R12=0x0 is null
R13={method} {0x00000282317ef9c0} 'nOpenPopup' '(Ljava/lang/String;)V' in 'imgui/ImGui'
R14=0x0000009ea94fd078 is pointing into the stack for thread: 0x000002820e3f5570
R15=0x000002820e3f5570 is a thread

Top of Stack: (sp=0x0000009ea94fcf00)
0x0000009ea94fcf00:   000002820e3f5570 0000028230d4c430   pU?.....0..0....
0x0000009ea94fcf10:   000002820e3f5570 0000009ea94fd078   pU?.....x.O.....
0x0000009ea94fcf20:   00000bdfbfb8d803 00007ff95fbe194d   ........M.._....
0x0000009ea94fcf30:   000002820e3f59b8 00000282375d1ac0   .Y?.......]7....
0x0000009ea94fcf40:   0000000000000000 00007ff95ecd4816   .........H.^....
0x0000009ea94fcf50:   0000028230d4c430 0000009ea94fd078   0..0....x.O.....
0x0000009ea94fcf60:   000002820e3f5570 0000000000000000   pU?.............
0x0000009ea94fcf70:   0000009ea94fcf90 000002820e3f59b8   ..O......Y?.....
0x0000009ea94fcf80:   0000009ea94fd078 00000282375d1ac0   x.O.......]7....
0x0000009ea94fcf90:   0000009ea94fd058 00007ff95ed2386e   X.O.....n8.^....
0x0000009ea94fcfa0:   0000028220518b18 0000009ea94fd058   ..Q ....X.O.....
0x0000009ea94fcfb0:   0000009ea94fd078 000002820e3f5570   x.O.....pU?.....
0x0000009ea94fcfc0:   00000282317ef9b8 0000028230d4c430   ..~1....0..0....
0x0000009ea94fcfd0:   0000028220518b18 000002822051d193   ..Q ......Q ....
0x0000009ea94fcfe0:   3ff0000000000000 00000282317ef9b8   .......?..~1....
0x0000009ea94fcff0:   0000028230d4c430 0000028220518408   0..0......Q ....
0x0000009ea94fd000:   00000282317ef870 000002822051ce6b   p.~1....k.Q ....
0x0000009ea94fd010:   fffffffffffffff7 00000282317ef9b8   ..........~1....
0x0000009ea94fd020:   0000000000000004 000002823180e0b0   ...........1....
0x0000009ea94fd030:   0000000000000000 000000070fcde1b8   ................
0x0000009ea94fd040:   00000282317ef9b8 0000000000000000   ..~1............
0x0000009ea94fd050:   0000009ea94fd078 0000009ea94fd0c8   x.O.......O.....
0x0000009ea94fd060:   0000028220518b18 000000070fcde1b8   ..Q ............
0x0000009ea94fd070:   000002822051a757 000000070f7d54a0   W.Q .....T}.....
0x0000009ea94fd080:   fffffffffffffff7 00000282317ef851   ........Q.~1....
0x0000009ea94fd090:   0000000000000002 000002823180e0b0   ...........1....
0x0000009ea94fd0a0:   0000000000000000 000000070fcde1b8   ................
0x0000009ea94fd0b0:   00000282317ef870 fffffffffffffff6   p.~1............
0x0000009ea94fd0c0:   0000009ea94fd0d8 0000009ea94fd128   ..O.....(.O.....
0x0000009ea94fd0d0:   0000028220518b18 000000070f7d54a0   ..Q .....T}.....
0x0000009ea94fd0e0:   fffffffffffffff7 0000028231a1f088   ...........1....
0x0000009ea94fd0f0:   0000000000000002 0000028231a1f440   ........@..1....

Instructions: (pc=0x00007ff95ecd2827)
  0x00007ff95ecd2727:   e8 e4 51 1b 00 eb a4 66 90 83 fd 0d 75 53 80 7b
  0x00007ff95ecd2737:   0c 00 0f 85 79 fc ff ff 48 8d 4b 0c 41 89 f9 ba
  0x00007ff95ecd2747:   39 00 00 00 4c 8d 05 fb b1 4d 00 e8 b9 f1 fc ff
  0x00007ff95ecd2757:   eb 1f 0f 1f 80 00 00 00 00 48 8d 4b 0c 4d 89 e1
  0x00007ff95ecd2767:   ba 39 00 00 00 4c 8d 05 ce b1 4d 00 e8 98 f1 fc
  0x00007ff95ecd2777:   ff c6 43 05 01 40 88 6b 08 e9 33 fc ff ff 0f 1f
  0x00007ff95ecd2787:   00 e8 43 52 1b 00 84 c0 74 6f 4c 8d 05 28 47 4d
  0x00007ff95ecd2797:   00 ba 4d 55 00 00 48 8d 0d a6 4c 4d 00 e8 67 51
  0x00007ff95ecd27a7:   1b 00 eb cd 0f 1f 44 00 00 48 8d 4b 0c 45 89 e1
  0x00007ff95ecd27b7:   ba 39 00 00 00 4c 8d 05 9f 5f 4d 00 e8 48 f1 fc
  0x00007ff95ecd27c7:   ff eb ae 66 0f 1f 44 00 00 89 c6 c1 ee 1f 01 c6
  0x00007ff95ecd27d7:   d1 fe 01 c6 44 39 fe 41 0f 4c f7 39 f0 0f 8d 3d
  0x00007ff95ecd27e7:   fe ff ff e9 ba fd ff ff 90 4c 89 e1 e8 e8 7c 27
  0x00007ff95ecd27f7:   00 41 89 c1 e9 72 fc ff ff 41 b8 4d 55 00 00 48
  0x00007ff95ecd2807:   8d 15 b3 46 4d 00 48 8d 0d 36 4c 4d 00 ff 15 66
  0x00007ff95ecd2817:   de 7a 00 90 90 0f 1f 40 00 57 56 53 48 83 ec 30
=>0x00007ff95ecd2827:   48 63 81 38 01 00 00 48 89 cb 48 89 d7 4c 89 c6
  0x00007ff95ecd2837:   85 c0 7e 3d 48 8b 8b 40 01 00 00 48 89 f2 45 31
  0x00007ff95ecd2847:   c0 48 29 fa 48 85 f6 49 0f 44 d0 44 8b 44 81 fc
  0x00007ff95ecd2857:   48 89 f9 e8 c1 f2 fc ff 48 8b 13 39 82 d4 41 00
  0x00007ff95ecd2867:   00 74 2e 48 83 c4 30 5b 5e 5f c3 66 0f 1f 44 00
  0x00007ff95ecd2877:   00 e8 53 51 1b 00 84 c0 75 3f 48 63 83 38 01 00
  0x00007ff95ecd2887:   00 85 c0 7f af e8 6f 82 fc ff 0f 1f 80 00 00 00
  0x00007ff95ecd2897:   00 89 c1 49 89 f1 49 89 f8 ba 0b 00 00 00 89 44
  0x00007ff95ecd28a7:   24 2c e8 c2 fa ff ff 8b 44 24 2c 48 83 c4 30 5b
  0x00007ff95ecd28b7:   5e 5f c3 66 0f 1f 44 00 00 4c 8d 05 d1 49 4d 00
  0x00007ff95ecd28c7:   ba 3a 08 00 00 48 8d 0d 24 4b 4d 00 e8 38 50 1b
  0x00007ff95ecd28d7:   00 48 63 83 38 01 00 00 e9 57 ff ff ff 66 66 2e
  0x00007ff95ecd28e7:   0f 1f 84 00 00 00 00 00 90 41 55 41 54 55 57 56
  0x00007ff95ecd28f7:   53 48 83 ec 28 31 c0 48 8d 79 08 48 89 cb 48 8d
  0x00007ff95ecd2907:   69 20 4d 89 c4 48 83 e7 f8 48 8d b1 f0 02 00 00
  0x00007ff95ecd2917:   48 c7 81 88 04 00 00 00 00 00 00 48 29 f9 81 c1


Stack slot to memory mapping:

stack at sp + 0 slots: 0x000002820e3f5570 is a thread
stack at sp + 1 slots: 0x0000028230d4c430 points into unknown readable memory: 0x0000000000000000 | 00 00 00 00 00 00 00 00
stack at sp + 2 slots: 0x000002820e3f5570 is a thread
stack at sp + 3 slots: 0x0000009ea94fd078 is pointing into the stack for thread: 0x000002820e3f5570
stack at sp + 4 slots: 0x00000bdfbfb8d803 is an unknown value
stack at sp + 5 slots: 0x00007ff95fbe194d jvm.dll
stack at sp + 6 slots: 0x000002820e3f59b8 points into unknown readable memory: 0x0000028237493da0 | a0 3d 49 37 82 02 00 00
stack at sp + 7 slots: 0x00000282375d1ac0 points into unknown readable memory: 0x2064657661736e55 | 55 6e 73 61 76 65 64 20

Lock stack of current Java thread (top to bottom):

native method entry point (kind = native)  [0x000002822051cdc0, 0x000002822051d8b8]  2808 bytes
[MachCode]
  0x000002822051cdc0: 488b 4b08 | 0fb7 492e | 584c 8d74 | ccf8 6800 | 0000 0068 | 0000 0000 | 5055 488b | ec41 5548 
  0x000002822051cde0: 8b43 084c | 8d68 3848 | 8b40 0868 | 0000 0000 | 5348 8b50 | 1848 8b52 | 7048 8b12 | 5248 8b53 
  0x000002822051ce00: 1048 85d2 | 7407 4881 | c2d0 0000 | 0052 488b | 5010 5249 | 8bc6 482b | c548 c1e8 | 0350 6800 
  0x000002822051ce20: 0000 0068 | f7ff ffff | 41c6 87f1 | 0400 0001 | 488b 4310 | 4885 c074 | 208b 8890 | 0000 0083 
  0x000002822051ce40: c102 8988 | 9000 0000 | 2388 a400 | 0000 0f84 | b209 0000 | e9cf 0000 | 0048 8b43 | 1848 85c0 
  0x000002822051ce60: 0f85 b000 | 0000 e805 | 0000 00e9 | 9900 0000 | 488b d348 | 8d44 2408 | 4c89 6dc0 | 498b cfc5 
  0x000002822051ce80: f877 4989 | af38 0400 | 0049 8987 | 2804 0000 | 4883 ec20 | 40f6 c40f | 0f84 1900 | 0000 4883 
  0x000002822051cea0: ec08 48b8 | 401f 905f | f97f 0000 | ffd0 4883 | c408 e90c | 0000 0048 | b840 1f90 | 5ff9 7f00 
  0x000002822051cec0: 00ff d048 | 83c4 2049 | c787 2804 | 0000 0000 | 0000 49c7 | 8738 0400 | 0000 0000 | 0049 c787 
  0x000002822051cee0: 3004 0000 | 0000 0000 | c5f8 7749 | 837f 0800 | 0f84 0500 | 0000 e9e5 | 42ff ff4c | 8b6d c04c 
  0x000002822051cf00: 8b75 c84e | 8d74 f500 | c348 8b43 | 1848 85c0 | 0f84 1200 | 0000 8b48 | 0883 c102 | 8948 0823 
  0x000002822051cf20: 482c 0f84 | de08 0000 | 493b a770 | 0500 000f | 8748 0000 | 0089 8424 | 00f0 ffff | 8984 2400 
  0x000002822051cf40: e0ff ff89 | 8424 00d0 | ffff 8984 | 2400 c0ff | ff89 8424 | 00b0 ffff | 8984 2400 | a0ff ff89 
  0x000002822051cf60: 8424 0090 | ffff 8984 | 2400 80ff | ff49 3ba7 | 6805 0000 | 7607 4989 | a770 0500 | 0041 c687 
  0x000002822051cf80: f104 0000 | 0048 8b5d | e84c 8b5b | 0845 0fb7 | 5b2e 41c1 | e303 492b | e348 83ec | 2048 83e4 
  0x000002822051cfa0: f04c 8b5b | 604d 85db | 0f85 ab00 | 0000 e805 | 0000 00e9 | 9900 0000 | 488b d348 | 8d44 2408 
  0x000002822051cfc0: 4c89 6dc0 | 498b cfc5 | f877 4989 | af38 0400 | 0049 8987 | 2804 0000 | 4883 ec20 | 40f6 c40f 
  0x000002822051cfe0: 0f84 1900 | 0000 4883 | ec08 48b8 | 7048 905f | f97f 0000 | ffd0 4883 | c408 e90c | 0000 0048 
  0x000002822051d000: b870 4890 | 5ff9 7f00 | 00ff d048 | 83c4 2049 | c787 2804 | 0000 0000 | 0000 49c7 | 8738 0400 
  0x000002822051d020: 0000 0000 | 0049 c787 | 3004 0000 | 0000 0000 | c5f8 7749 | 837f 0800 | 0f84 0500 | 0000 e99d 
  0x000002822051d040: 41ff ff4c | 8b6d c04c | 8b75 c84e | 8d74 f500 | c348 8b5d | e84c 8b5b | 6041 ffd3 | 488b 5de8 
  0x000002822051d060: 4889 4518 | 440f b75b | 2c41 f6c3 | 080f 841b | 0000 004c | 8b5b 084d | 8b5b 084d | 8b5b 184d 
  0x000002822051d080: 8b5b 704d | 8b1b 4c89 | 5d10 488d | 5510 488b | 4358 49ba | a00f cb5f | f97f 0000 | 493b c20f 
  0x000002822051d0a0: 85ab 0000 | 00e8 0500 | 0000 e999 | 0000 0048 | 8bd3 488d | 4424 084c | 896d c049 | 8bcf c5f8 
  0x000002822051d0c0: 7749 89af | 3804 0000 | 4989 8728 | 0400 0048 | 83ec 2040 | f6c4 0f0f | 8419 0000 | 0048 83ec 
  0x000002822051d0e0: 0848 b870 | 4890 5ff9 | 7f00 00ff | d048 83c4 | 08e9 0c00 | 0000 48b8 | 7048 905f | f97f 0000 
  0x000002822051d100: ffd0 4883 | c420 49c7 | 8728 0400 | 0000 0000 | 0049 c787 | 3804 0000 | 0000 0000 | 49c7 8730 
  0x000002822051d120: 0400 0000 | 0000 00c5 | f877 4983 | 7f08 000f | 8405 0000 | 00e9 a640 | ffff 4c8b | 6dc0 4c8b 
  0x000002822051d140: 75c8 4e8d | 74f5 00c3 | 488b 5de8 | 488b 4358 | 498d 8f48 | 0400 004c | 8d15 d500 | 0000 4d89 
  0x000002822051d160: 9730 0400 | 00c5 f877 | 4989 af38 | 0400 0049 | 89a7 2804 | 0000 41c7 | 87d4 0400 | 0004 0000 
  0x000002822051d180: 0049 3ba7 | c805 0000 | 7607 4989 | a7c8 0500 | 00ff d049 | 3ba7 c805 | 0000 720b | 49c7 87c8 
  0x000002822051d1a0: 0500 0000 | 0000 00c5 | f877 4883 | ec10 c5fb | 1104 2448 | 83ec 1048 | 8904 2448 | c744 2408 
  0x000002822051d1c0: 0000 0000 | 41c7 87d4 | 0400 0005 | 0000 00f0 | 8344 24c0 | 0049 3b6f | 280f 870e | 0000 0041 
  0x000002822051d1e0: 83bf d004 | 0000 000f | 8420 0000 | 0049 8bcf | 4c8b e448 | 83ec 2048 | 83e4 f048 | b8a0 ac91 
  0x000002822051d200: 5ff9 7f00 | 00ff d049 | 8be4 4d33 | e441 c787 | d404 0000 | 0800 0000 | 4d8b 97f0 | 0500 0049 
  0x000002822051d220: 83fa 0074 | 3549 c787 | f005 0000 | 0000 0000 | 41ff e249 | ba60 be51 | 2082 0200 | 0041 ffd2 
  0x000002822051d240: 4883 ec10 | c5fb 1104 | 2448 83ec | 1048 8904 | 2448 c744 | 2408 0000 | 0000 49c7 | 8728 0400 
  0x000002822051d260: 0000 0000 | 0049 c787 | 3804 0000 | 0000 0000 | 49c7 8730 | 0400 0000 | 0000 00c5 | f877 4d8b 
  0x000002822051d280: 9fb8 0400 | 0041 c783 | 0001 0000 | 0000 0000 | 49bb 5aa7 | 5120 8202 | 0000 4c3b | 5d18 0f85 
  0x000002822051d2a0: 5501 0000 | 488b 0424 | 4883 c410 | 4885 c00f | 842f 0100 | 00a8 030f | 8508 0000 | 0048 8b00 
  0x000002822051d2c0: e91f 0100 | 00a8 010f | 8509 0000 | 0048 8b40 | fee9 0e01 | 0000 488b | 40ff 4180 | 7f48 000f 
  0x000002822051d2e0: 84ff 0000 | 0048 83f8 | 000f 84f5 | 0000 004d | 8b5f 384d | 85db 0f84 | 1400 0000 | 4983 eb08 
  0x000002822051d300: 4d89 5f38 | 4d03 5f40 | 4989 03e9 | d400 0000 | 4883 ec70 | 4889 0424 | 4889 4c24 | 0848 8954 
  0x000002822051d320: 2410 4c89 | 4424 184c | 894c 2420 | 4c89 5424 | 284c 895c | 2430 c5fb | 1144 2440 | c5fb 114c 
  0x000002822051d340: 2448 c5fb | 1154 2450 | c5fb 115c | 2458 c5fb | 1164 2460 | c5fb 116c | 2468 498b | d748 8bc8 
  0x000002822051d360: 4883 ec20 | 40f6 c40f | 0f84 1900 | 0000 4883 | ec08 48b8 | 2076 845f | f97f 0000 | ffd0 4883 
  0x000002822051d380: c408 e90c | 0000 0048 | b820 7684 | 5ff9 7f00 | 00ff d048 | 83c4 20c5 | fb10 6c24 | 68c5 fb10 
  0x000002822051d3a0: 6424 60c5 | fb10 5c24 | 58c5 fb10 | 5424 50c5 | fb10 4c24 | 48c5 fb10 | 4424 404c | 8b5c 2430 
  0x000002822051d3c0: 4c8b 5424 | 284c 8b4c | 2420 4c8b | 4424 1848 | 8b54 2410 | 488b 4c24 | 0848 8b04 | 2448 83c4 
  0x000002822051d3e0: 70c5 f877 | 4889 4510 | 4883 ec10 | 4889 0424 | 48c7 4424 | 0800 0000 | 0041 83bf | 5005 0000 
  0x000002822051d400: 020f 85bf | 0000 0048 | 81ec 8000 | 0000 4889 | 4424 7848 | 894c 2470 | 4889 5424 | 6848 895c 
  0x000002822051d420: 2460 4889 | 6c24 5048 | 8974 2448 | 4889 7c24 | 404c 8944 | 2438 4c89 | 4c24 304c | 8954 2428 
  0x000002822051d440: 4c89 5c24 | 204c 8964 | 2418 4c89 | 6c24 104c | 8974 2408 | 4c89 3c24 | 4c8b e448 | 83ec 2048 
  0x000002822051d460: 83e4 f048 | b810 f7ca | 5ff9 7f00 | 00ff d049 | 8be4 4c8b | 3c24 4c8b | 7424 084c | 8b6c 2410 
  0x000002822051d480: 4c8b 6424 | 184c 8b5c | 2420 4c8b | 5424 284c | 8b4c 2430 | 4c8b 4424 | 3848 8b7c | 2440 488b 
  0x000002822051d4a0: 7424 4848 | 8b6c 2450 | 488b 5c24 | 6048 8b54 | 2468 488b | 4c24 7048 | 8b44 2478 | 4881 c480 
  0x000002822051d4c0: 0000 004d | 33e4 488b | 5de8 4c8b | 6b08 4d8d | 6d38 4983 | 7f08 000f | 84bb 0000 | 00e8 0500 
  0x000002822051d4e0: 0000 e996 | 0000 0048 | 8d44 2408 | 4c89 6dc0 | 498b cfc5 | f877 4989 | af38 0400 | 0049 8987 
  0x000002822051d500: 2804 0000 | 4883 ec20 | 40f6 c40f | 0f84 1900 | 0000 4883 | ec08 48b8 | b066 905f | f97f 0000 
  0x000002822051d520: ffd0 4883 | c408 e90c | 0000 0048 | b8b0 6690 | 5ff9 7f00 | 00ff d048 | 83c4 2049 | c787 2804 
  0x000002822051d540: 0000 0000 | 0000 49c7 | 8738 0400 | 0000 0000 | 0049 c787 | 3004 0000 | 0000 0000 | c5f8 7749 
  0x000002822051d560: 837f 0800 | 0f84 0500 | 0000 e971 | 3cff ff4c | 8b6d c04c | 8b75 c84e | 8d74 f500 | c348 b948 
  0x000002822051d580: 08f4 5ff9 | 7f00 0048 | 83e4 f048 | b800 8db7 | 5ff9 7f00 | 00ff d0f4 | 440f b75b | 2c41 f6c3 
  0x000002822051d5a0: 200f 8472 | 0100 0048 | 8d55 a84c | 8b5a 084d | 85db 0f85 | bb00 0000 | e805 0000 | 00e9 9600 
  0x000002822051d5c0: 0000 488d | 4424 084c | 896d c049 | 8bcf c5f8 | 7749 89af | 3804 0000 | 4989 8728 | 0400 0048 
  0x000002822051d5e0: 83ec 2040 | f6c4 0f0f | 8419 0000 | 0048 83ec | 0848 b8e0 | 6590 5ff9 | 7f00 00ff | d048 83c4 
  0x000002822051d600: 08e9 0c00 | 0000 48b8 | e065 905f | f97f 0000 | ffd0 4883 | c420 49c7 | 8728 0400 | 0000 0000 
  0x000002822051d620: 0049 c787 | 3804 0000 | 0000 0000 | 49c7 8730 | 0400 0000 | 0000 00c5 | f877 4983 | 7f08 000f 
  0x000002822051d640: 8405 0000 | 00e9 963b | ffff 4c8b | 6dc0 4c8b | 75c8 4e8d | 74f5 00c3 | 48b9 4808 | f45f f97f 
  0x000002822051d660: 0000 4883 | e4f0 48b8 | 008d b75f | f97f 0000 | ffd0 f44c | 896d c04c | 8b4a 0848 | c742 0800 
  0x000002822051d680: 0000 0045 | 8b87 d806 | 0000 4f3b | 4c07 f80f | 8542 0000 | 0041 83af | d806 0000 | 084f 3b4c 
  0x000002822051d6a0: 07f0 0f84 | 2a00 0000 | 498b 01a8 | 020f 8512 | 0000 004c | 8bc0 4983 | c801 f04d | 0fb1 010f 
  0x000002822051d6c0: 840d 0000 | 0041 8387 | d806 0000 | 08e9 0500 | 0000 e93e | 0000 004c | 894a 0848 | 8bca 4883 
  0x000002822051d6e0: ec20 40f6 | c40f 0f84 | 1900 0000 | 4883 ec08 | 48b8 3038 | 905f f97f | 0000 ffd0 | 4883 c408 
  0x000002822051d700: e90c 0000 | 0048 b830 | 3890 5ff9 | 7f00 00ff | d048 83c4 | 204c 8b6d | c041 c687 | 9603 0000 
  0x000002822051d720: 0149 3b6f | 280f 8705 | 0000 00e9 | ab00 0000 | 4883 ec10 | c5fb 1104 | 2448 83ec | 1048 8904 
  0x000002822051d740: 2448 c744 | 2408 0000 | 0000 c5f8 | 7749 89af | 3804 0000 | 49ba 4ad7 | 5120 8202 | 0000 4d89 
  0x000002822051d760: 9730 0400 | 0049 89a7 | 2804 0000 | 498b cf48 | 83ec 2040 | f6c4 0f0f | 8419 0000 | 0048 83ec 
  0x000002822051d780: 0848 b8d0 | 1e90 5ff9 | 7f00 00ff | d048 83c4 | 08e9 0c00 | 0000 48b8 | d01e 905f | f97f 0000 
  0x000002822051d7a0: ffd0 4883 | c420 49c7 | 8728 0400 | 0000 0000 | 0049 c787 | 3804 0000 | 0000 0000 | 49c7 8730 
  0x000002822051d7c0: 0400 0000 | 0000 00c5 | f877 488b | 0424 4883 | c410 c5fb | 1004 2448 | 83c4 1048 | 8b04 2448 
  0x000002822051d7e0: 83c4 10c5 | fb10 0424 | 4883 c410 | 4c8b 5d18 | 41ff d34c | 8b5d f8c9 | 41c6 8796 | 0300 0000 
  0x000002822051d800: 5f49 8be3 | ffe7 ba00 | 0000 00e8 | 0500 0000 | e996 0000 | 0048 8d44 | 2408 4c89 | 6dc0 498b 
  0x000002822051d820: cfc5 f877 | 4989 af38 | 0400 0049 | 8987 2804 | 0000 4883 | ec20 40f6 | c40f 0f84 | 1900 0000 
  0x000002822051d840: 4883 ec08 | 48b8 202e | 905f f97f | 0000 ffd0 | 4883 c408 | e90c 0000 | 0048 b820 | 2e90 5ff9 
  0x000002822051d860: 7f00 00ff | d048 83c4 | 2049 c787 | 2804 0000 | 0000 0000 | 49c7 8738 | 0400 0000 | 0000 0049 
  0x000002822051d880: c787 3004 | 0000 0000 | 0000 c5f8 | 7749 837f | 0800 0f84 | 0500 0000 | e943 39ff | ff4c 8b6d 
  0x000002822051d8a0: c04c 8b75 | c84e 8d74 | f500 c348 | 8b5d e8e9 | 74f6 ffff | 0f1f 4000 
[/MachCode]

Compiled method (n/a) 1698 1545     n 0       org.lwjgl.system.JNI::invokeV (native)
 total in heap  [0x0000028220af8f08,0x0000028220af9170] = 616
 main code      [0x0000028220af9000,0x0000028220af9165] = 357
 stub code      [0x0000028220af9165,0x0000028220af9168] = 3
 oops           [0x0000028220af9168,0x0000028220af9170] = 8
 mutable data [0x00000282375c8c30,0x00000282375c8c50] = 32
 relocation     [0x00000282375c8c30,0x00000282375c8c50] = 32

[Constant Pool (empty)]

[MachCode]
[Entry Point]
  # {method} {0x00000282314f3100} 'invokeV' '(J)V' in 'org/lwjgl/system/JNI'
  # parm0:    rdx:rdx   = long
  #           [sp+0x70]  (sp of caller)
  0x0000028220af9000: 6690 448b | 5208 443b 

  0x0000028220af9008: ;   {runtime_call Shared Runtime ic_miss_blob}
  0x0000028220af9008: 5008 0f85 | d05a a6ff 
[Verified Entry Point]
  0x0000028220af9010: 8984 2400 | 80ff ff55 | 488b ec48 | 83ec 6090 | 4181 7f20 | 0100 0000 

  0x0000028220af9028: ;   {runtime_call Stub::method_entry_barrier}
  0x0000028220af9028: 7405 e811 | b2a4 ff4c 

  0x0000028220af9030: ;   {oop(a 'java/lang/Class'{0x00000007105d1bc0} = 'org/lwjgl/system/JNI')}
  0x0000028220af9030: 8bc2 49be | c01b 5d10 | 0700 0000 | 4c89 7424 | 504c 8d74 | 2450 498b | d6c5 f877 

  0x0000028220af904c: ;   {internal_word}
  0x0000028220af904c: 49ba 4990 | af20 8202 | 0000 4d89 | 9730 0400 | 0049 89a7 | 2804 0000 | 498d 8f48 | 0400 0041 
  0x0000028220af906c: c787 d404 | 0000 0400 

  0x0000028220af9074: ;   {runtime_call}
  0x0000028220af9074: 0000 48b8 | b013 3712 | fa7f 0000 | ffd0 c5f8 | 7741 c787 | d404 0000 | 0500 0000 | f083 4424 
  0x0000028220af9094: c000 493b | 6f28 0f87 | 0e00 0000 | 4183 bfd0 | 0400 0000 | 0f84 2300 | 0000 c5f8 | 7749 8bcf 
  0x0000028220af90b4: 4c8b e448 | 83ec 2048 

  0x0000028220af90bc: ;   {runtime_call}
  0x0000028220af90bc: 83e4 f048 | b8a0 ac91 | 5ff9 7f00 | 00ff d049 | 8be4 4d33 | e441 c787 | d404 0000 | 0800 0000 
  0x0000028220af90dc: 4183 bf50 | 0500 0002 | 0f84 5900 | 0000 49c7 | 8728 0400 | 0000 0000 | 0049 c787 | 3004 0000 
  0x0000028220af90fc: 0000 0000 | c5f8 7749 | 8b8f b804 | 0000 c781 | 0001 0000 | 0000 0000 

  0x0000028220af9114: ;   {poll_return}
  0x0000028220af9114: c941 f647 | 2801 7416 

  0x0000028220af911c: ;   {internal_word}
  0x0000028220af911c: 49ba 1591 | af20 8202 | 0000 4d89 | 97e0 0400 

  0x0000028220af912c: ;   {runtime_call SafepointBlob}
  0x0000028220af912c: 00e9 2e7e | a6ff 4983 | 7f08 000f | 8501 0000 

  0x0000028220af913c: ;   {runtime_call Stub::forward_exception}
  0x0000028220af913c: 00c3 e99d | 80a1 ffc5 | f877 4c8b | e448 83ec | 2048 83e4 

  0x0000028220af9150: ;   {runtime_call}
  0x0000028220af9150: f048 b810 | f7ca 5ff9 | 7f00 00ff | d049 8be4 | 4d33 e4eb | 85f4 f4f4 
[/MachCode]


---------------  P R O C E S S  ---------------

Threads class SMR info:
_java_thread_list=0x00000282376e0250, length=13, elements={
0x000002820e3f5570, 0x0000028230126f10, 0x00000282301276d0, 0x000002823012c530,
0x000002823012d0f0, 0x000002823012dcb0, 0x0000028230138c90, 0x000002823015bba0,
0x0000028230163c90, 0x00000282302a1c50, 0x00000282302a65f0, 0x00000282378bd140,
0x00000282377608c0
}

Java Threads: ( => current thread )
=>0x000002820e3f5570 JavaThread "main"                              [_thread_in_native, id=17004, stack(0x0000009ea9400000,0x0000009ea9500000) (1024K)]
  0x0000028230126f10 JavaThread "Reference Handler"          daemon [_thread_blocked, id=22684, stack(0x0000009ea9c00000,0x0000009ea9d00000) (1024K)]
  0x00000282301276d0 JavaThread "Finalizer"                  daemon [_thread_blocked, id=3832, stack(0x0000009ea9d00000,0x0000009ea9e00000) (1024K)]
  0x000002823012c530 JavaThread "Signal Dispatcher"          daemon [_thread_blocked, id=23108, stack(0x0000009ea9e00000,0x0000009ea9f00000) (1024K)]
  0x000002823012d0f0 JavaThread "Attach Listener"            daemon [_thread_blocked, id=5340, stack(0x0000009ea9f00000,0x0000009eaa000000) (1024K)]
  0x000002823012dcb0 JavaThread "Service Thread"             daemon [_thread_blocked, id=7576, stack(0x0000009eaa000000,0x0000009eaa100000) (1024K)]
  0x0000028230138c90 JavaThread "Monitor Deflation Thread"   daemon [_thread_blocked, id=13284, stack(0x0000009eaa100000,0x0000009eaa200000) (1024K)]
  0x000002823015bba0 JavaThread "C2 CompilerThread0"         daemon [_thread_blocked, id=14060, stack(0x0000009eaa200000,0x0000009eaa300000) (1024K)]
  0x0000028230163c90 JavaThread "C1 CompilerThread0"         daemon [_thread_blocked, id=924, stack(0x0000009eaa300000,0x0000009eaa400000) (1024K)]
  0x00000282302a1c50 JavaThread "Notification Thread"        daemon [_thread_blocked, id=23092, stack(0x0000009eaa400000,0x0000009eaa500000) (1024K)]
  0x00000282302a65f0 JavaThread "Common-Cleaner"             daemon [_thread_blocked, id=3804, stack(0x0000009eaa500000,0x0000009eaa600000) (1024K)]
  0x00000282378bd140 JavaThread "Java2D Disposer"            daemon [_thread_blocked, id=11280, stack(0x0000009eaa600000,0x0000009eaa700000) (1024K)]
  0x00000282377608c0 JavaThread "AWT-Windows"                daemon [_thread_in_native, id=20188, stack(0x0000009eaaf00000,0x0000009eab000000) (1024K)]
Total: 13

Other Threads:
  0x0000028230116990 VMThread "VM Thread"                           [id=22508, stack(0x0000009ea9b00000,0x0000009ea9c00000) (1024K)]
  0x000002822ffe32a0 WatcherThread "VM Periodic Task Thread"        [id=16076, stack(0x0000009ea9a00000,0x0000009ea9b00000) (1024K)]
  0x00000282107c1e60 WorkerThread "GC Thread#0"                     [id=12116, stack(0x0000009ea9500000,0x0000009ea9600000) (1024K)]
  0x00000282107daf90 ConcurrentGCThread "G1 Main Marker"            [id=5348, stack(0x0000009ea9600000,0x0000009ea9700000) (1024K)]
  0x00000282107dc2d0 WorkerThread "G1 Conc#0"                       [id=2640, stack(0x0000009ea9700000,0x0000009ea9800000) (1024K)]
  0x000002821081e770 ConcurrentGCThread "G1 Refine#0"               [id=18024, stack(0x0000009ea9800000,0x0000009ea9900000) (1024K)]
  0x000002822ffd9d60 ConcurrentGCThread "G1 Service"                [id=12624, stack(0x0000009ea9900000,0x0000009ea9a00000) (1024K)]
Total: 7

Threads with active compile tasks:
Total: 0

VM state: not at safepoint (normal execution)

VM Mutex/Monitor currently owned by a thread: None

Heap address: 0x0000000700c00000, size: 4084 MB, Compressed Oops mode: Zero based, Oop shift amount: 3

CDS archive(s) mapped at: [0x000000009d000000-0x000000009ddd0000-0x000000009ddd0000), size 14483456, SharedBaseAddress: 0x000000009d000000, ArchiveRelocationMode: 1.
Compressed class space mapped at: 0x000000009e000000-0x00000000de000000, reserved size: 1073741824
UseCompressedClassPointers 1, UseCompactObjectHeaders 0
Narrow klass pointer bits 32, Max shift 3
Narrow klass base: 0x000000009d000000, Narrow klass shift: 0
Encoding Range: [0x000000009d000000 - 0x000000019d000000), (4294967296 bytes)
Klass Range:    [0x000000009d010000 - 0x00000000de000000), (1090453504 bytes)
Klass ID Range:  [65536 - 1090519033) (1090453497)
Protection zone: [0x000000009d000000 - 0x000000009d010000), (65536 bytes)

GC Precious Log:
 CardTable entry size: 512
 Card Set container configuration: InlinePtr #cards 4 size 8 Array Of Cards #cards 16 size 48 Howl #buckets 8 coarsen threshold 3686 Howl Bitmap #cards 512 size 80 coarsen threshold 460 Card regions per heap region 1 cards per card region 4096
 CPUs: 12 total, 12 available
 Memory: 16330M
 Large Page Support: Disabled
 NUMA Support: Disabled
 Compressed Oops: Enabled (Zero based)
 Heap Region Size: 2M
 Heap Min Capacity: 8M
 Heap Initial Capacity: 256M
 Heap Max Capacity: 4084M
 Pre-touch: Disabled
 Parallel Workers: 10
 Concurrent Workers: 3
 Concurrent Refinement Workers: 10
 Periodic GC: Disabled

Heap:
 garbage-first heap   total reserved 4182016K, committed 264192K, used 21653K [0x0000000700c00000, 0x0000000800000000)
  region size 2048K, 12 young (24576K), 0 survivors (0K)

Heap Regions: E=young(eden), S=young(survivor), O=old, HS=humongous(starts), HC=humongous(continues), CS=collection set, F=free, TAMS=top-at-mark-start, PB=parsable bottom
|   0|0x0000000700c00000, 0x0000000700c00000, 0x0000000700e00000|  0%| F|  |TAMS 0x0000000700c00000| PB 0x0000000700c00000| Untracked |  0
|   1|0x0000000700e00000, 0x0000000700e00000, 0x0000000701000000|  0%| F|  |TAMS 0x0000000700e00000| PB 0x0000000700e00000| Untracked |  0
|   2|0x0000000701000000, 0x0000000701000000, 0x0000000701200000|  0%| F|  |TAMS 0x0000000701000000| PB 0x0000000701000000| Untracked |  0
|   3|0x0000000701200000, 0x0000000701200000, 0x0000000701400000|  0%| F|  |TAMS 0x0000000701200000| PB 0x0000000701200000| Untracked |  0
|   4|0x0000000701400000, 0x0000000701400000, 0x0000000701600000|  0%| F|  |TAMS 0x0000000701400000| PB 0x0000000701400000| Untracked |  0
|   5|0x0000000701600000, 0x0000000701600000, 0x0000000701800000|  0%| F|  |TAMS 0x0000000701600000| PB 0x0000000701600000| Untracked |  0
|   6|0x0000000701800000, 0x0000000701800000, 0x0000000701a00000|  0%| F|  |TAMS 0x0000000701800000| PB 0x0000000701800000| Untracked |  0
|   7|0x0000000701a00000, 0x0000000701a00000, 0x0000000701c00000|  0%| F|  |TAMS 0x0000000701a00000| PB 0x0000000701a00000| Untracked |  0
|   8|0x0000000701c00000, 0x0000000701c00000, 0x0000000701e00000|  0%| F|  |TAMS 0x0000000701c00000| PB 0x0000000701c00000| Untracked |  0
|   9|0x0000000701e00000, 0x0000000701e00000, 0x0000000702000000|  0%| F|  |TAMS 0x0000000701e00000| PB 0x0000000701e00000| Untracked |  0
|  10|0x0000000702000000, 0x0000000702000000, 0x0000000702200000|  0%| F|  |TAMS 0x0000000702000000| PB 0x0000000702000000| Untracked |  0
|  11|0x0000000702200000, 0x0000000702200000, 0x0000000702400000|  0%| F|  |TAMS 0x0000000702200000| PB 0x0000000702200000| Untracked |  0
|  12|0x0000000702400000, 0x0000000702400000, 0x0000000702600000|  0%| F|  |TAMS 0x0000000702400000| PB 0x0000000702400000| Untracked |  0
|  13|0x0000000702600000, 0x0000000702600000, 0x0000000702800000|  0%| F|  |TAMS 0x0000000702600000| PB 0x0000000702600000| Untracked |  0
|  14|0x0000000702800000, 0x0000000702800000, 0x0000000702a00000|  0%| F|  |TAMS 0x0000000702800000| PB 0x0000000702800000| Untracked |  0
|  15|0x0000000702a00000, 0x0000000702a00000, 0x0000000702c00000|  0%| F|  |TAMS 0x0000000702a00000| PB 0x0000000702a00000| Untracked |  0
|  16|0x0000000702c00000, 0x0000000702c00000, 0x0000000702e00000|  0%| F|  |TAMS 0x0000000702c00000| PB 0x0000000702c00000| Untracked |  0
|  17|0x0000000702e00000, 0x0000000702e00000, 0x0000000703000000|  0%| F|  |TAMS 0x0000000702e00000| PB 0x0000000702e00000| Untracked |  0
|  18|0x0000000703000000, 0x0000000703000000, 0x0000000703200000|  0%| F|  |TAMS 0x0000000703000000| PB 0x0000000703000000| Untracked |  0
|  19|0x0000000703200000, 0x0000000703200000, 0x0000000703400000|  0%| F|  |TAMS 0x0000000703200000| PB 0x0000000703200000| Untracked |  0
|  20|0x0000000703400000, 0x0000000703400000, 0x0000000703600000|  0%| F|  |TAMS 0x0000000703400000| PB 0x0000000703400000| Untracked |  0
|  21|0x0000000703600000, 0x0000000703600000, 0x0000000703800000|  0%| F|  |TAMS 0x0000000703600000| PB 0x0000000703600000| Untracked |  0
|  22|0x0000000703800000, 0x0000000703800000, 0x0000000703a00000|  0%| F|  |TAMS 0x0000000703800000| PB 0x0000000703800000| Untracked |  0
|  23|0x0000000703a00000, 0x0000000703a00000, 0x0000000703c00000|  0%| F|  |TAMS 0x0000000703a00000| PB 0x0000000703a00000| Untracked |  0
|  24|0x0000000703c00000, 0x0000000703c00000, 0x0000000703e00000|  0%| F|  |TAMS 0x0000000703c00000| PB 0x0000000703c00000| Untracked |  0
|  25|0x0000000703e00000, 0x0000000703e00000, 0x0000000704000000|  0%| F|  |TAMS 0x0000000703e00000| PB 0x0000000703e00000| Untracked |  0
|  26|0x0000000704000000, 0x0000000704000000, 0x0000000704200000|  0%| F|  |TAMS 0x0000000704000000| PB 0x0000000704000000| Untracked |  0
|  27|0x0000000704200000, 0x0000000704200000, 0x0000000704400000|  0%| F|  |TAMS 0x0000000704200000| PB 0x0000000704200000| Untracked |  0
|  28|0x0000000704400000, 0x0000000704400000, 0x0000000704600000|  0%| F|  |TAMS 0x0000000704400000| PB 0x0000000704400000| Untracked |  0
|  29|0x0000000704600000, 0x0000000704600000, 0x0000000704800000|  0%| F|  |TAMS 0x0000000704600000| PB 0x0000000704600000| Untracked |  0
|  30|0x0000000704800000, 0x0000000704800000, 0x0000000704a00000|  0%| F|  |TAMS 0x0000000704800000| PB 0x0000000704800000| Untracked |  0
|  31|0x0000000704a00000, 0x0000000704a00000, 0x0000000704c00000|  0%| F|  |TAMS 0x0000000704a00000| PB 0x0000000704a00000| Untracked |  0
|  32|0x0000000704c00000, 0x0000000704c00000, 0x0000000704e00000|  0%| F|  |TAMS 0x0000000704c00000| PB 0x0000000704c00000| Untracked |  0
|  33|0x0000000704e00000, 0x0000000704e00000, 0x0000000705000000|  0%| F|  |TAMS 0x0000000704e00000| PB 0x0000000704e00000| Untracked |  0
|  34|0x0000000705000000, 0x0000000705000000, 0x0000000705200000|  0%| F|  |TAMS 0x0000000705000000| PB 0x0000000705000000| Untracked |  0
|  35|0x0000000705200000, 0x0000000705200000, 0x0000000705400000|  0%| F|  |TAMS 0x0000000705200000| PB 0x0000000705200000| Untracked |  0
|  36|0x0000000705400000, 0x0000000705400000, 0x0000000705600000|  0%| F|  |TAMS 0x0000000705400000| PB 0x0000000705400000| Untracked |  0
|  37|0x0000000705600000, 0x0000000705600000, 0x0000000705800000|  0%| F|  |TAMS 0x0000000705600000| PB 0x0000000705600000| Untracked |  0
|  38|0x0000000705800000, 0x0000000705800000, 0x0000000705a00000|  0%| F|  |TAMS 0x0000000705800000| PB 0x0000000705800000| Untracked |  0
|  39|0x0000000705a00000, 0x0000000705a00000, 0x0000000705c00000|  0%| F|  |TAMS 0x0000000705a00000| PB 0x0000000705a00000| Untracked |  0
|  40|0x0000000705c00000, 0x0000000705c00000, 0x0000000705e00000|  0%| F|  |TAMS 0x0000000705c00000| PB 0x0000000705c00000| Untracked |  0
|  41|0x0000000705e00000, 0x0000000705e00000, 0x0000000706000000|  0%| F|  |TAMS 0x0000000705e00000| PB 0x0000000705e00000| Untracked |  0
|  42|0x0000000706000000, 0x0000000706000000, 0x0000000706200000|  0%| F|  |TAMS 0x0000000706000000| PB 0x0000000706000000| Untracked |  0
|  43|0x0000000706200000, 0x0000000706200000, 0x0000000706400000|  0%| F|  |TAMS 0x0000000706200000| PB 0x0000000706200000| Untracked |  0
|  44|0x0000000706400000, 0x0000000706400000, 0x0000000706600000|  0%| F|  |TAMS 0x0000000706400000| PB 0x0000000706400000| Untracked |  0
|  45|0x0000000706600000, 0x0000000706600000, 0x0000000706800000|  0%| F|  |TAMS 0x0000000706600000| PB 0x0000000706600000| Untracked |  0
|  46|0x0000000706800000, 0x0000000706800000, 0x0000000706a00000|  0%| F|  |TAMS 0x0000000706800000| PB 0x0000000706800000| Untracked |  0
|  47|0x0000000706a00000, 0x0000000706a00000, 0x0000000706c00000|  0%| F|  |TAMS 0x0000000706a00000| PB 0x0000000706a00000| Untracked |  0
|  48|0x0000000706c00000, 0x0000000706c00000, 0x0000000706e00000|  0%| F|  |TAMS 0x0000000706c00000| PB 0x0000000706c00000| Untracked |  0
|  49|0x0000000706e00000, 0x0000000706e00000, 0x0000000707000000|  0%| F|  |TAMS 0x0000000706e00000| PB 0x0000000706e00000| Untracked |  0
|  50|0x0000000707000000, 0x0000000707000000, 0x0000000707200000|  0%| F|  |TAMS 0x0000000707000000| PB 0x0000000707000000| Untracked |  0
|  51|0x0000000707200000, 0x0000000707200000, 0x0000000707400000|  0%| F|  |TAMS 0x0000000707200000| PB 0x0000000707200000| Untracked |  0
|  52|0x0000000707400000, 0x0000000707400000, 0x0000000707600000|  0%| F|  |TAMS 0x0000000707400000| PB 0x0000000707400000| Untracked |  0
|  53|0x0000000707600000, 0x0000000707600000, 0x0000000707800000|  0%| F|  |TAMS 0x0000000707600000| PB 0x0000000707600000| Untracked |  0
|  54|0x0000000707800000, 0x0000000707800000, 0x0000000707a00000|  0%| F|  |TAMS 0x0000000707800000| PB 0x0000000707800000| Untracked |  0
|  55|0x0000000707a00000, 0x0000000707a00000, 0x0000000707c00000|  0%| F|  |TAMS 0x0000000707a00000| PB 0x0000000707a00000| Untracked |  0
|  56|0x0000000707c00000, 0x0000000707c00000, 0x0000000707e00000|  0%| F|  |TAMS 0x0000000707c00000| PB 0x0000000707c00000| Untracked |  0
|  57|0x0000000707e00000, 0x0000000707e00000, 0x0000000708000000|  0%| F|  |TAMS 0x0000000707e00000| PB 0x0000000707e00000| Untracked |  0
|  58|0x0000000708000000, 0x0000000708000000, 0x0000000708200000|  0%| F|  |TAMS 0x0000000708000000| PB 0x0000000708000000| Untracked |  0
|  59|0x0000000708200000, 0x0000000708200000, 0x0000000708400000|  0%| F|  |TAMS 0x0000000708200000| PB 0x0000000708200000| Untracked |  0
|  60|0x0000000708400000, 0x0000000708400000, 0x0000000708600000|  0%| F|  |TAMS 0x0000000708400000| PB 0x0000000708400000| Untracked |  0
|  61|0x0000000708600000, 0x0000000708600000, 0x0000000708800000|  0%| F|  |TAMS 0x0000000708600000| PB 0x0000000708600000| Untracked |  0
|  62|0x0000000708800000, 0x0000000708800000, 0x0000000708a00000|  0%| F|  |TAMS 0x0000000708800000| PB 0x0000000708800000| Untracked |  0
|  63|0x0000000708a00000, 0x0000000708a00000, 0x0000000708c00000|  0%| F|  |TAMS 0x0000000708a00000| PB 0x0000000708a00000| Untracked |  0
|  64|0x0000000708c00000, 0x0000000708c00000, 0x0000000708e00000|  0%| F|  |TAMS 0x0000000708c00000| PB 0x0000000708c00000| Untracked |  0
|  65|0x0000000708e00000, 0x0000000708e00000, 0x0000000709000000|  0%| F|  |TAMS 0x0000000708e00000| PB 0x0000000708e00000| Untracked |  0
|  66|0x0000000709000000, 0x0000000709000000, 0x0000000709200000|  0%| F|  |TAMS 0x0000000709000000| PB 0x0000000709000000| Untracked |  0
|  67|0x0000000709200000, 0x0000000709200000, 0x0000000709400000|  0%| F|  |TAMS 0x0000000709200000| PB 0x0000000709200000| Untracked |  0
|  68|0x0000000709400000, 0x0000000709400000, 0x0000000709600000|  0%| F|  |TAMS 0x0000000709400000| PB 0x0000000709400000| Untracked |  0
|  69|0x0000000709600000, 0x0000000709600000, 0x0000000709800000|  0%| F|  |TAMS 0x0000000709600000| PB 0x0000000709600000| Untracked |  0
|  70|0x0000000709800000, 0x0000000709800000, 0x0000000709a00000|  0%| F|  |TAMS 0x0000000709800000| PB 0x0000000709800000| Untracked |  0
|  71|0x0000000709a00000, 0x0000000709a00000, 0x0000000709c00000|  0%| F|  |TAMS 0x0000000709a00000| PB 0x0000000709a00000| Untracked |  0
|  72|0x0000000709c00000, 0x0000000709c00000, 0x0000000709e00000|  0%| F|  |TAMS 0x0000000709c00000| PB 0x0000000709c00000| Untracked |  0
|  73|0x0000000709e00000, 0x0000000709e00000, 0x000000070a000000|  0%| F|  |TAMS 0x0000000709e00000| PB 0x0000000709e00000| Untracked |  0
|  74|0x000000070a000000, 0x000000070a000000, 0x000000070a200000|  0%| F|  |TAMS 0x000000070a000000| PB 0x000000070a000000| Untracked |  0
|  75|0x000000070a200000, 0x000000070a200000, 0x000000070a400000|  0%| F|  |TAMS 0x000000070a200000| PB 0x000000070a200000| Untracked |  0
|  76|0x000000070a400000, 0x000000070a400000, 0x000000070a600000|  0%| F|  |TAMS 0x000000070a400000| PB 0x000000070a400000| Untracked |  0
|  77|0x000000070a600000, 0x000000070a600000, 0x000000070a800000|  0%| F|  |TAMS 0x000000070a600000| PB 0x000000070a600000| Untracked |  0
|  78|0x000000070a800000, 0x000000070a800000, 0x000000070aa00000|  0%| F|  |TAMS 0x000000070a800000| PB 0x000000070a800000| Untracked |  0
|  79|0x000000070aa00000, 0x000000070aa00000, 0x000000070ac00000|  0%| F|  |TAMS 0x000000070aa00000| PB 0x000000070aa00000| Untracked |  0
|  80|0x000000070ac00000, 0x000000070ac00000, 0x000000070ae00000|  0%| F|  |TAMS 0x000000070ac00000| PB 0x000000070ac00000| Untracked |  0
|  81|0x000000070ae00000, 0x000000070ae00000, 0x000000070b000000|  0%| F|  |TAMS 0x000000070ae00000| PB 0x000000070ae00000| Untracked |  0
|  82|0x000000070b000000, 0x000000070b000000, 0x000000070b200000|  0%| F|  |TAMS 0x000000070b000000| PB 0x000000070b000000| Untracked |  0
|  83|0x000000070b200000, 0x000000070b200000, 0x000000070b400000|  0%| F|  |TAMS 0x000000070b200000| PB 0x000000070b200000| Untracked |  0
|  84|0x000000070b400000, 0x000000070b400000, 0x000000070b600000|  0%| F|  |TAMS 0x000000070b400000| PB 0x000000070b400000| Untracked |  0
|  85|0x000000070b600000, 0x000000070b600000, 0x000000070b800000|  0%| F|  |TAMS 0x000000070b600000| PB 0x000000070b600000| Untracked |  0
|  86|0x000000070b800000, 0x000000070b800000, 0x000000070ba00000|  0%| F|  |TAMS 0x000000070b800000| PB 0x000000070b800000| Untracked |  0
|  87|0x000000070ba00000, 0x000000070ba00000, 0x000000070bc00000|  0%| F|  |TAMS 0x000000070ba00000| PB 0x000000070ba00000| Untracked |  0
|  88|0x000000070bc00000, 0x000000070bc00000, 0x000000070be00000|  0%| F|  |TAMS 0x000000070bc00000| PB 0x000000070bc00000| Untracked |  0
|  89|0x000000070be00000, 0x000000070be00000, 0x000000070c000000|  0%| F|  |TAMS 0x000000070be00000| PB 0x000000070be00000| Untracked |  0
|  90|0x000000070c000000, 0x000000070c000000, 0x000000070c200000|  0%| F|  |TAMS 0x000000070c000000| PB 0x000000070c000000| Untracked |  0
|  91|0x000000070c200000, 0x000000070c200000, 0x000000070c400000|  0%| F|  |TAMS 0x000000070c200000| PB 0x000000070c200000| Untracked |  0
|  92|0x000000070c400000, 0x000000070c400000, 0x000000070c600000|  0%| F|  |TAMS 0x000000070c400000| PB 0x000000070c400000| Untracked |  0
|  93|0x000000070c600000, 0x000000070c600000, 0x000000070c800000|  0%| F|  |TAMS 0x000000070c600000| PB 0x000000070c600000| Untracked |  0
|  94|0x000000070c800000, 0x000000070c800000, 0x000000070ca00000|  0%| F|  |TAMS 0x000000070c800000| PB 0x000000070c800000| Untracked |  0
|  95|0x000000070ca00000, 0x000000070ca00000, 0x000000070cc00000|  0%| F|  |TAMS 0x000000070ca00000| PB 0x000000070ca00000| Untracked |  0
|  96|0x000000070cc00000, 0x000000070cc00000, 0x000000070ce00000|  0%| F|  |TAMS 0x000000070cc00000| PB 0x000000070cc00000| Untracked |  0
|  97|0x000000070ce00000, 0x000000070ce00000, 0x000000070d000000|  0%| F|  |TAMS 0x000000070ce00000| PB 0x000000070ce00000| Untracked |  0
|  98|0x000000070d000000, 0x000000070d000000, 0x000000070d200000|  0%| F|  |TAMS 0x000000070d000000| PB 0x000000070d000000| Untracked |  0
|  99|0x000000070d200000, 0x000000070d200000, 0x000000070d400000|  0%| F|  |TAMS 0x000000070d200000| PB 0x000000070d200000| Untracked |  0
| 100|0x000000070d400000, 0x000000070d400000, 0x000000070d600000|  0%| F|  |TAMS 0x000000070d400000| PB 0x000000070d400000| Untracked |  0
| 101|0x000000070d600000, 0x000000070d600000, 0x000000070d800000|  0%| F|  |TAMS 0x000000070d600000| PB 0x000000070d600000| Untracked |  0
| 102|0x000000070d800000, 0x000000070d800000, 0x000000070da00000|  0%| F|  |TAMS 0x000000070d800000| PB 0x000000070d800000| Untracked |  0
| 103|0x000000070da00000, 0x000000070da00000, 0x000000070dc00000|  0%| F|  |TAMS 0x000000070da00000| PB 0x000000070da00000| Untracked |  0
| 104|0x000000070dc00000, 0x000000070dc00000, 0x000000070de00000|  0%| F|  |TAMS 0x000000070dc00000| PB 0x000000070dc00000| Untracked |  0
| 105|0x000000070de00000, 0x000000070de00000, 0x000000070e000000|  0%| F|  |TAMS 0x000000070de00000| PB 0x000000070de00000| Untracked |  0
| 106|0x000000070e000000, 0x000000070e000000, 0x000000070e200000|  0%| F|  |TAMS 0x000000070e000000| PB 0x000000070e000000| Untracked |  0
| 107|0x000000070e200000, 0x000000070e200000, 0x000000070e400000|  0%| F|  |TAMS 0x000000070e200000| PB 0x000000070e200000| Untracked |  0
| 108|0x000000070e400000, 0x000000070e400000, 0x000000070e600000|  0%| F|  |TAMS 0x000000070e400000| PB 0x000000070e400000| Untracked |  0
| 109|0x000000070e600000, 0x000000070e600000, 0x000000070e800000|  0%| F|  |TAMS 0x000000070e600000| PB 0x000000070e600000| Untracked |  0
| 110|0x000000070e800000, 0x000000070e800000, 0x000000070ea00000|  0%| F|  |TAMS 0x000000070e800000| PB 0x000000070e800000| Untracked |  0
| 111|0x000000070ea00000, 0x000000070ea00000, 0x000000070ec00000|  0%| F|  |TAMS 0x000000070ea00000| PB 0x000000070ea00000| Untracked |  0
| 112|0x000000070ec00000, 0x000000070ec00000, 0x000000070ee00000|  0%| F|  |TAMS 0x000000070ec00000| PB 0x000000070ec00000| Untracked |  0
| 113|0x000000070ee00000, 0x000000070ee00000, 0x000000070f000000|  0%| F|  |TAMS 0x000000070ee00000| PB 0x000000070ee00000| Untracked |  0
| 114|0x000000070f000000, 0x000000070f000000, 0x000000070f200000|  0%| F|  |TAMS 0x000000070f000000| PB 0x000000070f000000| Untracked |  0
| 115|0x000000070f200000, 0x000000070f200000, 0x000000070f400000|  0%| F|  |TAMS 0x000000070f200000| PB 0x000000070f200000| Untracked |  0
| 116|0x000000070f400000, 0x000000070f4f5cd0, 0x000000070f600000| 48%| E|  |TAMS 0x000000070f400000| PB 0x000000070f400000| Complete |  0
| 117|0x000000070f600000, 0x000000070f800000, 0x000000070f800000|100%| E|CS|TAMS 0x000000070f600000| PB 0x000000070f600000| Complete |  0
| 118|0x000000070f800000, 0x000000070fa00000, 0x000000070fa00000|100%| E|  |TAMS 0x000000070f800000| PB 0x000000070f800000| Complete |  0
| 119|0x000000070fa00000, 0x000000070fc00000, 0x000000070fc00000|100%| E|CS|TAMS 0x000000070fa00000| PB 0x000000070fa00000| Complete |  0
| 120|0x000000070fc00000, 0x000000070fe00000, 0x000000070fe00000|100%| E|CS|TAMS 0x000000070fc00000| PB 0x000000070fc00000| Complete |  0
| 121|0x000000070fe00000, 0x0000000710000000, 0x0000000710000000|100%| E|CS|TAMS 0x000000070fe00000| PB 0x000000070fe00000| Complete |  0
| 122|0x0000000710000000, 0x0000000710200000, 0x0000000710200000|100%| E|CS|TAMS 0x0000000710000000| PB 0x0000000710000000| Complete |  0
| 123|0x0000000710200000, 0x0000000710400000, 0x0000000710400000|100%| E|CS|TAMS 0x0000000710200000| PB 0x0000000710200000| Complete |  0
| 124|0x0000000710400000, 0x0000000710600000, 0x0000000710600000|100%| E|CS|TAMS 0x0000000710400000| PB 0x0000000710400000| Complete |  0
| 125|0x0000000710600000, 0x0000000710800000, 0x0000000710800000|100%| E|CS|TAMS 0x0000000710600000| PB 0x0000000710600000| Complete |  0
| 126|0x0000000710800000, 0x0000000710a00000, 0x0000000710a00000|100%| E|CS|TAMS 0x0000000710800000| PB 0x0000000710800000| Complete |  0
| 127|0x0000000710a00000, 0x0000000710c00000, 0x0000000710c00000|100%| E|CS|TAMS 0x0000000710a00000| PB 0x0000000710a00000| Complete |  0
|2041|0x00000007ffe00000, 0x00000007fff256a0, 0x0000000800000000| 57%| O|  |TAMS 0x00000007ffe00000| PB 0x00000007ffe00000| Untracked |  0

Card table byte_map: [0x0000028228d30000,0x0000028229530000] _byte_map_base: 0x000002822552a000

Marking Bits: (CMBitMap*) 0x00000282107c25f0
 Bits: [0x0000028229530000, 0x000002822d500000)

Polling page: 0x000002820e630000

Metaspace:
Metaspace        used 10405K, committed 10624K, reserved 1114112K
 class space     used 544K, committed 640K, reserved 1048576K

Usage:
  Non-class:      9.63 MB used.
      Class:    544.20 KB used.
       Both:     10.16 MB used.

Virtual space:
  Non-class space:       64.00 MB reserved,       9.75 MB ( 15%) committed,  1 nodes.
      Class space:        1.00 GB reserved,     640.00 KB ( <1%) committed,  1 nodes.
             Both:        1.06 GB reserved,      10.38 MB ( <1%) committed. 

Chunk freelists:
   Non-Class:  5.88 MB
       Class:  15.39 MB
        Both:  21.27 MB

MaxMetaspaceSize: unlimited
CompressedClassSpaceSize: 1.00 GB
Initial GC threshold: 21.00 MB
Current GC threshold: 21.00 MB
CDS: on
 - commit_granule_bytes: 65536.
 - commit_granule_words: 8192.
 - virtual_space_node_default_size: 8388608.
 - enlarge_chunks_in_place: 1.
UseCompressedClassPointers 1, UseCompactObjectHeaders 0
Narrow klass pointer bits 32, Max shift 3
Narrow klass base: 0x000000009d000000, Narrow klass shift: 0
Encoding Range: [0x000000009d000000 - 0x000000019d000000), (4294967296 bytes)
Klass Range:    [0x000000009d010000 - 0x00000000de000000), (1090453504 bytes)
Klass ID Range:  [65536 - 1090519033) (1090453497)
Protection zone: [0x000000009d000000 - 0x000000009d010000), (65536 bytes)


Internal statistics:

num_allocs_failed_limit: 0.
num_arena_births: 120.
num_arena_deaths: 0.
num_vsnodes_births: 2.
num_vsnodes_deaths: 0.
num_space_committed: 165.
num_space_uncommitted: 0.
num_chunks_returned_to_freelist: 0.
num_chunks_taken_from_freelist: 404.
num_chunk_merges: 0.
num_chunk_splits: 284.
num_chunks_enlarged: 213.
num_inconsistent_stats: 0.

CodeHeap 'non-profiled nmethods': size=120064Kb used=389Kb max_used=389Kb free=119674Kb
 bounds [0x0000028220aa0000, 0x0000028220d10000, 0x0000028227fe0000]
CodeHeap 'profiled nmethods': size=120000Kb used=2220Kb max_used=2220Kb free=117779Kb
 bounds [0x0000028218fe0000, 0x0000028219250000, 0x0000028220510000]
CodeHeap 'non-nmethods': size=5696Kb used=2287Kb max_used=2301Kb free=3408Kb
 bounds [0x0000028220510000, 0x0000028220780000, 0x0000028220aa0000]
CodeCache: size=245760Kb, used=4896Kb, max_used=4910Kb, free=240861Kb
 total_blobs=3121, nmethods=1676, adapters=1349, full_count=0
Compilation: enabled, stopped_count=0, restarted_count=0

Compilation events (20 events):
Event: 1.340 Thread 0x0000028230163c90 1666       3       org.joml.Matrix4f::_m21 (7 bytes)
Event: 1.340 Thread 0x0000028230163c90 nmethod 1666 0x0000028219208188 code [0x0000028219208280, 0x0000028219208390]
Event: 1.340 Thread 0x0000028230163c90 1667       3       org.joml.Matrix4f::_m23 (7 bytes)
Event: 1.340 Thread 0x0000028230163c90 nmethod 1667 0x0000028219208488 code [0x0000028219208580, 0x0000028219208690]
Event: 1.352 Thread 0x0000028230163c90 1668       3       java.lang.invoke.DirectMethodHandle::allocateInstance (16 bytes)
Event: 1.352 Thread 0x0000028230163c90 nmethod 1668 0x0000028219208788 code [0x0000028219208880, 0x0000028219208af8]
Event: 1.352 Thread 0x0000028230163c90 1669       3       java.lang.invoke.DirectMethodHandle::constructorMethod (10 bytes)
Event: 1.352 Thread 0x0000028230163c90 nmethod 1669 0x0000028219208b08 code [0x0000028219208c00, 0x0000028219208dc8]
Event: 1.415 Thread 0x0000028230163c90 1670       3       java.util.ArrayList::iterator (9 bytes)
Event: 1.415 Thread 0x0000028230163c90 nmethod 1670 0x0000028219208e08 code [0x0000028219208f00, 0x0000028219209200]
Event: 1.415 Thread 0x0000028230163c90 1671       3       java.util.ArrayList$Itr::<init> (31 bytes)
Event: 1.415 Thread 0x0000028230163c90 nmethod 1671 0x0000028219209208 code [0x0000028219209300, 0x0000028219209628]
Event: 1.443 Thread 0x0000028230163c90 1672       3       util.Time::getTime (15 bytes)
Event: 1.443 Thread 0x0000028230163c90 nmethod 1672 0x0000028219209688 code [0x00000282192097a0, 0x00000282192098d8]
Event: 1.477 Thread 0x0000028230163c90 1673   !   3       org.lwjgl.system.MemoryUtil::wrapBufferInt (74 bytes)
Event: 1.478 Thread 0x0000028230163c90 nmethod 1673 0x0000028219209988 code [0x0000028219209a80, 0x000002821920a9b8]
Event: 1.484 Thread 0x0000028230163c90 1675       3       org.lwjgl.system.MemoryUtil::memAddress0 (11 bytes)
Event: 1.485 Thread 0x0000028230163c90 nmethod 1675 0x000002821920aa08 code [0x000002821920ab00, 0x000002821920aea0]
Event: 1.595 Thread 0x0000028230163c90 1676       3       java.lang.Thread::terminatingThreadLocals (8 bytes)
Event: 1.595 Thread 0x0000028230163c90 nmethod 1676 0x000002821920af08 code [0x000002821920b000, 0x000002821920b118]

GC Heap Usage History (0 events):
No events

Metaspace Usage History (0 events):
No events

Dll operation events (11 events):
Event: 0.005 Loaded shared library C:\Program Files\Java\jdk-25\bin\java.dll
Event: 0.050 Loaded shared library C:\Program Files\Java\jdk-25\bin\net.dll
Event: 0.051 Loaded shared library C:\Program Files\Java\jdk-25\bin\nio.dll
Event: 0.053 Loaded shared library C:\Program Files\Java\jdk-25\bin\zip.dll
Event: 0.106 Loaded shared library C:\Program Files\Java\jdk-25\bin\jimage.dll
Event: 0.119 Loaded shared library C:\Users\ciara\AppData\Local\Temp\lwjgl_ciara\3.3.6+1\x64\lwjgl.dll
Event: 0.384 Loaded shared library C:\Users\ciara\AppData\Local\Temp\lwjgl_ciara\3.3.6+1\x64\lwjgl_opengl.dll
Event: 0.413 Loaded shared library C:\Users\ciara\AppData\Local\Temp\lwjgl_ciara\3.3.6+1\x64\lwjgl_stb.dll
Event: 0.428 Loaded shared library C:\Program Files\Java\jdk-25\bin\verify.dll
Event: 0.539 Loaded shared library C:\Users\ciara\AppData\Local\Temp\imgui-java-natives\1.90.0\imgui-java64.dll
Event: 0.548 Loaded shared library C:\Program Files\Java\jdk-25\bin\awt.dll

Deoptimization events (20 events):
Event: 0.666 Thread 0x000002820e3f5570 Uncommon trap: trap_request=0xffffffde fr.pc=0x0000028220ae9464 relative=0x00000000000002e4
Event: 0.666 Thread 0x000002820e3f5570 Uncommon trap: reason=class_check action=maybe_recompile pc=0x0000028220ae9464 method=java.util.regex.Pattern$BmpCharPropertyGreedy.match(Ljava/util/regex/Matcher;ILjava/lang/CharSequence;)Z @ 26 c2
Event: 0.666 Thread 0x000002820e3f5570 DEOPT PACKING pc=0x0000028220ae9464 sp=0x0000009ea94ff1f0
Event: 0.666 Thread 0x000002820e3f5570 DEOPT UNPACKING pc=0x000002822062fc02 sp=0x0000009ea94ff188 mode 2
Event: 0.666 Thread 0x000002820e3f5570 Uncommon trap: trap_request=0xffffffde fr.pc=0x0000028220ae9464 relative=0x00000000000002e4
Event: 0.666 Thread 0x000002820e3f5570 Uncommon trap: reason=class_check action=maybe_recompile pc=0x0000028220ae9464 method=java.util.regex.Pattern$BmpCharPropertyGreedy.match(Ljava/util/regex/Matcher;ILjava/lang/CharSequence;)Z @ 26 c2
Event: 0.666 Thread 0x000002820e3f5570 DEOPT PACKING pc=0x0000028220ae9464 sp=0x0000009ea94ff1f0
Event: 0.666 Thread 0x000002820e3f5570 DEOPT UNPACKING pc=0x000002822062fc02 sp=0x0000009ea94ff188 mode 2
Event: 0.977 Thread 0x000002820e3f5570 Uncommon trap: trap_request=0xffffff4c fr.pc=0x0000028220af49dc relative=0x000000000000005c
Event: 0.977 Thread 0x000002820e3f5570 Uncommon trap: reason=speculate_null_assert action=make_not_entrant pc=0x0000028220af49dc method=sun.misc.Unsafe.putLong(Ljava/lang/Object;JJ)V @ 10 c2
Event: 0.977 Thread 0x000002820e3f5570 DEOPT PACKING pc=0x0000028220af49dc sp=0x0000009ea94ff100
Event: 0.977 Thread 0x000002820e3f5570 DEOPT UNPACKING pc=0x000002822062fc02 sp=0x0000009ea94ff078 mode 2
Event: 1.047 Thread 0x000002820e3f5570 Uncommon trap: trap_request=0xffffff4c fr.pc=0x0000028220af74d8 relative=0x0000000000000058
Event: 1.047 Thread 0x000002820e3f5570 Uncommon trap: reason=speculate_null_assert action=make_not_entrant pc=0x0000028220af74d8 method=sun.misc.Unsafe.getLong(Ljava/lang/Object;J)J @ 8 c2
Event: 1.047 Thread 0x000002820e3f5570 DEOPT PACKING pc=0x0000028220af74d8 sp=0x0000009ea94ff230
Event: 1.047 Thread 0x000002820e3f5570 DEOPT UNPACKING pc=0x000002822062fc02 sp=0x0000009ea94ff1b8 mode 2
Event: 1.595 Thread 0x0000028237704460 Uncommon trap: trap_request=0xffffff45 fr.pc=0x0000028220aea6f0 relative=0x00000000000002d0
Event: 1.595 Thread 0x0000028237704460 Uncommon trap: reason=unstable_if action=reinterpret pc=0x0000028220aea6f0 method=org.lwjgl.glfw.GLFW.glfwWindowShouldClose(J)Z @ 20 c2
Event: 1.595 Thread 0x0000028237704460 DEOPT PACKING pc=0x0000028220aea6f0 sp=0x0000009eab0ff4f0
Event: 1.595 Thread 0x0000028237704460 DEOPT UNPACKING pc=0x000002822062fc02 sp=0x0000009eab0ff408 mode 2

Classes loaded (20 events):
Event: 0.664 Loading class java/util/stream/Streams$RangeIntSpliterator
Event: 0.664 Loading class java/util/Spliterator$OfInt
Event: 0.664 Loading class java/util/Spliterator$OfPrimitive
Event: 0.664 Loading class java/util/Spliterator$OfPrimitive done
Event: 0.664 Loading class java/util/Spliterator$OfInt done
Event: 0.664 Loading class java/util/stream/Streams$RangeIntSpliterator done
Event: 0.664 Loading class java/util/stream/IntPipeline$Head
Event: 0.664 Loading class java/util/stream/IntPipeline
Event: 0.664 Loading class java/util/stream/IntPipeline done
Event: 0.664 Loading class java/util/stream/IntPipeline$Head done
Event: 1.570 Loading class sun/awt/AppContext
Event: 1.570 Loading class sun/awt/AppContext done
Event: 1.570 Loading class sun/awt/AppContext$GetAppContextLock
Event: 1.570 Loading class sun/awt/AppContext$GetAppContextLock done
Event: 1.570 Loading class sun/awt/AppContext$3
Event: 1.570 Loading class jdk/internal/access/JavaAWTAccess
Event: 1.570 Loading class jdk/internal/access/JavaAWTAccess done
Event: 1.570 Loading class sun/awt/AppContext$3 done
Event: 1.570 Loading class java/util/IdentityHashMap$ValueIterator
Event: 1.570 Loading class java/util/IdentityHashMap$ValueIterator done

Classes unloaded (0 events):
No events

Classes redefined (0 events):
No events

Internal exceptions (20 events):
Event: 0.362 Thread 0x000002820e3f5570 Exception <a 'java/lang/NoSuchMethodError'{0x00000007105f7e88}: 'void java.lang.invoke.DirectMethodHandle$Holder.invokeStaticInit(java.lang.Object, long, int, int, int)'> (0x00000007105f7e88) 
thrown [s\open\src\hotspot\share\interpreter\linkResolver.cpp, line 804]
Event: 0.364 Thread 0x000002820e3f5570 Exception <a 'java/lang/NoSuchMethodError'{0x0000000710219cd0}: 'void java.lang.invoke.DirectMethodHandle$Holder.invokeStaticInit(java.lang.Object, long, int, int, int, int)'> (0x0000000710219cd0) 
thrown [s\open\src\hotspot\share\interpreter\linkResolver.cpp, line 804]
Event: 0.379 Thread 0x000002820e3f5570 Exception <a 'java/lang/NoSuchMethodError'{0x000000071023ecb8}: 'void java.lang.System.load(java.lang.String, java.lang.Class)'> (0x000000071023ecb8) 
thrown [s\open\src\hotspot\share\interpreter\linkResolver.cpp, line 804]
Event: 0.379 Thread 0x000002820e3f5570 Exception <a 'java/lang/NoSuchMethodError'{0x0000000710246a98}: 'void java.lang.System.loadLibrary(java.lang.String, java.lang.Class)'> (0x0000000710246a98) 
thrown [s\open\src\hotspot\share\interpreter\linkResolver.cpp, line 804]
Event: 0.383 Thread 0x000002820e3f5570 Exception <a 'sun/nio/fs/WindowsException'{0x000000071025a708}> (0x000000071025a708) 
thrown [s\open\src\hotspot\share\prims\jni.cpp, line 516]
Event: 0.383 Thread 0x000002820e3f5570 Exception <a 'sun/nio/fs/WindowsException'{0x000000071025aaa8}> (0x000000071025aaa8) 
thrown [s\open\src\hotspot\share\prims\jni.cpp, line 516]
Event: 0.386 Thread 0x000002820e3f5570 Exception <a 'sun/nio/fs/WindowsException'{0x0000000710263ca8}> (0x0000000710263ca8) 
thrown [s\open\src\hotspot\share\prims\jni.cpp, line 516]
Event: 0.386 Thread 0x000002820e3f5570 Exception <a 'sun/nio/fs/WindowsException'{0x0000000710263f78}> (0x0000000710263f78) 
thrown [s\open\src\hotspot\share\prims\jni.cpp, line 516]
Event: 0.407 Thread 0x000002820e3f5570 Exception <a 'java/lang/NoSuchMethodError'{0x0000000710380578}: 'void java.lang.System.load(java.lang.String, java.lang.Class)'> (0x0000000710380578) 
thrown [s\open\src\hotspot\share\interpreter\linkResolver.cpp, line 804]
Event: 0.407 Thread 0x000002820e3f5570 Exception <a 'java/lang/NoSuchMethodError'{0x0000000710388358}: 'void java.lang.System.loadLibrary(java.lang.String, java.lang.Class)'> (0x0000000710388358) 
thrown [s\open\src\hotspot\share\interpreter\linkResolver.cpp, line 804]
Event: 0.412 Thread 0x000002820e3f5570 Exception <a 'sun/nio/fs/WindowsException'{0x000000071039be98}> (0x000000071039be98) 
thrown [s\open\src\hotspot\share\prims\jni.cpp, line 516]
Event: 0.412 Thread 0x000002820e3f5570 Exception <a 'sun/nio/fs/WindowsException'{0x000000071039c218}> (0x000000071039c218) 
thrown [s\open\src\hotspot\share\prims\jni.cpp, line 516]
Event: 0.415 Thread 0x000002820e3f5570 Exception <a 'java/lang/NoSuchMethodError'{0x00000007103a8648}: 'void java.lang.invoke.DirectMethodHandle$Holder.invokeStatic(java.lang.Object, long)'> (0x00000007103a8648) 
thrown [s\open\src\hotspot\share\interpreter\linkResolver.cpp, line 804]
Event: 0.435 Thread 0x000002820e3f5570 Exception <a 'java/lang/NoSuchMethodError'{0x0000000710099958}: 'void java.lang.invoke.DirectMethodHandle$Holder.invokeVirtual(java.lang.Object, java.lang.Object)'> (0x0000000710099958) 
thrown [s\open\src\hotspot\share\interpreter\linkResolver.cpp, line 804]
Event: 0.468 Thread 0x000002820e3f5570 Exception <a 'java/lang/NoSuchMethodError'{0x000000070fe68640}: 'void java.lang.invoke.DirectMethodHandle$Holder.invokeSpecial(java.lang.Object, java.lang.Object, int)'> (0x000000070fe68640) 
thrown [s\open\src\hotspot\share\interpreter\linkResolver.cpp, line 804]
Event: 0.501 Thread 0x000002820e3f5570 Exception <a 'java/lang/NoSuchMethodError'{0x000000070fc769b0}: 'void java.lang.invoke.DirectMethodHandle$Holder.invokeSpecial(java.lang.Object, java.lang.Object, double)'> (0x000000070fc769b0) 
thrown [s\open\src\hotspot\share\interpreter\linkResolver.cpp, line 804]
Event: 0.546 Thread 0x000002820e3f5570 Exception <a 'java/lang/ClassNotFoundException'{0x000000070fd95238}: sun/awt/resources/spi/awtProvider> (0x000000070fd95238) 
thrown [s\open\src\hotspot\share\classfile\systemDictionary.cpp, line 327]
Event: 0.549 Thread 0x000002820e3f5570 Exception <a 'java/io/FileNotFoundException'{0x000000070fd9fe80}> (0x000000070fd9fe80) 
thrown [s\open\src\hotspot\share\prims\jni.cpp, line 516]
Event: 0.550 Thread 0x000002820e3f5570 Exception <a 'java/io/FileNotFoundException'{0x000000070fdb27e8}> (0x000000070fdb27e8) 
thrown [s\open\src\hotspot\share\prims\jni.cpp, line 516]
Event: 0.664 Thread 0x000002820e3f5570 Exception <a 'java/lang/NoSuchMethodError'{0x000000070f718a10}: 'void java.lang.invoke.DirectMethodHandle$Holder.invokeStatic(java.lang.Object, java.lang.Object, int)'> (0x000000070f718a10) 
thrown [s\open\src\hotspot\share\interpreter\linkResolver.cpp, line 804]

VM Operations (12 events):
Event: 0.055 Executing non-safepoint VM operation: HandshakeAllThreads (Deoptimize)
Event: 0.055 Executing non-safepoint VM operation: HandshakeAllThreads (Deoptimize) done
Event: 0.100 Executing non-safepoint VM operation: HandshakeAllThreads (Deoptimize)
Event: 0.100 Executing non-safepoint VM operation: HandshakeAllThreads (Deoptimize) done
Event: 0.115 Executing non-safepoint VM operation: HandshakeAllThreads (Deoptimize)
Event: 0.115 Executing non-safepoint VM operation: HandshakeAllThreads (Deoptimize) done
Event: 0.438 Executing non-safepoint VM operation: HandshakeAllThreads (Deoptimize)
Event: 0.438 Executing non-safepoint VM operation: HandshakeAllThreads (Deoptimize) done
Event: 0.566 Executing non-safepoint VM operation: HandshakeAllThreads (Deoptimize)
Event: 0.566 Executing non-safepoint VM operation: HandshakeAllThreads (Deoptimize) done
Event: 0.615 Executing non-safepoint VM operation: HandshakeAllThreads (Deoptimize)
Event: 0.615 Executing non-safepoint VM operation: HandshakeAllThreads (Deoptimize) done

Memory protections (0 events):
No events

Nmethod flushes (0 events):
No events

Events (19 events):
Event: 0.014 Thread 0x000002820e3f5570 Thread added: 0x000002820e3f5570
Event: 0.020 Thread 0x000002820e3f5570 Thread added: 0x0000028230126f10
Event: 0.020 Thread 0x000002820e3f5570 Thread added: 0x00000282301276d0
Event: 0.020 Thread 0x000002820e3f5570 Thread added: 0x000002823012c530
Event: 0.020 Thread 0x000002820e3f5570 Thread added: 0x000002823012d0f0
Event: 0.020 Thread 0x000002820e3f5570 Thread added: 0x000002823012dcb0
Event: 0.020 Thread 0x000002820e3f5570 Thread added: 0x0000028230138c90
Event: 0.020 Thread 0x000002820e3f5570 Thread added: 0x000002823015bba0
Event: 0.020 Thread 0x000002820e3f5570 Thread added: 0x0000028230163c90
Event: 0.044 Thread 0x000002820e3f5570 Thread added: 0x00000282302a1c50
Event: 0.046 Thread 0x000002820e3f5570 Thread added: 0x00000282302a65f0
Event: 0.059 Thread 0x0000028230163c90 Thread added: 0x000002823020c100
Event: 0.361 Thread 0x000002823020c100 Thread exited: 0x000002823020c100
Event: 0.565 Thread 0x000002820e3f5570 Thread added: 0x00000282378bd140
Event: 0.566 Thread 0x000002820e3f5570 Thread added: 0x0000028237592b80
Event: 0.566 Thread 0x000002820e3f5570 Thread added: 0x00000282377608c0
Event: 0.610 Thread 0x000002820e3f5570 Thread added: 0x0000028237704460
Event: 1.570 Thread 0x0000028237592b80 Thread exited: 0x0000028237592b80
Event: 1.595 Thread 0x0000028237704460 Thread exited: 0x0000028237704460


Dynamic libraries:
0x00007ff70a480000 - 0x00007ff70a490000 	C:\Program Files\Java\jdk-25\bin\java.exe
0x00007ffa44850000 - 0x00007ffa44a48000 	C:\WINDOWS\SYSTEM32\ntdll.dll
0x00007ffa43820000 - 0x00007ffa438e2000 	C:\WINDOWS\System32\KERNEL32.DLL
0x00007ffa423f0000 - 0x00007ffa426e6000 	C:\WINDOWS\System32\KERNELBASE.dll
0x00007ffa426f0000 - 0x00007ffa427f0000 	C:\WINDOWS\System32\ucrtbase.dll
0x00007ffa341d0000 - 0x00007ffa341e7000 	C:\Program Files\Java\jdk-25\bin\jli.dll
0x00007ffa329c0000 - 0x00007ffa329de000 	C:\Program Files\Java\jdk-25\bin\VCRUNTIME140.dll
0x00007ffa42dd0000 - 0x00007ffa42f71000 	C:\WINDOWS\System32\USER32.dll
0x00007ffa41f80000 - 0x00007ffa41fa2000 	C:\WINDOWS\System32\win32u.dll
0x00007ffa36210000 - 0x00007ffa364ab000 	C:\WINDOWS\WinSxS\amd64_microsoft.windows.common-controls_6595b64144ccf1df_6.0.19041.6456_none_60b8a6cb71f64256\COMCTL32.dll
0x00007ffa44610000 - 0x00007ffa4463b000 	C:\WINDOWS\System32\GDI32.dll
0x00007ffa43a10000 - 0x00007ffa43aae000 	C:\WINDOWS\System32\msvcrt.dll
0x00007ffa41fe0000 - 0x00007ffa420f9000 	C:\WINDOWS\System32\gdi32full.dll
0x00007ffa41ee0000 - 0x00007ffa41f7d000 	C:\WINDOWS\System32\msvcp_win.dll
0x00007ffa446f0000 - 0x00007ffa4471f000 	C:\WINDOWS\System32\IMM32.DLL
0x00007ffa3bf70000 - 0x00007ffa3bf7c000 	C:\Program Files\Java\jdk-25\bin\vcruntime140_1.dll
0x00007ffa123f0000 - 0x00007ffa1247d000 	C:\Program Files\Java\jdk-25\bin\msvcp140.dll
0x00007ff95f490000 - 0x00007ff9602ef000 	C:\Program Files\Java\jdk-25\bin\server\jvm.dll
0x00007ffa444a0000 - 0x00007ffa44551000 	C:\WINDOWS\System32\ADVAPI32.dll
0x00007ffa43ab0000 - 0x00007ffa43b4f000 	C:\WINDOWS\System32\sechost.dll
0x00007ffa44380000 - 0x00007ffa444a0000 	C:\WINDOWS\System32\RPCRT4.dll
0x00007ffa41fb0000 - 0x00007ffa41fd7000 	C:\WINDOWS\System32\bcrypt.dll
0x00007ffa43c10000 - 0x00007ffa43c7b000 	C:\WINDOWS\System32\WS2_32.dll
0x00007ffa41470000 - 0x00007ffa414bb000 	C:\WINDOWS\SYSTEM32\POWRPROF.dll
0x00007ffa38ef0000 - 0x00007ffa38f17000 	C:\WINDOWS\SYSTEM32\WINMM.dll
0x00007ffa3bdf0000 - 0x00007ffa3bdfa000 	C:\WINDOWS\SYSTEM32\VERSION.dll
0x00007ffa412e0000 - 0x00007ffa412f2000 	C:\WINDOWS\SYSTEM32\UMPDC.dll
0x00007ffa3fd70000 - 0x00007ffa3fd82000 	C:\WINDOWS\SYSTEM32\kernel.appcore.dll
0x00007ffa329b0000 - 0x00007ffa329ba000 	C:\Program Files\Java\jdk-25\bin\jimage.dll
0x00007ffa38570000 - 0x00007ffa38771000 	C:\WINDOWS\SYSTEM32\DBGHELP.DLL
0x00007ffa2cfc0000 - 0x00007ffa2cff4000 	C:\WINDOWS\SYSTEM32\dbgcore.DLL
0x00007ffa42200000 - 0x00007ffa42282000 	C:\WINDOWS\System32\bcryptPrimitives.dll
0x00007ffa32760000 - 0x00007ffa3277f000 	C:\Program Files\Java\jdk-25\bin\java.dll
0x00007ffa42f80000 - 0x00007ffa430ab000 	C:\WINDOWS\System32\ole32.dll
0x00007ffa43e50000 - 0x00007ffa441a4000 	C:\WINDOWS\System32\combase.dll
0x00007ffa430b0000 - 0x00007ffa43820000 	C:\WINDOWS\System32\SHELL32.dll
0x00007ffa3ff70000 - 0x00007ffa40715000 	C:\WINDOWS\SYSTEM32\windows.storage.dll
0x00007ffa41910000 - 0x00007ffa4193b000 	C:\WINDOWS\SYSTEM32\Wldp.dll
0x00007ffa44740000 - 0x00007ffa4480d000 	C:\WINDOWS\System32\OLEAUT32.dll
0x00007ffa44640000 - 0x00007ffa446ed000 	C:\WINDOWS\System32\SHCORE.dll
0x00007ffa43bb0000 - 0x00007ffa43c0b000 	C:\WINDOWS\System32\shlwapi.dll
0x00007ffa41e10000 - 0x00007ffa41e34000 	C:\WINDOWS\SYSTEM32\profapi.dll
0x00007ffa32740000 - 0x00007ffa32752000 	C:\Program Files\Java\jdk-25\bin\net.dll
0x00007ffa41670000 - 0x00007ffa416da000 	C:\WINDOWS\system32\mswsock.dll
0x00007ffa26710000 - 0x00007ffa26726000 	C:\Program Files\Java\jdk-25\bin\nio.dll
0x00007ffa23dd0000 - 0x00007ffa23de7000 	C:\Program Files\Java\jdk-25\bin\zip.dll
0x00007ffa12370000 - 0x00007ffa123ee000 	C:\Users\ciara\AppData\Local\Temp\lwjgl_ciara\3.3.6+1\x64\lwjgl.dll
0x00007ffa08c30000 - 0x00007ffa08cb9000 	C:\Users\ciara\AppData\Local\Temp\lwjgl_ciara\3.3.6+1\x64\glfw.dll
0x00007ffa0ba50000 - 0x00007ffa0ba95000 	C:\WINDOWS\SYSTEM32\dinput8.dll
0x00007ff9c2a50000 - 0x00007ff9c2a61000 	C:\WINDOWS\SYSTEM32\xinput1_4.dll
0x00007ffa42100000 - 0x00007ffa4214e000 	C:\WINDOWS\System32\cfgmgr32.dll
0x00007ffa41c70000 - 0x00007ffa41ca3000 	C:\WINDOWS\SYSTEM32\DEVOBJ.dll
0x00007ffa3fb90000 - 0x00007ffa3fbbe000 	C:\WINDOWS\SYSTEM32\dwmapi.dll
0x00007ffa1dbe0000 - 0x00007ffa1dd32000 	C:\WINDOWS\SYSTEM32\inputhost.dll
0x00007ffa3db20000 - 0x00007ffa3dc12000 	C:\WINDOWS\SYSTEM32\CoreMessaging.dll
0x00007ffa3f2a0000 - 0x00007ffa3f394000 	C:\WINDOWS\SYSTEM32\PROPSYS.dll
0x00007ffa3e990000 - 0x00007ffa3eae7000 	C:\WINDOWS\SYSTEM32\wintypes.dll
0x00007ffa3d670000 - 0x00007ffa3d9cb000 	C:\WINDOWS\SYSTEM32\CoreUIComponents.dll
0x00007ffa41170000 - 0x00007ffa411a3000 	C:\WINDOWS\SYSTEM32\ntmarta.dll
0x00007ffa3f7e0000 - 0x00007ffa3f87e000 	C:\WINDOWS\system32\uxtheme.dll
0x00007ffa438f0000 - 0x00007ffa43a05000 	C:\WINDOWS\System32\MSCTF.dll
0x00007ff9d3020000 - 0x00007ff9d3148000 	C:\WINDOWS\SYSTEM32\opengl32.dll
0x00007ff9d2ff0000 - 0x00007ff9d301c000 	C:\WINDOWS\SYSTEM32\GLU32.dll
0x00007ffa44560000 - 0x00007ffa44609000 	C:\WINDOWS\System32\clbcatq.dll
0x00007ff99b910000 - 0x00007ff99e263000 	C:\WINDOWS\System32\DriverStore\FileRepository\nv_dispi.inf_amd64_d471cab2f241c3c2\nvoglv64.dll
0x00007ffa428d0000 - 0x00007ffa42d40000 	C:\WINDOWS\System32\SETUPAPI.dll
0x00007ffa3e300000 - 0x00007ffa3e314000 	C:\WINDOWS\SYSTEM32\WTSAPI32.dll
0x00007ffa41aa0000 - 0x00007ffa41ab2000 	C:\WINDOWS\SYSTEM32\msasn1.dll
0x00007ffa3be90000 - 0x00007ffa3bec1000 	C:\WINDOWS\SYSTEM32\cryptnet.dll
0x00007ffa42290000 - 0x00007ffa423ed000 	C:\WINDOWS\System32\CRYPT32.dll
0x00007ffa41880000 - 0x00007ffa4188c000 	C:\WINDOWS\SYSTEM32\cryptbase.dll
0x00007ffa3b9b0000 - 0x00007ffa3baf7000 	C:\WINDOWS\SYSTEM32\drvstore.dll
0x00007ffa427f0000 - 0x00007ffa42863000 	C:\WINDOWS\System32\WINTRUST.dll
0x00007ffa44360000 - 0x00007ffa4437d000 	C:\WINDOWS\System32\imagehlp.dll
0x00007ffa41860000 - 0x00007ffa41878000 	C:\WINDOWS\SYSTEM32\CRYPTSP.dll
0x00007ffa40f20000 - 0x00007ffa40f58000 	C:\WINDOWS\system32\rsaenh.dll
0x00007ffa2e8d0000 - 0x00007ffa32664000 	C:\WINDOWS\System32\DriverStore\FileRepository\nv_dispi.inf_amd64_d471cab2f241c3c2\nvgpucomp64.dll
0x00007ffa36f40000 - 0x00007ffa36f7b000 	C:\WINDOWS\SYSTEM32\dxcore.dll
0x00007ff9bf010000 - 0x00007ff9bf157000 	C:\WINDOWS\system32\nvspcap64.dll
0x00007ffa40b90000 - 0x00007ffa40bf3000 	C:\WINDOWS\SYSTEM32\WINSTA.dll
0x00007ffa33e10000 - 0x00007ffa33f09000 	C:\WINDOWS\SYSTEM32\textinputframework.dll
0x00007ffa15c60000 - 0x00007ffa15cbd000 	C:\Users\ciara\AppData\Local\Temp\lwjgl_ciara\3.3.6+1\x64\lwjgl_opengl.dll
0x00007ffa068b0000 - 0x00007ffa06949000 	C:\Users\ciara\AppData\Local\Temp\lwjgl_ciara\3.3.6+1\x64\lwjgl_stb.dll
0x00007ffa3a110000 - 0x00007ffa3a1be000 	C:\WINDOWS\SYSTEM32\mscms.dll
0x00007ffa41d90000 - 0x00007ffa41dbe000 	C:\WINDOWS\SYSTEM32\USERENV.dll
0x00007ffa3ad20000 - 0x00007ffa3ad31000 	C:\WINDOWS\SYSTEM32\ColorAdapterClient.dll
0x00007ff988510000 - 0x00007ff988555000 	C:\WINDOWS\SYSTEM32\icm32.dll
0x00007ffa329a0000 - 0x00007ffa329b0000 	C:\Program Files\Java\jdk-25\bin\verify.dll
0x00007ff95ec80000 - 0x00007ff95f487000 	C:\Users\ciara\AppData\Local\Temp\imgui-java-natives\1.90.0\imgui-java64.dll
0x00007ffa044d0000 - 0x00007ffa04654000 	C:\Program Files\Java\jdk-25\bin\awt.dll
0x00007ffa3df10000 - 0x00007ffa3dfa4000 	C:\WINDOWS\SYSTEM32\apphelp.dll

JVMTI agents: none

dbghelp: loaded successfully - version: 4.0.5 - missing functions: none
symbol engine: initialized successfully - sym options: 0x614 - pdb path: .;C:\Program Files\Java\jdk-25\bin;C:\WINDOWS\SYSTEM32;C:\WINDOWS\WinSxS\amd64_microsoft.windows.common-controls_6595b64144ccf1df_6.0.19041.6456_none_60b8a6cb71f64256;C:\Program Files\Java\jdk-25\bin\server;C:\Users\ciara\AppData\Local\Temp\lwjgl_ciara\3.3.6+1\x64;C:\WINDOWS\System32\DriverStore\FileRepository\nv_dispi.inf_amd64_d471cab2f241c3c2;C:\Users\ciara\AppData\Local\Temp\imgui-java-natives\1.90.0

VM Arguments:
jvm_args: --enable-native-access=ALL-UNNAMED --add-opens=java.base/sun.misc=ALL-UNNAMED --add-opens=java.base/java.nio=ALL-UNNAMED --enable-preview --enable-preview -Dfile.encoding=UTF-8 -Duser.country=IE -Duser.language=en -Duser.variant -ea 
java_command: Main java.library.path=libs
java_class_path (initial): C:\Users\ciara\Desktop\Code\College Work\Year 4\FYP\PrototypeEngine\build\classes\java\main;C:\Users\ciara\Desktop\Code\College Work\Year 4\FYP\PrototypeEngine\build\resources\main;C:\Users\ciara\Desktop\Code\College Work\Year 4\FYP\PrototypeEngine\libs\imgui-app-1.90.0.jar;C:\Users\ciara\Desktop\Code\College Work\Year 4\FYP\PrototypeEngine\libs\imgui-binding-1.90.0.jar;C:\Users\ciara\Desktop\Code\College Work\Year 4\FYP\PrototypeEngine\libs\imgui-lwjgl3-1.90.0.jar;C:\Users\ciara\.gradle\caches\modules-2\files-2.1\com.google.code.gson\gson\2.13.2\48b8230771e573b54ce6e867a9001e75977fe78e\gson-2.13.2.jar;C:\Users\ciara\.gradle\caches\modules-2\files-2.1\org.lwjgl\lwjgl-assimp\3.3.6\931a8de55dd5ee546689119c85ed4d4af7fa68f2\lwjgl-assimp-3.3.6.jar;C:\Users\ciara\.gradle\caches\modules-2\files-2.1\org.lwjgl\lwjgl-assimp\3.3.6\486fa1e2db9fc903a0cab984604cef1a895b0e28\lwjgl-assimp-3.3.6-natives-windows.jar;C:\Users\ciara\.gradle\caches\modules-2\files-2.1\org.lwjgl\lwjgl-glfw\3.3.6\7119f7d0eeb1e5502ff0ca71d2b4d47317da015\lwjgl-glfw-3.3.6.jar;C:\Users\ciara\.gradle\caches\modules-2\files-2.1\org.lwjgl\lwjgl-glfw\3.3.6\99ef08056feb9627f90425a4d2a22cd9fae8e39b\lwjgl-glfw-3.3.6-natives-windows.jar;C:\Users\ciara\.gradle\caches\modules-2\files-2.1\org.lwjgl\lwjgl-openal\3.3.6\ad313317ff399fd2a7f4dd74716a68cf3976c6ad\lwjgl-openal-3.3.6.jar;C:\Users\ciara\.gradle\caches\modules-2\files-2.1\org.lwjgl\lwjgl-openal\3.3.6\9c2b9b660e085bb0b47a4453dc0e26f24a5475e4\lwjgl-openal-3.3.6-natives-windows.jar;C:\Users\ciara\.gradle\caches\modules-2\files-2.1\org.lwjgl\lwjgl-opengl\3.3.6\ac2532612a4df374e9a9282bcf8ce2573018ebbb\lwjgl-opengl-3.3.6.jar;C:\Users\ciara\.gradle\caches\modules-2\files-2.1\org.lwjgl\lwjgl-opengl\3.3.6\18dc639ebc94aa5202c2157f7490d28997b697c5\lwjgl-opengl-3.3.6-natives-windows.jar;C:\Users\ciara\.gradle\caches\modules-2\files-2.1\org.lwjgl\lwjgl-stb\3.3.6\e2d3739dcfe7b672b626ded66d94f6587083306e\lwjgl-stb-3.3.6.jar;C:\Users\ciara\.gradle\caches\modules-2\files-2.1\org.lwjgl\lwjgl-stb\3.3.6\334cf885b39e2db9070c39e70e65efb136435f10\lwjgl-stb-3.3.6-natives-windows.jar;C:\Users\ciara\.gradle\caches\modules-2\files-2.1\org.lwjgl\lwjgl-tinyfd\3.3.6\58ceead1d42ff20d2d4f674aaeceb200733461c2\lwjgl-tinyfd-3.3.6.jar;C:\Users\ciara\.gradle\caches\modules-2\files-2.1\org.lwjgl\lwjgl-tinyfd\3.3.6\e2edcbe44ae26d2914156386e224b67f4b47c442\lwjgl-tinyfd-3.3.6-natives-windows.jar;C:\Users\ciara\.gradle\caches\modules-2\files-2.1\org.lwjgl\lwjgl\3.3.6\ce7721d30cfaf47feaed10213e0c43eb55c49d68\lwjgl-3.3.6.jar;C:\Users\ciara\.gradle\caches\modules-2\files-2.1\org.lwjgl\lwjgl\3.3.6\9a29b6a22fc5184604b8cb434ee5d5ecc4bfcbee\lwjgl-3.3.6-natives-windows.jar;C:\Users\ciara\.gradle\caches\modules-2\files-2.1\org.joml\joml\1.10.8\fc0a71dad90a2cf41d82a76156a0e700af8e4f8d\joml-1.10.8.jar;C:\Users\ciara\.gradle\caches\modules-2\files-2.1\com.code-disaster.steamworks4j\steamworks4j\1.9.0\d69b7f7540745a8d569a5400554e34d42e035da8\steamworks4j-1.9.0.jar;C:\Users\ciara\.gradle\caches\modules-2\files-2.1\com.google.errorprone\error_prone_annotations\2.41.0\4381275efdef6ddfae38f002c31e84cd001c97f0\error_prone_annotations-2.41.0.jar;C:\Users\ciara\.gradle\caches\modules-2\files-2.1\org.jetbrains.kotlin\kotlin-stdlib-jdk8\1.8.20\73576ddf378c5b4f1f6b449fe6b119b8183fc078\kotlin-stdlib-jdk8-1.8.20.jar;C:\Users\ciara\.gradle\caches\modules-2\files-2.1\org.jetbrains.kotlin\kotlin-stdlib-jdk7\1.8.20\3aa51faf20aae8b31e1a4bc54f8370673d7b7df4\kotlin-stdlib-jdk7-1.8.20.jar;C:\Users\ciara\.gradle\caches\modules-2\files-2.1\org.jetbrains.kotlin\kotlin-stdlib\1.8.20\e72fc5e03ec6c064c678a6bd0d955c88d55b0c4a\kotlin-stdlib-1.8.20.jar;C:\Users\ciara\.gradle\caches\modules-2\files-2.1\org.jetbrains.kotlin\kotlin-stdlib-common\1.8.20\5eddaaf234c8c49d03eebeb6a14feb7f90faca71\kotlin-stdlib-common-1.8.20.jar;C:\Users\ciara\.gradle\caches\modules-2\files-2.1\org.jetbrains\annotations\13.0\919f0dfe192fb4e063e7dacadee7f8bb9a2672a9\annotations-13.0.jar
Launcher Type: SUN_STANDARD

[Global flags]
     intx CICompilerCount                          = 4                                         {product} {ergonomic}
     uint ConcGCThreads                            = 3                                         {product} {ergonomic}
     uint G1ConcRefinementThreads                  = 10                                        {product} {ergonomic}
   size_t G1HeapRegionSize                         = 2097152                                   {product} {ergonomic}
   size_t InitialHeapSize                          = 268435456                                 {product} {ergonomic}
   size_t MarkStackSize                            = 4194304                                   {product} {ergonomic}
   size_t MarkStackSizeMax                         = 536870912                                 {product} {ergonomic}
   size_t MaxHeapSize                              = 4282384384                                {product} {ergonomic}
   size_t MaxNewSize                               = 2569011200                                {product} {ergonomic}
   size_t MinHeapDeltaBytes                        = 2097152                                   {product} {ergonomic}
   size_t MinHeapSize                              = 8388608                                   {product} {ergonomic}
    uintx NonNMethodCodeHeapSize                   = 5832704                                {pd product} {ergonomic}
    uintx NonProfiledCodeHeapSize                  = 122945536                              {pd product} {ergonomic}
    uintx ProfiledCodeHeapSize                     = 122880000                              {pd product} {ergonomic}
    uintx ReservedCodeCacheSize                    = 251658240                              {pd product} {ergonomic}
     bool SegmentedCodeCache                       = true                                      {product} {ergonomic}
   size_t SoftMaxHeapSize                          = 4282384384                             {manageable} {ergonomic}
     bool UseCompressedOops                        = true                           {product lp64_product} {ergonomic}
     bool UseG1GC                                  = true                                      {product} {ergonomic}
     bool UseLargePagesIndividualAllocation        = false                                  {pd product} {ergonomic}

Logging:
Log output configuration:
 #0: stdout all=warning uptime,level,tags foldmultilines=false
 #1: stderr all=off uptime,level,tags foldmultilines=false

Release file:
IMPLEMENTOR="Oracle Corporation" 
JAVA_RUNTIME_VERSION="25.0.1+8-LTS-27" 
JAVA_VERSION="25.0.1" 
JAVA_VERSION_DATE="2025-10-21" 
LIBC="default" 
MODULES="java.base java.compiler java.datatransfer java.xml java.prefs java.desktop java.instrument java.logging java.management java.security.sasl java.naming java.rmi java.management.rmi java.net.http java.scripting java.security.jgss java.transaction.xa java.sql java.sql.rowset java.xml.crypto java.se java.smartcardio jdk.accessibility jdk.internal.jvmstat jdk.attach jdk.charsets jdk.internal.opt jdk.zipfs jdk.compiler jdk.crypto.cryptoki jdk.crypto.ec jdk.crypto.mscapi jdk.dynalink jdk.internal.ed jdk.editpad jdk.internal.vm.ci jdk.graal.compiler jdk.graal.compiler.management jdk.hotspot.agent jdk.httpserver jdk.incubator.vector jdk.internal.le jdk.internal.md jdk.jartool jdk.javadoc jdk.jcmd jdk.management jdk.management.agent jdk.jconsole jdk.jdeps jdk.jdwp.agent jdk.jdi jdk.jfr jdk.jlink jdk.jpackage jdk.jshell jdk.jsobject jdk.jstatd jdk.localedata jdk.management.jfr jdk.naming.dns jdk.naming.rmi jdk.net jdk.nio.mapmode jdk.sctp jdk.security.auth jdk.security.jgss jdk.unsupported jdk.unsupported.desktop jdk.xml.dom" 
OS_ARCH="x86_64" 
OS_NAME="Windows" 
SOURCE=".:git:862c85bc42b7 open:git:78770bfaefd2" 

Environment Variables:
PATH=C:\Program Files\Common Files\Oracle\Java\javapath;C:\WINDOWS\system32;C:\WINDOWS;C:\WINDOWS\System32\Wbem;C:\WINDOWS\System32\WindowsPowerShell\v1.0\;C:\WINDOWS\System32\OpenSSH\;C:\Program Files\NVIDIA Corporation\NVIDIA App\NvDLISR;C:\Program Files (x86)\NVIDIA Corporation\PhysX\Common;C:\Program Files\Git\cmd;C:\Users\ciara\AppData\Local\Android\Sdk\platform-tools;C:\Program Files\ytDLP;C:\Users\ciara\AppData\Local\Muse Hub\lib;C:\Strawberry\c\bin;C:\Strawberry\perl\site\bin;C:\Strawberry\perl\bin;C:\Users\ciara\AppData\Local\Microsoft\WindowsApps;C:\Users\ciara\AppData\Local\Programs\Microsoft VS Code\bin;C:\Users\ciara\AppData\Local\Python\bin;C:\Program Files\LLVM\bin;C:\msys2\mingw64\bin;
USERNAME=ciara
OS=Windows_NT
PROCESSOR_IDENTIFIER=AMD64 Family 25 Model 33 Stepping 0, AuthenticAMD
TMP=C:\Users\ciara\AppData\Local\Temp
TEMP=C:\Users\ciara\AppData\Local\Temp




Compilation memory statistics disabled.

Periodic native trim disabled

---------------  S Y S T E M  ---------------

OS:
 Windows 10 , 64 bit Build 19041 (10.0.19041.5915)
OS uptime: 2 days 11:32 hours

CPU: total 12 (initial active 12) (12 cores per cpu, 2 threads per core) family 25 model 33 stepping 0 microcode 0x0, cx8, cmov, fxsr, ht, mmx, 3dnowpref, sse, sse2, sse3, ssse3, sse4a, sse4.1, sse4.2, popcnt, lzcnt, tsc, tscinvbit, avx, avx2, aes, erms, clmul, bmi1, bmi2, adx, sha, fma, vzeroupper, clflush, clflushopt, clwb, rdtscp, rdpid, fsrm, f16c, pku, cet_ss
Processor Information for the first 12 processors :
  Max Mhz: 3701, Current Mhz: 3701, Mhz Limit: 3701

Memory: 4k page, system-wide physical 16330M (3377M free)
TotalPageFile size 34708M (AvailPageFile size 5558M)
current process WorkingSet (physical memory assigned to process): 161M, peak: 161M
current process commit charge ("private bytes"): 521M, peak: 522M

vm_info: Java HotSpot(TM) 64-Bit Server VM (25.0.1+8-LTS-27) for windows-amd64 JRE (25.0.1+8-LTS-27), built on 2025-09-25T16:41:16Z with unknown MS VC++:1943

END.
