#
# A fatal error has been detected by the Java Runtime Environment:
#
#  EXCEPTION_ACCESS_VIOLATION (0xc0000005) at pc=0x00007ffa4a38bc29, pid=14060, tid=15508
#
# JRE version: Java(TM) SE Runtime Environment (25.0.1+8) (build 25.0.1+8-LTS-27)
# Java VM: Java HotSpot(TM) 64-Bit Server VM (25.0.1+8-LTS-27, mixed mode, sharing, tiered, compressed oops, compressed class ptrs, g1 gc, windows-amd64)
# Problematic frame:
# C  [nvoglv64.dll+0x91bc29]
#
# No core dump will be written. Minidumps are not enabled by default on client versions of Windows
#
# If you would like to submit a bug report, please visit:
#   https://bugreport.java.com/bugreport/crash.jsp
# The crash happened outside the Java Virtual Machine in native code.
# See problematic frame for where to report the bug.
#

---------------  S U M M A R Y ------------

Command Line: --enable-native-access=ALL-UNNAMED --add-opens=java.base/sun.misc=ALL-UNNAMED --add-opens=java.base/java.nio=ALL-UNNAMED --enable-preview --enable-preview -Dfile.encoding=UTF-8 -Duser.country=IE -Duser.language=en -Duser.variant -ea Main java.library.path=libs

Host: AMD Ryzen 5 5600X 6-Core Processor             , 12 cores, 15G,  Windows 10 , 64 bit Build 19041 (10.0.19041.5915)
Time: Fri Feb 13 21:02:38 2026 GMT Standard Time elapsed time: 0.527927 seconds (0d 0h 0m 0s)

---------------  T H R E A D  ---------------

Current thread (0x000001dfd7f80f70):  JavaThread "main"             [_thread_in_native, id=15508, stack(0x00000010b1300000,0x00000010b1400000) (1024K)]

Stack: [0x00000010b1300000,0x00000010b1400000],  sp=0x00000010b13fec10,  free space=1019k
Native frames: (J=compiled Java code, j=interpreted, Vv=VM code, C=native code)
C  [nvoglv64.dll+0x91bc29]  (no source info available)
C  [nvoglv64.dll+0x5768b0]  (no source info available)
C  0x000001dfea0fd193  (no source info available)

The last pc belongs to native method entry point (kind = native) (printed below).
Java frames: (J=compiled Java code, j=interpreted, Vv=VM code)
j  org.lwjgl.opengl.GL32C.nglDrawElementsBaseVertex(IIIJI)V+0
j  org.lwjgl.opengl.GL32C.glDrawElementsBaseVertex(IIIJI)V+6
j  org.lwjgl.opengl.GL32.glDrawElementsBaseVertex(IIIJI)V+6
j  imgui.gl3.ImGuiImplGl3.renderDrawData(Limgui/ImDrawData;)V+691
j  Rendering.ImGui.ImGuiWindow.render()V+27
j  Jade.Window.loop()V+71
j  Jade.Window.run()V+16
j  Main.main([Ljava/lang/String;)V+5
v  ~StubRoutines::call_stub 0x000001dfea0f12ed

siginfo: EXCEPTION_ACCESS_VIOLATION (0xc0000005), reading address 0x0000000000000000


Registers:
RAX=0x00000010e3d03074, RBX=0x0000000000000001, RCX=0x000041f9e53d4584, RDX=0x00000010e3d03074
RSP=0x00000010b13fec10, RBP=0x000001df8000c080, RSI=0x0000000000000075, RDI=0x000001df8000c080
R8 =0x00000000000002f1, R9 =0x0000000000000000, R10=0x00000000546c6148, R11=0x0000007424901c2c
R12=0x0000000000001403, R13=0x0000000000001403, R14=0x0000000000000000, R15=0x0000000000000004
RIP=0x00007ffa4a38bc29, EFLAGS=0x0000000000010246

XMM[0]=0x0000000000000000 0x00000000458c2000
XMM[1]=0x0000000000000000 0x0000000000000000
XMM[2]=0x0000000000000000 0x0000000000000000
XMM[3]=0x0000000000000000 0x0000000000000000
XMM[4]=0x0000000000000000 0x0000000000000000
XMM[5]=0x468b413024448948 0xe0468b4928244489
XMM[6]=0x0000000000000000 0x459176a550a84614
XMM[7]=0x0000000000000000 0xb76c25747845117f
XMM[8]=0x0000000000000000 0x0b3c73a1e1caaeca
XMM[9]=0x0000000000000000 0x483b58ad081b993f
XMM[10]=0x0000000000000000 0x00000000bfe04092
XMM[11]=0x0000000000000000 0xae5eba6db67a53ac
XMM[12]=0x0000000000000000 0x00000000081b993f
XMM[13]=0x0000000000000000 0x0000000000000000
XMM[14]=0x0000000000000000 0x0000000000000000
XMM[15]=0x0000000000000000 0x0000000000000000
  MXCSR=0x00001fa0


Register to memory mapping:

RAX=0x00000010e3d03074 is an unknown value
RBX=0x0000000000000001 is an unknown value
RCX=0x000041f9e53d4584 is an unknown value
RDX=0x00000010e3d03074 is an unknown value
RSP=0x00000010b13fec10 is pointing into the stack for thread: 0x000001dfd7f80f70
RBP=0x000001df8000c080 points into unknown readable memory: 0x0000000000000000 | 00 00 00 00 00 00 00 00
RSI=0x0000000000000075 is an unknown value
RDI=0x000001df8000c080 points into unknown readable memory: 0x0000000000000000 | 00 00 00 00 00 00 00 00
R8 =0x00000000000002f1 is an unknown value
R9 =0x0 is null
R10=0x00000000546c6148 is pointing into metadata
R11=0x0000007424901c2c is an unknown value
R12=0x0000000000001403 is an unknown value
R13=0x0000000000001403 is an unknown value
R14=0x0 is null
R15=0x0000000000000004 is an unknown value

Top of Stack: (sp=0x00000010b13fec10)
0x00000010b13fec10:   0000000000000001 0000000000000000   ................
0x00000010b13fec20:   0000000000000000 0000000000000000   ................
0x00000010b13fec30:   0000000000000000 0000000800000000   ................
0x00000010b13fec40:   00007ffa44144ca8 000001dffe113df8   .L.D.....=......
0x00000010b13fec50:   000000000000000e 000000000157555d   ........]UW.....
0x00000010b13fec60:   000001dffa9393b0 000001dfd7f80f70   ........p.......
0x00000010b13fec70:   0000000200000006 0000000000001403   ................
0x00000010b13fec80:   000001df8000c080 000001dffa9393b0   ................
0x00000010b13fec90:   0000000000000000 00000010b13fee20   ........ .?.....
0x00000010b13feca0:   0000000000000004 0000000000000075   ........u.......
0x00000010b13fecb0:   00000010b13fedd8 00007ffa49fe68b0   ..?......h.I....
0x00000010b13fecc0:   000001df80013c88 00007ffa00000004   .<..............
0x00000010b13fecd0:   0000001000000000 000001df00000000   ................
0x00000010b13fece0:   0000000000000075 000001df000000ea   u...............
0x00000010b13fecf0:   0000000000000000 000001df00000000   ................
0x00000010b13fed00:   000001dfea0f8b00 000001dfea0fcff6   ................
0x00000010b13fed10:   000001dfd7f80f70 000001dffa9393b0   p...............
0x00000010b13fed20:   0000000000000000 000001dfea0f8b18   ................
0x00000010b13fed30:   000001df81212a30 000001dfea0fd193   0*!.............
0x00000010b13fed40:   000001dffa9393b0 00007ffa43da194d   ........M..C....
0x00000010b13fed50:   000001dfea0f8b18 000001dfea0fceae   ................
0x00000010b13fed60:   0000001000000000 0000000000000000   ................
0x00000010b13fed70:   000001df00000000 00007ffa43d8e5a6   ...........C....
0x00000010b13fed80:   000001dfea0f8b18 000001dfea0fce6b   ........k.......
0x00000010b13fed90:   fffffffffffffff7 000001dffa9393b0   ................
0x00000010b13feda0:   0000000000000009 000001dffa940fb8   ................
0x00000010b13fedb0:   0000000000000000 000000070fda6780   .........g......
0x00000010b13fedc0:   000001dffa9393b0 0000000000000000   ................
0x00000010b13fedd0:   00000010b13fedf8 00000010b13fee70   ..?.....p.?.....
0x00000010b13fede0:   000001dfea0f8b18 000000070fda6780   .........g......
0x00000010b13fedf0:   000001dfea0fa757 0000000000000000   W...............
0x00000010b13fee00:   0000000000000000 0000000000000000   ................

Instructions: (pc=0x00007ffa4a38bc29)
  0x00007ffa4a38bb29:   23 d8 41 8b 82 08 06 00 00 41 8b cb 41 0b 8a 14
  0x00007ffa4a38bb39:   06 00 00 f7 d1 23 c8 c1 e8 14 a8 01 0f 85 0b 09
  0x00007ffa4a38bb49:   00 00 80 bd ac 0d 92 00 00 0f 85 fe 08 00 00 45
  0x00007ffa4a38bb59:   3b c8 0f 82 f5 08 00 00 85 f6 0f 8e ed 08 00 00
  0x00007ffa4a38bb69:   41 83 ff 0e 0f 87 e3 08 00 00 3b 95 28 10 92 00
  0x00007ffa4a38bb79:   0f 8f d7 08 00 00 41 83 ba 00 06 00 00 00 0f 85
  0x00007ffa4a38bb89:   c9 08 00 00 41 80 ba 29 06 00 00 00 0f 85 bb 08
  0x00007ffa4a38bb99:   00 00 41 80 ba 28 06 00 00 00 0f 85 ad 08 00 00
  0x00007ffa4a38bba9:   80 bd 35 e2 90 00 00 0f 85 a0 08 00 00 80 bd 3c
  0x00007ffa4a38bbb9:   e2 90 00 00 0f 85 93 08 00 00 f7 c1 00 00 03 00
  0x00007ffa4a38bbc9:   0f 85 87 08 00 00 44 0b d9 45 85 9a 48 08 00 00
  0x00007ffa4a38bbd9:   0f 85 77 08 00 00 48 89 5c 24 78 48 8d 8d 80 11
  0x00007ffa4a38bbe9:   92 00 bb 01 00 00 00 48 89 7c 24 70 8b d3 4c 89
  0x00007ffa4a38bbf9:   6c 24 68 e8 ef 93 e7 ff 41 81 fc 05 14 00 00 75
  0x00007ffa4a38bc09:   16 41 8b 16 41 8b 4c b6 fc 3b d1 8b f9 0f 47 fa
  0x00007ffa4a38bc19:   0f 42 ca 2b f9 eb 57 41 81 fc 03 14 00 00 75 20
=>0x00007ffa4a38bc29:   41 0f b7 16 41 0f b7 4c 76 fe 0f b7 c1 66 3b d1
  0x00007ffa4a38bc39:   66 0f 47 c2 66 0f 42 ca 0f b7 f8 0f b7 c1 eb 2c
  0x00007ffa4a38bc49:   41 81 fc 01 14 00 00 0f 85 bb 07 00 00 45 0f b6
  0x00007ffa4a38bc59:   06 42 0f b6 54 36 ff 44 3a c2 8b ca 41 0f 47 c8
  0x00007ffa4a38bc69:   0f b6 f9 8b ca 41 0f 42 c8 0f b6 c1 2b f8 48 8b
  0x00007ffa4a38bc79:   8c 24 b0 00 00 00 44 8d 6e ff e8 58 0c 00 00 48
  0x00007ffa4a38bc89:   8b 84 24 b0 00 00 00 44 8b 50 20 41 8b c2 0f af
  0x00007ffa4a38bc99:   c7 44 89 94 24 d0 00 00 00 3b 85 2c 10 92 00 0f
  0x00007ffa4a38bca9:   8f 63 07 00 00 0f 29 74 24 50 41 81 fc 05 14 00
  0x00007ffa4a38bcb9:   00 0f 85 04 01 00 00 45 8b 3e 41 8b ff 49 8d 56
  0x00007ffa4a38bcc9:   04 3b f3 0f 8e 7f 03 00 00 41 83 fd 08 0f 82 b3
  0x00007ffa4a38bcd9:   00 00 00 83 3d 4d 40 de 01 02 0f 8c a6 00 00 00
  0x00007ffa4a38bce9:   41 8b c5 25 07 00 00 80 7d 07 ff c8 83 c8 f8 ff
  0x00007ffa4a38bcf9:   c0 66 41 0f 6e cf 8b ce 66 0f 70 c9 00 2b c8 66
  0x00007ffa4a38bd09:   0f 6f d9 66 0f 6f e1 66 0f 6f d1 f3 0f 6f 02 83
  0x00007ffa4a38bd19:   c3 08 66 0f 38 3b c8 66 0f 38 3f d0 f3 0f 6f 42


Stack slot to memory mapping:

stack at sp + 0 slots: 0x0000000000000001 is an unknown value
stack at sp + 1 slots: 0x0 is null
stack at sp + 2 slots: 0x0 is null
stack at sp + 3 slots: 0x0 is null
stack at sp + 4 slots: 0x0 is null
stack at sp + 5 slots: 0x0000000800000000 is an unknown value
stack at sp + 6 slots: 0x00007ffa44144ca8 jvm.dll
stack at sp + 7 slots: 0x000001dffe113df8 points into unknown readable memory: 0x4928000881970005 | 05 00 97 81 08 00 28 49

Lock stack of current Java thread (top to bottom):

native method entry point (kind = native)  [0x000001dfea0fcdc0, 0x000001dfea0fd8b8]  2808 bytes
[MachCode]
  0x000001dfea0fcdc0: 488b 4b08 | 0fb7 492e | 584c 8d74 | ccf8 6800 | 0000 0068 | 0000 0000 | 5055 488b | ec41 5548 
  0x000001dfea0fcde0: 8b43 084c | 8d68 3848 | 8b40 0868 | 0000 0000 | 5348 8b50 | 1848 8b52 | 7048 8b12 | 5248 8b53 
  0x000001dfea0fce00: 1048 85d2 | 7407 4881 | c2d0 0000 | 0052 488b | 5010 5249 | 8bc6 482b | c548 c1e8 | 0350 6800 
  0x000001dfea0fce20: 0000 0068 | f7ff ffff | 41c6 87f1 | 0400 0001 | 488b 4310 | 4885 c074 | 208b 8890 | 0000 0083 
  0x000001dfea0fce40: c102 8988 | 9000 0000 | 2388 a400 | 0000 0f84 | b209 0000 | e9cf 0000 | 0048 8b43 | 1848 85c0 
  0x000001dfea0fce60: 0f85 b000 | 0000 e805 | 0000 00e9 | 9900 0000 | 488b d348 | 8d44 2408 | 4c89 6dc0 | 498b cfc5 
  0x000001dfea0fce80: f877 4989 | af38 0400 | 0049 8987 | 2804 0000 | 4883 ec20 | 40f6 c40f | 0f84 1900 | 0000 4883 
  0x000001dfea0fcea0: ec08 48b8 | 401f ac43 | fa7f 0000 | ffd0 4883 | c408 e90c | 0000 0048 | b840 1fac | 43fa 7f00 
  0x000001dfea0fcec0: 00ff d048 | 83c4 2049 | c787 2804 | 0000 0000 | 0000 49c7 | 8738 0400 | 0000 0000 | 0049 c787 
  0x000001dfea0fcee0: 3004 0000 | 0000 0000 | c5f8 7749 | 837f 0800 | 0f84 0500 | 0000 e9e5 | 42ff ff4c | 8b6d c04c 
  0x000001dfea0fcf00: 8b75 c84e | 8d74 f500 | c348 8b43 | 1848 85c0 | 0f84 1200 | 0000 8b48 | 0883 c102 | 8948 0823 
  0x000001dfea0fcf20: 482c 0f84 | de08 0000 | 493b a770 | 0500 000f | 8748 0000 | 0089 8424 | 00f0 ffff | 8984 2400 
  0x000001dfea0fcf40: e0ff ff89 | 8424 00d0 | ffff 8984 | 2400 c0ff | ff89 8424 | 00b0 ffff | 8984 2400 | a0ff ff89 
  0x000001dfea0fcf60: 8424 0090 | ffff 8984 | 2400 80ff | ff49 3ba7 | 6805 0000 | 7607 4989 | a770 0500 | 0041 c687 
  0x000001dfea0fcf80: f104 0000 | 0048 8b5d | e84c 8b5b | 0845 0fb7 | 5b2e 41c1 | e303 492b | e348 83ec | 2048 83e4 
  0x000001dfea0fcfa0: f04c 8b5b | 604d 85db | 0f85 ab00 | 0000 e805 | 0000 00e9 | 9900 0000 | 488b d348 | 8d44 2408 
  0x000001dfea0fcfc0: 4c89 6dc0 | 498b cfc5 | f877 4989 | af38 0400 | 0049 8987 | 2804 0000 | 4883 ec20 | 40f6 c40f 
  0x000001dfea0fcfe0: 0f84 1900 | 0000 4883 | ec08 48b8 | 7048 ac43 | fa7f 0000 | ffd0 4883 | c408 e90c | 0000 0048 
  0x000001dfea0fd000: b870 48ac | 43fa 7f00 | 00ff d048 | 83c4 2049 | c787 2804 | 0000 0000 | 0000 49c7 | 8738 0400 
  0x000001dfea0fd020: 0000 0000 | 0049 c787 | 3004 0000 | 0000 0000 | c5f8 7749 | 837f 0800 | 0f84 0500 | 0000 e99d 
  0x000001dfea0fd040: 41ff ff4c | 8b6d c04c | 8b75 c84e | 8d74 f500 | c348 8b5d | e84c 8b5b | 6041 ffd3 | 488b 5de8 
  0x000001dfea0fd060: 4889 4518 | 440f b75b | 2c41 f6c3 | 080f 841b | 0000 004c | 8b5b 084d | 8b5b 084d | 8b5b 184d 
  0x000001dfea0fd080: 8b5b 704d | 8b1b 4c89 | 5d10 488d | 5510 488b | 4358 49ba | a00f e743 | fa7f 0000 | 493b c20f 
  0x000001dfea0fd0a0: 85ab 0000 | 00e8 0500 | 0000 e999 | 0000 0048 | 8bd3 488d | 4424 084c | 896d c049 | 8bcf c5f8 
  0x000001dfea0fd0c0: 7749 89af | 3804 0000 | 4989 8728 | 0400 0048 | 83ec 2040 | f6c4 0f0f | 8419 0000 | 0048 83ec 
  0x000001dfea0fd0e0: 0848 b870 | 48ac 43fa | 7f00 00ff | d048 83c4 | 08e9 0c00 | 0000 48b8 | 7048 ac43 | fa7f 0000 
  0x000001dfea0fd100: ffd0 4883 | c420 49c7 | 8728 0400 | 0000 0000 | 0049 c787 | 3804 0000 | 0000 0000 | 49c7 8730 
  0x000001dfea0fd120: 0400 0000 | 0000 00c5 | f877 4983 | 7f08 000f | 8405 0000 | 00e9 a640 | ffff 4c8b | 6dc0 4c8b 
  0x000001dfea0fd140: 75c8 4e8d | 74f5 00c3 | 488b 5de8 | 488b 4358 | 498d 8f48 | 0400 004c | 8d15 d500 | 0000 4d89 
  0x000001dfea0fd160: 9730 0400 | 00c5 f877 | 4989 af38 | 0400 0049 | 89a7 2804 | 0000 41c7 | 87d4 0400 | 0004 0000 
  0x000001dfea0fd180: 0049 3ba7 | c805 0000 | 7607 4989 | a7c8 0500 | 00ff d049 | 3ba7 c805 | 0000 720b | 49c7 87c8 
  0x000001dfea0fd1a0: 0500 0000 | 0000 00c5 | f877 4883 | ec10 c5fb | 1104 2448 | 83ec 1048 | 8904 2448 | c744 2408 
  0x000001dfea0fd1c0: 0000 0000 | 41c7 87d4 | 0400 0005 | 0000 00f0 | 8344 24c0 | 0049 3b6f | 280f 870e | 0000 0041 
  0x000001dfea0fd1e0: 83bf d004 | 0000 000f | 8420 0000 | 0049 8bcf | 4c8b e448 | 83ec 2048 | 83e4 f048 | b8a0 acad 
  0x000001dfea0fd200: 43fa 7f00 | 00ff d049 | 8be4 4d33 | e441 c787 | d404 0000 | 0800 0000 | 4d8b 97f0 | 0500 0049 
  0x000001dfea0fd220: 83fa 0074 | 3549 c787 | f005 0000 | 0000 0000 | 41ff e249 | ba60 be0f | eadf 0100 | 0041 ffd2 
  0x000001dfea0fd240: 4883 ec10 | c5fb 1104 | 2448 83ec | 1048 8904 | 2448 c744 | 2408 0000 | 0000 49c7 | 8728 0400 
  0x000001dfea0fd260: 0000 0000 | 0049 c787 | 3804 0000 | 0000 0000 | 49c7 8730 | 0400 0000 | 0000 00c5 | f877 4d8b 
  0x000001dfea0fd280: 9fb8 0400 | 0041 c783 | 0001 0000 | 0000 0000 | 49bb 5aa7 | 0fea df01 | 0000 4c3b | 5d18 0f85 
  0x000001dfea0fd2a0: 5501 0000 | 488b 0424 | 4883 c410 | 4885 c00f | 842f 0100 | 00a8 030f | 8508 0000 | 0048 8b00 
  0x000001dfea0fd2c0: e91f 0100 | 00a8 010f | 8509 0000 | 0048 8b40 | fee9 0e01 | 0000 488b | 40ff 4180 | 7f48 000f 
  0x000001dfea0fd2e0: 84ff 0000 | 0048 83f8 | 000f 84f5 | 0000 004d | 8b5f 384d | 85db 0f84 | 1400 0000 | 4983 eb08 
  0x000001dfea0fd300: 4d89 5f38 | 4d03 5f40 | 4989 03e9 | d400 0000 | 4883 ec70 | 4889 0424 | 4889 4c24 | 0848 8954 
  0x000001dfea0fd320: 2410 4c89 | 4424 184c | 894c 2420 | 4c89 5424 | 284c 895c | 2430 c5fb | 1144 2440 | c5fb 114c 
  0x000001dfea0fd340: 2448 c5fb | 1154 2450 | c5fb 115c | 2458 c5fb | 1164 2460 | c5fb 116c | 2468 498b | d748 8bc8 
  0x000001dfea0fd360: 4883 ec20 | 40f6 c40f | 0f84 1900 | 0000 4883 | ec08 48b8 | 2076 a043 | fa7f 0000 | ffd0 4883 
  0x000001dfea0fd380: c408 e90c | 0000 0048 | b820 76a0 | 43fa 7f00 | 00ff d048 | 83c4 20c5 | fb10 6c24 | 68c5 fb10 
  0x000001dfea0fd3a0: 6424 60c5 | fb10 5c24 | 58c5 fb10 | 5424 50c5 | fb10 4c24 | 48c5 fb10 | 4424 404c | 8b5c 2430 
  0x000001dfea0fd3c0: 4c8b 5424 | 284c 8b4c | 2420 4c8b | 4424 1848 | 8b54 2410 | 488b 4c24 | 0848 8b04 | 2448 83c4 
  0x000001dfea0fd3e0: 70c5 f877 | 4889 4510 | 4883 ec10 | 4889 0424 | 48c7 4424 | 0800 0000 | 0041 83bf | 5005 0000 
  0x000001dfea0fd400: 020f 85bf | 0000 0048 | 81ec 8000 | 0000 4889 | 4424 7848 | 894c 2470 | 4889 5424 | 6848 895c 
  0x000001dfea0fd420: 2460 4889 | 6c24 5048 | 8974 2448 | 4889 7c24 | 404c 8944 | 2438 4c89 | 4c24 304c | 8954 2428 
  0x000001dfea0fd440: 4c89 5c24 | 204c 8964 | 2418 4c89 | 6c24 104c | 8974 2408 | 4c89 3c24 | 4c8b e448 | 83ec 2048 
  0x000001dfea0fd460: 83e4 f048 | b810 f7e6 | 43fa 7f00 | 00ff d049 | 8be4 4c8b | 3c24 4c8b | 7424 084c | 8b6c 2410 
  0x000001dfea0fd480: 4c8b 6424 | 184c 8b5c | 2420 4c8b | 5424 284c | 8b4c 2430 | 4c8b 4424 | 3848 8b7c | 2440 488b 
  0x000001dfea0fd4a0: 7424 4848 | 8b6c 2450 | 488b 5c24 | 6048 8b54 | 2468 488b | 4c24 7048 | 8b44 2478 | 4881 c480 
  0x000001dfea0fd4c0: 0000 004d | 33e4 488b | 5de8 4c8b | 6b08 4d8d | 6d38 4983 | 7f08 000f | 84bb 0000 | 00e8 0500 
  0x000001dfea0fd4e0: 0000 e996 | 0000 0048 | 8d44 2408 | 4c89 6dc0 | 498b cfc5 | f877 4989 | af38 0400 | 0049 8987 
  0x000001dfea0fd500: 2804 0000 | 4883 ec20 | 40f6 c40f | 0f84 1900 | 0000 4883 | ec08 48b8 | b066 ac43 | fa7f 0000 
  0x000001dfea0fd520: ffd0 4883 | c408 e90c | 0000 0048 | b8b0 66ac | 43fa 7f00 | 00ff d048 | 83c4 2049 | c787 2804 
  0x000001dfea0fd540: 0000 0000 | 0000 49c7 | 8738 0400 | 0000 0000 | 0049 c787 | 3004 0000 | 0000 0000 | c5f8 7749 
  0x000001dfea0fd560: 837f 0800 | 0f84 0500 | 0000 e971 | 3cff ff4c | 8b6d c04c | 8b75 c84e | 8d74 f500 | c348 b948 
  0x000001dfea0fd580: 0810 44fa | 7f00 0048 | 83e4 f048 | b800 8dd3 | 43fa 7f00 | 00ff d0f4 | 440f b75b | 2c41 f6c3 
  0x000001dfea0fd5a0: 200f 8472 | 0100 0048 | 8d55 a84c | 8b5a 084d | 85db 0f85 | bb00 0000 | e805 0000 | 00e9 9600 
  0x000001dfea0fd5c0: 0000 488d | 4424 084c | 896d c049 | 8bcf c5f8 | 7749 89af | 3804 0000 | 4989 8728 | 0400 0048 
  0x000001dfea0fd5e0: 83ec 2040 | f6c4 0f0f | 8419 0000 | 0048 83ec | 0848 b8e0 | 65ac 43fa | 7f00 00ff | d048 83c4 
  0x000001dfea0fd600: 08e9 0c00 | 0000 48b8 | e065 ac43 | fa7f 0000 | ffd0 4883 | c420 49c7 | 8728 0400 | 0000 0000 
  0x000001dfea0fd620: 0049 c787 | 3804 0000 | 0000 0000 | 49c7 8730 | 0400 0000 | 0000 00c5 | f877 4983 | 7f08 000f 
  0x000001dfea0fd640: 8405 0000 | 00e9 963b | ffff 4c8b | 6dc0 4c8b | 75c8 4e8d | 74f5 00c3 | 48b9 4808 | 1044 fa7f 
  0x000001dfea0fd660: 0000 4883 | e4f0 48b8 | 008d d343 | fa7f 0000 | ffd0 f44c | 896d c04c | 8b4a 0848 | c742 0800 
  0x000001dfea0fd680: 0000 0045 | 8b87 d806 | 0000 4f3b | 4c07 f80f | 8542 0000 | 0041 83af | d806 0000 | 084f 3b4c 
  0x000001dfea0fd6a0: 07f0 0f84 | 2a00 0000 | 498b 01a8 | 020f 8512 | 0000 004c | 8bc0 4983 | c801 f04d | 0fb1 010f 
  0x000001dfea0fd6c0: 840d 0000 | 0041 8387 | d806 0000 | 08e9 0500 | 0000 e93e | 0000 004c | 894a 0848 | 8bca 4883 
  0x000001dfea0fd6e0: ec20 40f6 | c40f 0f84 | 1900 0000 | 4883 ec08 | 48b8 3038 | ac43 fa7f | 0000 ffd0 | 4883 c408 
  0x000001dfea0fd700: e90c 0000 | 0048 b830 | 38ac 43fa | 7f00 00ff | d048 83c4 | 204c 8b6d | c041 c687 | 9603 0000 
  0x000001dfea0fd720: 0149 3b6f | 280f 8705 | 0000 00e9 | ab00 0000 | 4883 ec10 | c5fb 1104 | 2448 83ec | 1048 8904 
  0x000001dfea0fd740: 2448 c744 | 2408 0000 | 0000 c5f8 | 7749 89af | 3804 0000 | 49ba 4ad7 | 0fea df01 | 0000 4d89 
  0x000001dfea0fd760: 9730 0400 | 0049 89a7 | 2804 0000 | 498b cf48 | 83ec 2040 | f6c4 0f0f | 8419 0000 | 0048 83ec 
  0x000001dfea0fd780: 0848 b8d0 | 1eac 43fa | 7f00 00ff | d048 83c4 | 08e9 0c00 | 0000 48b8 | d01e ac43 | fa7f 0000 
  0x000001dfea0fd7a0: ffd0 4883 | c420 49c7 | 8728 0400 | 0000 0000 | 0049 c787 | 3804 0000 | 0000 0000 | 49c7 8730 
  0x000001dfea0fd7c0: 0400 0000 | 0000 00c5 | f877 488b | 0424 4883 | c410 c5fb | 1004 2448 | 83c4 1048 | 8b04 2448 
  0x000001dfea0fd7e0: 83c4 10c5 | fb10 0424 | 4883 c410 | 4c8b 5d18 | 41ff d34c | 8b5d f8c9 | 41c6 8796 | 0300 0000 
  0x000001dfea0fd800: 5f49 8be3 | ffe7 ba00 | 0000 00e8 | 0500 0000 | e996 0000 | 0048 8d44 | 2408 4c89 | 6dc0 498b 
  0x000001dfea0fd820: cfc5 f877 | 4989 af38 | 0400 0049 | 8987 2804 | 0000 4883 | ec20 40f6 | c40f 0f84 | 1900 0000 
  0x000001dfea0fd840: 4883 ec08 | 48b8 202e | ac43 fa7f | 0000 ffd0 | 4883 c408 | e90c 0000 | 0048 b820 | 2eac 43fa 
  0x000001dfea0fd860: 7f00 00ff | d048 83c4 | 2049 c787 | 2804 0000 | 0000 0000 | 49c7 8738 | 0400 0000 | 0000 0049 
  0x000001dfea0fd880: c787 3004 | 0000 0000 | 0000 c5f8 | 7749 837f | 0800 0f84 | 0500 0000 | e943 39ff | ff4c 8b6d 
  0x000001dfea0fd8a0: c04c 8b75 | c84e 8d74 | f500 c348 | 8b5d e8e9 | 74f6 ffff | 0f1f 4000 
[/MachCode]

---------------  P R O C E S S  ---------------

Threads class SMR info:
_java_thread_list=0x000001dffe95dd20, length=11, elements={
0x000001dfd7f80f70, 0x000001dff9cf4bc0, 0x000001dff9cf5380, 0x000001dff9cf9110,
0x000001dff9cf9cd0, 0x000001dff9cfd080, 0x000001dff9cfb0a0, 0x000001dff9cfbf90,
0x000001dff9d0b540, 0x000001dffe0d58b0, 0x000001dffe0dc260
}

Java Threads: ( => current thread )
=>0x000001dfd7f80f70 JavaThread "main"                              [_thread_in_native, id=15508, stack(0x00000010b1300000,0x00000010b1400000) (1024K)]
  0x000001dff9cf4bc0 JavaThread "Reference Handler"          daemon [_thread_blocked, id=9044, stack(0x00000010b1b00000,0x00000010b1c00000) (1024K)]
  0x000001dff9cf5380 JavaThread "Finalizer"                  daemon [_thread_blocked, id=18528, stack(0x00000010b1c00000,0x00000010b1d00000) (1024K)]
  0x000001dff9cf9110 JavaThread "Signal Dispatcher"          daemon [_thread_blocked, id=24720, stack(0x00000010b1d00000,0x00000010b1e00000) (1024K)]
  0x000001dff9cf9cd0 JavaThread "Attach Listener"            daemon [_thread_blocked, id=21740, stack(0x00000010b1e00000,0x00000010b1f00000) (1024K)]
  0x000001dff9cfd080 JavaThread "Service Thread"             daemon [_thread_blocked, id=8276, stack(0x00000010b1f00000,0x00000010b2000000) (1024K)]
  0x000001dff9cfb0a0 JavaThread "Monitor Deflation Thread"   daemon [_thread_blocked, id=12268, stack(0x00000010b2000000,0x00000010b2100000) (1024K)]
  0x000001dff9cfbf90 JavaThread "C2 CompilerThread0"         daemon [_thread_blocked, id=13892, stack(0x00000010b2100000,0x00000010b2200000) (1024K)]
  0x000001dff9d0b540 JavaThread "C1 CompilerThread0"         daemon [_thread_blocked, id=13616, stack(0x00000010b2200000,0x00000010b2300000) (1024K)]
  0x000001dffe0d58b0 JavaThread "Notification Thread"        daemon [_thread_blocked, id=14904, stack(0x00000010b2300000,0x00000010b2400000) (1024K)]
  0x000001dffe0dc260 JavaThread "Common-Cleaner"             daemon [_thread_blocked, id=276, stack(0x00000010b2400000,0x00000010b2500000) (1024K)]
Total: 11

Other Threads:
  0x000001dff9ce7ec0 VMThread "VM Thread"                           [id=14908, stack(0x00000010b1a00000,0x00000010b1b00000) (1024K)]
  0x000001dff9bb68b0 WatcherThread "VM Periodic Task Thread"        [id=15796, stack(0x00000010b1900000,0x00000010b1a00000) (1024K)]
  0x000001dfda3a3a80 WorkerThread "GC Thread#0"                     [id=1664, stack(0x00000010b1400000,0x00000010b1500000) (1024K)]
  0x000001dfda3bcbb0 ConcurrentGCThread "G1 Main Marker"            [id=10772, stack(0x00000010b1500000,0x00000010b1600000) (1024K)]
  0x000001dfda3bdef0 WorkerThread "G1 Conc#0"                       [id=4768, stack(0x00000010b1600000,0x00000010b1700000) (1024K)]
  0x000001dff9ba7e00 ConcurrentGCThread "G1 Refine#0"               [id=11436, stack(0x00000010b1700000,0x00000010b1800000) (1024K)]
  0x000001dff9ba8a10 ConcurrentGCThread "G1 Service"                [id=21616, stack(0x00000010b1800000,0x00000010b1900000) (1024K)]
Total: 7

Threads with active compile tasks:
Total: 0

VM state: not at safepoint (normal execution)

VM Mutex/Monitor currently owned by a thread: None

Heap address: 0x0000000700c00000, size: 4084 MB, Compressed Oops mode: Zero based, Oop shift amount: 3

CDS archive(s) mapped at: [0x000000003e000000-0x000000003edd0000-0x000000003edd0000), size 14483456, SharedBaseAddress: 0x000000003e000000, ArchiveRelocationMode: 1.
Compressed class space mapped at: 0x000000003f000000-0x000000007f000000, reserved size: 1073741824
UseCompressedClassPointers 1, UseCompactObjectHeaders 0
Narrow klass pointer bits 32, Max shift 3
Narrow klass base: 0x000000003e000000, Narrow klass shift: 0
Encoding Range: [0x000000003e000000 - 0x000000013e000000), (4294967296 bytes)
Klass Range:    [0x000000003e010000 - 0x000000007f000000), (1090453504 bytes)
Klass ID Range:  [65536 - 1090519033) (1090453497)
Protection zone: [0x000000003e000000 - 0x000000003e010000), (65536 bytes)

GC Precious Log:
 CardTable entry size: 512
 Card Set container configuration: InlinePtr #cards 4 size 8 Array Of Cards #cards 16 size 48 Howl #buckets 8 coarsen threshold 3686 Howl Bitmap #cards 512 size 80 coarsen threshold 460 Card regions per heap region 1 cards per card region 4096
 CPUs: 12 total, 12 available
 Memory: 16330M
 Large Page Support: Disabled
 NUMA Support: Disabled
 Compressed Oops: Enabled (Zero based)
 Heap Region Size: 2M
 Heap Min Capacity: 8M
 Heap Initial Capacity: 256M
 Heap Max Capacity: 4084M
 Pre-touch: Disabled
 Parallel Workers: 10
 Concurrent Workers: 3
 Concurrent Refinement Workers: 10
 Periodic GC: Disabled

Heap:
 garbage-first heap   total reserved 4182016K, committed 264192K, used 13461K [0x0000000700c00000, 0x0000000800000000)
  region size 2048K, 8 young (16384K), 0 survivors (0K)

Heap Regions: E=young(eden), S=young(survivor), O=old, HS=humongous(starts), HC=humongous(continues), CS=collection set, F=free, TAMS=top-at-mark-start, PB=parsable bottom
|   0|0x0000000700c00000, 0x0000000700c00000, 0x0000000700e00000|  0%| F|  |TAMS 0x0000000700c00000| PB 0x0000000700c00000| Untracked |  0
|   1|0x0000000700e00000, 0x0000000700e00000, 0x0000000701000000|  0%| F|  |TAMS 0x0000000700e00000| PB 0x0000000700e00000| Untracked |  0
|   2|0x0000000701000000, 0x0000000701000000, 0x0000000701200000|  0%| F|  |TAMS 0x0000000701000000| PB 0x0000000701000000| Untracked |  0
|   3|0x0000000701200000, 0x0000000701200000, 0x0000000701400000|  0%| F|  |TAMS 0x0000000701200000| PB 0x0000000701200000| Untracked |  0
|   4|0x0000000701400000, 0x0000000701400000, 0x0000000701600000|  0%| F|  |TAMS 0x0000000701400000| PB 0x0000000701400000| Untracked |  0
|   5|0x0000000701600000, 0x0000000701600000, 0x0000000701800000|  0%| F|  |TAMS 0x0000000701600000| PB 0x0000000701600000| Untracked |  0
|   6|0x0000000701800000, 0x0000000701800000, 0x0000000701a00000|  0%| F|  |TAMS 0x0000000701800000| PB 0x0000000701800000| Untracked |  0
|   7|0x0000000701a00000, 0x0000000701a00000, 0x0000000701c00000|  0%| F|  |TAMS 0x0000000701a00000| PB 0x0000000701a00000| Untracked |  0
|   8|0x0000000701c00000, 0x0000000701c00000, 0x0000000701e00000|  0%| F|  |TAMS 0x0000000701c00000| PB 0x0000000701c00000| Untracked |  0
|   9|0x0000000701e00000, 0x0000000701e00000, 0x0000000702000000|  0%| F|  |TAMS 0x0000000701e00000| PB 0x0000000701e00000| Untracked |  0
|  10|0x0000000702000000, 0x0000000702000000, 0x0000000702200000|  0%| F|  |TAMS 0x0000000702000000| PB 0x0000000702000000| Untracked |  0
|  11|0x0000000702200000, 0x0000000702200000, 0x0000000702400000|  0%| F|  |TAMS 0x0000000702200000| PB 0x0000000702200000| Untracked |  0
|  12|0x0000000702400000, 0x0000000702400000, 0x0000000702600000|  0%| F|  |TAMS 0x0000000702400000| PB 0x0000000702400000| Untracked |  0
|  13|0x0000000702600000, 0x0000000702600000, 0x0000000702800000|  0%| F|  |TAMS 0x0000000702600000| PB 0x0000000702600000| Untracked |  0
|  14|0x0000000702800000, 0x0000000702800000, 0x0000000702a00000|  0%| F|  |TAMS 0x0000000702800000| PB 0x0000000702800000| Untracked |  0
|  15|0x0000000702a00000, 0x0000000702a00000, 0x0000000702c00000|  0%| F|  |TAMS 0x0000000702a00000| PB 0x0000000702a00000| Untracked |  0
|  16|0x0000000702c00000, 0x0000000702c00000, 0x0000000702e00000|  0%| F|  |TAMS 0x0000000702c00000| PB 0x0000000702c00000| Untracked |  0
|  17|0x0000000702e00000, 0x0000000702e00000, 0x0000000703000000|  0%| F|  |TAMS 0x0000000702e00000| PB 0x0000000702e00000| Untracked |  0
|  18|0x0000000703000000, 0x0000000703000000, 0x0000000703200000|  0%| F|  |TAMS 0x0000000703000000| PB 0x0000000703000000| Untracked |  0
|  19|0x0000000703200000, 0x0000000703200000, 0x0000000703400000|  0%| F|  |TAMS 0x0000000703200000| PB 0x0000000703200000| Untracked |  0
|  20|0x0000000703400000, 0x0000000703400000, 0x0000000703600000|  0%| F|  |TAMS 0x0000000703400000| PB 0x0000000703400000| Untracked |  0
|  21|0x0000000703600000, 0x0000000703600000, 0x0000000703800000|  0%| F|  |TAMS 0x0000000703600000| PB 0x0000000703600000| Untracked |  0
|  22|0x0000000703800000, 0x0000000703800000, 0x0000000703a00000|  0%| F|  |TAMS 0x0000000703800000| PB 0x0000000703800000| Untracked |  0
|  23|0x0000000703a00000, 0x0000000703a00000, 0x0000000703c00000|  0%| F|  |TAMS 0x0000000703a00000| PB 0x0000000703a00000| Untracked |  0
|  24|0x0000000703c00000, 0x0000000703c00000, 0x0000000703e00000|  0%| F|  |TAMS 0x0000000703c00000| PB 0x0000000703c00000| Untracked |  0
|  25|0x0000000703e00000, 0x0000000703e00000, 0x0000000704000000|  0%| F|  |TAMS 0x0000000703e00000| PB 0x0000000703e00000| Untracked |  0
|  26|0x0000000704000000, 0x0000000704000000, 0x0000000704200000|  0%| F|  |TAMS 0x0000000704000000| PB 0x0000000704000000| Untracked |  0
|  27|0x0000000704200000, 0x0000000704200000, 0x0000000704400000|  0%| F|  |TAMS 0x0000000704200000| PB 0x0000000704200000| Untracked |  0
|  28|0x0000000704400000, 0x0000000704400000, 0x0000000704600000|  0%| F|  |TAMS 0x0000000704400000| PB 0x0000000704400000| Untracked |  0
|  29|0x0000000704600000, 0x0000000704600000, 0x0000000704800000|  0%| F|  |TAMS 0x0000000704600000| PB 0x0000000704600000| Untracked |  0
|  30|0x0000000704800000, 0x0000000704800000, 0x0000000704a00000|  0%| F|  |TAMS 0x0000000704800000| PB 0x0000000704800000| Untracked |  0
|  31|0x0000000704a00000, 0x0000000704a00000, 0x0000000704c00000|  0%| F|  |TAMS 0x0000000704a00000| PB 0x0000000704a00000| Untracked |  0
|  32|0x0000000704c00000, 0x0000000704c00000, 0x0000000704e00000|  0%| F|  |TAMS 0x0000000704c00000| PB 0x0000000704c00000| Untracked |  0
|  33|0x0000000704e00000, 0x0000000704e00000, 0x0000000705000000|  0%| F|  |TAMS 0x0000000704e00000| PB 0x0000000704e00000| Untracked |  0
|  34|0x0000000705000000, 0x0000000705000000, 0x0000000705200000|  0%| F|  |TAMS 0x0000000705000000| PB 0x0000000705000000| Untracked |  0
|  35|0x0000000705200000, 0x0000000705200000, 0x0000000705400000|  0%| F|  |TAMS 0x0000000705200000| PB 0x0000000705200000| Untracked |  0
|  36|0x0000000705400000, 0x0000000705400000, 0x0000000705600000|  0%| F|  |TAMS 0x0000000705400000| PB 0x0000000705400000| Untracked |  0
|  37|0x0000000705600000, 0x0000000705600000, 0x0000000705800000|  0%| F|  |TAMS 0x0000000705600000| PB 0x0000000705600000| Untracked |  0
|  38|0x0000000705800000, 0x0000000705800000, 0x0000000705a00000|  0%| F|  |TAMS 0x0000000705800000| PB 0x0000000705800000| Untracked |  0
|  39|0x0000000705a00000, 0x0000000705a00000, 0x0000000705c00000|  0%| F|  |TAMS 0x0000000705a00000| PB 0x0000000705a00000| Untracked |  0
|  40|0x0000000705c00000, 0x0000000705c00000, 0x0000000705e00000|  0%| F|  |TAMS 0x0000000705c00000| PB 0x0000000705c00000| Untracked |  0
|  41|0x0000000705e00000, 0x0000000705e00000, 0x0000000706000000|  0%| F|  |TAMS 0x0000000705e00000| PB 0x0000000705e00000| Untracked |  0
|  42|0x0000000706000000, 0x0000000706000000, 0x0000000706200000|  0%| F|  |TAMS 0x0000000706000000| PB 0x0000000706000000| Untracked |  0
|  43|0x0000000706200000, 0x0000000706200000, 0x0000000706400000|  0%| F|  |TAMS 0x0000000706200000| PB 0x0000000706200000| Untracked |  0
|  44|0x0000000706400000, 0x0000000706400000, 0x0000000706600000|  0%| F|  |TAMS 0x0000000706400000| PB 0x0000000706400000| Untracked |  0
|  45|0x0000000706600000, 0x0000000706600000, 0x0000000706800000|  0%| F|  |TAMS 0x0000000706600000| PB 0x0000000706600000| Untracked |  0
|  46|0x0000000706800000, 0x0000000706800000, 0x0000000706a00000|  0%| F|  |TAMS 0x0000000706800000| PB 0x0000000706800000| Untracked |  0
|  47|0x0000000706a00000, 0x0000000706a00000, 0x0000000706c00000|  0%| F|  |TAMS 0x0000000706a00000| PB 0x0000000706a00000| Untracked |  0
|  48|0x0000000706c00000, 0x0000000706c00000, 0x0000000706e00000|  0%| F|  |TAMS 0x0000000706c00000| PB 0x0000000706c00000| Untracked |  0
|  49|0x0000000706e00000, 0x0000000706e00000, 0x0000000707000000|  0%| F|  |TAMS 0x0000000706e00000| PB 0x0000000706e00000| Untracked |  0
|  50|0x0000000707000000, 0x0000000707000000, 0x0000000707200000|  0%| F|  |TAMS 0x0000000707000000| PB 0x0000000707000000| Untracked |  0
|  51|0x0000000707200000, 0x0000000707200000, 0x0000000707400000|  0%| F|  |TAMS 0x0000000707200000| PB 0x0000000707200000| Untracked |  0
|  52|0x0000000707400000, 0x0000000707400000, 0x0000000707600000|  0%| F|  |TAMS 0x0000000707400000| PB 0x0000000707400000| Untracked |  0
|  53|0x0000000707600000, 0x0000000707600000, 0x0000000707800000|  0%| F|  |TAMS 0x0000000707600000| PB 0x0000000707600000| Untracked |  0
|  54|0x0000000707800000, 0x0000000707800000, 0x0000000707a00000|  0%| F|  |TAMS 0x0000000707800000| PB 0x0000000707800000| Untracked |  0
|  55|0x0000000707a00000, 0x0000000707a00000, 0x0000000707c00000|  0%| F|  |TAMS 0x0000000707a00000| PB 0x0000000707a00000| Untracked |  0
|  56|0x0000000707c00000, 0x0000000707c00000, 0x0000000707e00000|  0%| F|  |TAMS 0x0000000707c00000| PB 0x0000000707c00000| Untracked |  0
|  57|0x0000000707e00000, 0x0000000707e00000, 0x0000000708000000|  0%| F|  |TAMS 0x0000000707e00000| PB 0x0000000707e00000| Untracked |  0
|  58|0x0000000708000000, 0x0000000708000000, 0x0000000708200000|  0%| F|  |TAMS 0x0000000708000000| PB 0x0000000708000000| Untracked |  0
|  59|0x0000000708200000, 0x0000000708200000, 0x0000000708400000|  0%| F|  |TAMS 0x0000000708200000| PB 0x0000000708200000| Untracked |  0
|  60|0x0000000708400000, 0x0000000708400000, 0x0000000708600000|  0%| F|  |TAMS 0x0000000708400000| PB 0x0000000708400000| Untracked |  0
|  61|0x0000000708600000, 0x0000000708600000, 0x0000000708800000|  0%| F|  |TAMS 0x0000000708600000| PB 0x0000000708600000| Untracked |  0
|  62|0x0000000708800000, 0x0000000708800000, 0x0000000708a00000|  0%| F|  |TAMS 0x0000000708800000| PB 0x0000000708800000| Untracked |  0
|  63|0x0000000708a00000, 0x0000000708a00000, 0x0000000708c00000|  0%| F|  |TAMS 0x0000000708a00000| PB 0x0000000708a00000| Untracked |  0
|  64|0x0000000708c00000, 0x0000000708c00000, 0x0000000708e00000|  0%| F|  |TAMS 0x0000000708c00000| PB 0x0000000708c00000| Untracked |  0
|  65|0x0000000708e00000, 0x0000000708e00000, 0x0000000709000000|  0%| F|  |TAMS 0x0000000708e00000| PB 0x0000000708e00000| Untracked |  0
|  66|0x0000000709000000, 0x0000000709000000, 0x0000000709200000|  0%| F|  |TAMS 0x0000000709000000| PB 0x0000000709000000| Untracked |  0
|  67|0x0000000709200000, 0x0000000709200000, 0x0000000709400000|  0%| F|  |TAMS 0x0000000709200000| PB 0x0000000709200000| Untracked |  0
|  68|0x0000000709400000, 0x0000000709400000, 0x0000000709600000|  0%| F|  |TAMS 0x0000000709400000| PB 0x0000000709400000| Untracked |  0
|  69|0x0000000709600000, 0x0000000709600000, 0x0000000709800000|  0%| F|  |TAMS 0x0000000709600000| PB 0x0000000709600000| Untracked |  0
|  70|0x0000000709800000, 0x0000000709800000, 0x0000000709a00000|  0%| F|  |TAMS 0x0000000709800000| PB 0x0000000709800000| Untracked |  0
|  71|0x0000000709a00000, 0x0000000709a00000, 0x0000000709c00000|  0%| F|  |TAMS 0x0000000709a00000| PB 0x0000000709a00000| Untracked |  0
|  72|0x0000000709c00000, 0x0000000709c00000, 0x0000000709e00000|  0%| F|  |TAMS 0x0000000709c00000| PB 0x0000000709c00000| Untracked |  0
|  73|0x0000000709e00000, 0x0000000709e00000, 0x000000070a000000|  0%| F|  |TAMS 0x0000000709e00000| PB 0x0000000709e00000| Untracked |  0
|  74|0x000000070a000000, 0x000000070a000000, 0x000000070a200000|  0%| F|  |TAMS 0x000000070a000000| PB 0x000000070a000000| Untracked |  0
|  75|0x000000070a200000, 0x000000070a200000, 0x000000070a400000|  0%| F|  |TAMS 0x000000070a200000| PB 0x000000070a200000| Untracked |  0
|  76|0x000000070a400000, 0x000000070a400000, 0x000000070a600000|  0%| F|  |TAMS 0x000000070a400000| PB 0x000000070a400000| Untracked |  0
|  77|0x000000070a600000, 0x000000070a600000, 0x000000070a800000|  0%| F|  |TAMS 0x000000070a600000| PB 0x000000070a600000| Untracked |  0
|  78|0x000000070a800000, 0x000000070a800000, 0x000000070aa00000|  0%| F|  |TAMS 0x000000070a800000| PB 0x000000070a800000| Untracked |  0
|  79|0x000000070aa00000, 0x000000070aa00000, 0x000000070ac00000|  0%| F|  |TAMS 0x000000070aa00000| PB 0x000000070aa00000| Untracked |  0
|  80|0x000000070ac00000, 0x000000070ac00000, 0x000000070ae00000|  0%| F|  |TAMS 0x000000070ac00000| PB 0x000000070ac00000| Untracked |  0
|  81|0x000000070ae00000, 0x000000070ae00000, 0x000000070b000000|  0%| F|  |TAMS 0x000000070ae00000| PB 0x000000070ae00000| Untracked |  0
|  82|0x000000070b000000, 0x000000070b000000, 0x000000070b200000|  0%| F|  |TAMS 0x000000070b000000| PB 0x000000070b000000| Untracked |  0
|  83|0x000000070b200000, 0x000000070b200000, 0x000000070b400000|  0%| F|  |TAMS 0x000000070b200000| PB 0x000000070b200000| Untracked |  0
|  84|0x000000070b400000, 0x000000070b400000, 0x000000070b600000|  0%| F|  |TAMS 0x000000070b400000| PB 0x000000070b400000| Untracked |  0
|  85|0x000000070b600000, 0x000000070b600000, 0x000000070b800000|  0%| F|  |TAMS 0x000000070b600000| PB 0x000000070b600000| Untracked |  0
|  86|0x000000070b800000, 0x000000070b800000, 0x000000070ba00000|  0%| F|  |TAMS 0x000000070b800000| PB 0x000000070b800000| Untracked |  0
|  87|0x000000070ba00000, 0x000000070ba00000, 0x000000070bc00000|  0%| F|  |TAMS 0x000000070ba00000| PB 0x000000070ba00000| Untracked |  0
|  88|0x000000070bc00000, 0x000000070bc00000, 0x000000070be00000|  0%| F|  |TAMS 0x000000070bc00000| PB 0x000000070bc00000| Untracked |  0
|  89|0x000000070be00000, 0x000000070be00000, 0x000000070c000000|  0%| F|  |TAMS 0x000000070be00000| PB 0x000000070be00000| Untracked |  0
|  90|0x000000070c000000, 0x000000070c000000, 0x000000070c200000|  0%| F|  |TAMS 0x000000070c000000| PB 0x000000070c000000| Untracked |  0
|  91|0x000000070c200000, 0x000000070c200000, 0x000000070c400000|  0%| F|  |TAMS 0x000000070c200000| PB 0x000000070c200000| Untracked |  0
|  92|0x000000070c400000, 0x000000070c400000, 0x000000070c600000|  0%| F|  |TAMS 0x000000070c400000| PB 0x000000070c400000| Untracked |  0
|  93|0x000000070c600000, 0x000000070c600000, 0x000000070c800000|  0%| F|  |TAMS 0x000000070c600000| PB 0x000000070c600000| Untracked |  0
|  94|0x000000070c800000, 0x000000070c800000, 0x000000070ca00000|  0%| F|  |TAMS 0x000000070c800000| PB 0x000000070c800000| Untracked |  0
|  95|0x000000070ca00000, 0x000000070ca00000, 0x000000070cc00000|  0%| F|  |TAMS 0x000000070ca00000| PB 0x000000070ca00000| Untracked |  0
|  96|0x000000070cc00000, 0x000000070cc00000, 0x000000070ce00000|  0%| F|  |TAMS 0x000000070cc00000| PB 0x000000070cc00000| Untracked |  0
|  97|0x000000070ce00000, 0x000000070ce00000, 0x000000070d000000|  0%| F|  |TAMS 0x000000070ce00000| PB 0x000000070ce00000| Untracked |  0
|  98|0x000000070d000000, 0x000000070d000000, 0x000000070d200000|  0%| F|  |TAMS 0x000000070d000000| PB 0x000000070d000000| Untracked |  0
|  99|0x000000070d200000, 0x000000070d200000, 0x000000070d400000|  0%| F|  |TAMS 0x000000070d200000| PB 0x000000070d200000| Untracked |  0
| 100|0x000000070d400000, 0x000000070d400000, 0x000000070d600000|  0%| F|  |TAMS 0x000000070d400000| PB 0x000000070d400000| Untracked |  0
| 101|0x000000070d600000, 0x000000070d600000, 0x000000070d800000|  0%| F|  |TAMS 0x000000070d600000| PB 0x000000070d600000| Untracked |  0
| 102|0x000000070d800000, 0x000000070d800000, 0x000000070da00000|  0%| F|  |TAMS 0x000000070d800000| PB 0x000000070d800000| Untracked |  0
| 103|0x000000070da00000, 0x000000070da00000, 0x000000070dc00000|  0%| F|  |TAMS 0x000000070da00000| PB 0x000000070da00000| Untracked |  0
| 104|0x000000070dc00000, 0x000000070dc00000, 0x000000070de00000|  0%| F|  |TAMS 0x000000070dc00000| PB 0x000000070dc00000| Untracked |  0
| 105|0x000000070de00000, 0x000000070de00000, 0x000000070e000000|  0%| F|  |TAMS 0x000000070de00000| PB 0x000000070de00000| Untracked |  0
| 106|0x000000070e000000, 0x000000070e000000, 0x000000070e200000|  0%| F|  |TAMS 0x000000070e000000| PB 0x000000070e000000| Untracked |  0
| 107|0x000000070e200000, 0x000000070e200000, 0x000000070e400000|  0%| F|  |TAMS 0x000000070e200000| PB 0x000000070e200000| Untracked |  0
| 108|0x000000070e400000, 0x000000070e400000, 0x000000070e600000|  0%| F|  |TAMS 0x000000070e400000| PB 0x000000070e400000| Untracked |  0
| 109|0x000000070e600000, 0x000000070e600000, 0x000000070e800000|  0%| F|  |TAMS 0x000000070e600000| PB 0x000000070e600000| Untracked |  0
| 110|0x000000070e800000, 0x000000070e800000, 0x000000070ea00000|  0%| F|  |TAMS 0x000000070e800000| PB 0x000000070e800000| Untracked |  0
| 111|0x000000070ea00000, 0x000000070ea00000, 0x000000070ec00000|  0%| F|  |TAMS 0x000000070ea00000| PB 0x000000070ea00000| Untracked |  0
| 112|0x000000070ec00000, 0x000000070ec00000, 0x000000070ee00000|  0%| F|  |TAMS 0x000000070ec00000| PB 0x000000070ec00000| Untracked |  0
| 113|0x000000070ee00000, 0x000000070ee00000, 0x000000070f000000|  0%| F|  |TAMS 0x000000070ee00000| PB 0x000000070ee00000| Untracked |  0
| 114|0x000000070f000000, 0x000000070f000000, 0x000000070f200000|  0%| F|  |TAMS 0x000000070f000000| PB 0x000000070f000000| Untracked |  0
| 115|0x000000070f200000, 0x000000070f200000, 0x000000070f400000|  0%| F|  |TAMS 0x000000070f200000| PB 0x000000070f200000| Untracked |  0
| 116|0x000000070f400000, 0x000000070f400000, 0x000000070f600000|  0%| F|  |TAMS 0x000000070f400000| PB 0x000000070f400000| Untracked |  0
| 117|0x000000070f600000, 0x000000070f600000, 0x000000070f800000|  0%| F|  |TAMS 0x000000070f600000| PB 0x000000070f600000| Untracked |  0
| 118|0x000000070f800000, 0x000000070f800000, 0x000000070fa00000|  0%| F|  |TAMS 0x000000070f800000| PB 0x000000070f800000| Untracked |  0
| 119|0x000000070fa00000, 0x000000070fa00000, 0x000000070fc00000|  0%| F|  |TAMS 0x000000070fa00000| PB 0x000000070fa00000| Untracked |  0
| 120|0x000000070fc00000, 0x000000070fe00000, 0x000000070fe00000|100%| E|  |TAMS 0x000000070fc00000| PB 0x000000070fc00000| Complete |  0
| 121|0x000000070fe00000, 0x0000000710000000, 0x0000000710000000|100%| E|CS|TAMS 0x000000070fe00000| PB 0x000000070fe00000| Complete |  0
| 122|0x0000000710000000, 0x0000000710200000, 0x0000000710200000|100%| E|  |TAMS 0x0000000710000000| PB 0x0000000710000000| Complete |  0
| 123|0x0000000710200000, 0x0000000710400000, 0x0000000710400000|100%| E|CS|TAMS 0x0000000710200000| PB 0x0000000710200000| Complete |  0
| 124|0x0000000710400000, 0x0000000710600000, 0x0000000710600000|100%| E|CS|TAMS 0x0000000710400000| PB 0x0000000710400000| Complete |  0
| 125|0x0000000710600000, 0x0000000710800000, 0x0000000710800000|100%| E|CS|TAMS 0x0000000710600000| PB 0x0000000710600000| Complete |  0
| 126|0x0000000710800000, 0x0000000710a00000, 0x0000000710a00000|100%| E|CS|TAMS 0x0000000710800000| PB 0x0000000710800000| Complete |  0
| 127|0x0000000710a00000, 0x0000000710c00000, 0x0000000710c00000|100%| E|CS|TAMS 0x0000000710a00000| PB 0x0000000710a00000| Complete |  0
|2041|0x00000007ffe00000, 0x00000007fff256a0, 0x0000000800000000| 57%| O|  |TAMS 0x00000007ffe00000| PB 0x00000007ffe00000| Untracked |  0

Card table byte_map: [0x000001dff2920000,0x000001dff3120000] _byte_map_base: 0x000001dfef11a000

Marking Bits: (CMBitMap*) 0x000001dfda3a4210
 Bits: [0x000001dff3120000, 0x000001dff70f0000)

Polling page: 0x000001dfd81c0000

Metaspace:
Metaspace        used 7560K, committed 7744K, reserved 1114112K
 class space     used 311K, committed 384K, reserved 1048576K

Usage:
  Non-class:      7.08 MB used.
      Class:    311.64 KB used.
       Both:      7.38 MB used.

Virtual space:
  Non-class space:       64.00 MB reserved,       7.19 MB ( 11%) committed,  1 nodes.
      Class space:        1.00 GB reserved,     384.00 KB ( <1%) committed,  1 nodes.
             Both:        1.06 GB reserved,       7.56 MB ( <1%) committed. 

Chunk freelists:
   Non-Class:  6.73 MB
       Class:  15.53 MB
        Both:  22.26 MB

MaxMetaspaceSize: unlimited
CompressedClassSpaceSize: 1.00 GB
Initial GC threshold: 21.00 MB
Current GC threshold: 21.00 MB
CDS: on
 - commit_granule_bytes: 65536.
 - commit_granule_words: 8192.
 - virtual_space_node_default_size: 8388608.
 - enlarge_chunks_in_place: 1.
UseCompressedClassPointers 1, UseCompactObjectHeaders 0
Narrow klass pointer bits 32, Max shift 3
Narrow klass base: 0x000000003e000000, Narrow klass shift: 0
Encoding Range: [0x000000003e000000 - 0x000000013e000000), (4294967296 bytes)
Klass Range:    [0x000000003e010000 - 0x000000007f000000), (1090453504 bytes)
Klass ID Range:  [65536 - 1090519033) (1090453497)
Protection zone: [0x000000003e000000 - 0x000000003e010000), (65536 bytes)


Internal statistics:

num_allocs_failed_limit: 0.
num_arena_births: 102.
num_arena_deaths: 0.
num_vsnodes_births: 2.
num_vsnodes_deaths: 0.
num_space_committed: 120.
num_space_uncommitted: 0.
num_chunks_returned_to_freelist: 0.
num_chunks_taken_from_freelist: 330.
num_chunk_merges: 0.
num_chunk_splits: 242.
num_chunks_enlarged: 186.
num_inconsistent_stats: 0.

CodeHeap 'non-profiled nmethods': size=120064Kb used=262Kb max_used=262Kb free=119801Kb
 bounds [0x000001dfea680000, 0x000001dfea8f0000, 0x000001dff1bc0000]
CodeHeap 'profiled nmethods': size=120000Kb used=1562Kb max_used=1562Kb free=118437Kb
 bounds [0x000001dfe2bc0000, 0x000001dfe2e30000, 0x000001dfea0f0000]
CodeHeap 'non-nmethods': size=5696Kb used=2228Kb max_used=2235Kb free=3467Kb
 bounds [0x000001dfea0f0000, 0x000001dfea360000, 0x000001dfea680000]
CodeCache: size=245760Kb, used=4052Kb, max_used=4059Kb, free=241705Kb
 total_blobs=2593, nmethods=1207, adapters=1290, full_count=0
Compilation: enabled, stopped_count=0, restarted_count=0

Compilation events (20 events):
Event: 0.521 Thread 0x000001dff9d0b540 1198       3       java.util.zip.ZipFile$InflaterCleanupAction::<init> (15 bytes)
Event: 0.522 Thread 0x000001dff9d0b540 nmethod 1198 0x000001dfe2d43188 code [0x000001dfe2d43280, 0x000001dfe2d434b0]
Event: 0.522 Thread 0x000001dff9d0b540 1199   !   3       java.util.zip.ZipFile$ZipFileInflaterInputStream::close (67 bytes)
Event: 0.522 Thread 0x000001dff9d0b540 nmethod 1199 0x000001dfe2d43508 code [0x000001dfe2d43600, 0x000001dfe2d43fe0]
Event: 0.522 Thread 0x000001dff9d0b540 1200       3       java.util.zip.InflaterInputStream::close (34 bytes)
Event: 0.522 Thread 0x000001dff9d0b540 nmethod 1200 0x000001dfe2d44008 code [0x000001dfe2d44100, 0x000001dfe2d44398]
Event: 0.522 Thread 0x000001dff9d0b540 1201       3       java.util.zip.ZipFile$InflaterCleanupAction::run (12 bytes)
Event: 0.522 Thread 0x000001dff9d0b540 nmethod 1201 0x000001dfe2d44408 code [0x000001dfe2d44500, 0x000001dfe2d44668]
Event: 0.522 Thread 0x000001dff9d0b540 1202   !   3       java.util.zip.ZipFile$CleanableResource::releaseInflater (53 bytes)
Event: 0.522 Thread 0x000001dff9d0b540 nmethod 1202 0x000001dfe2d44708 code [0x000001dfe2d44800, 0x000001dfe2d44d10]
Event: 0.522 Thread 0x000001dff9d0b540 1206       3       jdk.internal.loader.NativeLibraries::find (70 bytes)
Event: 0.522 Thread 0x000001dff9d0b540 nmethod 1206 0x000001dfe2d44d88 code [0x000001dfe2d44e80, 0x000001dfe2d45650]
Event: 0.522 Thread 0x000001dff9d0b540 1203   !   3       java.util.zip.Inflater::reset (64 bytes)
Event: 0.522 Thread 0x000001dff9d0b540 nmethod 1203 0x000001dfe2d45688 code [0x000001dfe2d45780, 0x000001dfe2d45b98]
Event: 0.522 Thread 0x000001dff9d0b540 1204       3       java.lang.ClassLoader::findNative (35 bytes)
Event: 0.523 Thread 0x000001dff9d0b540 nmethod 1204 0x000001dfe2d45c08 code [0x000001dfe2d45d00, 0x000001dfe2d462e0]
Event: 0.523 Thread 0x000001dff9d0b540 1205       3       java.lang.ClassLoader::nativeLibrariesFor (13 bytes)
Event: 0.523 Thread 0x000001dff9d0b540 nmethod 1205 0x000001dfe2d46308 code [0x000001dfe2d46400, 0x000001dfe2d465a8]
Event: 0.523 Thread 0x000001dff9d0b540 1207       3       java.util.concurrent.ConcurrentHashMap::isEmpty (15 bytes)
Event: 0.523 Thread 0x000001dff9d0b540 nmethod 1207 0x000001dfe2d46608 code [0x000001dfe2d46700, 0x000001dfe2d46908]

GC Heap Usage History (0 events):
No events

Metaspace Usage History (0 events):
No events

Dll operation events (9 events):
Event: 0.005 Loaded shared library C:\Program Files\Java\jdk-25\bin\java.dll
Event: 0.049 Loaded shared library C:\Program Files\Java\jdk-25\bin\net.dll
Event: 0.051 Loaded shared library C:\Program Files\Java\jdk-25\bin\nio.dll
Event: 0.052 Loaded shared library C:\Program Files\Java\jdk-25\bin\zip.dll
Event: 0.103 Loaded shared library C:\Program Files\Java\jdk-25\bin\jimage.dll
Event: 0.115 Loaded shared library C:\Users\ciara\AppData\Local\Temp\lwjgl_ciara\3.3.6+1\x64\lwjgl.dll
Event: 0.355 Loaded shared library C:\Users\ciara\AppData\Local\Temp\lwjgl_ciara\3.3.6+1\x64\lwjgl_opengl.dll
Event: 0.410 Loaded shared library C:\Users\ciara\AppData\Local\Temp\imgui-java-natives\1.90.0\imgui-java64.dll
Event: 0.435 Loaded shared library C:\Program Files\Java\jdk-25\bin\verify.dll

Deoptimization events (20 events):
Event: 0.118 Thread 0x000001dfd7f80f70 DEOPT PACKING pc=0x000001dfea69e0cc sp=0x00000010b13fc6e0
Event: 0.118 Thread 0x000001dfd7f80f70 DEOPT UNPACKING pc=0x000001dfea20fc02 sp=0x00000010b13fc618 mode 2
Event: 0.135 Thread 0x000001dfd7f80f70 Uncommon trap: trap_request=0xffffff45 fr.pc=0x000001dfea68a0f4 relative=0x0000000000000074
Event: 0.135 Thread 0x000001dfd7f80f70 Uncommon trap: reason=unstable_if action=reinterpret pc=0x000001dfea68a0f4 method=jdk.internal.misc.Unsafe.convEndian(ZI)I @ 4 c2
Event: 0.135 Thread 0x000001dfd7f80f70 DEOPT PACKING pc=0x000001dfea68a0f4 sp=0x00000010b13fc340
Event: 0.135 Thread 0x000001dfd7f80f70 DEOPT UNPACKING pc=0x000001dfea20fc02 sp=0x00000010b13fc270 mode 2
Event: 0.142 Thread 0x000001dfd7f80f70 DEOPT PACKING pc=0x000001dfe2c6a9cd sp=0x00000010b13fc4f0
Event: 0.142 Thread 0x000001dfd7f80f70 DEOPT UNPACKING pc=0x000001dfea141702 sp=0x00000010b13fb988 mode 0
Event: 0.142 Thread 0x000001dfd7f80f70 DEOPT PACKING pc=0x000001dfe2c6a9cd sp=0x00000010b13fc4f0
Event: 0.142 Thread 0x000001dfd7f80f70 DEOPT UNPACKING pc=0x000001dfea141702 sp=0x00000010b13fb988 mode 0
Event: 0.157 Thread 0x000001dfd7f80f70 DEOPT PACKING pc=0x000001dfe2bd4319 sp=0x00000010b13fc750
Event: 0.157 Thread 0x000001dfd7f80f70 DEOPT UNPACKING pc=0x000001dfea141702 sp=0x00000010b13fbba0 mode 0
Event: 0.351 Thread 0x000001dfd7f80f70 Uncommon trap: trap_request=0xffffff66 fr.pc=0x000001dfea6ac428 relative=0x0000000000000428
Event: 0.351 Thread 0x000001dfd7f80f70 Uncommon trap: reason=loop_limit_check action=maybe_recompile pc=0x000001dfea6ac428 method=java.lang.StringLatin1.indexOf([BI[BII)I @ 37 c2
Event: 0.351 Thread 0x000001dfd7f80f70 DEOPT PACKING pc=0x000001dfea6ac428 sp=0x00000010b13fe150
Event: 0.351 Thread 0x000001dfd7f80f70 DEOPT UNPACKING pc=0x000001dfea20fc02 sp=0x00000010b13fe0b0 mode 2
Event: 0.518 Thread 0x000001dfd7f80f70 Uncommon trap: trap_request=0xffffff4c fr.pc=0x000001dfea6c16d8 relative=0x0000000000000058
Event: 0.518 Thread 0x000001dfd7f80f70 Uncommon trap: reason=speculate_null_assert action=make_not_entrant pc=0x000001dfea6c16d8 method=sun.misc.Unsafe.getLong(Ljava/lang/Object;J)J @ 8 c2
Event: 0.518 Thread 0x000001dfd7f80f70 DEOPT PACKING pc=0x000001dfea6c16d8 sp=0x00000010b13fed30
Event: 0.518 Thread 0x000001dfd7f80f70 DEOPT UNPACKING pc=0x000001dfea20fc02 sp=0x00000010b13fecb8 mode 2

Classes loaded (20 events):
Event: 0.466 Loading class sun/text/resources/cldr/FormatData_en
Event: 0.466 Loading class sun/text/resources/cldr/FormatData_en done
Event: 0.466 Loading class jdk/internal/foreign/MemorySessionImpl
Event: 0.466 Loading class java/lang/foreign/MemorySegment$Scope
Event: 0.466 Loading class java/lang/foreign/MemorySegment$Scope done
Event: 0.466 Loading class jdk/internal/foreign/MemorySessionImpl done
Event: 0.473 Loading class java/lang/SecurityException
Event: 0.473 Loading class java/lang/SecurityException done
Event: 0.512 Loading class java/util/stream/IntStream
Event: 0.512 Loading class java/util/stream/IntStream done
Event: 0.512 Loading class java/util/stream/Streams$RangeIntSpliterator
Event: 0.512 Loading class java/util/Spliterator$OfInt
Event: 0.512 Loading class java/util/Spliterator$OfPrimitive
Event: 0.512 Loading class java/util/Spliterator$OfPrimitive done
Event: 0.512 Loading class java/util/Spliterator$OfInt done
Event: 0.512 Loading class java/util/stream/Streams$RangeIntSpliterator done
Event: 0.512 Loading class java/util/stream/IntPipeline$Head
Event: 0.512 Loading class java/util/stream/IntPipeline
Event: 0.512 Loading class java/util/stream/IntPipeline done
Event: 0.512 Loading class java/util/stream/IntPipeline$Head done

Classes unloaded (0 events):
No events

Classes redefined (0 events):
No events

Internal exceptions (20 events):
Event: 0.118 Thread 0x000001dfd7f80f70 Exception <a 'sun/nio/fs/WindowsException'{0x000000071073f5f8}> (0x000000071073f5f8) 
thrown [s\open\src\hotspot\share\prims\jni.cpp, line 516]
Event: 0.145 Thread 0x000001dfd7f80f70 Exception <a 'java/lang/NoSuchMethodError'{0x0000000710419c30}: 'int java.lang.invoke.DirectMethodHandle$Holder.invokeStaticInit(java.lang.Object, java.lang.Object, int, long)'> (0x0000000710419c30) 
thrown [s\open\src\hotspot\share\interpreter\linkResolver.cpp, line 804]
Event: 0.146 Thread 0x000001dfd7f80f70 Exception <a 'java/lang/NoSuchMethodError'{0x0000000710428fe8}: 'java.lang.Object java.lang.invoke.DirectMethodHandle$Holder.newInvokeSpecial(java.lang.Object, java.lang.Object, int)'> (0x0000000710428fe8) 
thrown [s\open\src\hotspot\share\interpreter\linkResolver.cpp, line 804]
Event: 0.152 Thread 0x000001dfd7f80f70 Exception <a 'java/lang/NoSuchMethodError'{0x0000000710475a28}: 'int java.lang.invoke.DirectMethodHandle$Holder.invokeStaticInit(java.lang.Object, java.lang.Object, long, long)'> (0x0000000710475a28) 
thrown [s\open\src\hotspot\share\interpreter\linkResolver.cpp, line 804]
Event: 0.152 Thread 0x000001dfd7f80f70 Exception <a 'java/lang/NoSuchMethodError'{0x0000000710484e38}: 'java.lang.Object java.lang.invoke.DirectMethodHandle$Holder.newInvokeSpecial(java.lang.Object, java.lang.Object, long)'> (0x0000000710484e38) 
thrown [s\open\src\hotspot\share\interpreter\linkResolver.cpp, line 804]
Event: 0.152 Thread 0x000001dfd7f80f70 Exception <a 'java/lang/NoSuchMethodError'{0x000000071048dba8}: 'java.lang.Object java.lang.invoke.Invokers$Holder.linkToTargetMethod(java.lang.Object, long, java.lang.Object)'> (0x000000071048dba8) 
thrown [s\open\src\hotspot\share\interpreter\linkResolver.cpp, line 804]
Event: 0.153 Thread 0x000001dfd7f80f70 Exception <a 'java/lang/NoSuchMethodError'{0x000000071049e220}: 'int java.lang.invoke.DirectMethodHandle$Holder.invokeStaticInit(java.lang.Object, java.lang.Object, java.lang.Object, long)'> (0x000000071049e220) 
thrown [s\open\src\hotspot\share\interpreter\linkResolver.cpp, line 804]
Event: 0.163 Thread 0x000001dfd7f80f70 Exception <a 'sun/nio/fs/WindowsException'{0x000000071053d8f8}> (0x000000071053d8f8) 
thrown [s\open\src\hotspot\share\prims\jni.cpp, line 516]
Event: 0.164 Thread 0x000001dfd7f80f70 Exception <a 'sun/nio/fs/WindowsException'{0x000000071053dc58}> (0x000000071053dc58) 
thrown [s\open\src\hotspot\share\prims\jni.cpp, line 516]
Event: 0.167 Thread 0x000001dfd7f80f70 Exception <a 'java/lang/NoSuchMethodError'{0x000000071054fc48}: 'int java.lang.invoke.Invokers$Holder.invokeExact_MT(java.lang.Object, java.lang.Object)'> (0x000000071054fc48) 
thrown [s\open\src\hotspot\share\interpreter\linkResolver.cpp, line 804]
Event: 0.334 Thread 0x000001dfd7f80f70 Exception <a 'java/lang/NoSuchMethodError'{0x00000007105a4ea0}: 'void java.lang.invoke.DirectMethodHandle$Holder.invokeStaticInit(java.lang.Object, long, double, double)'> (0x00000007105a4ea0) 
thrown [s\open\src\hotspot\share\interpreter\linkResolver.cpp, line 804]
Event: 0.336 Thread 0x000001dfd7f80f70 Exception <a 'java/lang/NoSuchMethodError'{0x00000007105bd088}: 'void java.lang.invoke.DirectMethodHandle$Holder.invokeStaticInit(java.lang.Object, long, int, int, int)'> (0x00000007105bd088) 
thrown [s\open\src\hotspot\share\interpreter\linkResolver.cpp, line 804]
Event: 0.337 Thread 0x000001dfd7f80f70 Exception <a 'java/lang/NoSuchMethodError'{0x00000007105de828}: 'void java.lang.invoke.DirectMethodHandle$Holder.invokeStaticInit(java.lang.Object, long, int, int, int, int)'> (0x00000007105de828) 
thrown [s\open\src\hotspot\share\interpreter\linkResolver.cpp, line 804]
Event: 0.350 Thread 0x000001dfd7f80f70 Exception <a 'java/lang/NoSuchMethodError'{0x0000000710203a08}: 'void java.lang.System.load(java.lang.String, java.lang.Class)'> (0x0000000710203a08) 
thrown [s\open\src\hotspot\share\interpreter\linkResolver.cpp, line 804]
Event: 0.351 Thread 0x000001dfd7f80f70 Exception <a 'java/lang/NoSuchMethodError'{0x000000071020b7e8}: 'void java.lang.System.loadLibrary(java.lang.String, java.lang.Class)'> (0x000000071020b7e8) 
thrown [s\open\src\hotspot\share\interpreter\linkResolver.cpp, line 804]
Event: 0.354 Thread 0x000001dfd7f80f70 Exception <a 'sun/nio/fs/WindowsException'{0x000000071021f448}> (0x000000071021f448) 
thrown [s\open\src\hotspot\share\prims\jni.cpp, line 516]
Event: 0.354 Thread 0x000001dfd7f80f70 Exception <a 'sun/nio/fs/WindowsException'{0x000000071021f7e8}> (0x000000071021f7e8) 
thrown [s\open\src\hotspot\share\prims\jni.cpp, line 516]
Event: 0.357 Thread 0x000001dfd7f80f70 Exception <a 'sun/nio/fs/WindowsException'{0x0000000710228968}> (0x0000000710228968) 
thrown [s\open\src\hotspot\share\prims\jni.cpp, line 516]
Event: 0.357 Thread 0x000001dfd7f80f70 Exception <a 'sun/nio/fs/WindowsException'{0x0000000710228c38}> (0x0000000710228c38) 
thrown [s\open\src\hotspot\share\prims\jni.cpp, line 516]
Event: 0.512 Thread 0x000001dfd7f80f70 Exception <a 'java/lang/NoSuchMethodError'{0x000000070fd6e8e8}: 'void java.lang.invoke.DirectMethodHandle$Holder.invokeStatic(java.lang.Object, java.lang.Object, int)'> (0x000000070fd6e8e8) 
thrown [s\open\src\hotspot\share\interpreter\linkResolver.cpp, line 804]

VM Operations (8 events):
Event: 0.054 Executing non-safepoint VM operation: HandshakeAllThreads (Deoptimize)
Event: 0.054 Executing non-safepoint VM operation: HandshakeAllThreads (Deoptimize) done
Event: 0.096 Executing non-safepoint VM operation: HandshakeAllThreads (Deoptimize)
Event: 0.096 Executing non-safepoint VM operation: HandshakeAllThreads (Deoptimize) done
Event: 0.110 Executing non-safepoint VM operation: HandshakeAllThreads (Deoptimize)
Event: 0.110 Executing non-safepoint VM operation: HandshakeAllThreads (Deoptimize) done
Event: 0.462 Executing non-safepoint VM operation: HandshakeAllThreads (Deoptimize)
Event: 0.462 Executing non-safepoint VM operation: HandshakeAllThreads (Deoptimize) done

Memory protections (0 events):
No events

Nmethod flushes (0 events):
No events

Events (13 events):
Event: 0.015 Thread 0x000001dfd7f80f70 Thread added: 0x000001dfd7f80f70
Event: 0.021 Thread 0x000001dfd7f80f70 Thread added: 0x000001dff9cf4bc0
Event: 0.021 Thread 0x000001dfd7f80f70 Thread added: 0x000001dff9cf5380
Event: 0.021 Thread 0x000001dfd7f80f70 Thread added: 0x000001dff9cf9110
Event: 0.021 Thread 0x000001dfd7f80f70 Thread added: 0x000001dff9cf9cd0
Event: 0.021 Thread 0x000001dfd7f80f70 Thread added: 0x000001dff9cfd080
Event: 0.022 Thread 0x000001dfd7f80f70 Thread added: 0x000001dff9cfb0a0
Event: 0.022 Thread 0x000001dfd7f80f70 Thread added: 0x000001dff9cfbf90
Event: 0.022 Thread 0x000001dfd7f80f70 Thread added: 0x000001dff9d0b540
Event: 0.044 Thread 0x000001dfd7f80f70 Thread added: 0x000001dffe0d58b0
Event: 0.046 Thread 0x000001dfd7f80f70 Thread added: 0x000001dffe0dc260
Event: 0.063 Thread 0x000001dff9d0b540 Thread added: 0x000001dffe190b50
Event: 0.334 Thread 0x000001dffe190b50 Thread exited: 0x000001dffe190b50


Dynamic libraries:
0x00007ff679810000 - 0x00007ff679820000 	C:\Program Files\Java\jdk-25\bin\java.exe
0x00007ffaf5770000 - 0x00007ffaf5968000 	C:\WINDOWS\SYSTEM32\ntdll.dll
0x00007ffaf4ab0000 - 0x00007ffaf4b72000 	C:\WINDOWS\System32\KERNEL32.DLL
0x00007ffaf32c0000 - 0x00007ffaf35b6000 	C:\WINDOWS\System32\KERNELBASE.dll
0x00007ffaf3130000 - 0x00007ffaf3230000 	C:\WINDOWS\System32\ucrtbase.dll
0x00007ffac67c0000 - 0x00007ffac67d7000 	C:\Program Files\Java\jdk-25\bin\jli.dll
0x00007ffac5690000 - 0x00007ffac56ae000 	C:\Program Files\Java\jdk-25\bin\VCRUNTIME140.dll
0x00007ffaf4290000 - 0x00007ffaf4431000 	C:\WINDOWS\System32\USER32.dll
0x00007ffaf35c0000 - 0x00007ffaf35e2000 	C:\WINDOWS\System32\win32u.dll
0x00007ffae6dc0000 - 0x00007ffae705b000 	C:\WINDOWS\WinSxS\amd64_microsoft.windows.common-controls_6595b64144ccf1df_6.0.19041.6456_none_60b8a6cb71f64256\COMCTL32.dll
0x00007ffaf3a00000 - 0x00007ffaf3a2b000 	C:\WINDOWS\System32\GDI32.dll
0x00007ffaf3a30000 - 0x00007ffaf3ace000 	C:\WINDOWS\System32\msvcrt.dll
0x00007ffaf2e00000 - 0x00007ffaf2f19000 	C:\WINDOWS\System32\gdi32full.dll
0x00007ffaf3670000 - 0x00007ffaf370d000 	C:\WINDOWS\System32\msvcp_win.dll
0x00007ffaf3bf0000 - 0x00007ffaf3c1f000 	C:\WINDOWS\System32\IMM32.DLL
0x00007ffacbc40000 - 0x00007ffacbc4c000 	C:\Program Files\Java\jdk-25\bin\vcruntime140_1.dll
0x00007ffabc010000 - 0x00007ffabc09d000 	C:\Program Files\Java\jdk-25\bin\msvcp140.dll
0x00007ffa43650000 - 0x00007ffa444af000 	C:\Program Files\Java\jdk-25\bin\server\jvm.dll
0x00007ffaf4450000 - 0x00007ffaf4501000 	C:\WINDOWS\System32\ADVAPI32.dll
0x00007ffaf4a10000 - 0x00007ffaf4aaf000 	C:\WINDOWS\System32\sechost.dll
0x00007ffaf3790000 - 0x00007ffaf38b0000 	C:\WINDOWS\System32\RPCRT4.dll
0x00007ffaf3710000 - 0x00007ffaf3737000 	C:\WINDOWS\System32\bcrypt.dll
0x00007ffaf56c0000 - 0x00007ffaf572b000 	C:\WINDOWS\System32\WS2_32.dll
0x00007ffaf2390000 - 0x00007ffaf23db000 	C:\WINDOWS\SYSTEM32\POWRPROF.dll
0x00007ffae8e90000 - 0x00007ffae8eb7000 	C:\WINDOWS\SYSTEM32\WINMM.dll
0x00007ffaece90000 - 0x00007ffaece9a000 	C:\WINDOWS\SYSTEM32\VERSION.dll
0x00007ffaf2200000 - 0x00007ffaf2212000 	C:\WINDOWS\SYSTEM32\UMPDC.dll
0x00007ffaf0c90000 - 0x00007ffaf0ca2000 	C:\WINDOWS\SYSTEM32\kernel.appcore.dll
0x00007ffac78a0000 - 0x00007ffac78aa000 	C:\Program Files\Java\jdk-25\bin\jimage.dll
0x00007ffae8530000 - 0x00007ffae8731000 	C:\WINDOWS\SYSTEM32\DBGHELP.DLL
0x00007ffaddeb0000 - 0x00007ffaddee4000 	C:\WINDOWS\SYSTEM32\dbgcore.DLL
0x00007ffaf3230000 - 0x00007ffaf32b2000 	C:\WINDOWS\System32\bcryptPrimitives.dll
0x00007ffac1ee0000 - 0x00007ffac1eff000 	C:\Program Files\Java\jdk-25\bin\java.dll
0x00007ffaf53c0000 - 0x00007ffaf54eb000 	C:\WINDOWS\System32\ole32.dll
0x00007ffaf45c0000 - 0x00007ffaf4914000 	C:\WINDOWS\System32\combase.dll
0x00007ffaf4b90000 - 0x00007ffaf5300000 	C:\WINDOWS\System32\SHELL32.dll
0x00007ffaf0e90000 - 0x00007ffaf1635000 	C:\WINDOWS\SYSTEM32\windows.storage.dll
0x00007ffaf2830000 - 0x00007ffaf285b000 	C:\WINDOWS\SYSTEM32\Wldp.dll
0x00007ffaf3930000 - 0x00007ffaf39fd000 	C:\WINDOWS\System32\OLEAUT32.dll
0x00007ffaf41e0000 - 0x00007ffaf428d000 	C:\WINDOWS\System32\SHCORE.dll
0x00007ffaf5300000 - 0x00007ffaf535b000 	C:\WINDOWS\System32\shlwapi.dll
0x00007ffaf2d30000 - 0x00007ffaf2d54000 	C:\WINDOWS\SYSTEM32\profapi.dll
0x00007ffac1ec0000 - 0x00007ffac1ed2000 	C:\Program Files\Java\jdk-25\bin\net.dll
0x00007ffaf2590000 - 0x00007ffaf25fa000 	C:\WINDOWS\system32\mswsock.dll
0x00007ffac1ea0000 - 0x00007ffac1eb6000 	C:\Program Files\Java\jdk-25\bin\nio.dll
0x00007ffac18f0000 - 0x00007ffac1907000 	C:\Program Files\Java\jdk-25\bin\zip.dll
0x00007ffab1ae0000 - 0x00007ffab1b5e000 	C:\Users\ciara\AppData\Local\Temp\lwjgl_ciara\3.3.6+1\x64\lwjgl.dll
0x00007ffab1a50000 - 0x00007ffab1ad9000 	C:\Users\ciara\AppData\Local\Temp\lwjgl_ciara\3.3.6+1\x64\glfw.dll
0x00007ffac4640000 - 0x00007ffac4685000 	C:\WINDOWS\SYSTEM32\dinput8.dll
0x00007ffaa1340000 - 0x00007ffaa1351000 	C:\WINDOWS\SYSTEM32\xinput1_4.dll
0x00007ffaf3740000 - 0x00007ffaf378e000 	C:\WINDOWS\System32\cfgmgr32.dll
0x00007ffaf2b90000 - 0x00007ffaf2bc3000 	C:\WINDOWS\SYSTEM32\DEVOBJ.dll
0x00007ffaf0ab0000 - 0x00007ffaf0ade000 	C:\WINDOWS\SYSTEM32\dwmapi.dll
0x00007ffad09a0000 - 0x00007ffad0af2000 	C:\WINDOWS\SYSTEM32\inputhost.dll
0x00007ffaef0d0000 - 0x00007ffaef1c2000 	C:\WINDOWS\SYSTEM32\CoreMessaging.dll
0x00007ffaef960000 - 0x00007ffaefab7000 	C:\WINDOWS\SYSTEM32\wintypes.dll
0x00007ffaf01c0000 - 0x00007ffaf02b4000 	C:\WINDOWS\SYSTEM32\PROPSYS.dll
0x00007ffaeec70000 - 0x00007ffaeefcb000 	C:\WINDOWS\SYSTEM32\CoreUIComponents.dll
0x00007ffaf2090000 - 0x00007ffaf20c3000 	C:\WINDOWS\SYSTEM32\ntmarta.dll
0x00007ffaf0700000 - 0x00007ffaf079e000 	C:\WINDOWS\system32\uxtheme.dll
0x00007ffaf3ad0000 - 0x00007ffaf3be5000 	C:\WINDOWS\System32\MSCTF.dll
0x00007ffa84dd0000 - 0x00007ffa84ef8000 	C:\WINDOWS\SYSTEM32\opengl32.dll
0x00007ffa89aa0000 - 0x00007ffa89acc000 	C:\WINDOWS\SYSTEM32\GLU32.dll
0x00007ffaf4510000 - 0x00007ffaf45b9000 	C:\WINDOWS\System32\clbcatq.dll
0x00007ffa49a70000 - 0x00007ffa4c3c3000 	C:\WINDOWS\System32\DriverStore\FileRepository\nv_dispi.inf_amd64_d471cab2f241c3c2\nvoglv64.dll
0x00007ffaf3d00000 - 0x00007ffaf4170000 	C:\WINDOWS\System32\SETUPAPI.dll
0x00007ffaef280000 - 0x00007ffaef294000 	C:\WINDOWS\SYSTEM32\WTSAPI32.dll
0x00007ffaf29c0000 - 0x00007ffaf29d2000 	C:\WINDOWS\SYSTEM32\msasn1.dll
0x00007ffaec620000 - 0x00007ffaec651000 	C:\WINDOWS\SYSTEM32\cryptnet.dll
0x00007ffaf2f20000 - 0x00007ffaf307d000 	C:\WINDOWS\System32\CRYPT32.dll
0x00007ffaf27a0000 - 0x00007ffaf27ac000 	C:\WINDOWS\SYSTEM32\cryptbase.dll
0x00007ffaec920000 - 0x00007ffaeca67000 	C:\WINDOWS\SYSTEM32\drvstore.dll
0x00007ffaf35f0000 - 0x00007ffaf3663000 	C:\WINDOWS\System32\WINTRUST.dll
0x00007ffaf56a0000 - 0x00007ffaf56bd000 	C:\WINDOWS\System32\imagehlp.dll
0x00007ffaf2780000 - 0x00007ffaf2798000 	C:\WINDOWS\SYSTEM32\CRYPTSP.dll
0x00007ffaf1e40000 - 0x00007ffaf1e78000 	C:\WINDOWS\system32\rsaenh.dll
0x00007ffadf780000 - 0x00007ffae3514000 	C:\WINDOWS\System32\DriverStore\FileRepository\nv_dispi.inf_amd64_d471cab2f241c3c2\nvgpucomp64.dll
0x00007ffae84f0000 - 0x00007ffae852b000 	C:\WINDOWS\SYSTEM32\dxcore.dll
0x00007ffa6fd50000 - 0x00007ffa6fe97000 	C:\WINDOWS\system32\nvspcap64.dll
0x00007ffaf1ab0000 - 0x00007ffaf1b13000 	C:\WINDOWS\SYSTEM32\WINSTA.dll
0x00007ffad4900000 - 0x00007ffad49f9000 	C:\WINDOWS\SYSTEM32\textinputframework.dll
0x00007ffabbdf0000 - 0x00007ffabbe4d000 	C:\Users\ciara\AppData\Local\Temp\lwjgl_ciara\3.3.6+1\x64\lwjgl_opengl.dll
0x00007ffa407b0000 - 0x00007ffa40fb7000 	C:\Users\ciara\AppData\Local\Temp\imgui-java-natives\1.90.0\imgui-java64.dll
0x00007ffac7450000 - 0x00007ffac7460000 	C:\Program Files\Java\jdk-25\bin\verify.dll

JVMTI agents: none

dbghelp: loaded successfully - version: 4.0.5 - missing functions: none
symbol engine: initialized successfully - sym options: 0x614 - pdb path: .;C:\Program Files\Java\jdk-25\bin;C:\WINDOWS\SYSTEM32;C:\WINDOWS\WinSxS\amd64_microsoft.windows.common-controls_6595b64144ccf1df_6.0.19041.6456_none_60b8a6cb71f64256;C:\Program Files\Java\jdk-25\bin\server;C:\Users\ciara\AppData\Local\Temp\lwjgl_ciara\3.3.6+1\x64;C:\WINDOWS\System32\DriverStore\FileRepository\nv_dispi.inf_amd64_d471cab2f241c3c2;C:\Users\ciara\AppData\Local\Temp\imgui-java-natives\1.90.0

VM Arguments:
jvm_args: --enable-native-access=ALL-UNNAMED --add-opens=java.base/sun.misc=ALL-UNNAMED --add-opens=java.base/java.nio=ALL-UNNAMED --enable-preview --enable-preview -Dfile.encoding=UTF-8 -Duser.country=IE -Duser.language=en -Duser.variant -ea 
java_command: Main java.library.path=libs
java_class_path (initial): C:\Users\ciara\Desktop\Code\College Work\Year 4\FYP\PrototypeEngine\build\classes\java\main;C:\Users\ciara\Desktop\Code\College Work\Year 4\FYP\PrototypeEngine\build\resources\main;C:\Users\ciara\Desktop\Code\College Work\Year 4\FYP\PrototypeEngine\libs\imgui-app-1.90.0.jar;C:\Users\ciara\Desktop\Code\College Work\Year 4\FYP\PrototypeEngine\libs\imgui-binding-1.90.0.jar;C:\Users\ciara\Desktop\Code\College Work\Year 4\FYP\PrototypeEngine\libs\imgui-lwjgl3-1.90.0.jar;C:\Users\ciara\.gradle\caches\modules-2\files-2.1\org.lwjgl\lwjgl-assimp\3.3.6\931a8de55dd5ee546689119c85ed4d4af7fa68f2\lwjgl-assimp-3.3.6.jar;C:\Users\ciara\.gradle\caches\modules-2\files-2.1\org.lwjgl\lwjgl-assimp\3.3.6\486fa1e2db9fc903a0cab984604cef1a895b0e28\lwjgl-assimp-3.3.6-natives-windows.jar;C:\Users\ciara\.gradle\caches\modules-2\files-2.1\org.lwjgl\lwjgl-glfw\3.3.6\7119f7d0eeb1e5502ff0ca71d2b4d47317da015\lwjgl-glfw-3.3.6.jar;C:\Users\ciara\.gradle\caches\modules-2\files-2.1\org.lwjgl\lwjgl-glfw\3.3.6\99ef08056feb9627f90425a4d2a22cd9fae8e39b\lwjgl-glfw-3.3.6-natives-windows.jar;C:\Users\ciara\.gradle\caches\modules-2\files-2.1\org.lwjgl\lwjgl-openal\3.3.6\ad313317ff399fd2a7f4dd74716a68cf3976c6ad\lwjgl-openal-3.3.6.jar;C:\Users\ciara\.gradle\caches\modules-2\files-2.1\org.lwjgl\lwjgl-openal\3.3.6\9c2b9b660e085bb0b47a4453dc0e26f24a5475e4\lwjgl-openal-3.3.6-natives-windows.jar;C:\Users\ciara\.gradle\caches\modules-2\files-2.1\org.lwjgl\lwjgl-opengl\3.3.6\ac2532612a4df374e9a9282bcf8ce2573018ebbb\lwjgl-opengl-3.3.6.jar;C:\Users\ciara\.gradle\caches\modules-2\files-2.1\org.lwjgl\lwjgl-opengl\3.3.6\18dc639ebc94aa5202c2157f7490d28997b697c5\lwjgl-opengl-3.3.6-natives-windows.jar;C:\Users\ciara\.gradle\caches\modules-2\files-2.1\org.lwjgl\lwjgl-stb\3.3.6\e2d3739dcfe7b672b626ded66d94f6587083306e\lwjgl-stb-3.3.6.jar;C:\Users\ciara\.gradle\caches\modules-2\files-2.1\org.lwjgl\lwjgl-stb\3.3.6\334cf885b39e2db9070c39e70e65efb136435f10\lwjgl-stb-3.3.6-natives-windows.jar;C:\Users\ciara\.gradle\caches\modules-2\files-2.1\org.lwjgl\lwjgl\3.3.6\ce7721d30cfaf47feaed10213e0c43eb55c49d68\lwjgl-3.3.6.jar;C:\Users\ciara\.gradle\caches\modules-2\files-2.1\org.lwjgl\lwjgl\3.3.6\9a29b6a22fc5184604b8cb434ee5d5ecc4bfcbee\lwjgl-3.3.6-natives-windows.jar;C:\Users\ciara\.gradle\caches\modules-2\files-2.1\org.joml\joml\1.10.8\fc0a71dad90a2cf41d82a76156a0e700af8e4f8d\joml-1.10.8.jar;C:\Users\ciara\.gradle\caches\modules-2\files-2.1\com.code-disaster.steamworks4j\steamworks4j\1.9.0\d69b7f7540745a8d569a5400554e34d42e035da8\steamworks4j-1.9.0.jar;C:\Users\ciara\.gradle\caches\modules-2\files-2.1\org.jetbrains.kotlin\kotlin-stdlib-jdk8\1.8.20\73576ddf378c5b4f1f6b449fe6b119b8183fc078\kotlin-stdlib-jdk8-1.8.20.jar;C:\Users\ciara\.gradle\caches\modules-2\files-2.1\org.jetbrains.kotlin\kotlin-stdlib-jdk7\1.8.20\3aa51faf20aae8b31e1a4bc54f8370673d7b7df4\kotlin-stdlib-jdk7-1.8.20.jar;C:\Users\ciara\.gradle\caches\modules-2\files-2.1\org.jetbrains.kotlin\kotlin-stdlib\1.8.20\e72fc5e03ec6c064c678a6bd0d955c88d55b0c4a\kotlin-stdlib-1.8.20.jar;C:\Users\ciara\.gradle\caches\modules-2\files-2.1\org.jetbrains.kotlin\kotlin-stdlib-common\1.8.20\5eddaaf234c8c49d03eebeb6a14feb7f90faca71\kotlin-stdlib-common-1.8.20.jar;C:\Users\ciara\.gradle\caches\modules-2\files-2.1\org.jetbrains\annotations\13.0\919f0dfe192fb4e063e7dacadee7f8bb9a2672a9\annotations-13.0.jar
Launcher Type: SUN_STANDARD

[Global flags]
     intx CICompilerCount                          = 4                                         {product} {ergonomic}
     uint ConcGCThreads                            = 3                                         {product} {ergonomic}
     uint G1ConcRefinementThreads                  = 10                                        {product} {ergonomic}
   size_t G1HeapRegionSize                         = 2097152                                   {product} {ergonomic}
   size_t InitialHeapSize                          = 268435456                                 {product} {ergonomic}
   size_t MarkStackSize                            = 4194304                                   {product} {ergonomic}
   size_t MarkStackSizeMax                         = 536870912                                 {product} {ergonomic}
   size_t MaxHeapSize                              = 4282384384                                {product} {ergonomic}
   size_t MaxNewSize                               = 2569011200                                {product} {ergonomic}
   size_t MinHeapDeltaBytes                        = 2097152                                   {product} {ergonomic}
   size_t MinHeapSize                              = 8388608                                   {product} {ergonomic}
    uintx NonNMethodCodeHeapSize                   = 5832704                                {pd product} {ergonomic}
    uintx NonProfiledCodeHeapSize                  = 122945536                              {pd product} {ergonomic}
    uintx ProfiledCodeHeapSize                     = 122880000                              {pd product} {ergonomic}
    uintx ReservedCodeCacheSize                    = 251658240                              {pd product} {ergonomic}
     bool SegmentedCodeCache                       = true                                      {product} {ergonomic}
   size_t SoftMaxHeapSize                          = 4282384384                             {manageable} {ergonomic}
     bool UseCompressedOops                        = true                           {product lp64_product} {ergonomic}
     bool UseG1GC                                  = true                                      {product} {ergonomic}
     bool UseLargePagesIndividualAllocation        = false                                  {pd product} {ergonomic}

Logging:
Log output configuration:
 #0: stdout all=warning uptime,level,tags foldmultilines=false
 #1: stderr all=off uptime,level,tags foldmultilines=false

Release file:
IMPLEMENTOR="Oracle Corporation" 
JAVA_RUNTIME_VERSION="25.0.1+8-LTS-27" 
JAVA_VERSION="25.0.1" 
JAVA_VERSION_DATE="2025-10-21" 
LIBC="default" 
MODULES="java.base java.compiler java.datatransfer java.xml java.prefs java.desktop java.instrument java.logging java.management java.security.sasl java.naming java.rmi java.management.rmi java.net.http java.scripting java.security.jgss java.transaction.xa java.sql java.sql.rowset java.xml.crypto java.se java.smartcardio jdk.accessibility jdk.internal.jvmstat jdk.attach jdk.charsets jdk.internal.opt jdk.zipfs jdk.compiler jdk.crypto.cryptoki jdk.crypto.ec jdk.crypto.mscapi jdk.dynalink jdk.internal.ed jdk.editpad jdk.internal.vm.ci jdk.graal.compiler jdk.graal.compiler.management jdk.hotspot.agent jdk.httpserver jdk.incubator.vector jdk.internal.le jdk.internal.md jdk.jartool jdk.javadoc jdk.jcmd jdk.management jdk.management.agent jdk.jconsole jdk.jdeps jdk.jdwp.agent jdk.jdi jdk.jfr jdk.jlink jdk.jpackage jdk.jshell jdk.jsobject jdk.jstatd jdk.localedata jdk.management.jfr jdk.naming.dns jdk.naming.rmi jdk.net jdk.nio.mapmode jdk.sctp jdk.security.auth jdk.security.jgss jdk.unsupported jdk.unsupported.desktop jdk.xml.dom" 
OS_ARCH="x86_64" 
OS_NAME="Windows" 
SOURCE=".:git:862c85bc42b7 open:git:78770bfaefd2" 

Environment Variables:
PATH=C:\Program Files\Common Files\Oracle\Java\javapath;C:\WINDOWS\system32;C:\WINDOWS;C:\WINDOWS\System32\Wbem;C:\WINDOWS\System32\WindowsPowerShell\v1.0\;C:\WINDOWS\System32\OpenSSH\;C:\Program Files\NVIDIA Corporation\NVIDIA App\NvDLISR;C:\Program Files (x86)\NVIDIA Corporation\PhysX\Common;C:\Program Files\Git\cmd;C:\Users\ciara\AppData\Local\Android\Sdk\platform-tools;C:\Program Files\ytDLP;C:\Users\ciara\AppData\Local\Muse Hub\lib;C:\Users\ciara\AppData\Local\Microsoft\WindowsApps;C:\Users\ciara\AppData\Local\Programs\Microsoft VS Code\bin;C:\Users\ciara\AppData\Local\Python\bin
USERNAME=ciara
OS=Windows_NT
PROCESSOR_IDENTIFIER=AMD64 Family 25 Model 33 Stepping 0, AuthenticAMD
TMP=C:\Users\ciara\AppData\Local\Temp
TEMP=C:\Users\ciara\AppData\Local\Temp




Compilation memory statistics disabled.

Periodic native trim disabled

---------------  S Y S T E M  ---------------

OS:
 Windows 10 , 64 bit Build 19041 (10.0.19041.5915)
OS uptime: 0 days 20:08 hours

CPU: total 12 (initial active 12) (12 cores per cpu, 2 threads per core) family 25 model 33 stepping 0 microcode 0x0, cx8, cmov, fxsr, ht, mmx, 3dnowpref, sse, sse2, sse3, ssse3, sse4a, sse4.1, sse4.2, popcnt, lzcnt, tsc, tscinvbit, avx, avx2, aes, erms, clmul, bmi1, bmi2, adx, sha, fma, vzeroupper, clflush, clflushopt, clwb, rdtscp, rdpid, fsrm, f16c, pku, cet_ss
Processor Information for the first 12 processors :
  Max Mhz: 3701, Current Mhz: 3701, Mhz Limit: 3701

Memory: 4k page, system-wide physical 16330M (6106M free)
TotalPageFile size 23242M (AvailPageFile size 7531M)
current process WorkingSet (physical memory assigned to process): 129M, peak: 129M
current process commit charge ("private bytes"): 490M, peak: 491M

vm_info: Java HotSpot(TM) 64-Bit Server VM (25.0.1+8-LTS-27) for windows-amd64 JRE (25.0.1+8-LTS-27), built on 2025-09-25T16:41:16Z with unknown MS VC++:1943

END.
