#
# A fatal error has been detected by the Java Runtime Environment:
#
#  EXCEPTION_ACCESS_VIOLATION (0xc0000005) at pc=0x00007ffb5ce2e786, pid=19480, tid=14860
#
# JRE version: Java(TM) SE Runtime Environment (25.0.1+8) (build 25.0.1+8-LTS-27)
# Java VM: Java HotSpot(TM) 64-Bit Server VM (25.0.1+8-LTS-27, mixed mode, sharing, tiered, compressed oops, compressed class ptrs, g1 gc, windows-amd64)
# Problematic frame:
# C  [nvoglv64.dll+0x151e786]
#
# No core dump will be written. Minidumps are not enabled by default on client versions of Windows
#
# If you would like to submit a bug report, please visit:
#   https://bugreport.java.com/bugreport/crash.jsp
# The crash happened outside the Java Virtual Machine in native code.
# See problematic frame for where to report the bug.
#

---------------  S U M M A R Y ------------

Command Line: --enable-native-access=ALL-UNNAMED --add-opens=java.base/sun.misc=ALL-UNNAMED --add-opens=java.base/java.nio=ALL-UNNAMED --enable-preview --enable-preview -Dfile.encoding=UTF-8 -Duser.country=IE -Duser.language=en -Duser.variant -ea Main

Host: AMD Ryzen 5 5600X 6-Core Processor             , 12 cores, 15G,  Windows 10 , 64 bit Build 19041 (10.0.19041.5915)
Time: Sun Feb  1 20:25:04 2026 GMT Standard Time elapsed time: 0.469186 seconds (0d 0h 0m 0s)

---------------  T H R E A D  ---------------

Current thread (0x00000220cbf142a0):  JavaThread "main"             [_thread_in_native, id=14860, stack(0x000000b32ea00000,0x000000b32eb00000) (1024K)]

Stack: [0x000000b32ea00000,0x000000b32eb00000],  sp=0x000000b32eaff4c8,  free space=1021k
Native frames: (J=compiled Java code, j=interpreted, Vv=VM code, C=native code)
C  [nvoglv64.dll+0x151e786]  (no source info available)
C  [nvoglv64.dll+0x5763bd]  (no source info available)
C  0x00000220de01d193  (no source info available)

The last pc belongs to native method entry point (kind = native) (printed below).
Java frames: (J=compiled Java code, j=interpreted, Vv=VM code)
j  org.lwjgl.opengl.GL11C.nglDrawElements(IIIJ)V+0
j  org.lwjgl.opengl.GL11C.glDrawElements(IIIJ)V+4
j  org.lwjgl.opengl.GL11.glDrawElements(IIIJ)V+4
j  Jade.RenderSDF.process(F)V+10
j  Jade.DemoScene.process(F)V+210
j  Jade.SceneManager.process(F)V+7
j  Jade.Window.loop()V+41
j  Jade.Window.run()V+16
j  Main.main([Ljava/lang/String;)V+5
v  ~StubRoutines::call_stub 0x00000220de0112ed

siginfo: EXCEPTION_ACCESS_VIOLATION (0xc0000005), reading address 0x0000000000000000


Registers:
RAX=0x00000220f4df0bbc, RBX=0x00000220f4df0ba0, RCX=0x00000220f4df0bbc, RDX=0x0000000000000000
RSP=0x000000b32eaff4c8, RBP=0x0000000000000044, RSI=0x0000000000000006, RDI=0x00000220f3e0a080
R8 =0x0000000000000018, R9 =0x0000000000000000, R10=0x00007ffb5b910000, R11=0x0000000000000006
R12=0x0000000000000004, R13=0x0000000000001405, R14=0x0000000000000018, R15=0x0000000000000000
RIP=0x00007ffb5ce2e786, EFLAGS=0x0000000000010283

XMM[0]=0x4928244489f0468b 0x41f84e8b45068b45
XMM[1]=0x4928244489f0468b 0x41f84e8b45068b45
XMM[2]=0x0000000000000000 0x0000000000000000
XMM[3]=0x0000000000000000 0x0000000000000000
XMM[4]=0x0000000000000000 0x0000000000000000
XMM[5]=0xe0468b4928244489 0xf0468b41f84e8b45
XMM[6]=0x0000000000000000 0x459176a550a84614
XMM[7]=0x0000000000000000 0xb76c25747845117f
XMM[8]=0x0000000000000000 0x0b3c73a1e1caaeca
XMM[9]=0x0000000000000000 0x483b58ad081b993f
XMM[10]=0x0000000000000000 0x00000000bfe04092
XMM[11]=0x0000000000000000 0xae5eba6db67a53ac
XMM[12]=0x0000000000000000 0x00000000081b993f
XMM[13]=0x0000000000000000 0x0000000000000000
XMM[14]=0x0000000000000000 0x0000000000000000
XMM[15]=0x0000000000000000 0x0000000000000000
  MXCSR=0x00001fa0


Register to memory mapping:

RAX=0x00000220f4df0bbc points into unknown readable memory: 00 00 00 00
RBX=0x00000220f4df0ba0 points into unknown readable memory: 0x0000000400022006 | 06 20 02 00 04 00 00 00
RCX=0x00000220f4df0bbc points into unknown readable memory: 00 00 00 00
RDX=0x0 is null
RSP=0x000000b32eaff4c8 is pointing into the stack for thread: 0x00000220cbf142a0
RBP=0x0000000000000044 is an unknown value
RSI=0x0000000000000006 is an unknown value
RDI=0x00000220f3e0a080 points into unknown readable memory: 0x0000000000000000 | 00 00 00 00 00 00 00 00
R8 =0x0000000000000018 is an unknown value
R9 =0x0 is null
R10=0x00007ffb5b910000 nvoglv64.dll
R11=0x0000000000000006 is an unknown value
R12=0x0000000000000004 is an unknown value
R13=0x0000000000001405 is an unknown value
R14=0x0000000000000018 is an unknown value
R15=0x0 is null

Top of Stack: (sp=0x000000b32eaff4c8)
0x000000b32eaff4c8:   00007ffb5be863bd 000000b32eaff5e8   .c.[............
0x000000b32eaff4d8:   00007ffb031848e5 000000b32eaff500   .H..............
0x000000b32eaff4e8:   00000220de035b1f 000000000017555d   .[.. ...]U......
0x000000b32eaff4f8:   00000220cbf142a0 00000220ee57abb8   .B.. .....W. ...
0x000000b32eaff508:   00000220cbf142a0 00000220de018b18   .B.. ....... ...
0x000000b32eaff518:   00000220de01cff6 00000220cbf142a0   .... ....B.. ...
0x000000b32eaff528:   00000220ee57abb8 0000000000000000   ..W. ...........
0x000000b32eaff538:   00000220de018b18 00000220f21ff4b0   .... ....... ...
0x000000b32eaff548:   00000220de01d193 000000b32eaff5e8   .... ...........
0x000000b32eaff558:   00007ffb03461800 000000b32eaff628   ..F.....(.......
0x000000b32eaff568:   00000220ee57abb8 0000000000001405   ..W. ...........
0x000000b32eaff578:   0000000000000000 00000220f21ff4b0   ............ ...
0x000000b32eaff588:   00007ffb0345a975 3ff0000000000000   u.E............?
0x000000b32eaff598:   00000220de01ce6b fffffffffffffff7   k... ...........
0x000000b32eaff5a8:   00000220ee57abb8 0000000000000008   ..W. ...........
0x000000b32eaff5b8:   00000220ee5848e0 0000000000000000   .HX. ...........
0x000000b32eaff5c8:   00000007102ea0d8 00000220ee57abb8   ..........W. ...
0x000000b32eaff5d8:   0000000000000000 000000b32eaff608   ................
0x000000b32eaff5e8:   000000b32eaff678 00000220de018b18   x........... ...
0x000000b32eaff5f8:   00000007102ea0d8 00000220de01a757   ........W... ...
0x000000b32eaff608:   0000000000000000 0000000000000000   ................
0x000000b32eaff618:   0000000000001405 0000000000000006   ................
0x000000b32eaff628:   0000000000000004 fffffffffffffff7   ................
0x000000b32eaff638:   00000220ee57ac5c 0000000000000006   \.W. ...........
0x000000b32eaff648:   00000220ee5848e0 0000000000000000   .HX. ...........
0x000000b32eaff658:   00000007102ea0d8 00000220ee57aca0   ..........W. ...
0x000000b32eaff668:   fffffffffffffff2 000000b32eaff688   ................
0x000000b32eaff678:   000000b32eaff6f8 00000220de018b18   ............ ...
0x000000b32eaff688:   0000000000000000 0000000000000000   ................
0x000000b32eaff698:   0000000000001405 0000000000000006   ................
0x000000b32eaff6a8:   0000000000000004 fffffffffffffff7   ................
0x000000b32eaff6b8:   00000220ee624324 0000000000000006   $Cb. ...........

Instructions: (pc=0x00007ffb5ce2e786)
  0x00007ffb5ce2e686:   4d 02 4d 03 ca 41 ff e1 c3 90 4c 8b 02 8b 4a 08
  0x00007ffb5ce2e696:   44 0f b7 4a 0c 44 0f b6 52 0e 4c 89 00 89 48 08
  0x00007ffb5ce2e6a6:   66 44 89 48 0c 44 88 50 0e c3 4c 8b 02 0f b7 4a
  0x00007ffb5ce2e6b6:   08 44 0f b6 4a 0a 4c 89 00 66 89 48 08 44 88 48
  0x00007ffb5ce2e6c6:   0a c3 0f b7 0a 66 89 08 c3 90 8b 0a 44 0f b7 42
  0x00007ffb5ce2e6d6:   04 44 0f b6 4a 06 89 08 66 44 89 40 04 44 88 48
  0x00007ffb5ce2e6e6:   06 c3 4c 8b 02 8b 4a 08 44 0f b7 4a 0c 4c 89 00
  0x00007ffb5ce2e6f6:   89 48 08 66 44 89 48 0c c3 0f b7 0a 44 0f b6 42
  0x00007ffb5ce2e706:   02 66 89 08 44 88 40 02 c3 90 4c 8b 02 8b 4a 08
  0x00007ffb5ce2e716:   44 0f b6 4a 0c 4c 89 00 89 48 08 44 88 48 0c c3
  0x00007ffb5ce2e726:   4c 8b 02 0f b7 4a 08 4c 89 00 66 89 48 08 c3 4c
  0x00007ffb5ce2e736:   8b 02 0f b6 4a 08 4c 89 00 88 48 08 c3 4c 8b 02
  0x00007ffb5ce2e746:   8b 4a 08 4c 89 00 89 48 08 c3 8b 0a 44 0f b7 42
  0x00007ffb5ce2e756:   04 89 08 66 44 89 40 04 c3 8b 0a 44 0f b6 42 04
  0x00007ffb5ce2e766:   89 08 44 88 40 04 c3 48 8b 0a 48 89 08 c3 0f b6
  0x00007ffb5ce2e776:   0a 88 08 c3 8b 0a 89 08 c3 90 49 83 f8 20 77 17
=>0x00007ffb5ce2e786:   f3 0f 6f 0a f3 42 0f 6f 54 02 f0 f3 0f 7f 09 f3
  0x00007ffb5ce2e796:   42 0f 7f 54 01 f0 c3 4e 8d 0c 02 48 3b ca 4c 0f
  0x00007ffb5ce2e7a6:   46 c9 49 3b c9 0f 82 3f 04 00 00 83 3d 78 15 1e
  0x00007ffb5ce2e7b6:   01 03 0f 82 e2 02 00 00 49 81 f8 00 20 00 00 76
  0x00007ffb5ce2e7c6:   16 49 81 f8 00 00 18 00 77 0d f6 05 3d bd 2e 01
  0x00007ffb5ce2e7d6:   02 0f 85 73 fe ff ff c5 fe 6f 02 c4 a1 7e 6f 6c
  0x00007ffb5ce2e7e6:   02 e0 49 81 f8 00 01 00 00 0f 86 c3 00 00 00 4c
  0x00007ffb5ce2e7f6:   8b c9 49 83 e1 1f 49 83 e9 20 49 2b c9 49 2b d1
  0x00007ffb5ce2e806:   4d 03 c1 49 81 f8 00 01 00 00 0f 86 a2 00 00 00
  0x00007ffb5ce2e816:   49 81 f8 00 00 18 00 0f 87 3d 01 00 00 66 66 66
  0x00007ffb5ce2e826:   66 66 0f 1f 84 00 00 00 00 00 c5 fe 6f 0a c5 fe
  0x00007ffb5ce2e836:   6f 52 20 c5 fe 6f 5a 40 c5 fe 6f 62 60 c5 fd 7f
  0x00007ffb5ce2e846:   09 c5 fd 7f 51 20 c5 fd 7f 59 40 c5 fd 7f 61 60
  0x00007ffb5ce2e856:   c5 fe 6f 8a 80 00 00 00 c5 fe 6f 92 a0 00 00 00
  0x00007ffb5ce2e866:   c5 fe 6f 9a c0 00 00 00 c5 fe 6f a2 e0 00 00 00
  0x00007ffb5ce2e876:   c5 fd 7f 89 80 00 00 00 c5 fd 7f 91 a0 00 00 00


Stack slot to memory mapping:

stack at sp + 0 slots: 0x00007ffb5be863bd nvoglv64.dll
stack at sp + 1 slots: 0x000000b32eaff5e8 is pointing into the stack for thread: 0x00000220cbf142a0
stack at sp + 2 slots: 0x00007ffb031848e5 jvm.dll
stack at sp + 3 slots: 0x000000b32eaff500 is pointing into the stack for thread: 0x00000220cbf142a0
stack at sp + 4 slots: 0x00000220de035b1f is at code_begin+4159 in 
[CodeBlob kind:2 (0x00000220de034a88)]
Framesize: 0
BufferBlob (0x00000220de034a88) used for native signature handlers
stack at sp + 5 slots: 0x000000000017555d is an unknown value
stack at sp + 6 slots: 0x00000220cbf142a0 is a thread
stack at sp + 7 slots: {method} {0x00000220ee57abc0} 'nglDrawElements' '(IIIJ)V' in 'org/lwjgl/opengl/GL11C'

Lock stack of current Java thread (top to bottom):

native method entry point (kind = native)  [0x00000220de01cdc0, 0x00000220de01d8b8]  2808 bytes
[MachCode]
  0x00000220de01cdc0: 488b 4b08 | 0fb7 492e | 584c 8d74 | ccf8 6800 | 0000 0068 | 0000 0000 | 5055 488b | ec41 5548 
  0x00000220de01cde0: 8b43 084c | 8d68 3848 | 8b40 0868 | 0000 0000 | 5348 8b50 | 1848 8b52 | 7048 8b12 | 5248 8b53 
  0x00000220de01ce00: 1048 85d2 | 7407 4881 | c2d0 0000 | 0052 488b | 5010 5249 | 8bc6 482b | c548 c1e8 | 0350 6800 
  0x00000220de01ce20: 0000 0068 | f7ff ffff | 41c6 87f1 | 0400 0001 | 488b 4310 | 4885 c074 | 208b 8890 | 0000 0083 
  0x00000220de01ce40: c102 8988 | 9000 0000 | 2388 a400 | 0000 0f84 | b209 0000 | e9cf 0000 | 0048 8b43 | 1848 85c0 
  0x00000220de01ce60: 0f85 b000 | 0000 e805 | 0000 00e9 | 9900 0000 | 488b d348 | 8d44 2408 | 4c89 6dc0 | 498b cfc5 
  0x00000220de01ce80: f877 4989 | af38 0400 | 0049 8987 | 2804 0000 | 4883 ec20 | 40f6 c40f | 0f84 1900 | 0000 4883 
  0x00000220de01cea0: ec08 48b8 | 401f 1803 | fb7f 0000 | ffd0 4883 | c408 e90c | 0000 0048 | b840 1f18 | 03fb 7f00 
  0x00000220de01cec0: 00ff d048 | 83c4 2049 | c787 2804 | 0000 0000 | 0000 49c7 | 8738 0400 | 0000 0000 | 0049 c787 
  0x00000220de01cee0: 3004 0000 | 0000 0000 | c5f8 7749 | 837f 0800 | 0f84 0500 | 0000 e9e5 | 42ff ff4c | 8b6d c04c 
  0x00000220de01cf00: 8b75 c84e | 8d74 f500 | c348 8b43 | 1848 85c0 | 0f84 1200 | 0000 8b48 | 0883 c102 | 8948 0823 
  0x00000220de01cf20: 482c 0f84 | de08 0000 | 493b a770 | 0500 000f | 8748 0000 | 0089 8424 | 00f0 ffff | 8984 2400 
  0x00000220de01cf40: e0ff ff89 | 8424 00d0 | ffff 8984 | 2400 c0ff | ff89 8424 | 00b0 ffff | 8984 2400 | a0ff ff89 
  0x00000220de01cf60: 8424 0090 | ffff 8984 | 2400 80ff | ff49 3ba7 | 6805 0000 | 7607 4989 | a770 0500 | 0041 c687 
  0x00000220de01cf80: f104 0000 | 0048 8b5d | e84c 8b5b | 0845 0fb7 | 5b2e 41c1 | e303 492b | e348 83ec | 2048 83e4 
  0x00000220de01cfa0: f04c 8b5b | 604d 85db | 0f85 ab00 | 0000 e805 | 0000 00e9 | 9900 0000 | 488b d348 | 8d44 2408 
  0x00000220de01cfc0: 4c89 6dc0 | 498b cfc5 | f877 4989 | af38 0400 | 0049 8987 | 2804 0000 | 4883 ec20 | 40f6 c40f 
  0x00000220de01cfe0: 0f84 1900 | 0000 4883 | ec08 48b8 | 7048 1803 | fb7f 0000 | ffd0 4883 | c408 e90c | 0000 0048 
  0x00000220de01d000: b870 4818 | 03fb 7f00 | 00ff d048 | 83c4 2049 | c787 2804 | 0000 0000 | 0000 49c7 | 8738 0400 
  0x00000220de01d020: 0000 0000 | 0049 c787 | 3004 0000 | 0000 0000 | c5f8 7749 | 837f 0800 | 0f84 0500 | 0000 e99d 
  0x00000220de01d040: 41ff ff4c | 8b6d c04c | 8b75 c84e | 8d74 f500 | c348 8b5d | e84c 8b5b | 6041 ffd3 | 488b 5de8 
  0x00000220de01d060: 4889 4518 | 440f b75b | 2c41 f6c3 | 080f 841b | 0000 004c | 8b5b 084d | 8b5b 084d | 8b5b 184d 
  0x00000220de01d080: 8b5b 704d | 8b1b 4c89 | 5d10 488d | 5510 488b | 4358 49ba | a00f 5303 | fb7f 0000 | 493b c20f 
  0x00000220de01d0a0: 85ab 0000 | 00e8 0500 | 0000 e999 | 0000 0048 | 8bd3 488d | 4424 084c | 896d c049 | 8bcf c5f8 
  0x00000220de01d0c0: 7749 89af | 3804 0000 | 4989 8728 | 0400 0048 | 83ec 2040 | f6c4 0f0f | 8419 0000 | 0048 83ec 
  0x00000220de01d0e0: 0848 b870 | 4818 03fb | 7f00 00ff | d048 83c4 | 08e9 0c00 | 0000 48b8 | 7048 1803 | fb7f 0000 
  0x00000220de01d100: ffd0 4883 | c420 49c7 | 8728 0400 | 0000 0000 | 0049 c787 | 3804 0000 | 0000 0000 | 49c7 8730 
  0x00000220de01d120: 0400 0000 | 0000 00c5 | f877 4983 | 7f08 000f | 8405 0000 | 00e9 a640 | ffff 4c8b | 6dc0 4c8b 
  0x00000220de01d140: 75c8 4e8d | 74f5 00c3 | 488b 5de8 | 488b 4358 | 498d 8f48 | 0400 004c | 8d15 d500 | 0000 4d89 
  0x00000220de01d160: 9730 0400 | 00c5 f877 | 4989 af38 | 0400 0049 | 89a7 2804 | 0000 41c7 | 87d4 0400 | 0004 0000 
  0x00000220de01d180: 0049 3ba7 | c805 0000 | 7607 4989 | a7c8 0500 | 00ff d049 | 3ba7 c805 | 0000 720b | 49c7 87c8 
  0x00000220de01d1a0: 0500 0000 | 0000 00c5 | f877 4883 | ec10 c5fb | 1104 2448 | 83ec 1048 | 8904 2448 | c744 2408 
  0x00000220de01d1c0: 0000 0000 | 41c7 87d4 | 0400 0005 | 0000 00f0 | 8344 24c0 | 0049 3b6f | 280f 870e | 0000 0041 
  0x00000220de01d1e0: 83bf d004 | 0000 000f | 8420 0000 | 0049 8bcf | 4c8b e448 | 83ec 2048 | 83e4 f048 | b8a0 ac19 
  0x00000220de01d200: 03fb 7f00 | 00ff d049 | 8be4 4d33 | e441 c787 | d404 0000 | 0800 0000 | 4d8b 97f0 | 0500 0049 
  0x00000220de01d220: 83fa 0074 | 3549 c787 | f005 0000 | 0000 0000 | 41ff e249 | ba60 be01 | de20 0200 | 0041 ffd2 
  0x00000220de01d240: 4883 ec10 | c5fb 1104 | 2448 83ec | 1048 8904 | 2448 c744 | 2408 0000 | 0000 49c7 | 8728 0400 
  0x00000220de01d260: 0000 0000 | 0049 c787 | 3804 0000 | 0000 0000 | 49c7 8730 | 0400 0000 | 0000 00c5 | f877 4d8b 
  0x00000220de01d280: 9fb8 0400 | 0041 c783 | 0001 0000 | 0000 0000 | 49bb 5aa7 | 01de 2002 | 0000 4c3b | 5d18 0f85 
  0x00000220de01d2a0: 5501 0000 | 488b 0424 | 4883 c410 | 4885 c00f | 842f 0100 | 00a8 030f | 8508 0000 | 0048 8b00 
  0x00000220de01d2c0: e91f 0100 | 00a8 010f | 8509 0000 | 0048 8b40 | fee9 0e01 | 0000 488b | 40ff 4180 | 7f48 000f 
  0x00000220de01d2e0: 84ff 0000 | 0048 83f8 | 000f 84f5 | 0000 004d | 8b5f 384d | 85db 0f84 | 1400 0000 | 4983 eb08 
  0x00000220de01d300: 4d89 5f38 | 4d03 5f40 | 4989 03e9 | d400 0000 | 4883 ec70 | 4889 0424 | 4889 4c24 | 0848 8954 
  0x00000220de01d320: 2410 4c89 | 4424 184c | 894c 2420 | 4c89 5424 | 284c 895c | 2430 c5fb | 1144 2440 | c5fb 114c 
  0x00000220de01d340: 2448 c5fb | 1154 2450 | c5fb 115c | 2458 c5fb | 1164 2460 | c5fb 116c | 2468 498b | d748 8bc8 
  0x00000220de01d360: 4883 ec20 | 40f6 c40f | 0f84 1900 | 0000 4883 | ec08 48b8 | 2076 0c03 | fb7f 0000 | ffd0 4883 
  0x00000220de01d380: c408 e90c | 0000 0048 | b820 760c | 03fb 7f00 | 00ff d048 | 83c4 20c5 | fb10 6c24 | 68c5 fb10 
  0x00000220de01d3a0: 6424 60c5 | fb10 5c24 | 58c5 fb10 | 5424 50c5 | fb10 4c24 | 48c5 fb10 | 4424 404c | 8b5c 2430 
  0x00000220de01d3c0: 4c8b 5424 | 284c 8b4c | 2420 4c8b | 4424 1848 | 8b54 2410 | 488b 4c24 | 0848 8b04 | 2448 83c4 
  0x00000220de01d3e0: 70c5 f877 | 4889 4510 | 4883 ec10 | 4889 0424 | 48c7 4424 | 0800 0000 | 0041 83bf | 5005 0000 
  0x00000220de01d400: 020f 85bf | 0000 0048 | 81ec 8000 | 0000 4889 | 4424 7848 | 894c 2470 | 4889 5424 | 6848 895c 
  0x00000220de01d420: 2460 4889 | 6c24 5048 | 8974 2448 | 4889 7c24 | 404c 8944 | 2438 4c89 | 4c24 304c | 8954 2428 
  0x00000220de01d440: 4c89 5c24 | 204c 8964 | 2418 4c89 | 6c24 104c | 8974 2408 | 4c89 3c24 | 4c8b e448 | 83ec 2048 
  0x00000220de01d460: 83e4 f048 | b810 f752 | 03fb 7f00 | 00ff d049 | 8be4 4c8b | 3c24 4c8b | 7424 084c | 8b6c 2410 
  0x00000220de01d480: 4c8b 6424 | 184c 8b5c | 2420 4c8b | 5424 284c | 8b4c 2430 | 4c8b 4424 | 3848 8b7c | 2440 488b 
  0x00000220de01d4a0: 7424 4848 | 8b6c 2450 | 488b 5c24 | 6048 8b54 | 2468 488b | 4c24 7048 | 8b44 2478 | 4881 c480 
  0x00000220de01d4c0: 0000 004d | 33e4 488b | 5de8 4c8b | 6b08 4d8d | 6d38 4983 | 7f08 000f | 84bb 0000 | 00e8 0500 
  0x00000220de01d4e0: 0000 e996 | 0000 0048 | 8d44 2408 | 4c89 6dc0 | 498b cfc5 | f877 4989 | af38 0400 | 0049 8987 
  0x00000220de01d500: 2804 0000 | 4883 ec20 | 40f6 c40f | 0f84 1900 | 0000 4883 | ec08 48b8 | b066 1803 | fb7f 0000 
  0x00000220de01d520: ffd0 4883 | c408 e90c | 0000 0048 | b8b0 6618 | 03fb 7f00 | 00ff d048 | 83c4 2049 | c787 2804 
  0x00000220de01d540: 0000 0000 | 0000 49c7 | 8738 0400 | 0000 0000 | 0049 c787 | 3004 0000 | 0000 0000 | c5f8 7749 
  0x00000220de01d560: 837f 0800 | 0f84 0500 | 0000 e971 | 3cff ff4c | 8b6d c04c | 8b75 c84e | 8d74 f500 | c348 b948 
  0x00000220de01d580: 087c 03fb | 7f00 0048 | 83e4 f048 | b800 8d3f | 03fb 7f00 | 00ff d0f4 | 440f b75b | 2c41 f6c3 
  0x00000220de01d5a0: 200f 8472 | 0100 0048 | 8d55 a84c | 8b5a 084d | 85db 0f85 | bb00 0000 | e805 0000 | 00e9 9600 
  0x00000220de01d5c0: 0000 488d | 4424 084c | 896d c049 | 8bcf c5f8 | 7749 89af | 3804 0000 | 4989 8728 | 0400 0048 
  0x00000220de01d5e0: 83ec 2040 | f6c4 0f0f | 8419 0000 | 0048 83ec | 0848 b8e0 | 6518 03fb | 7f00 00ff | d048 83c4 
  0x00000220de01d600: 08e9 0c00 | 0000 48b8 | e065 1803 | fb7f 0000 | ffd0 4883 | c420 49c7 | 8728 0400 | 0000 0000 
  0x00000220de01d620: 0049 c787 | 3804 0000 | 0000 0000 | 49c7 8730 | 0400 0000 | 0000 00c5 | f877 4983 | 7f08 000f 
  0x00000220de01d640: 8405 0000 | 00e9 963b | ffff 4c8b | 6dc0 4c8b | 75c8 4e8d | 74f5 00c3 | 48b9 4808 | 7c03 fb7f 
  0x00000220de01d660: 0000 4883 | e4f0 48b8 | 008d 3f03 | fb7f 0000 | ffd0 f44c | 896d c04c | 8b4a 0848 | c742 0800 
  0x00000220de01d680: 0000 0045 | 8b87 d806 | 0000 4f3b | 4c07 f80f | 8542 0000 | 0041 83af | d806 0000 | 084f 3b4c 
  0x00000220de01d6a0: 07f0 0f84 | 2a00 0000 | 498b 01a8 | 020f 8512 | 0000 004c | 8bc0 4983 | c801 f04d | 0fb1 010f 
  0x00000220de01d6c0: 840d 0000 | 0041 8387 | d806 0000 | 08e9 0500 | 0000 e93e | 0000 004c | 894a 0848 | 8bca 4883 
  0x00000220de01d6e0: ec20 40f6 | c40f 0f84 | 1900 0000 | 4883 ec08 | 48b8 3038 | 1803 fb7f | 0000 ffd0 | 4883 c408 
  0x00000220de01d700: e90c 0000 | 0048 b830 | 3818 03fb | 7f00 00ff | d048 83c4 | 204c 8b6d | c041 c687 | 9603 0000 
  0x00000220de01d720: 0149 3b6f | 280f 8705 | 0000 00e9 | ab00 0000 | 4883 ec10 | c5fb 1104 | 2448 83ec | 1048 8904 
  0x00000220de01d740: 2448 c744 | 2408 0000 | 0000 c5f8 | 7749 89af | 3804 0000 | 49ba 4ad7 | 01de 2002 | 0000 4d89 
  0x00000220de01d760: 9730 0400 | 0049 89a7 | 2804 0000 | 498b cf48 | 83ec 2040 | f6c4 0f0f | 8419 0000 | 0048 83ec 
  0x00000220de01d780: 0848 b8d0 | 1e18 03fb | 7f00 00ff | d048 83c4 | 08e9 0c00 | 0000 48b8 | d01e 1803 | fb7f 0000 
  0x00000220de01d7a0: ffd0 4883 | c420 49c7 | 8728 0400 | 0000 0000 | 0049 c787 | 3804 0000 | 0000 0000 | 49c7 8730 
  0x00000220de01d7c0: 0400 0000 | 0000 00c5 | f877 488b | 0424 4883 | c410 c5fb | 1004 2448 | 83c4 1048 | 8b04 2448 
  0x00000220de01d7e0: 83c4 10c5 | fb10 0424 | 4883 c410 | 4c8b 5d18 | 41ff d34c | 8b5d f8c9 | 41c6 8796 | 0300 0000 
  0x00000220de01d800: 5f49 8be3 | ffe7 ba00 | 0000 00e8 | 0500 0000 | e996 0000 | 0048 8d44 | 2408 4c89 | 6dc0 498b 
  0x00000220de01d820: cfc5 f877 | 4989 af38 | 0400 0049 | 8987 2804 | 0000 4883 | ec20 40f6 | c40f 0f84 | 1900 0000 
  0x00000220de01d840: 4883 ec08 | 48b8 202e | 1803 fb7f | 0000 ffd0 | 4883 c408 | e90c 0000 | 0048 b820 | 2e18 03fb 
  0x00000220de01d860: 7f00 00ff | d048 83c4 | 2049 c787 | 2804 0000 | 0000 0000 | 49c7 8738 | 0400 0000 | 0000 0049 
  0x00000220de01d880: c787 3004 | 0000 0000 | 0000 c5f8 | 7749 837f | 0800 0f84 | 0500 0000 | e943 39ff | ff4c 8b6d 
  0x00000220de01d8a0: c04c 8b75 | c84e 8d74 | f500 c348 | 8b5d e8e9 | 74f6 ffff | 0f1f 4000 
[/MachCode]

---------------  P R O C E S S  ---------------

Threads class SMR info:
_java_thread_list=0x00000220f20e33e0, length=11, elements={
0x00000220cbf142a0, 0x00000220edc344a0, 0x00000220edc34db0, 0x00000220edc37c20,
0x00000220edc39f40, 0x00000220edc3eb10, 0x00000220edc3fef0, 0x00000220edc4b210,
0x00000220edc55310, 0x00000220f20e0550, 0x00000220f20e2a20
}

Java Threads: ( => current thread )
=>0x00000220cbf142a0 JavaThread "main"                              [_thread_in_native, id=14860, stack(0x000000b32ea00000,0x000000b32eb00000) (1024K)]
  0x00000220edc344a0 JavaThread "Reference Handler"          daemon [_thread_blocked, id=19632, stack(0x000000b32f200000,0x000000b32f300000) (1024K)]
  0x00000220edc34db0 JavaThread "Finalizer"                  daemon [_thread_blocked, id=16640, stack(0x000000b32f300000,0x000000b32f400000) (1024K)]
  0x00000220edc37c20 JavaThread "Signal Dispatcher"          daemon [_thread_blocked, id=7220, stack(0x000000b32f400000,0x000000b32f500000) (1024K)]
  0x00000220edc39f40 JavaThread "Attach Listener"            daemon [_thread_blocked, id=17144, stack(0x000000b32f500000,0x000000b32f600000) (1024K)]
  0x00000220edc3eb10 JavaThread "Service Thread"             daemon [_thread_blocked, id=17500, stack(0x000000b32f600000,0x000000b32f700000) (1024K)]
  0x00000220edc3fef0 JavaThread "Monitor Deflation Thread"   daemon [_thread_blocked, id=18568, stack(0x000000b32f700000,0x000000b32f800000) (1024K)]
  0x00000220edc4b210 JavaThread "C2 CompilerThread0"         daemon [_thread_blocked, id=18976, stack(0x000000b32f800000,0x000000b32f900000) (1024K)]
  0x00000220edc55310 JavaThread "C1 CompilerThread0"         daemon [_thread_blocked, id=1612, stack(0x000000b32f900000,0x000000b32fa00000) (1024K)]
  0x00000220f20e0550 JavaThread "Notification Thread"        daemon [_thread_blocked, id=3088, stack(0x000000b32fa00000,0x000000b32fb00000) (1024K)]
  0x00000220f20e2a20 JavaThread "Common-Cleaner"             daemon [_thread_blocked, id=3496, stack(0x000000b32fb00000,0x000000b32fc00000) (1024K)]
Total: 11

Other Threads:
  0x00000220edc23f20 VMThread "VM Thread"                           [id=18236, stack(0x000000b32f100000,0x000000b32f200000) (1024K)]
  0x00000220edc18060 WatcherThread "VM Periodic Task Thread"        [id=12696, stack(0x000000b32f000000,0x000000b32f100000) (1024K)]
  0x00000220ce2c0670 WorkerThread "GC Thread#0"                     [id=608, stack(0x000000b32eb00000,0x000000b32ec00000) (1024K)]
  0x00000220ce2d97a0 ConcurrentGCThread "G1 Main Marker"            [id=18452, stack(0x000000b32ec00000,0x000000b32ed00000) (1024K)]
  0x00000220ce2daae0 WorkerThread "G1 Conc#0"                       [id=17708, stack(0x000000b32ed00000,0x000000b32ee00000) (1024K)]
  0x00000220ce31ea90 ConcurrentGCThread "G1 Refine#0"               [id=13688, stack(0x000000b32ee00000,0x000000b32ef00000) (1024K)]
  0x00000220edae62a0 ConcurrentGCThread "G1 Service"                [id=16452, stack(0x000000b32ef00000,0x000000b32f000000) (1024K)]
Total: 7

Threads with active compile tasks:
Total: 0

VM state: not at safepoint (normal execution)

VM Mutex/Monitor currently owned by a thread: None

Heap address: 0x0000000700c00000, size: 4084 MB, Compressed Oops mode: Zero based, Oop shift amount: 3

CDS archive(s) mapped at: [0x0000000003000000-0x0000000003dd0000-0x0000000003dd0000), size 14483456, SharedBaseAddress: 0x0000000003000000, ArchiveRelocationMode: 1.
Compressed class space mapped at: 0x0000000004000000-0x0000000044000000, reserved size: 1073741824
UseCompressedClassPointers 1, UseCompactObjectHeaders 0
Narrow klass pointer bits 32, Max shift 3
Narrow klass base: 0x0000000003000000, Narrow klass shift: 0
Encoding Range: [0x0000000003000000 - 0x0000000103000000), (4294967296 bytes)
Klass Range:    [0x0000000003010000 - 0x0000000044000000), (1090453504 bytes)
Klass ID Range:  [65536 - 1090519033) (1090453497)
Protection zone: [0x0000000003000000 - 0x0000000003010000), (65536 bytes)

GC Precious Log:
 CardTable entry size: 512
 Card Set container configuration: InlinePtr #cards 4 size 8 Array Of Cards #cards 16 size 48 Howl #buckets 8 coarsen threshold 3686 Howl Bitmap #cards 512 size 80 coarsen threshold 460 Card regions per heap region 1 cards per card region 4096
 CPUs: 12 total, 12 available
 Memory: 16330M
 Large Page Support: Disabled
 NUMA Support: Disabled
 Compressed Oops: Enabled (Zero based)
 Heap Region Size: 2M
 Heap Min Capacity: 8M
 Heap Initial Capacity: 256M
 Heap Max Capacity: 4084M
 Pre-touch: Disabled
 Parallel Workers: 10
 Concurrent Workers: 3
 Concurrent Refinement Workers: 10
 Periodic GC: Disabled

Heap:
 garbage-first heap   total reserved 4182016K, committed 264192K, used 11413K [0x0000000700c00000, 0x0000000800000000)
  region size 2048K, 7 young (14336K), 0 survivors (0K)

Heap Regions: E=young(eden), S=young(survivor), O=old, HS=humongous(starts), HC=humongous(continues), CS=collection set, F=free, TAMS=top-at-mark-start, PB=parsable bottom
|   0|0x0000000700c00000, 0x0000000700c00000, 0x0000000700e00000|  0%| F|  |TAMS 0x0000000700c00000| PB 0x0000000700c00000| Untracked |  0
|   1|0x0000000700e00000, 0x0000000700e00000, 0x0000000701000000|  0%| F|  |TAMS 0x0000000700e00000| PB 0x0000000700e00000| Untracked |  0
|   2|0x0000000701000000, 0x0000000701000000, 0x0000000701200000|  0%| F|  |TAMS 0x0000000701000000| PB 0x0000000701000000| Untracked |  0
|   3|0x0000000701200000, 0x0000000701200000, 0x0000000701400000|  0%| F|  |TAMS 0x0000000701200000| PB 0x0000000701200000| Untracked |  0
|   4|0x0000000701400000, 0x0000000701400000, 0x0000000701600000|  0%| F|  |TAMS 0x0000000701400000| PB 0x0000000701400000| Untracked |  0
|   5|0x0000000701600000, 0x0000000701600000, 0x0000000701800000|  0%| F|  |TAMS 0x0000000701600000| PB 0x0000000701600000| Untracked |  0
|   6|0x0000000701800000, 0x0000000701800000, 0x0000000701a00000|  0%| F|  |TAMS 0x0000000701800000| PB 0x0000000701800000| Untracked |  0
|   7|0x0000000701a00000, 0x0000000701a00000, 0x0000000701c00000|  0%| F|  |TAMS 0x0000000701a00000| PB 0x0000000701a00000| Untracked |  0
|   8|0x0000000701c00000, 0x0000000701c00000, 0x0000000701e00000|  0%| F|  |TAMS 0x0000000701c00000| PB 0x0000000701c00000| Untracked |  0
|   9|0x0000000701e00000, 0x0000000701e00000, 0x0000000702000000|  0%| F|  |TAMS 0x0000000701e00000| PB 0x0000000701e00000| Untracked |  0
|  10|0x0000000702000000, 0x0000000702000000, 0x0000000702200000|  0%| F|  |TAMS 0x0000000702000000| PB 0x0000000702000000| Untracked |  0
|  11|0x0000000702200000, 0x0000000702200000, 0x0000000702400000|  0%| F|  |TAMS 0x0000000702200000| PB 0x0000000702200000| Untracked |  0
|  12|0x0000000702400000, 0x0000000702400000, 0x0000000702600000|  0%| F|  |TAMS 0x0000000702400000| PB 0x0000000702400000| Untracked |  0
|  13|0x0000000702600000, 0x0000000702600000, 0x0000000702800000|  0%| F|  |TAMS 0x0000000702600000| PB 0x0000000702600000| Untracked |  0
|  14|0x0000000702800000, 0x0000000702800000, 0x0000000702a00000|  0%| F|  |TAMS 0x0000000702800000| PB 0x0000000702800000| Untracked |  0
|  15|0x0000000702a00000, 0x0000000702a00000, 0x0000000702c00000|  0%| F|  |TAMS 0x0000000702a00000| PB 0x0000000702a00000| Untracked |  0
|  16|0x0000000702c00000, 0x0000000702c00000, 0x0000000702e00000|  0%| F|  |TAMS 0x0000000702c00000| PB 0x0000000702c00000| Untracked |  0
|  17|0x0000000702e00000, 0x0000000702e00000, 0x0000000703000000|  0%| F|  |TAMS 0x0000000702e00000| PB 0x0000000702e00000| Untracked |  0
|  18|0x0000000703000000, 0x0000000703000000, 0x0000000703200000|  0%| F|  |TAMS 0x0000000703000000| PB 0x0000000703000000| Untracked |  0
|  19|0x0000000703200000, 0x0000000703200000, 0x0000000703400000|  0%| F|  |TAMS 0x0000000703200000| PB 0x0000000703200000| Untracked |  0
|  20|0x0000000703400000, 0x0000000703400000, 0x0000000703600000|  0%| F|  |TAMS 0x0000000703400000| PB 0x0000000703400000| Untracked |  0
|  21|0x0000000703600000, 0x0000000703600000, 0x0000000703800000|  0%| F|  |TAMS 0x0000000703600000| PB 0x0000000703600000| Untracked |  0
|  22|0x0000000703800000, 0x0000000703800000, 0x0000000703a00000|  0%| F|  |TAMS 0x0000000703800000| PB 0x0000000703800000| Untracked |  0
|  23|0x0000000703a00000, 0x0000000703a00000, 0x0000000703c00000|  0%| F|  |TAMS 0x0000000703a00000| PB 0x0000000703a00000| Untracked |  0
|  24|0x0000000703c00000, 0x0000000703c00000, 0x0000000703e00000|  0%| F|  |TAMS 0x0000000703c00000| PB 0x0000000703c00000| Untracked |  0
|  25|0x0000000703e00000, 0x0000000703e00000, 0x0000000704000000|  0%| F|  |TAMS 0x0000000703e00000| PB 0x0000000703e00000| Untracked |  0
|  26|0x0000000704000000, 0x0000000704000000, 0x0000000704200000|  0%| F|  |TAMS 0x0000000704000000| PB 0x0000000704000000| Untracked |  0
|  27|0x0000000704200000, 0x0000000704200000, 0x0000000704400000|  0%| F|  |TAMS 0x0000000704200000| PB 0x0000000704200000| Untracked |  0
|  28|0x0000000704400000, 0x0000000704400000, 0x0000000704600000|  0%| F|  |TAMS 0x0000000704400000| PB 0x0000000704400000| Untracked |  0
|  29|0x0000000704600000, 0x0000000704600000, 0x0000000704800000|  0%| F|  |TAMS 0x0000000704600000| PB 0x0000000704600000| Untracked |  0
|  30|0x0000000704800000, 0x0000000704800000, 0x0000000704a00000|  0%| F|  |TAMS 0x0000000704800000| PB 0x0000000704800000| Untracked |  0
|  31|0x0000000704a00000, 0x0000000704a00000, 0x0000000704c00000|  0%| F|  |TAMS 0x0000000704a00000| PB 0x0000000704a00000| Untracked |  0
|  32|0x0000000704c00000, 0x0000000704c00000, 0x0000000704e00000|  0%| F|  |TAMS 0x0000000704c00000| PB 0x0000000704c00000| Untracked |  0
|  33|0x0000000704e00000, 0x0000000704e00000, 0x0000000705000000|  0%| F|  |TAMS 0x0000000704e00000| PB 0x0000000704e00000| Untracked |  0
|  34|0x0000000705000000, 0x0000000705000000, 0x0000000705200000|  0%| F|  |TAMS 0x0000000705000000| PB 0x0000000705000000| Untracked |  0
|  35|0x0000000705200000, 0x0000000705200000, 0x0000000705400000|  0%| F|  |TAMS 0x0000000705200000| PB 0x0000000705200000| Untracked |  0
|  36|0x0000000705400000, 0x0000000705400000, 0x0000000705600000|  0%| F|  |TAMS 0x0000000705400000| PB 0x0000000705400000| Untracked |  0
|  37|0x0000000705600000, 0x0000000705600000, 0x0000000705800000|  0%| F|  |TAMS 0x0000000705600000| PB 0x0000000705600000| Untracked |  0
|  38|0x0000000705800000, 0x0000000705800000, 0x0000000705a00000|  0%| F|  |TAMS 0x0000000705800000| PB 0x0000000705800000| Untracked |  0
|  39|0x0000000705a00000, 0x0000000705a00000, 0x0000000705c00000|  0%| F|  |TAMS 0x0000000705a00000| PB 0x0000000705a00000| Untracked |  0
|  40|0x0000000705c00000, 0x0000000705c00000, 0x0000000705e00000|  0%| F|  |TAMS 0x0000000705c00000| PB 0x0000000705c00000| Untracked |  0
|  41|0x0000000705e00000, 0x0000000705e00000, 0x0000000706000000|  0%| F|  |TAMS 0x0000000705e00000| PB 0x0000000705e00000| Untracked |  0
|  42|0x0000000706000000, 0x0000000706000000, 0x0000000706200000|  0%| F|  |TAMS 0x0000000706000000| PB 0x0000000706000000| Untracked |  0
|  43|0x0000000706200000, 0x0000000706200000, 0x0000000706400000|  0%| F|  |TAMS 0x0000000706200000| PB 0x0000000706200000| Untracked |  0
|  44|0x0000000706400000, 0x0000000706400000, 0x0000000706600000|  0%| F|  |TAMS 0x0000000706400000| PB 0x0000000706400000| Untracked |  0
|  45|0x0000000706600000, 0x0000000706600000, 0x0000000706800000|  0%| F|  |TAMS 0x0000000706600000| PB 0x0000000706600000| Untracked |  0
|  46|0x0000000706800000, 0x0000000706800000, 0x0000000706a00000|  0%| F|  |TAMS 0x0000000706800000| PB 0x0000000706800000| Untracked |  0
|  47|0x0000000706a00000, 0x0000000706a00000, 0x0000000706c00000|  0%| F|  |TAMS 0x0000000706a00000| PB 0x0000000706a00000| Untracked |  0
|  48|0x0000000706c00000, 0x0000000706c00000, 0x0000000706e00000|  0%| F|  |TAMS 0x0000000706c00000| PB 0x0000000706c00000| Untracked |  0
|  49|0x0000000706e00000, 0x0000000706e00000, 0x0000000707000000|  0%| F|  |TAMS 0x0000000706e00000| PB 0x0000000706e00000| Untracked |  0
|  50|0x0000000707000000, 0x0000000707000000, 0x0000000707200000|  0%| F|  |TAMS 0x0000000707000000| PB 0x0000000707000000| Untracked |  0
|  51|0x0000000707200000, 0x0000000707200000, 0x0000000707400000|  0%| F|  |TAMS 0x0000000707200000| PB 0x0000000707200000| Untracked |  0
|  52|0x0000000707400000, 0x0000000707400000, 0x0000000707600000|  0%| F|  |TAMS 0x0000000707400000| PB 0x0000000707400000| Untracked |  0
|  53|0x0000000707600000, 0x0000000707600000, 0x0000000707800000|  0%| F|  |TAMS 0x0000000707600000| PB 0x0000000707600000| Untracked |  0
|  54|0x0000000707800000, 0x0000000707800000, 0x0000000707a00000|  0%| F|  |TAMS 0x0000000707800000| PB 0x0000000707800000| Untracked |  0
|  55|0x0000000707a00000, 0x0000000707a00000, 0x0000000707c00000|  0%| F|  |TAMS 0x0000000707a00000| PB 0x0000000707a00000| Untracked |  0
|  56|0x0000000707c00000, 0x0000000707c00000, 0x0000000707e00000|  0%| F|  |TAMS 0x0000000707c00000| PB 0x0000000707c00000| Untracked |  0
|  57|0x0000000707e00000, 0x0000000707e00000, 0x0000000708000000|  0%| F|  |TAMS 0x0000000707e00000| PB 0x0000000707e00000| Untracked |  0
|  58|0x0000000708000000, 0x0000000708000000, 0x0000000708200000|  0%| F|  |TAMS 0x0000000708000000| PB 0x0000000708000000| Untracked |  0
|  59|0x0000000708200000, 0x0000000708200000, 0x0000000708400000|  0%| F|  |TAMS 0x0000000708200000| PB 0x0000000708200000| Untracked |  0
|  60|0x0000000708400000, 0x0000000708400000, 0x0000000708600000|  0%| F|  |TAMS 0x0000000708400000| PB 0x0000000708400000| Untracked |  0
|  61|0x0000000708600000, 0x0000000708600000, 0x0000000708800000|  0%| F|  |TAMS 0x0000000708600000| PB 0x0000000708600000| Untracked |  0
|  62|0x0000000708800000, 0x0000000708800000, 0x0000000708a00000|  0%| F|  |TAMS 0x0000000708800000| PB 0x0000000708800000| Untracked |  0
|  63|0x0000000708a00000, 0x0000000708a00000, 0x0000000708c00000|  0%| F|  |TAMS 0x0000000708a00000| PB 0x0000000708a00000| Untracked |  0
|  64|0x0000000708c00000, 0x0000000708c00000, 0x0000000708e00000|  0%| F|  |TAMS 0x0000000708c00000| PB 0x0000000708c00000| Untracked |  0
|  65|0x0000000708e00000, 0x0000000708e00000, 0x0000000709000000|  0%| F|  |TAMS 0x0000000708e00000| PB 0x0000000708e00000| Untracked |  0
|  66|0x0000000709000000, 0x0000000709000000, 0x0000000709200000|  0%| F|  |TAMS 0x0000000709000000| PB 0x0000000709000000| Untracked |  0
|  67|0x0000000709200000, 0x0000000709200000, 0x0000000709400000|  0%| F|  |TAMS 0x0000000709200000| PB 0x0000000709200000| Untracked |  0
|  68|0x0000000709400000, 0x0000000709400000, 0x0000000709600000|  0%| F|  |TAMS 0x0000000709400000| PB 0x0000000709400000| Untracked |  0
|  69|0x0000000709600000, 0x0000000709600000, 0x0000000709800000|  0%| F|  |TAMS 0x0000000709600000| PB 0x0000000709600000| Untracked |  0
|  70|0x0000000709800000, 0x0000000709800000, 0x0000000709a00000|  0%| F|  |TAMS 0x0000000709800000| PB 0x0000000709800000| Untracked |  0
|  71|0x0000000709a00000, 0x0000000709a00000, 0x0000000709c00000|  0%| F|  |TAMS 0x0000000709a00000| PB 0x0000000709a00000| Untracked |  0
|  72|0x0000000709c00000, 0x0000000709c00000, 0x0000000709e00000|  0%| F|  |TAMS 0x0000000709c00000| PB 0x0000000709c00000| Untracked |  0
|  73|0x0000000709e00000, 0x0000000709e00000, 0x000000070a000000|  0%| F|  |TAMS 0x0000000709e00000| PB 0x0000000709e00000| Untracked |  0
|  74|0x000000070a000000, 0x000000070a000000, 0x000000070a200000|  0%| F|  |TAMS 0x000000070a000000| PB 0x000000070a000000| Untracked |  0
|  75|0x000000070a200000, 0x000000070a200000, 0x000000070a400000|  0%| F|  |TAMS 0x000000070a200000| PB 0x000000070a200000| Untracked |  0
|  76|0x000000070a400000, 0x000000070a400000, 0x000000070a600000|  0%| F|  |TAMS 0x000000070a400000| PB 0x000000070a400000| Untracked |  0
|  77|0x000000070a600000, 0x000000070a600000, 0x000000070a800000|  0%| F|  |TAMS 0x000000070a600000| PB 0x000000070a600000| Untracked |  0
|  78|0x000000070a800000, 0x000000070a800000, 0x000000070aa00000|  0%| F|  |TAMS 0x000000070a800000| PB 0x000000070a800000| Untracked |  0
|  79|0x000000070aa00000, 0x000000070aa00000, 0x000000070ac00000|  0%| F|  |TAMS 0x000000070aa00000| PB 0x000000070aa00000| Untracked |  0
|  80|0x000000070ac00000, 0x000000070ac00000, 0x000000070ae00000|  0%| F|  |TAMS 0x000000070ac00000| PB 0x000000070ac00000| Untracked |  0
|  81|0x000000070ae00000, 0x000000070ae00000, 0x000000070b000000|  0%| F|  |TAMS 0x000000070ae00000| PB 0x000000070ae00000| Untracked |  0
|  82|0x000000070b000000, 0x000000070b000000, 0x000000070b200000|  0%| F|  |TAMS 0x000000070b000000| PB 0x000000070b000000| Untracked |  0
|  83|0x000000070b200000, 0x000000070b200000, 0x000000070b400000|  0%| F|  |TAMS 0x000000070b200000| PB 0x000000070b200000| Untracked |  0
|  84|0x000000070b400000, 0x000000070b400000, 0x000000070b600000|  0%| F|  |TAMS 0x000000070b400000| PB 0x000000070b400000| Untracked |  0
|  85|0x000000070b600000, 0x000000070b600000, 0x000000070b800000|  0%| F|  |TAMS 0x000000070b600000| PB 0x000000070b600000| Untracked |  0
|  86|0x000000070b800000, 0x000000070b800000, 0x000000070ba00000|  0%| F|  |TAMS 0x000000070b800000| PB 0x000000070b800000| Untracked |  0
|  87|0x000000070ba00000, 0x000000070ba00000, 0x000000070bc00000|  0%| F|  |TAMS 0x000000070ba00000| PB 0x000000070ba00000| Untracked |  0
|  88|0x000000070bc00000, 0x000000070bc00000, 0x000000070be00000|  0%| F|  |TAMS 0x000000070bc00000| PB 0x000000070bc00000| Untracked |  0
|  89|0x000000070be00000, 0x000000070be00000, 0x000000070c000000|  0%| F|  |TAMS 0x000000070be00000| PB 0x000000070be00000| Untracked |  0
|  90|0x000000070c000000, 0x000000070c000000, 0x000000070c200000|  0%| F|  |TAMS 0x000000070c000000| PB 0x000000070c000000| Untracked |  0
|  91|0x000000070c200000, 0x000000070c200000, 0x000000070c400000|  0%| F|  |TAMS 0x000000070c200000| PB 0x000000070c200000| Untracked |  0
|  92|0x000000070c400000, 0x000000070c400000, 0x000000070c600000|  0%| F|  |TAMS 0x000000070c400000| PB 0x000000070c400000| Untracked |  0
|  93|0x000000070c600000, 0x000000070c600000, 0x000000070c800000|  0%| F|  |TAMS 0x000000070c600000| PB 0x000000070c600000| Untracked |  0
|  94|0x000000070c800000, 0x000000070c800000, 0x000000070ca00000|  0%| F|  |TAMS 0x000000070c800000| PB 0x000000070c800000| Untracked |  0
|  95|0x000000070ca00000, 0x000000070ca00000, 0x000000070cc00000|  0%| F|  |TAMS 0x000000070ca00000| PB 0x000000070ca00000| Untracked |  0
|  96|0x000000070cc00000, 0x000000070cc00000, 0x000000070ce00000|  0%| F|  |TAMS 0x000000070cc00000| PB 0x000000070cc00000| Untracked |  0
|  97|0x000000070ce00000, 0x000000070ce00000, 0x000000070d000000|  0%| F|  |TAMS 0x000000070ce00000| PB 0x000000070ce00000| Untracked |  0
|  98|0x000000070d000000, 0x000000070d000000, 0x000000070d200000|  0%| F|  |TAMS 0x000000070d000000| PB 0x000000070d000000| Untracked |  0
|  99|0x000000070d200000, 0x000000070d200000, 0x000000070d400000|  0%| F|  |TAMS 0x000000070d200000| PB 0x000000070d200000| Untracked |  0
| 100|0x000000070d400000, 0x000000070d400000, 0x000000070d600000|  0%| F|  |TAMS 0x000000070d400000| PB 0x000000070d400000| Untracked |  0
| 101|0x000000070d600000, 0x000000070d600000, 0x000000070d800000|  0%| F|  |TAMS 0x000000070d600000| PB 0x000000070d600000| Untracked |  0
| 102|0x000000070d800000, 0x000000070d800000, 0x000000070da00000|  0%| F|  |TAMS 0x000000070d800000| PB 0x000000070d800000| Untracked |  0
| 103|0x000000070da00000, 0x000000070da00000, 0x000000070dc00000|  0%| F|  |TAMS 0x000000070da00000| PB 0x000000070da00000| Untracked |  0
| 104|0x000000070dc00000, 0x000000070dc00000, 0x000000070de00000|  0%| F|  |TAMS 0x000000070dc00000| PB 0x000000070dc00000| Untracked |  0
| 105|0x000000070de00000, 0x000000070de00000, 0x000000070e000000|  0%| F|  |TAMS 0x000000070de00000| PB 0x000000070de00000| Untracked |  0
| 106|0x000000070e000000, 0x000000070e000000, 0x000000070e200000|  0%| F|  |TAMS 0x000000070e000000| PB 0x000000070e000000| Untracked |  0
| 107|0x000000070e200000, 0x000000070e200000, 0x000000070e400000|  0%| F|  |TAMS 0x000000070e200000| PB 0x000000070e200000| Untracked |  0
| 108|0x000000070e400000, 0x000000070e400000, 0x000000070e600000|  0%| F|  |TAMS 0x000000070e400000| PB 0x000000070e400000| Untracked |  0
| 109|0x000000070e600000, 0x000000070e600000, 0x000000070e800000|  0%| F|  |TAMS 0x000000070e600000| PB 0x000000070e600000| Untracked |  0
| 110|0x000000070e800000, 0x000000070e800000, 0x000000070ea00000|  0%| F|  |TAMS 0x000000070e800000| PB 0x000000070e800000| Untracked |  0
| 111|0x000000070ea00000, 0x000000070ea00000, 0x000000070ec00000|  0%| F|  |TAMS 0x000000070ea00000| PB 0x000000070ea00000| Untracked |  0
| 112|0x000000070ec00000, 0x000000070ec00000, 0x000000070ee00000|  0%| F|  |TAMS 0x000000070ec00000| PB 0x000000070ec00000| Untracked |  0
| 113|0x000000070ee00000, 0x000000070ee00000, 0x000000070f000000|  0%| F|  |TAMS 0x000000070ee00000| PB 0x000000070ee00000| Untracked |  0
| 114|0x000000070f000000, 0x000000070f000000, 0x000000070f200000|  0%| F|  |TAMS 0x000000070f000000| PB 0x000000070f000000| Untracked |  0
| 115|0x000000070f200000, 0x000000070f200000, 0x000000070f400000|  0%| F|  |TAMS 0x000000070f200000| PB 0x000000070f200000| Untracked |  0
| 116|0x000000070f400000, 0x000000070f400000, 0x000000070f600000|  0%| F|  |TAMS 0x000000070f400000| PB 0x000000070f400000| Untracked |  0
| 117|0x000000070f600000, 0x000000070f600000, 0x000000070f800000|  0%| F|  |TAMS 0x000000070f600000| PB 0x000000070f600000| Untracked |  0
| 118|0x000000070f800000, 0x000000070f800000, 0x000000070fa00000|  0%| F|  |TAMS 0x000000070f800000| PB 0x000000070f800000| Untracked |  0
| 119|0x000000070fa00000, 0x000000070fa00000, 0x000000070fc00000|  0%| F|  |TAMS 0x000000070fa00000| PB 0x000000070fa00000| Untracked |  0
| 120|0x000000070fc00000, 0x000000070fc00000, 0x000000070fe00000|  0%| F|  |TAMS 0x000000070fc00000| PB 0x000000070fc00000| Untracked |  0
| 121|0x000000070fe00000, 0x000000070ff1e480, 0x0000000710000000| 55%| E|  |TAMS 0x000000070fe00000| PB 0x000000070fe00000| Complete |  0
| 122|0x0000000710000000, 0x0000000710200000, 0x0000000710200000|100%| E|CS|TAMS 0x0000000710000000| PB 0x0000000710000000| Complete |  0
| 123|0x0000000710200000, 0x0000000710400000, 0x0000000710400000|100%| E|CS|TAMS 0x0000000710200000| PB 0x0000000710200000| Complete |  0
| 124|0x0000000710400000, 0x0000000710600000, 0x0000000710600000|100%| E|  |TAMS 0x0000000710400000| PB 0x0000000710400000| Complete |  0
| 125|0x0000000710600000, 0x0000000710800000, 0x0000000710800000|100%| E|CS|TAMS 0x0000000710600000| PB 0x0000000710600000| Complete |  0
| 126|0x0000000710800000, 0x0000000710a00000, 0x0000000710a00000|100%| E|CS|TAMS 0x0000000710800000| PB 0x0000000710800000| Complete |  0
| 127|0x0000000710a00000, 0x0000000710c00000, 0x0000000710c00000|100%| E|CS|TAMS 0x0000000710a00000| PB 0x0000000710a00000| Complete |  0
|2041|0x00000007ffe00000, 0x00000007fff256a0, 0x0000000800000000| 57%| O|  |TAMS 0x00000007ffe00000| PB 0x00000007ffe00000| Untracked |  0

Card table byte_map: [0x00000220e6850000,0x00000220e7050000] _byte_map_base: 0x00000220e304a000

Marking Bits: (CMBitMap*) 0x00000220ce2c0e00
 Bits: [0x00000220e7050000, 0x00000220eb020000)

Polling page: 0x00000220cc120000

Metaspace:
Metaspace        used 5991K, committed 6144K, reserved 1114112K
 class space     used 260K, committed 320K, reserved 1048576K

Usage:
  Non-class:      5.60 MB used.
      Class:    260.02 KB used.
       Both:      5.85 MB used.

Virtual space:
  Non-class space:       64.00 MB reserved,       5.69 MB (  9%) committed,  1 nodes.
      Class space:        1.00 GB reserved,     320.00 KB ( <1%) committed,  1 nodes.
             Both:        1.06 GB reserved,       6.00 MB ( <1%) committed. 

Chunk freelists:
   Non-Class:  8.06 MB
       Class:  15.57 MB
        Both:  23.63 MB

MaxMetaspaceSize: unlimited
CompressedClassSpaceSize: 1.00 GB
Initial GC threshold: 21.00 MB
Current GC threshold: 21.00 MB
CDS: on
 - commit_granule_bytes: 65536.
 - commit_granule_words: 8192.
 - virtual_space_node_default_size: 8388608.
 - enlarge_chunks_in_place: 1.
UseCompressedClassPointers 1, UseCompactObjectHeaders 0
Narrow klass pointer bits 32, Max shift 3
Narrow klass base: 0x0000000003000000, Narrow klass shift: 0
Encoding Range: [0x0000000003000000 - 0x0000000103000000), (4294967296 bytes)
Klass Range:    [0x0000000003010000 - 0x0000000044000000), (1090453504 bytes)
Klass ID Range:  [65536 - 1090519033) (1090453497)
Protection zone: [0x0000000003000000 - 0x0000000003010000), (65536 bytes)


Internal statistics:

num_allocs_failed_limit: 0.
num_arena_births: 84.
num_arena_deaths: 0.
num_vsnodes_births: 2.
num_vsnodes_deaths: 0.
num_space_committed: 95.
num_space_uncommitted: 0.
num_chunks_returned_to_freelist: 0.
num_chunks_taken_from_freelist: 254.
num_chunk_merges: 0.
num_chunk_splits: 184.
num_chunks_enlarged: 138.
num_inconsistent_stats: 0.

CodeHeap 'non-profiled nmethods': size=120064Kb used=235Kb max_used=235Kb free=119828Kb
 bounds [0x00000220de5a0000, 0x00000220de810000, 0x00000220e5ae0000]
CodeHeap 'profiled nmethods': size=120000Kb used=1340Kb max_used=1340Kb free=118659Kb
 bounds [0x00000220d6ae0000, 0x00000220d6d50000, 0x00000220de010000]
CodeHeap 'non-nmethods': size=5696Kb used=2022Kb max_used=2035Kb free=3674Kb
 bounds [0x00000220de010000, 0x00000220de280000, 0x00000220de5a0000]
CodeCache: size=245760Kb, used=3597Kb, max_used=3610Kb, free=242161Kb
 total_blobs=2228, nmethods=1060, adapters=1072, full_count=0
Compilation: enabled, stopped_count=0, restarted_count=0

Compilation events (20 events):
Event: 0.457 Thread 0x00000220edc55310 1049  s    1       java.lang.StringBuffer::length (5 bytes)
Event: 0.457 Thread 0x00000220edc55310 nmethod 1049 0x00000220de5d9208 code [0x00000220de5d9300, 0x00000220de5d9510]
Event: 0.459 Thread 0x00000220edc4b210 1050       4       java.lang.String::indexOf (41 bytes)
Event: 0.459 Thread 0x00000220edc4b210 nmethod 1050 0x00000220de5d9588 code [0x00000220de5d9680, 0x00000220de5d9840]
Event: 0.461 Thread 0x00000220edc55310 1052       3       java.lang.System$1::findBootstrapClassOrNull (5 bytes)
Event: 0.461 Thread 0x00000220edc55310 nmethod 1052 0x00000220d6c2e808 code [0x00000220d6c2e900, 0x00000220d6c2eb10]
Event: 0.461 Thread 0x00000220edc55310 1053       3       java.lang.ClassLoader::findBootstrapClassOrNull (14 bytes)
Event: 0.462 Thread 0x00000220edc55310 nmethod 1053 0x00000220d6c2eb88 code [0x00000220d6c2ec80, 0x00000220d6c2ee28]
Event: 0.462 Thread 0x00000220edc55310 1054       1       java.util.jar.Manifest::getEntries (5 bytes)
Event: 0.462 Thread 0x00000220edc55310 nmethod 1054 0x00000220de5d9c88 code [0x00000220de5d9d80, 0x00000220de5d9e48]
Event: 0.462 Thread 0x00000220edc55310 1055       1       java.util.jar.Manifest::getMainAttributes (5 bytes)
Event: 0.462 Thread 0x00000220edc55310 nmethod 1055 0x00000220de5d9f88 code [0x00000220de5da080, 0x00000220de5da148]
Event: 0.462 Thread 0x00000220edc55310 1056       1       java.util.zip.ZipEntry::getCrc (5 bytes)
Event: 0.462 Thread 0x00000220edc55310 nmethod 1056 0x00000220de5da288 code [0x00000220de5da380, 0x00000220de5da448]
Event: 0.463 Thread 0x00000220edc55310 1057       1       java.lang.reflect.Method::getName (5 bytes)
Event: 0.463 Thread 0x00000220edc4b210 1058       4       java.lang.String::equals (56 bytes)
Event: 0.463 Thread 0x00000220edc55310 nmethod 1057 0x00000220de5da588 code [0x00000220de5da680, 0x00000220de5da748]
Event: 0.464 Thread 0x00000220edc4b210 nmethod 1058 0x00000220de5da888 code [0x00000220de5da980, 0x00000220de5daba0]
Event: 0.464 Thread 0x00000220edc55310 1060       3       jdk.internal.loader.NativeLibraries$NativeLibraryImpl::find (9 bytes)
Event: 0.464 Thread 0x00000220edc55310 nmethod 1060 0x00000220d6c2ee88 code [0x00000220d6c2ef80, 0x00000220d6c2f0b8]

GC Heap Usage History (0 events):
No events

Metaspace Usage History (0 events):
No events

Dll operation events (8 events):
Event: 0.004 Loaded shared library C:\Program Files\Java\jdk-25\bin\java.dll
Event: 0.045 Loaded shared library C:\Program Files\Java\jdk-25\bin\net.dll
Event: 0.046 Loaded shared library C:\Program Files\Java\jdk-25\bin\nio.dll
Event: 0.049 Loaded shared library C:\Program Files\Java\jdk-25\bin\zip.dll
Event: 0.084 Loaded shared library C:\Program Files\Java\jdk-25\bin\jimage.dll
Event: 0.096 Loaded shared library C:\Users\ciara\AppData\Local\Temp\lwjgl_ciara\3.3.6+1\x64\lwjgl.dll
Event: 0.356 Loaded shared library C:\Users\ciara\AppData\Local\Temp\lwjgl_ciara\3.3.6+1\x64\lwjgl_opengl.dll
Event: 0.389 Loaded shared library C:\Program Files\Java\jdk-25\bin\verify.dll

Deoptimization events (2 events):
Event: 0.391 Thread 0x00000220cbf142a0 DEOPT PACKING pc=0x00000220d6b00219 sp=0x000000b32eafcfc0
Event: 0.391 Thread 0x00000220cbf142a0 DEOPT UNPACKING pc=0x00000220de061702 sp=0x000000b32eafc410 mode 0

Classes loaded (20 events):
Event: 0.388 Loading class java/io/Externalizable
Event: 0.388 Loading class java/io/Externalizable done
Event: 0.404 Loading class java/lang/AssertionError
Event: 0.404 Loading class java/lang/AssertionError done
Event: 0.417 Loading class jdk/internal/module/ModulePatcher$PatchedModuleReader
Event: 0.417 Loading class jdk/internal/module/ModulePatcher$PatchedModuleReader done
Event: 0.417 Loading class sun/net/www/protocol/jrt/Handler
Event: 0.417 Loading class sun/net/www/protocol/jrt/Handler done
Event: 0.420 Loading class sun/util/resources/LocaleData$CommonResourceBundleProvider
Event: 0.420 Loading class sun/util/resources/LocaleData$LocaleDataResourceBundleProvider
Event: 0.420 Loading class java/util/spi/ResourceBundleProvider
Event: 0.420 Loading class java/util/spi/ResourceBundleProvider done
Event: 0.420 Loading class sun/util/resources/LocaleData$LocaleDataResourceBundleProvider done
Event: 0.420 Loading class sun/util/resources/LocaleData$CommonResourceBundleProvider done
Event: 0.420 Loading class java/util/ArrayList$SubList$1
Event: 0.420 Loading class java/util/ArrayList$SubList$1 done
Event: 0.420 Loading class sun/text/resources/cldr/FormatData_en
Event: 0.421 Loading class sun/text/resources/cldr/FormatData_en done
Event: 0.427 Loading class java/lang/SecurityException
Event: 0.427 Loading class java/lang/SecurityException done

Classes unloaded (0 events):
No events

Classes redefined (0 events):
No events

Internal exceptions (20 events):
Event: 0.099 Thread 0x00000220cbf142a0 Exception <a 'sun/nio/fs/WindowsException'{0x00000007106b27c0}> (0x00000007106b27c0) 
thrown [s\open\src\hotspot\share\prims\jni.cpp, line 516]
Event: 0.099 Thread 0x00000220cbf142a0 Exception <a 'sun/nio/fs/WindowsException'{0x00000007106b2d58}> (0x00000007106b2d58) 
thrown [s\open\src\hotspot\share\prims\jni.cpp, line 516]
Event: 0.126 Thread 0x00000220cbf142a0 Exception <a 'java/lang/NoSuchMethodError'{0x000000071079a558}: 'int java.lang.invoke.DirectMethodHandle$Holder.invokeStaticInit(java.lang.Object, java.lang.Object, int, long)'> (0x000000071079a558) 
thrown [s\open\src\hotspot\share\interpreter\linkResolver.cpp, line 804]
Event: 0.127 Thread 0x00000220cbf142a0 Exception <a 'java/lang/NoSuchMethodError'{0x00000007107a9910}: 'java.lang.Object java.lang.invoke.DirectMethodHandle$Holder.newInvokeSpecial(java.lang.Object, java.lang.Object, int)'> (0x00000007107a9910) 
thrown [s\open\src\hotspot\share\interpreter\linkResolver.cpp, line 804]
Event: 0.133 Thread 0x00000220cbf142a0 Exception <a 'java/lang/NoSuchMethodError'{0x00000007107f6350}: 'int java.lang.invoke.DirectMethodHandle$Holder.invokeStaticInit(java.lang.Object, java.lang.Object, long, long)'> (0x00000007107f6350) 
thrown [s\open\src\hotspot\share\interpreter\linkResolver.cpp, line 804]
Event: 0.133 Thread 0x00000220cbf142a0 Exception <a 'java/lang/NoSuchMethodError'{0x00000007104063f8}: 'java.lang.Object java.lang.invoke.DirectMethodHandle$Holder.newInvokeSpecial(java.lang.Object, java.lang.Object, long)'> (0x00000007104063f8) 
thrown [s\open\src\hotspot\share\interpreter\linkResolver.cpp, line 804]
Event: 0.133 Thread 0x00000220cbf142a0 Exception <a 'java/lang/NoSuchMethodError'{0x000000071040f168}: 'java.lang.Object java.lang.invoke.Invokers$Holder.linkToTargetMethod(java.lang.Object, long, java.lang.Object)'> (0x000000071040f168) 
thrown [s\open\src\hotspot\share\interpreter\linkResolver.cpp, line 804]
Event: 0.134 Thread 0x00000220cbf142a0 Exception <a 'java/lang/NoSuchMethodError'{0x000000071041f7e0}: 'int java.lang.invoke.DirectMethodHandle$Holder.invokeStaticInit(java.lang.Object, java.lang.Object, java.lang.Object, long)'> (0x000000071041f7e0) 
thrown [s\open\src\hotspot\share\interpreter\linkResolver.cpp, line 804]
Event: 0.145 Thread 0x00000220cbf142a0 Exception <a 'sun/nio/fs/WindowsException'{0x00000007104be280}> (0x00000007104be280) 
thrown [s\open\src\hotspot\share\prims\jni.cpp, line 516]
Event: 0.145 Thread 0x00000220cbf142a0 Exception <a 'sun/nio/fs/WindowsException'{0x00000007104be5e0}> (0x00000007104be5e0) 
thrown [s\open\src\hotspot\share\prims\jni.cpp, line 516]
Event: 0.150 Thread 0x00000220cbf142a0 Exception <a 'java/lang/NoSuchMethodError'{0x00000007104cf9c0}: 'int java.lang.invoke.Invokers$Holder.invokeExact_MT(java.lang.Object, java.lang.Object)'> (0x00000007104cf9c0) 
thrown [s\open\src\hotspot\share\interpreter\linkResolver.cpp, line 804]
Event: 0.331 Thread 0x00000220cbf142a0 Exception <a 'java/lang/NoSuchMethodError'{0x0000000710525f98}: 'void java.lang.invoke.DirectMethodHandle$Holder.invokeStaticInit(java.lang.Object, long, double, double)'> (0x0000000710525f98) 
thrown [s\open\src\hotspot\share\interpreter\linkResolver.cpp, line 804]
Event: 0.332 Thread 0x00000220cbf142a0 Exception <a 'java/lang/NoSuchMethodError'{0x0000000710541bb0}: 'void java.lang.invoke.DirectMethodHandle$Holder.invokeStaticInit(java.lang.Object, long, int, int, int)'> (0x0000000710541bb0) 
thrown [s\open\src\hotspot\share\interpreter\linkResolver.cpp, line 804]
Event: 0.335 Thread 0x00000220cbf142a0 Exception <a 'java/lang/NoSuchMethodError'{0x000000071056a2e8}: 'void java.lang.invoke.DirectMethodHandle$Holder.invokeStaticInit(java.lang.Object, long, int, int, int, int)'> (0x000000071056a2e8) 
thrown [s\open\src\hotspot\share\interpreter\linkResolver.cpp, line 804]
Event: 0.349 Thread 0x00000220cbf142a0 Exception <a 'java/lang/NoSuchMethodError'{0x0000000710590f98}: 'void java.lang.System.load(java.lang.String, java.lang.Class)'> (0x0000000710590f98) 
thrown [s\open\src\hotspot\share\interpreter\linkResolver.cpp, line 804]
Event: 0.350 Thread 0x00000220cbf142a0 Exception <a 'java/lang/NoSuchMethodError'{0x0000000710598d78}: 'void java.lang.System.loadLibrary(java.lang.String, java.lang.Class)'> (0x0000000710598d78) 
thrown [s\open\src\hotspot\share\interpreter\linkResolver.cpp, line 804]
Event: 0.354 Thread 0x00000220cbf142a0 Exception <a 'sun/nio/fs/WindowsException'{0x00000007105ac9d8}> (0x00000007105ac9d8) 
thrown [s\open\src\hotspot\share\prims\jni.cpp, line 516]
Event: 0.354 Thread 0x00000220cbf142a0 Exception <a 'sun/nio/fs/WindowsException'{0x00000007105acd78}> (0x00000007105acd78) 
thrown [s\open\src\hotspot\share\prims\jni.cpp, line 516]
Event: 0.358 Thread 0x00000220cbf142a0 Exception <a 'sun/nio/fs/WindowsException'{0x00000007105b5ef8}> (0x00000007105b5ef8) 
thrown [s\open\src\hotspot\share\prims\jni.cpp, line 516]
Event: 0.358 Thread 0x00000220cbf142a0 Exception <a 'sun/nio/fs/WindowsException'{0x00000007105b61c8}> (0x00000007105b61c8) 
thrown [s\open\src\hotspot\share\prims\jni.cpp, line 516]

VM Operations (6 events):
Event: 0.049 Executing non-safepoint VM operation: HandshakeAllThreads (Deoptimize)
Event: 0.049 Executing non-safepoint VM operation: HandshakeAllThreads (Deoptimize) done
Event: 0.092 Executing non-safepoint VM operation: HandshakeAllThreads (Deoptimize)
Event: 0.092 Executing non-safepoint VM operation: HandshakeAllThreads (Deoptimize) done
Event: 0.416 Executing non-safepoint VM operation: HandshakeAllThreads (Deoptimize)
Event: 0.416 Executing non-safepoint VM operation: HandshakeAllThreads (Deoptimize) done

Memory protections (0 events):
No events

Nmethod flushes (0 events):
No events

Events (11 events):
Event: 0.014 Thread 0x00000220cbf142a0 Thread added: 0x00000220cbf142a0
Event: 0.020 Thread 0x00000220cbf142a0 Thread added: 0x00000220edc344a0
Event: 0.020 Thread 0x00000220cbf142a0 Thread added: 0x00000220edc34db0
Event: 0.020 Thread 0x00000220cbf142a0 Thread added: 0x00000220edc37c20
Event: 0.020 Thread 0x00000220cbf142a0 Thread added: 0x00000220edc39f40
Event: 0.020 Thread 0x00000220cbf142a0 Thread added: 0x00000220edc3eb10
Event: 0.020 Thread 0x00000220cbf142a0 Thread added: 0x00000220edc3fef0
Event: 0.020 Thread 0x00000220cbf142a0 Thread added: 0x00000220edc4b210
Event: 0.020 Thread 0x00000220cbf142a0 Thread added: 0x00000220edc55310
Event: 0.040 Thread 0x00000220cbf142a0 Thread added: 0x00000220f20e0550
Event: 0.042 Thread 0x00000220cbf142a0 Thread added: 0x00000220f20e2a20


Dynamic libraries:
0x00007ff72efc0000 - 0x00007ff72efd0000 	C:\Program Files\Java\jdk-25\bin\java.exe
0x00007ffbcf9d0000 - 0x00007ffbcfbc8000 	C:\WINDOWS\SYSTEM32\ntdll.dll
0x00007ffbce780000 - 0x00007ffbce842000 	C:\WINDOWS\System32\KERNEL32.DLL
0x00007ffbcd1f0000 - 0x00007ffbcd4e6000 	C:\WINDOWS\System32\KERNELBASE.dll
0x00007ffbcd860000 - 0x00007ffbcd960000 	C:\WINDOWS\System32\ucrtbase.dll
0x00007ffba95d0000 - 0x00007ffba95e7000 	C:\Program Files\Java\jdk-25\bin\jli.dll
0x00007ffba8850000 - 0x00007ffba886e000 	C:\Program Files\Java\jdk-25\bin\VCRUNTIME140.dll
0x00007ffbce140000 - 0x00007ffbce2e1000 	C:\WINDOWS\System32\USER32.dll
0x00007ffbcd060000 - 0x00007ffbcd082000 	C:\WINDOWS\System32\win32u.dll
0x00007ffbb3e10000 - 0x00007ffbb40ab000 	C:\WINDOWS\WinSxS\amd64_microsoft.windows.common-controls_6595b64144ccf1df_6.0.19041.6456_none_60b8a6cb71f64256\COMCTL32.dll
0x00007ffbcd9f0000 - 0x00007ffbcda1b000 	C:\WINDOWS\System32\GDI32.dll
0x00007ffbce4b0000 - 0x00007ffbce54e000 	C:\WINDOWS\System32\msvcrt.dll
0x00007ffbcd4f0000 - 0x00007ffbcd609000 	C:\WINDOWS\System32\gdi32full.dll
0x00007ffbcd660000 - 0x00007ffbcd6fd000 	C:\WINDOWS\System32\msvcp_win.dll
0x00007ffbcf040000 - 0x00007ffbcf06f000 	C:\WINDOWS\System32\IMM32.DLL
0x00007ffbb32b0000 - 0x00007ffbb32bc000 	C:\Program Files\Java\jdk-25\bin\vcruntime140_1.dll
0x00007ffb83a80000 - 0x00007ffb83b0d000 	C:\Program Files\Java\jdk-25\bin\msvcp140.dll
0x00007ffb02d10000 - 0x00007ffb03b6f000 	C:\Program Files\Java\jdk-25\bin\server\jvm.dll
0x00007ffbceea0000 - 0x00007ffbcef51000 	C:\WINDOWS\System32\ADVAPI32.dll
0x00007ffbce3a0000 - 0x00007ffbce43f000 	C:\WINDOWS\System32\sechost.dll
0x00007ffbcdb40000 - 0x00007ffbcdc60000 	C:\WINDOWS\System32\RPCRT4.dll
0x00007ffbcd780000 - 0x00007ffbcd7a7000 	C:\WINDOWS\System32\bcrypt.dll
0x00007ffbce440000 - 0x00007ffbce4ab000 	C:\WINDOWS\System32\WS2_32.dll
0x00007ffbcc5f0000 - 0x00007ffbcc63b000 	C:\WINDOWS\SYSTEM32\POWRPROF.dll
0x00007ffbc4620000 - 0x00007ffbc4647000 	C:\WINDOWS\SYSTEM32\WINMM.dll
0x00007ffbc6f50000 - 0x00007ffbc6f5a000 	C:\WINDOWS\SYSTEM32\VERSION.dll
0x00007ffbcc460000 - 0x00007ffbcc472000 	C:\WINDOWS\SYSTEM32\UMPDC.dll
0x00007ffbcaef0000 - 0x00007ffbcaf02000 	C:\WINDOWS\SYSTEM32\kernel.appcore.dll
0x00007ffbaf2d0000 - 0x00007ffbaf2da000 	C:\Program Files\Java\jdk-25\bin\jimage.dll
0x00007ffbc31b0000 - 0x00007ffbc33b1000 	C:\WINDOWS\SYSTEM32\DBGHELP.DLL
0x00007ffbaf210000 - 0x00007ffbaf244000 	C:\WINDOWS\SYSTEM32\dbgcore.DLL
0x00007ffbcd960000 - 0x00007ffbcd9e2000 	C:\WINDOWS\System32\bcryptPrimitives.dll
0x00007ffba6a10000 - 0x00007ffba6a2f000 	C:\Program Files\Java\jdk-25\bin\java.dll
0x00007ffbce5f0000 - 0x00007ffbce71b000 	C:\WINDOWS\System32\ole32.dll
0x00007ffbce850000 - 0x00007ffbceba4000 	C:\WINDOWS\System32\combase.dll
0x00007ffbcf070000 - 0x00007ffbcf7e0000 	C:\WINDOWS\System32\SHELL32.dll
0x00007ffbcb0f0000 - 0x00007ffbcb895000 	C:\WINDOWS\SYSTEM32\windows.storage.dll
0x00007ffbcca90000 - 0x00007ffbccabb000 	C:\WINDOWS\SYSTEM32\Wldp.dll
0x00007ffbcebb0000 - 0x00007ffbcec7d000 	C:\WINDOWS\System32\OLEAUT32.dll
0x00007ffbcec80000 - 0x00007ffbced2d000 	C:\WINDOWS\System32\SHCORE.dll
0x00007ffbcefe0000 - 0x00007ffbcf03b000 	C:\WINDOWS\System32\shlwapi.dll
0x00007ffbccf90000 - 0x00007ffbccfb4000 	C:\WINDOWS\SYSTEM32\profapi.dll
0x00007ffba6690000 - 0x00007ffba66a2000 	C:\Program Files\Java\jdk-25\bin\net.dll
0x00007ffbcc7f0000 - 0x00007ffbcc85a000 	C:\WINDOWS\system32\mswsock.dll
0x00007ffba6670000 - 0x00007ffba6686000 	C:\Program Files\Java\jdk-25\bin\nio.dll
0x00007ffba65f0000 - 0x00007ffba6607000 	C:\Program Files\Java\jdk-25\bin\zip.dll
0x00007ffb83a00000 - 0x00007ffb83a7e000 	C:\Users\ciara\AppData\Local\Temp\lwjgl_ciara\3.3.6+1\x64\lwjgl.dll
0x00007ffb7f730000 - 0x00007ffb7f7b9000 	C:\Users\ciara\AppData\Local\Temp\lwjgl_ciara\3.3.6+1\x64\glfw.dll
0x00007ffb96350000 - 0x00007ffb96395000 	C:\WINDOWS\SYSTEM32\dinput8.dll
0x00007ffb5e690000 - 0x00007ffb5e6a1000 	C:\WINDOWS\SYSTEM32\xinput1_4.dll
0x00007ffbcd610000 - 0x00007ffbcd65e000 	C:\WINDOWS\System32\cfgmgr32.dll
0x00007ffbccdf0000 - 0x00007ffbcce23000 	C:\WINDOWS\SYSTEM32\DEVOBJ.dll
0x00007ffbcad10000 - 0x00007ffbcad3e000 	C:\WINDOWS\SYSTEM32\dwmapi.dll
0x00007ffbc52e0000 - 0x00007ffbc5432000 	C:\WINDOWS\SYSTEM32\inputhost.dll
0x00007ffbc9bc0000 - 0x00007ffbc9d17000 	C:\WINDOWS\SYSTEM32\wintypes.dll
0x00007ffbc8a60000 - 0x00007ffbc8b52000 	C:\WINDOWS\SYSTEM32\CoreMessaging.dll
0x00007ffbca420000 - 0x00007ffbca514000 	C:\WINDOWS\SYSTEM32\PROPSYS.dll
0x00007ffbc85c0000 - 0x00007ffbc891b000 	C:\WINDOWS\SYSTEM32\CoreUIComponents.dll
0x00007ffbcc2f0000 - 0x00007ffbcc323000 	C:\WINDOWS\SYSTEM32\ntmarta.dll
0x00007ffbca960000 - 0x00007ffbca9fe000 	C:\WINDOWS\system32\uxtheme.dll
0x00007ffbcda20000 - 0x00007ffbcdb35000 	C:\WINDOWS\System32\MSCTF.dll
0x00007ffb5e380000 - 0x00007ffb5e4a8000 	C:\WINDOWS\SYSTEM32\opengl32.dll
0x00007ffb5e610000 - 0x00007ffb5e63c000 	C:\WINDOWS\SYSTEM32\GLU32.dll
0x00007ffbce2f0000 - 0x00007ffbce399000 	C:\WINDOWS\System32\clbcatq.dll
0x00007ffb5b910000 - 0x00007ffb5e263000 	C:\WINDOWS\System32\DriverStore\FileRepository\nv_dispi.inf_amd64_d471cab2f241c3c2\nvoglv64.dll
0x00007ffbcdcc0000 - 0x00007ffbce130000 	C:\WINDOWS\System32\SETUPAPI.dll
0x00007ffbc9440000 - 0x00007ffbc9454000 	C:\WINDOWS\SYSTEM32\WTSAPI32.dll
0x00007ffbccc20000 - 0x00007ffbccc32000 	C:\WINDOWS\SYSTEM32\msasn1.dll
0x00007ffbc6f10000 - 0x00007ffbc6f41000 	C:\WINDOWS\SYSTEM32\cryptnet.dll
0x00007ffbcd090000 - 0x00007ffbcd1ed000 	C:\WINDOWS\System32\CRYPT32.dll
0x00007ffbcca00000 - 0x00007ffbcca0c000 	C:\WINDOWS\SYSTEM32\cryptbase.dll
0x00007ffbc6ca0000 - 0x00007ffbc6de7000 	C:\WINDOWS\SYSTEM32\drvstore.dll
0x00007ffbcd700000 - 0x00007ffbcd773000 	C:\WINDOWS\System32\WINTRUST.dll
0x00007ffbce5c0000 - 0x00007ffbce5dd000 	C:\WINDOWS\System32\imagehlp.dll
0x00007ffbcc9e0000 - 0x00007ffbcc9f8000 	C:\WINDOWS\SYSTEM32\CRYPTSP.dll
0x00007ffbcc0a0000 - 0x00007ffbcc0d8000 	C:\WINDOWS\system32\rsaenh.dll
0x00007ffbbbb40000 - 0x00007ffbbf8d4000 	C:\WINDOWS\System32\DriverStore\FileRepository\nv_dispi.inf_amd64_d471cab2f241c3c2\nvgpucomp64.dll
0x00007ffbc0170000 - 0x00007ffbc01ab000 	C:\WINDOWS\SYSTEM32\dxcore.dll
0x00007ffb402f0000 - 0x00007ffb40437000 	C:\WINDOWS\system32\nvspcap64.dll
0x00007ffbcbd10000 - 0x00007ffbcbd73000 	C:\WINDOWS\SYSTEM32\WINSTA.dll
0x00007ffbc5560000 - 0x00007ffbc5659000 	C:\WINDOWS\SYSTEM32\textinputframework.dll
0x00007ffba55b0000 - 0x00007ffba560d000 	C:\Users\ciara\AppData\Local\Temp\lwjgl_ciara\3.3.6+1\x64\lwjgl_opengl.dll
0x00007ffbab100000 - 0x00007ffbab110000 	C:\Program Files\Java\jdk-25\bin\verify.dll

JVMTI agents: none

dbghelp: loaded successfully - version: 4.0.5 - missing functions: none
symbol engine: initialized successfully - sym options: 0x614 - pdb path: .;C:\Program Files\Java\jdk-25\bin;C:\WINDOWS\SYSTEM32;C:\WINDOWS\WinSxS\amd64_microsoft.windows.common-controls_6595b64144ccf1df_6.0.19041.6456_none_60b8a6cb71f64256;C:\Program Files\Java\jdk-25\bin\server;C:\Users\ciara\AppData\Local\Temp\lwjgl_ciara\3.3.6+1\x64;C:\WINDOWS\System32\DriverStore\FileRepository\nv_dispi.inf_amd64_d471cab2f241c3c2

VM Arguments:
jvm_args: --enable-native-access=ALL-UNNAMED --add-opens=java.base/sun.misc=ALL-UNNAMED --add-opens=java.base/java.nio=ALL-UNNAMED --enable-preview --enable-preview -Dfile.encoding=UTF-8 -Duser.country=IE -Duser.language=en -Duser.variant -ea 
java_command: Main
java_class_path (initial): C:\Users\ciara\Desktop\Code\College Work\Year 4\FYP\PrototypeEngine\build\classes\java\main;C:\Users\ciara\Desktop\Code\College Work\Year 4\FYP\PrototypeEngine\build\resources\main;C:\Users\ciara\.gradle\caches\modules-2\files-2.1\org.lwjgl\lwjgl-assimp\3.3.6\931a8de55dd5ee546689119c85ed4d4af7fa68f2\lwjgl-assimp-3.3.6.jar;C:\Users\ciara\.gradle\caches\modules-2\files-2.1\org.lwjgl\lwjgl-assimp\3.3.6\486fa1e2db9fc903a0cab984604cef1a895b0e28\lwjgl-assimp-3.3.6-natives-windows.jar;C:\Users\ciara\.gradle\caches\modules-2\files-2.1\org.lwjgl\lwjgl-glfw\3.3.6\7119f7d0eeb1e5502ff0ca71d2b4d47317da015\lwjgl-glfw-3.3.6.jar;C:\Users\ciara\.gradle\caches\modules-2\files-2.1\org.lwjgl\lwjgl-glfw\3.3.6\99ef08056feb9627f90425a4d2a22cd9fae8e39b\lwjgl-glfw-3.3.6-natives-windows.jar;C:\Users\ciara\.gradle\caches\modules-2\files-2.1\org.lwjgl\lwjgl-openal\3.3.6\ad313317ff399fd2a7f4dd74716a68cf3976c6ad\lwjgl-openal-3.3.6.jar;C:\Users\ciara\.gradle\caches\modules-2\files-2.1\org.lwjgl\lwjgl-openal\3.3.6\9c2b9b660e085bb0b47a4453dc0e26f24a5475e4\lwjgl-openal-3.3.6-natives-windows.jar;C:\Users\ciara\.gradle\caches\modules-2\files-2.1\org.lwjgl\lwjgl-opengl\3.3.6\ac2532612a4df374e9a9282bcf8ce2573018ebbb\lwjgl-opengl-3.3.6.jar;C:\Users\ciara\.gradle\caches\modules-2\files-2.1\org.lwjgl\lwjgl-opengl\3.3.6\18dc639ebc94aa5202c2157f7490d28997b697c5\lwjgl-opengl-3.3.6-natives-windows.jar;C:\Users\ciara\.gradle\caches\modules-2\files-2.1\org.lwjgl\lwjgl-stb\3.3.6\e2d3739dcfe7b672b626ded66d94f6587083306e\lwjgl-stb-3.3.6.jar;C:\Users\ciara\.gradle\caches\modules-2\files-2.1\org.lwjgl\lwjgl-stb\3.3.6\334cf885b39e2db9070c39e70e65efb136435f10\lwjgl-stb-3.3.6-natives-windows.jar;C:\Users\ciara\.gradle\caches\modules-2\files-2.1\org.lwjgl\lwjgl\3.3.6\ce7721d30cfaf47feaed10213e0c43eb55c49d68\lwjgl-3.3.6.jar;C:\Users\ciara\.gradle\caches\modules-2\files-2.1\org.lwjgl\lwjgl\3.3.6\9a29b6a22fc5184604b8cb434ee5d5ecc4bfcbee\lwjgl-3.3.6-natives-windows.jar;C:\Users\ciara\.gradle\caches\modules-2\files-2.1\org.joml\joml\1.10.8\fc0a71dad90a2cf41d82a76156a0e700af8e4f8d\joml-1.10.8.jar;C:\Users\ciara\.gradle\caches\modules-2\files-2.1\com.code-disaster.steamworks4j\steamworks4j\1.9.0\d69b7f7540745a8d569a5400554e34d42e035da8\steamworks4j-1.9.0.jar;C:\Users\ciara\.gradle\caches\modules-2\files-2.1\org.jetbrains.kotlin\kotlin-stdlib-jdk8\1.8.20\73576ddf378c5b4f1f6b449fe6b119b8183fc078\kotlin-stdlib-jdk8-1.8.20.jar;C:\Users\ciara\.gradle\caches\modules-2\files-2.1\org.jetbrains.kotlin\kotlin-stdlib-jdk7\1.8.20\3aa51faf20aae8b31e1a4bc54f8370673d7b7df4\kotlin-stdlib-jdk7-1.8.20.jar;C:\Users\ciara\.gradle\caches\modules-2\files-2.1\org.jetbrains.kotlin\kotlin-stdlib\1.8.20\e72fc5e03ec6c064c678a6bd0d955c88d55b0c4a\kotlin-stdlib-1.8.20.jar;C:\Users\ciara\.gradle\caches\modules-2\files-2.1\org.jetbrains.kotlin\kotlin-stdlib-common\1.8.20\5eddaaf234c8c49d03eebeb6a14feb7f90faca71\kotlin-stdlib-common-1.8.20.jar;C:\Users\ciara\.gradle\caches\modules-2\files-2.1\org.jetbrains\annotations\13.0\919f0dfe192fb4e063e7dacadee7f8bb9a2672a9\annotations-13.0.jar
Launcher Type: SUN_STANDARD

[Global flags]
     intx CICompilerCount                          = 4                                         {product} {ergonomic}
     uint ConcGCThreads                            = 3                                         {product} {ergonomic}
     uint G1ConcRefinementThreads                  = 10                                        {product} {ergonomic}
   size_t G1HeapRegionSize                         = 2097152                                   {product} {ergonomic}
   size_t InitialHeapSize                          = 268435456                                 {product} {ergonomic}
   size_t MarkStackSize                            = 4194304                                   {product} {ergonomic}
   size_t MarkStackSizeMax                         = 536870912                                 {product} {ergonomic}
   size_t MaxHeapSize                              = 4282384384                                {product} {ergonomic}
   size_t MaxNewSize                               = 2569011200                                {product} {ergonomic}
   size_t MinHeapDeltaBytes                        = 2097152                                   {product} {ergonomic}
   size_t MinHeapSize                              = 8388608                                   {product} {ergonomic}
    uintx NonNMethodCodeHeapSize                   = 5832704                                {pd product} {ergonomic}
    uintx NonProfiledCodeHeapSize                  = 122945536                              {pd product} {ergonomic}
    uintx ProfiledCodeHeapSize                     = 122880000                              {pd product} {ergonomic}
    uintx ReservedCodeCacheSize                    = 251658240                              {pd product} {ergonomic}
     bool SegmentedCodeCache                       = true                                      {product} {ergonomic}
   size_t SoftMaxHeapSize                          = 4282384384                             {manageable} {ergonomic}
     bool UseCompressedOops                        = true                           {product lp64_product} {ergonomic}
     bool UseG1GC                                  = true                                      {product} {ergonomic}
     bool UseLargePagesIndividualAllocation        = false                                  {pd product} {ergonomic}

Logging:
Log output configuration:
 #0: stdout all=warning uptime,level,tags foldmultilines=false
 #1: stderr all=off uptime,level,tags foldmultilines=false

Release file:
IMPLEMENTOR="Oracle Corporation" 
JAVA_RUNTIME_VERSION="25.0.1+8-LTS-27" 
JAVA_VERSION="25.0.1" 
JAVA_VERSION_DATE="2025-10-21" 
LIBC="default" 
MODULES="java.base java.compiler java.datatransfer java.xml java.prefs java.desktop java.instrument java.logging java.management java.security.sasl java.naming java.rmi java.management.rmi java.net.http java.scripting java.security.jgss java.transaction.xa java.sql java.sql.rowset java.xml.crypto java.se java.smartcardio jdk.accessibility jdk.internal.jvmstat jdk.attach jdk.charsets jdk.internal.opt jdk.zipfs jdk.compiler jdk.crypto.cryptoki jdk.crypto.ec jdk.crypto.mscapi jdk.dynalink jdk.internal.ed jdk.editpad jdk.internal.vm.ci jdk.graal.compiler jdk.graal.compiler.management jdk.hotspot.agent jdk.httpserver jdk.incubator.vector jdk.internal.le jdk.internal.md jdk.jartool jdk.javadoc jdk.jcmd jdk.management jdk.management.agent jdk.jconsole jdk.jdeps jdk.jdwp.agent jdk.jdi jdk.jfr jdk.jlink jdk.jpackage jdk.jshell jdk.jsobject jdk.jstatd jdk.localedata jdk.management.jfr jdk.naming.dns jdk.naming.rmi jdk.net jdk.nio.mapmode jdk.sctp jdk.security.auth jdk.security.jgss jdk.unsupported jdk.unsupported.desktop jdk.xml.dom" 
OS_ARCH="x86_64" 
OS_NAME="Windows" 
SOURCE=".:git:862c85bc42b7 open:git:78770bfaefd2" 

Environment Variables:
PATH=C:\Program Files\Common Files\Oracle\Java\javapath;C:\WINDOWS\system32;C:\WINDOWS;C:\WINDOWS\System32\Wbem;C:\WINDOWS\System32\WindowsPowerShell\v1.0\;C:\WINDOWS\System32\OpenSSH\;C:\Program Files\NVIDIA Corporation\NVIDIA App\NvDLISR;C:\Program Files (x86)\NVIDIA Corporation\PhysX\Common;C:\Program Files\Git\cmd;C:\Users\ciara\AppData\Local\Android\Sdk\platform-tools;C:\Program Files\ytDLP;C:\Users\ciara\AppData\Local\Muse Hub\lib;C:\Users\ciara\AppData\Local\Microsoft\WindowsApps;C:\Users\ciara\AppData\Local\Programs\Microsoft VS Code\bin;C:\Users\ciara\AppData\Local\Python\bin
USERNAME=ciara
OS=Windows_NT
PROCESSOR_IDENTIFIER=AMD64 Family 25 Model 33 Stepping 0, AuthenticAMD
TMP=C:\Users\ciara\AppData\Local\Temp
TEMP=C:\Users\ciara\AppData\Local\Temp




Compilation memory statistics disabled.

Periodic native trim disabled

---------------  S Y S T E M  ---------------

OS:
 Windows 10 , 64 bit Build 19041 (10.0.19041.5915)
OS uptime: 0 days 3:47 hours

CPU: total 12 (initial active 12) (12 cores per cpu, 2 threads per core) family 25 model 33 stepping 0 microcode 0x0, cx8, cmov, fxsr, ht, mmx, 3dnowpref, sse, sse2, sse3, ssse3, sse4a, sse4.1, sse4.2, popcnt, lzcnt, tsc, tscinvbit, avx, avx2, aes, erms, clmul, bmi1, bmi2, adx, sha, fma, vzeroupper, clflush, clflushopt, clwb, rdtscp, rdpid, fsrm, f16c, pku, cet_ss
Processor Information for the first 12 processors :
  Max Mhz: 3701, Current Mhz: 3701, Mhz Limit: 3701

Memory: 4k page, system-wide physical 16330M (4793M free)
TotalPageFile size 23498M (AvailPageFile size 6921M)
current process WorkingSet (physical memory assigned to process): 121M, peak: 121M
current process commit charge ("private bytes"): 484M, peak: 485M

vm_info: Java HotSpot(TM) 64-Bit Server VM (25.0.1+8-LTS-27) for windows-amd64 JRE (25.0.1+8-LTS-27), built on 2025-09-25T16:41:16Z with unknown MS VC++:1943

END.
