#
# A fatal error has been detected by the Java Runtime Environment:
#
#  EXCEPTION_ACCESS_VIOLATION (0xc0000005) at pc=0x00007ffa4a38bc29, pid=12304, tid=10272
#
# JRE version: Java(TM) SE Runtime Environment (25.0.1+8) (build 25.0.1+8-LTS-27)
# Java VM: Java HotSpot(TM) 64-Bit Server VM (25.0.1+8-LTS-27, mixed mode, sharing, tiered, compressed oops, compressed class ptrs, g1 gc, windows-amd64)
# Problematic frame:
# C  [nvoglv64.dll+0x91bc29]
#
# No core dump will be written. Minidumps are not enabled by default on client versions of Windows
#
# If you would like to submit a bug report, please visit:
#   https://bugreport.java.com/bugreport/crash.jsp
# The crash happened outside the Java Virtual Machine in native code.
# See problematic frame for where to report the bug.
#

---------------  S U M M A R Y ------------

Command Line: -Ddebugger.agent.enable.coroutines=true -Dkotlinx.coroutines.debug.enable.creation.stack.trace=false -Dkotlinx.coroutines.debug.enable.flows.stack.trace=true -Dkotlinx.coroutines.debug.enable.mutable.state.flows.stack.trace=true --enable-native-access=ALL-UNNAMED --add-opens=java.base/sun.misc=ALL-UNNAMED --add-opens=java.base/java.nio=ALL-UNNAMED --enable-preview --enable-preview -agentlib:jdwp=transport=dt_socket,server=n,suspend=y,address=127.0.0.1:60078 -javaagent:C:\Users\ciara\AppData\Local\JetBrains\IntelliJIdea2025.2\captureAgent\debugger-agent.jar=file:///C:/Users/ciara/AppData/Local/Temp/capture12777109813002656682.props -Dfile.encoding=UTF-8 -Duser.country=IE -Duser.language=en -Duser.variant -ea Main java.library.path=libs

Host: AMD Ryzen 5 5600X 6-Core Processor             , 12 cores, 15G,  Windows 10 , 64 bit Build 19041 (10.0.19041.5915)
Time: Fri Feb 13 21:34:06 2026 GMT Standard Time elapsed time: 28.703627 seconds (0d 0h 0m 28s)

---------------  T H R E A D  ---------------

Current thread (0x000002bc0fe20580):  JavaThread "main"             [_thread_in_native, id=10272, stack(0x000000ea01600000,0x000000ea01700000) (1024K)]

Stack: [0x000000ea01600000,0x000000ea01700000],  sp=0x000000ea016ff250,  free space=1020k
Native frames: (J=compiled Java code, j=interpreted, Vv=VM code, C=native code)
C  [nvoglv64.dll+0x91bc29]  (no source info available)
C  [nvoglv64.dll+0x5768b0]  (no source info available)
C  0x000002bc1fbe0abe  (no source info available)

The last pc belongs to native method entry point (kind = native) (printed below).
Java frames: (J=compiled Java code, j=interpreted, Vv=VM code)
j  org.lwjgl.opengl.GL32C.nglDrawElementsBaseVertex(IIIJI)V+0
j  org.lwjgl.opengl.GL32C.glDrawElementsBaseVertex(IIIJI)V+6
j  org.lwjgl.opengl.GL32.glDrawElementsBaseVertex(IIIJI)V+6
j  imgui.gl3.ImGuiImplGl3.renderDrawData(Limgui/ImDrawData;)V+691
j  Rendering.ImGui.ImGuiWindow.render()V+27
j  Jade.Window.loop()V+71
j  Jade.Window.run()V+16
j  Main.main([Ljava/lang/String;)V+5
v  ~StubRoutines::call_stub 0x000002bc1fbd12ed

siginfo: EXCEPTION_ACCESS_VIOLATION (0xc0000005), reading address 0x0000000000000000


Registers:
RAX=0x000000115458eebb, RBX=0x0000000000000001, RCX=0x000043b17b648cd0, RDX=0x000000115458eebb
RSP=0x000000ea016ff250, RBP=0x000002bc369d3080, RSI=0x0000000000000075, RDI=0x000002bc369d3080
R8 =0x000000000000017c, R9 =0x0000000000000000, R10=0x00000000546c6148, R11=0x0000007424901c2c
R12=0x0000000000001403, R13=0x0000000000001403, R14=0x0000000000000000, R15=0x0000000000000004
RIP=0x00007ffa4a38bc29, EFLAGS=0x0000000000010246

XMM[0]=0x0000000000000000 0x000000004aedfe94
XMM[1]=0x0000000000000000 0x0000000000000000
XMM[2]=0x0000000000000000 0x000002bc1fbd8408
XMM[3]=0x000002bc1fbed567 0x000000ea016feb18
XMM[4]=0x0000000000000000 0x0000000000000000
XMM[5]=0x468b413024448948 0xe0468b4928244489
XMM[6]=0x0000000000000000 0x7dd7bc017dd7bc01
XMM[7]=0x0000000000000000 0x14e8c84188303fdf
XMM[8]=0x0000000000000000 0x4a319941fc018edf
XMM[9]=0x0000000000000000 0x59db6a41e191dddf
XMM[10]=0x0000000000000000 0x34e63b4167e12cdf
XMM[11]=0x0000000000000000 0x351b734cc561b6d9
XMM[12]=0x0000000000000000 0x459176a550a84614
XMM[13]=0x0000000000000000 0x0000000000000000
XMM[14]=0x0000000000000000 0x0000000000000000
XMM[15]=0x0000000000000000 0x0000000000000000
  MXCSR=0x00001fa2


Register to memory mapping:

RAX=0x000000115458eebb is an unknown value
RBX=0x0000000000000001 is an unknown value
RCX=0x000043b17b648cd0 is an unknown value
RDX=0x000000115458eebb is an unknown value
RSP=0x000000ea016ff250 is pointing into the stack for thread: 0x000002bc0fe20580
RBP=0x000002bc369d3080 points into unknown readable memory: 0x0000000000000000 | 00 00 00 00 00 00 00 00
RSI=0x0000000000000075 is an unknown value
RDI=0x000002bc369d3080 points into unknown readable memory: 0x0000000000000000 | 00 00 00 00 00 00 00 00
R8 =0x000000000000017c is an unknown value
R9 =0x0 is null
R10=0x00000000546c6148 is an unknown value
R11=0x0000007424901c2c is an unknown value
R12=0x0000000000001403 is an unknown value
R13=0x0000000000001403 is an unknown value
R14=0x0 is null
R15=0x0000000000000004 is an unknown value

Top of Stack: (sp=0x000000ea016ff250)
0x000000ea016ff250:   0000000000000001 0000000000000000   ................
0x000000ea016ff260:   0000000000000000 0000000000000000   ................
0x000000ea016ff270:   0000000000000000 000000080daeac00   ................
0x000000ea016ff280:   00007ffa44144ca8 000002bc341edd28   .L.D....(..4....
0x000000ea016ff290:   000002bc0daf7b0e 000000000157555d   .{......]UW.....
0x000000ea016ff2a0:   000002bc30c13870 000002bc0fe20580   p8.0............
0x000000ea016ff2b0:   0000000200000006 0000000000001403   ................
0x000000ea016ff2c0:   000002bc369d3080 000002bc30c13870   .0.6....p8.0....
0x000000ea016ff2d0:   0000000000000000 000000ea016ff460   ........`.o.....
0x000000ea016ff2e0:   0000000000000004 0000000000000075   ........u.......
0x000000ea016ff2f0:   000000ea016ff418 00007ffa49fe68b0   ..o......h.I....
0x000000ea016ff300:   000002bc369dac88 00007ffa00000004   ...6............
0x000000ea016ff310:   000000ea00000000 000002bc00000000   ................
0x000000ea016ff320:   0000000000000075 000002bc000000ea   u...............
0x000000ea016ff330:   0000000000000000 000002bc00000000   ................
0x000000ea016ff340:   000002bc1fbd9400 000002bc1fbe07b3   ................
0x000000ea016ff350:   000002bc0fe20580 000002bc30c13870   ........p8.0....
0x000000ea016ff360:   0000000000000000 000002bc1fbd946c   ........l.......
0x000000ea016ff370:   0000000000000000 000002bc1fbe0abe   ................
0x000000ea016ff380:   000000ea016ff3d0 00007ffa43ac4702   ..o......G.C....
0x000000ea016ff390:   000002bc1fbd946c 000002bc1fbe0630   l.......0.......
0x000000ea016ff3a0:   000000ea00000000 0000000000000000   ................
0x000000ea016ff3b0:   0000000000000000 000002bc1fbdf0a1   ................
0x000000ea016ff3c0:   000002bc1fbd8408 000002bc1fbe05f0   ................
0x000000ea016ff3d0:   fffffffffffffff7 000002bc30c13870   ........p8.0....
0x000000ea016ff3e0:   0000000000000009 000002bc30c1c120   ........ ..0....
0x000000ea016ff3f0:   0000000000000000 000000070f2ff978   ........x./.....
0x000000ea016ff400:   000002bc30c13870 0000000000000000   p8.0............
0x000000ea016ff410:   000000ea016ff438 000000ea016ff4b0   8.o.......o.....
0x000000ea016ff420:   000002bc1fbd946c 000000070f2ff978   l.......x./.....
0x000000ea016ff430:   000002bc1fbdca57 0000000000000000   W...............
0x000000ea016ff440:   0000000000000000 0000000000000000   ................

Instructions: (pc=0x00007ffa4a38bc29)
  0x00007ffa4a38bb29:   23 d8 41 8b 82 08 06 00 00 41 8b cb 41 0b 8a 14
  0x00007ffa4a38bb39:   06 00 00 f7 d1 23 c8 c1 e8 14 a8 01 0f 85 0b 09
  0x00007ffa4a38bb49:   00 00 80 bd ac 0d 92 00 00 0f 85 fe 08 00 00 45
  0x00007ffa4a38bb59:   3b c8 0f 82 f5 08 00 00 85 f6 0f 8e ed 08 00 00
  0x00007ffa4a38bb69:   41 83 ff 0e 0f 87 e3 08 00 00 3b 95 28 10 92 00
  0x00007ffa4a38bb79:   0f 8f d7 08 00 00 41 83 ba 00 06 00 00 00 0f 85
  0x00007ffa4a38bb89:   c9 08 00 00 41 80 ba 29 06 00 00 00 0f 85 bb 08
  0x00007ffa4a38bb99:   00 00 41 80 ba 28 06 00 00 00 0f 85 ad 08 00 00
  0x00007ffa4a38bba9:   80 bd 35 e2 90 00 00 0f 85 a0 08 00 00 80 bd 3c
  0x00007ffa4a38bbb9:   e2 90 00 00 0f 85 93 08 00 00 f7 c1 00 00 03 00
  0x00007ffa4a38bbc9:   0f 85 87 08 00 00 44 0b d9 45 85 9a 48 08 00 00
  0x00007ffa4a38bbd9:   0f 85 77 08 00 00 48 89 5c 24 78 48 8d 8d 80 11
  0x00007ffa4a38bbe9:   92 00 bb 01 00 00 00 48 89 7c 24 70 8b d3 4c 89
  0x00007ffa4a38bbf9:   6c 24 68 e8 ef 93 e7 ff 41 81 fc 05 14 00 00 75
  0x00007ffa4a38bc09:   16 41 8b 16 41 8b 4c b6 fc 3b d1 8b f9 0f 47 fa
  0x00007ffa4a38bc19:   0f 42 ca 2b f9 eb 57 41 81 fc 03 14 00 00 75 20
=>0x00007ffa4a38bc29:   41 0f b7 16 41 0f b7 4c 76 fe 0f b7 c1 66 3b d1
  0x00007ffa4a38bc39:   66 0f 47 c2 66 0f 42 ca 0f b7 f8 0f b7 c1 eb 2c
  0x00007ffa4a38bc49:   41 81 fc 01 14 00 00 0f 85 bb 07 00 00 45 0f b6
  0x00007ffa4a38bc59:   06 42 0f b6 54 36 ff 44 3a c2 8b ca 41 0f 47 c8
  0x00007ffa4a38bc69:   0f b6 f9 8b ca 41 0f 42 c8 0f b6 c1 2b f8 48 8b
  0x00007ffa4a38bc79:   8c 24 b0 00 00 00 44 8d 6e ff e8 58 0c 00 00 48
  0x00007ffa4a38bc89:   8b 84 24 b0 00 00 00 44 8b 50 20 41 8b c2 0f af
  0x00007ffa4a38bc99:   c7 44 89 94 24 d0 00 00 00 3b 85 2c 10 92 00 0f
  0x00007ffa4a38bca9:   8f 63 07 00 00 0f 29 74 24 50 41 81 fc 05 14 00
  0x00007ffa4a38bcb9:   00 0f 85 04 01 00 00 45 8b 3e 41 8b ff 49 8d 56
  0x00007ffa4a38bcc9:   04 3b f3 0f 8e 7f 03 00 00 41 83 fd 08 0f 82 b3
  0x00007ffa4a38bcd9:   00 00 00 83 3d 4d 40 de 01 02 0f 8c a6 00 00 00
  0x00007ffa4a38bce9:   41 8b c5 25 07 00 00 80 7d 07 ff c8 83 c8 f8 ff
  0x00007ffa4a38bcf9:   c0 66 41 0f 6e cf 8b ce 66 0f 70 c9 00 2b c8 66
  0x00007ffa4a38bd09:   0f 6f d9 66 0f 6f e1 66 0f 6f d1 f3 0f 6f 02 83
  0x00007ffa4a38bd19:   c3 08 66 0f 38 3b c8 66 0f 38 3f d0 f3 0f 6f 42


Stack slot to memory mapping:

stack at sp + 0 slots: 0x0000000000000001 is an unknown value
stack at sp + 1 slots: 0x0 is null
stack at sp + 2 slots: 0x0 is null
stack at sp + 3 slots: 0x0 is null
stack at sp + 4 slots: 0x0 is null
stack at sp + 5 slots: 0x000000080daeac00 is an unknown value
stack at sp + 6 slots: 0x00007ffa44144ca8 jvm.dll
stack at sp + 7 slots: 0x000002bc341edd28 points into unknown readable memory: 0x492800087f9e0005 | 05 00 9e 7f 08 00 28 49

Lock stack of current Java thread (top to bottom):

native method entry point (kind = native)  [0x000002bc1fbe0360, 0x000002bc1fbe1570]  4624 bytes
[MachCode]
  0x000002bc1fbe0360: 488b 4b08 | 0fb7 492e | 584c 8d74 | ccf8 6800 | 0000 0068 | 0000 0000 | 5055 488b | ec41 5548 
  0x000002bc1fbe0380: 8b43 084c | 8d68 3848 | 8b40 0868 | 0000 0000 | 5348 8b50 | 1848 8b52 | 7048 8b12 | 5248 8b53 
  0x000002bc1fbe03a0: 1048 85d2 | 7407 4881 | c2d0 0000 | 0052 488b | 5010 5249 | 8bc6 482b | c548 c1e8 | 0350 6800 
  0x000002bc1fbe03c0: 0000 0068 | f7ff ffff | 41c6 87f1 | 0400 0001 | 488b 4310 | 4885 c074 | 208b 8890 | 0000 0083 
  0x000002bc1fbe03e0: c102 8988 | 9000 0000 | 2388 a400 | 0000 0f84 | 1110 0000 | e986 0100 | 0048 8b43 | 1848 85c0 
  0x000002bc1fbe0400: 0f85 6701 | 0000 e805 | 0000 00e9 | 5001 0000 | 488b d348 | 8d44 2408 | 4c89 6dc0 | 498b cfc5 
  0x000002bc1fbe0420: f877 4989 | af38 0400 | 0049 8987 | 2804 0000 | 4883 ec20 | 40f6 c40f | 0f84 1900 | 0000 4883 
  0x000002bc1fbe0440: ec08 48b8 | 401f ac43 | fa7f 0000 | ffd0 4883 | c408 e90c | 0000 0048 | b840 1fac | 43fa 7f00 
  0x000002bc1fbe0460: 00ff d048 | 83c4 2049 | c787 2804 | 0000 0000 | 0000 49c7 | 8738 0400 | 0000 0000 | 0049 c787 
  0x000002bc1fbe0480: 3004 0000 | 0000 0000 | c5f8 7741 | 8b8f b405 | 0000 f6c1 | 010f 8442 | 0000 00f6 | c102 0f85 
  0x000002bc1fbe04a0: 3900 0000 | 4883 ec20 | 40f6 c40f | 0f84 1900 | 0000 4883 | ec08 48b8 | d0f0 ab43 | fa7f 0000 
  0x000002bc1fbe04c0: ffd0 4883 | c408 e90c | 0000 0048 | b8d0 f0ab | 43fa 7f00 | 00ff d048 | 83c4 20ff | e049 8b8f 
  0x000002bc1fbe04e0: 7806 0000 | 4885 c90f | 8455 0000 | 008b 899c | 0000 0083 | f901 0f85 | 4600 0000 | 498b 8f78 
  0x000002bc1fbe0500: 0600 008b | 89a0 0000 | 0048 83ec | 2040 f6c4 | 0f0f 8419 | 0000 0048 | 83ec 0848 | b8c0 f0ab 
  0x000002bc1fbe0520: 43fa 7f00 | 00ff d048 | 83c4 08e9 | 0c00 0000 | 48b8 c0f0 | ab43 fa7f | 0000 ffd0 | 4883 c420 
  0x000002bc1fbe0540: ffe0 4983 | 7f08 000f | 8405 0000 | 00e9 8e0c | ffff 4c8b | 6dc0 4c8b | 75c8 4e8d | 74f5 00c3 
  0x000002bc1fbe0560: 488b 4318 | 4885 c00f | 8412 0000 | 008b 4808 | 83c1 0289 | 4808 2348 | 2c0f 8486 | 0e00 0049 
  0x000002bc1fbe0580: 3ba7 7005 | 0000 0f87 | 4800 0000 | 8984 2400 | f0ff ff89 | 8424 00e0 | ffff 8984 | 2400 d0ff 
  0x000002bc1fbe05a0: ff89 8424 | 00c0 ffff | 8984 2400 | b0ff ff89 | 8424 00a0 | ffff 8984 | 2400 90ff | ff89 8424 
  0x000002bc1fbe05c0: 0080 ffff | 493b a768 | 0500 0076 | 0749 89a7 | 7005 0000 | 41c6 87f1 | 0400 0000 | 418b 9780 
  0x000002bc1fbe05e0: 0600 0085 | d20f 8457 | 0100 00e8 | 0500 0000 | e94d 0100 | 0048 8d44 | 2408 4c89 | 6dc0 498b 
  0x000002bc1fbe0600: cfc5 f877 | 4989 af38 | 0400 0049 | 8987 2804 | 0000 4883 | ec20 40f6 | c40f 0f84 | 1900 0000 
  0x000002bc1fbe0620: 4883 ec08 | 48b8 7046 | ac43 fa7f | 0000 ffd0 | 4883 c408 | e90c 0000 | 0048 b870 | 46ac 43fa 
  0x000002bc1fbe0640: 7f00 00ff | d048 83c4 | 2049 c787 | 2804 0000 | 0000 0000 | 49c7 8738 | 0400 0000 | 0000 0049 
  0x000002bc1fbe0660: c787 3004 | 0000 0000 | 0000 c5f8 | 7741 8b8f | b405 0000 | f6c1 010f | 8442 0000 | 00f6 c102 
  0x000002bc1fbe0680: 0f85 3900 | 0000 4883 | ec20 40f6 | c40f 0f84 | 1900 0000 | 4883 ec08 | 48b8 d0f0 | ab43 fa7f 
  0x000002bc1fbe06a0: 0000 ffd0 | 4883 c408 | e90c 0000 | 0048 b8d0 | f0ab 43fa | 7f00 00ff | d048 83c4 | 20ff e049 
  0x000002bc1fbe06c0: 8b8f 7806 | 0000 4885 | c90f 8455 | 0000 008b | 899c 0000 | 0083 f901 | 0f85 4600 | 0000 498b 
  0x000002bc1fbe06e0: 8f78 0600 | 008b 89a0 | 0000 0048 | 83ec 2040 | f6c4 0f0f | 8419 0000 | 0048 83ec | 0848 b8c0 
  0x000002bc1fbe0700: f0ab 43fa | 7f00 00ff | d048 83c4 | 08e9 0c00 | 0000 48b8 | c0f0 ab43 | fa7f 0000 | ffd0 4883 
  0x000002bc1fbe0720: c420 ffe0 | 4983 7f08 | 000f 8405 | 0000 00e9 | ac0a ffff | 4c8b 6dc0 | 4c8b 75c8 | 4e8d 74f5 
  0x000002bc1fbe0740: 00c3 488b | 5de8 4c8b | 5b08 450f | b75b 2e41 | c1e3 0349 | 2be3 4883 | ec20 4883 | e4f0 4c8b 
  0x000002bc1fbe0760: 5b60 4d85 | db0f 8562 | 0100 00e8 | 0500 0000 | e950 0100 | 0048 8bd3 | 488d 4424 | 084c 896d 
  0x000002bc1fbe0780: c049 8bcf | c5f8 7749 | 89af 3804 | 0000 4989 | 8728 0400 | 0048 83ec | 2040 f6c4 | 0f0f 8419 
  0x000002bc1fbe07a0: 0000 0048 | 83ec 0848 | b870 48ac | 43fa 7f00 | 00ff d048 | 83c4 08e9 | 0c00 0000 | 48b8 7048 
  0x000002bc1fbe07c0: ac43 fa7f | 0000 ffd0 | 4883 c420 | 49c7 8728 | 0400 0000 | 0000 0049 | c787 3804 | 0000 0000 
  0x000002bc1fbe07e0: 0000 49c7 | 8730 0400 | 0000 0000 | 00c5 f877 | 418b 8fb4 | 0500 00f6 | c101 0f84 | 4200 0000 
  0x000002bc1fbe0800: f6c1 020f | 8539 0000 | 0048 83ec | 2040 f6c4 | 0f0f 8419 | 0000 0048 | 83ec 0848 | b8d0 f0ab 
  0x000002bc1fbe0820: 43fa 7f00 | 00ff d048 | 83c4 08e9 | 0c00 0000 | 48b8 d0f0 | ab43 fa7f | 0000 ffd0 | 4883 c420 
  0x000002bc1fbe0840: ffe0 498b | 8f78 0600 | 0048 85c9 | 0f84 5500 | 0000 8b89 | 9c00 0000 | 83f9 010f | 8546 0000 
  0x000002bc1fbe0860: 0049 8b8f | 7806 0000 | 8b89 a000 | 0000 4883 | ec20 40f6 | c40f 0f84 | 1900 0000 | 4883 ec08 
  0x000002bc1fbe0880: 48b8 c0f0 | ab43 fa7f | 0000 ffd0 | 4883 c408 | e90c 0000 | 0048 b8c0 | f0ab 43fa | 7f00 00ff 
  0x000002bc1fbe08a0: d048 83c4 | 20ff e049 | 837f 0800 | 0f84 0500 | 0000 e929 | 09ff ff4c | 8b6d c04c | 8b75 c84e 
  0x000002bc1fbe08c0: 8d74 f500 | c348 8b5d | e84c 8b5b | 6041 ffd3 | 488b 5de8 | 4889 4518 | 440f b75b | 2c41 f6c3 
  0x000002bc1fbe08e0: 080f 841b | 0000 004c | 8b5b 084d | 8b5b 084d | 8b5b 184d | 8b5b 704d | 8b1b 4c89 | 5d10 488d 
  0x000002bc1fbe0900: 5510 488b | 4358 49ba | a00f e743 | fa7f 0000 | 493b c20f | 8562 0100 | 00e8 0500 | 0000 e950 
  0x000002bc1fbe0920: 0100 0048 | 8bd3 488d | 4424 084c | 896d c049 | 8bcf c5f8 | 7749 89af | 3804 0000 | 4989 8728 
  0x000002bc1fbe0940: 0400 0048 | 83ec 2040 | f6c4 0f0f | 8419 0000 | 0048 83ec | 0848 b870 | 48ac 43fa | 7f00 00ff 
  0x000002bc1fbe0960: d048 83c4 | 08e9 0c00 | 0000 48b8 | 7048 ac43 | fa7f 0000 | ffd0 4883 | c420 49c7 | 8728 0400 
  0x000002bc1fbe0980: 0000 0000 | 0049 c787 | 3804 0000 | 0000 0000 | 49c7 8730 | 0400 0000 | 0000 00c5 | f877 418b 
  0x000002bc1fbe09a0: 8fb4 0500 | 00f6 c101 | 0f84 4200 | 0000 f6c1 | 020f 8539 | 0000 0048 | 83ec 2040 | f6c4 0f0f 
  0x000002bc1fbe09c0: 8419 0000 | 0048 83ec | 0848 b8d0 | f0ab 43fa | 7f00 00ff | d048 83c4 | 08e9 0c00 | 0000 48b8 
  0x000002bc1fbe09e0: d0f0 ab43 | fa7f 0000 | ffd0 4883 | c420 ffe0 | 498b 8f78 | 0600 0048 | 85c9 0f84 | 5500 0000 
  0x000002bc1fbe0a00: 8b89 9c00 | 0000 83f9 | 010f 8546 | 0000 0049 | 8b8f 7806 | 0000 8b89 | a000 0000 | 4883 ec20 
  0x000002bc1fbe0a20: 40f6 c40f | 0f84 1900 | 0000 4883 | ec08 48b8 | c0f0 ab43 | fa7f 0000 | ffd0 4883 | c408 e90c 
  0x000002bc1fbe0a40: 0000 0048 | b8c0 f0ab | 43fa 7f00 | 00ff d048 | 83c4 20ff | e049 837f | 0800 0f84 | 0500 0000 
  0x000002bc1fbe0a60: e97b 07ff | ff4c 8b6d | c04c 8b75 | c84e 8d74 | f500 c348 | 8b5d e848 | 8b43 5849 | 8d8f 4804 
  0x000002bc1fbe0a80: 0000 4c8d | 15d5 0000 | 004d 8997 | 3004 0000 | c5f8 7749 | 89af 3804 | 0000 4989 | a728 0400 
  0x000002bc1fbe0aa0: 0041 c787 | d404 0000 | 0400 0000 | 493b a7c8 | 0500 0076 | 0749 89a7 | c805 0000 | ffd0 493b 
  0x000002bc1fbe0ac0: a7c8 0500 | 0072 0b49 | c787 c805 | 0000 0000 | 0000 c5f8 | 7748 83ec | 10c5 fb11 | 0424 4883 
  0x000002bc1fbe0ae0: ec10 4889 | 0424 48c7 | 4424 0800 | 0000 0041 | c787 d404 | 0000 0500 | 0000 f083 | 4424 c000 
  0x000002bc1fbe0b00: 493b 6f28 | 0f87 0e00 | 0000 4183 | bfd0 0400 | 0000 0f84 | 2000 0000 | 498b cf4c | 8be4 4883 
  0x000002bc1fbe0b20: ec20 4883 | e4f0 48b8 | a0ac ad43 | fa7f 0000 | ffd0 498b | e44d 33e4 | 41c7 87d4 | 0400 0008 
  0x000002bc1fbe0b40: 0000 004d | 8b97 f005 | 0000 4983 | fa00 7435 | 49c7 87f0 | 0500 0000 | 0000 0041 | ffe2 49ba 
  0x000002bc1fbe0b60: 00ed bd1f | bc02 0000 | 41ff d248 | 83ec 10c5 | fb11 0424 | 4883 ec10 | 4889 0424 | 48c7 4424 
  0x000002bc1fbe0b80: 0800 0000 | 0049 c787 | 2804 0000 | 0000 0000 | 49c7 8738 | 0400 0000 | 0000 0049 | c787 3004 
  0x000002bc1fbe0ba0: 0000 0000 | 0000 c5f8 | 774d 8b9f | b804 0000 | 41c7 8300 | 0100 0000 | 0000 0049 | bb5a cabd 
  0x000002bc1fbe0bc0: 1fbc 0200 | 004c 3b5d | 180f 8555 | 0100 0048 | 8b04 2448 | 83c4 1048 | 85c0 0f84 | 2f01 0000 
  0x000002bc1fbe0be0: a803 0f85 | 0800 0000 | 488b 00e9 | 1f01 0000 | a801 0f85 | 0900 0000 | 488b 40fe | e90e 0100 
  0x000002bc1fbe0c00: 0048 8b40 | ff41 807f | 4800 0f84 | ff00 0000 | 4883 f800 | 0f84 f500 | 0000 4d8b | 5f38 4d85 
  0x000002bc1fbe0c20: db0f 8414 | 0000 0049 | 83eb 084d | 895f 384d | 035f 4049 | 8903 e9d4 | 0000 0048 | 83ec 7048 
  0x000002bc1fbe0c40: 8904 2448 | 894c 2408 | 4889 5424 | 104c 8944 | 2418 4c89 | 4c24 204c | 8954 2428 | 4c89 5c24 
  0x000002bc1fbe0c60: 30c5 fb11 | 4424 40c5 | fb11 4c24 | 48c5 fb11 | 5424 50c5 | fb11 5c24 | 58c5 fb11 | 6424 60c5 
  0x000002bc1fbe0c80: fb11 6c24 | 6849 8bd7 | 488b c848 | 83ec 2040 | f6c4 0f0f | 8419 0000 | 0048 83ec | 0848 b820 
  0x000002bc1fbe0ca0: 76a0 43fa | 7f00 00ff | d048 83c4 | 08e9 0c00 | 0000 48b8 | 2076 a043 | fa7f 0000 | ffd0 4883 
  0x000002bc1fbe0cc0: c420 c5fb | 106c 2468 | c5fb 1064 | 2460 c5fb | 105c 2458 | c5fb 1054 | 2450 c5fb | 104c 2448 
  0x000002bc1fbe0ce0: c5fb 1044 | 2440 4c8b | 5c24 304c | 8b54 2428 | 4c8b 4c24 | 204c 8b44 | 2418 488b | 5424 1048 
  0x000002bc1fbe0d00: 8b4c 2408 | 488b 0424 | 4883 c470 | c5f8 7748 | 8945 1048 | 83ec 1048 | 8904 2448 | c744 2408 
  0x000002bc1fbe0d20: 0000 0000 | 4183 bf50 | 0500 0002 | 0f85 bf00 | 0000 4881 | ec80 0000 | 0048 8944 | 2478 4889 
  0x000002bc1fbe0d40: 4c24 7048 | 8954 2468 | 4889 5c24 | 6048 896c | 2450 4889 | 7424 4848 | 897c 2440 | 4c89 4424 
  0x000002bc1fbe0d60: 384c 894c | 2430 4c89 | 5424 284c | 895c 2420 | 4c89 6424 | 184c 896c | 2410 4c89 | 7424 084c 
  0x000002bc1fbe0d80: 893c 244c | 8be4 4883 | ec20 4883 | e4f0 48b8 | 10f7 e643 | fa7f 0000 | ffd0 498b | e44c 8b3c 
  0x000002bc1fbe0da0: 244c 8b74 | 2408 4c8b | 6c24 104c | 8b64 2418 | 4c8b 5c24 | 204c 8b54 | 2428 4c8b | 4c24 304c 
  0x000002bc1fbe0dc0: 8b44 2438 | 488b 7c24 | 4048 8b74 | 2448 488b | 6c24 5048 | 8b5c 2460 | 488b 5424 | 6848 8b4c 
  0x000002bc1fbe0de0: 2470 488b | 4424 7848 | 81c4 8000 | 0000 4d33 | e448 8b5d | e84c 8b6b | 084d 8d6d | 3849 837f 
  0x000002bc1fbe0e00: 0800 0f84 | 7201 0000 | e805 0000 | 00e9 4d01 | 0000 488d | 4424 084c | 896d c049 | 8bcf c5f8 
  0x000002bc1fbe0e20: 7749 89af | 3804 0000 | 4989 8728 | 0400 0048 | 83ec 2040 | f6c4 0f0f | 8419 0000 | 0048 83ec 
  0x000002bc1fbe0e40: 0848 b8b0 | 66ac 43fa | 7f00 00ff | d048 83c4 | 08e9 0c00 | 0000 48b8 | b066 ac43 | fa7f 0000 
  0x000002bc1fbe0e60: ffd0 4883 | c420 49c7 | 8728 0400 | 0000 0000 | 0049 c787 | 3804 0000 | 0000 0000 | 49c7 8730 
  0x000002bc1fbe0e80: 0400 0000 | 0000 00c5 | f877 418b | 8fb4 0500 | 00f6 c101 | 0f84 4200 | 0000 f6c1 | 020f 8539 
  0x000002bc1fbe0ea0: 0000 0048 | 83ec 2040 | f6c4 0f0f | 8419 0000 | 0048 83ec | 0848 b8d0 | f0ab 43fa | 7f00 00ff 
  0x000002bc1fbe0ec0: d048 83c4 | 08e9 0c00 | 0000 48b8 | d0f0 ab43 | fa7f 0000 | ffd0 4883 | c420 ffe0 | 498b 8f78 
  0x000002bc1fbe0ee0: 0600 0048 | 85c9 0f84 | 5500 0000 | 8b89 9c00 | 0000 83f9 | 010f 8546 | 0000 0049 | 8b8f 7806 
  0x000002bc1fbe0f00: 0000 8b89 | a000 0000 | 4883 ec20 | 40f6 c40f | 0f84 1900 | 0000 4883 | ec08 48b8 | c0f0 ab43 
  0x000002bc1fbe0f20: fa7f 0000 | ffd0 4883 | c408 e90c | 0000 0048 | b8c0 f0ab | 43fa 7f00 | 00ff d048 | 83c4 20ff 
  0x000002bc1fbe0f40: e049 837f | 0800 0f84 | 0500 0000 | e98f 02ff | ff4c 8b6d | c04c 8b75 | c84e 8d74 | f500 c348 
  0x000002bc1fbe0f60: b948 0810 | 44fa 7f00 | 0048 83e4 | f048 b800 | 8dd3 43fa | 7f00 00ff | d0f4 440f | b75b 2c41 
  0x000002bc1fbe0f80: f6c3 200f | 8429 0200 | 0048 8d55 | a84c 8b5a | 084d 85db | 0f85 7201 | 0000 e805 | 0000 00e9 
  0x000002bc1fbe0fa0: 4d01 0000 | 488d 4424 | 084c 896d | c049 8bcf | c5f8 7749 | 89af 3804 | 0000 4989 | 8728 0400 
  0x000002bc1fbe0fc0: 0048 83ec | 2040 f6c4 | 0f0f 8419 | 0000 0048 | 83ec 0848 | b8e0 65ac | 43fa 7f00 | 00ff d048 
  0x000002bc1fbe0fe0: 83c4 08e9 | 0c00 0000 | 48b8 e065 | ac43 fa7f | 0000 ffd0 | 4883 c420 | 49c7 8728 | 0400 0000 
  0x000002bc1fbe1000: 0000 0049 | c787 3804 | 0000 0000 | 0000 49c7 | 8730 0400 | 0000 0000 | 00c5 f877 | 418b 8fb4 
  0x000002bc1fbe1020: 0500 00f6 | c101 0f84 | 4200 0000 | f6c1 020f | 8539 0000 | 0048 83ec | 2040 f6c4 | 0f0f 8419 
  0x000002bc1fbe1040: 0000 0048 | 83ec 0848 | b8d0 f0ab | 43fa 7f00 | 00ff d048 | 83c4 08e9 | 0c00 0000 | 48b8 d0f0 
  0x000002bc1fbe1060: ab43 fa7f | 0000 ffd0 | 4883 c420 | ffe0 498b | 8f78 0600 | 0048 85c9 | 0f84 5500 | 0000 8b89 
  0x000002bc1fbe1080: 9c00 0000 | 83f9 010f | 8546 0000 | 0049 8b8f | 7806 0000 | 8b89 a000 | 0000 4883 | ec20 40f6 
  0x000002bc1fbe10a0: c40f 0f84 | 1900 0000 | 4883 ec08 | 48b8 c0f0 | ab43 fa7f | 0000 ffd0 | 4883 c408 | e90c 0000 
  0x000002bc1fbe10c0: 0048 b8c0 | f0ab 43fa | 7f00 00ff | d048 83c4 | 20ff e049 | 837f 0800 | 0f84 0500 | 0000 e9fd 
  0x000002bc1fbe10e0: 00ff ff4c | 8b6d c04c | 8b75 c84e | 8d74 f500 | c348 b948 | 0810 44fa | 7f00 0048 | 83e4 f048 
  0x000002bc1fbe1100: b800 8dd3 | 43fa 7f00 | 00ff d0f4 | 4c89 6dc0 | 4c8b 4a08 | 48c7 4208 | 0000 0000 | 458b 87d8 
  0x000002bc1fbe1120: 0600 004f | 3b4c 07f8 | 0f85 4200 | 0000 4183 | afd8 0600 | 0008 4f3b | 4c07 f00f | 842a 0000 
  0x000002bc1fbe1140: 0049 8b01 | a802 0f85 | 1200 0000 | 4c8b c049 | 83c8 01f0 | 4d0f b101 | 0f84 0d00 | 0000 4183 
  0x000002bc1fbe1160: 87d8 0600 | 0008 e905 | 0000 00e9 | 3e00 0000 | 4c89 4a08 | 488b ca48 | 83ec 2040 | f6c4 0f0f 
  0x000002bc1fbe1180: 8419 0000 | 0048 83ec | 0848 b830 | 38ac 43fa | 7f00 00ff | d048 83c4 | 08e9 0c00 | 0000 48b8 
  0x000002bc1fbe11a0: 3038 ac43 | fa7f 0000 | ffd0 4883 | c420 4c8b | 6dc0 41c6 | 8796 0300 | 0001 493b | 6f28 0f87 
  0x000002bc1fbe11c0: 0500 0000 | e9ab 0000 | 0048 83ec | 10c5 fb11 | 0424 4883 | ec10 4889 | 0424 48c7 | 4424 0800 
  0x000002bc1fbe11e0: 0000 00c5 | f877 4989 | af38 0400 | 0049 bae3 | 11be 1fbc | 0200 004d | 8997 3004 | 0000 4989 
  0x000002bc1fbe1200: a728 0400 | 0049 8bcf | 4883 ec20 | 40f6 c40f | 0f84 1900 | 0000 4883 | ec08 48b8 | d01e ac43 
  0x000002bc1fbe1220: fa7f 0000 | ffd0 4883 | c408 e90c | 0000 0048 | b8d0 1eac | 43fa 7f00 | 00ff d048 | 83c4 2049 
  0x000002bc1fbe1240: c787 2804 | 0000 0000 | 0000 49c7 | 8738 0400 | 0000 0000 | 0049 c787 | 3004 0000 | 0000 0000 
  0x000002bc1fbe1260: c5f8 7748 | 8b04 2448 | 83c4 10c5 | fb10 0424 | 4883 c410 | 418b 9780 | 0600 0085 | d20f 8457 
  0x000002bc1fbe1280: 0100 00e8 | 0500 0000 | e94d 0100 | 0048 8d44 | 2408 4c89 | 6dc0 498b | cfc5 f877 | 4989 af38 
  0x000002bc1fbe12a0: 0400 0049 | 8987 2804 | 0000 4883 | ec20 40f6 | c40f 0f84 | 1900 0000 | 4883 ec08 | 48b8 a047 
  0x000002bc1fbe12c0: ac43 fa7f | 0000 ffd0 | 4883 c408 | e90c 0000 | 0048 b8a0 | 47ac 43fa | 7f00 00ff | d048 83c4 
  0x000002bc1fbe12e0: 2049 c787 | 2804 0000 | 0000 0000 | 49c7 8738 | 0400 0000 | 0000 0049 | c787 3004 | 0000 0000 
  0x000002bc1fbe1300: 0000 c5f8 | 7741 8b8f | b405 0000 | f6c1 010f | 8442 0000 | 00f6 c102 | 0f85 3900 | 0000 4883 
  0x000002bc1fbe1320: ec20 40f6 | c40f 0f84 | 1900 0000 | 4883 ec08 | 48b8 d0f0 | ab43 fa7f | 0000 ffd0 | 4883 c408 
  0x000002bc1fbe1340: e90c 0000 | 0048 b8d0 | f0ab 43fa | 7f00 00ff | d048 83c4 | 20ff e049 | 8b8f 7806 | 0000 4885 
  0x000002bc1fbe1360: c90f 8455 | 0000 008b | 899c 0000 | 0083 f901 | 0f85 4600 | 0000 498b | 8f78 0600 | 008b 89a0 
  0x000002bc1fbe1380: 0000 0048 | 83ec 2040 | f6c4 0f0f | 8419 0000 | 0048 83ec | 0848 b8c0 | f0ab 43fa | 7f00 00ff 
  0x000002bc1fbe13a0: d048 83c4 | 08e9 0c00 | 0000 48b8 | c0f0 ab43 | fa7f 0000 | ffd0 4883 | c420 ffe0 | 4983 7f08 
  0x000002bc1fbe13c0: 000f 8405 | 0000 00e9 | 14fe feff | 4c8b 6dc0 | 4c8b 75c8 | 4e8d 74f5 | 00c3 488b | 0424 4883 
  0x000002bc1fbe13e0: c410 c5fb | 1004 2448 | 83c4 104c | 8b5d 1841 | ffd3 4c8b | 5df8 c941 | c687 9603 | 0000 005f 
  0x000002bc1fbe1400: 498b e3ff | e7ba 0000 | 0000 e805 | 0000 00e9 | 4d01 0000 | 488d 4424 | 084c 896d | c049 8bcf 
  0x000002bc1fbe1420: c5f8 7749 | 89af 3804 | 0000 4989 | 8728 0400 | 0048 83ec | 2040 f6c4 | 0f0f 8419 | 0000 0048 
  0x000002bc1fbe1440: 83ec 0848 | b820 2eac | 43fa 7f00 | 00ff d048 | 83c4 08e9 | 0c00 0000 | 48b8 202e | ac43 fa7f 
  0x000002bc1fbe1460: 0000 ffd0 | 4883 c420 | 49c7 8728 | 0400 0000 | 0000 0049 | c787 3804 | 0000 0000 | 0000 49c7 
  0x000002bc1fbe1480: 8730 0400 | 0000 0000 | 00c5 f877 | 418b 8fb4 | 0500 00f6 | c101 0f84 | 4200 0000 | f6c1 020f 
  0x000002bc1fbe14a0: 8539 0000 | 0048 83ec | 2040 f6c4 | 0f0f 8419 | 0000 0048 | 83ec 0848 | b8d0 f0ab | 43fa 7f00 
  0x000002bc1fbe14c0: 00ff d048 | 83c4 08e9 | 0c00 0000 | 48b8 d0f0 | ab43 fa7f | 0000 ffd0 | 4883 c420 | ffe0 498b 
  0x000002bc1fbe14e0: 8f78 0600 | 0048 85c9 | 0f84 5500 | 0000 8b89 | 9c00 0000 | 83f9 010f | 8546 0000 | 0049 8b8f 
  0x000002bc1fbe1500: 7806 0000 | 8b89 a000 | 0000 4883 | ec20 40f6 | c40f 0f84 | 1900 0000 | 4883 ec08 | 48b8 c0f0 
  0x000002bc1fbe1520: ab43 fa7f | 0000 ffd0 | 4883 c408 | e90c 0000 | 0048 b8c0 | f0ab 43fa | 7f00 00ff | d048 83c4 
  0x000002bc1fbe1540: 20ff e049 | 837f 0800 | 0f84 0500 | 0000 e98d | fcfe ff4c | 8b6d c04c | 8b75 c84e | 8d74 f500 
  0x000002bc1fbe1560: c348 8b5d | e8e9 15f0 | ffff 660f | 1f44 0000 
[/MachCode]

---------------  P R O C E S S  ---------------

Threads class SMR info:
_java_thread_list=0x000002bc35087ee0, length=15, elements={
0x000002bc0fe20580, 0x000002bc2f968460, 0x000002bc2f96aed0, 0x000002bc2f96dd40,
0x000002bc2f970060, 0x000002bc2f970c20, 0x000002bc2f9717e0, 0x000002bc2f97a6e0,
0x000002bc2f97e7b0, 0x000002bc2fb92e00, 0x000002bc2fbb2910, 0x000002bc2fbb7320,
0x000002bc2fb7fb90, 0x000002bc2fcae9f0, 0x000002bc2fda7980
}

Java Threads: ( => current thread )
=>0x000002bc0fe20580 JavaThread "main"                              [_thread_in_native, id=10272, stack(0x000000ea01600000,0x000000ea01700000) (1024K)]
  0x000002bc2f968460 JavaThread "Reference Handler"          daemon [_thread_blocked, id=21084, stack(0x000000ea01e00000,0x000000ea01f00000) (1024K)]
  0x000002bc2f96aed0 JavaThread "Finalizer"                  daemon [_thread_blocked, id=18920, stack(0x000000ea01f00000,0x000000ea02000000) (1024K)]
  0x000002bc2f96dd40 JavaThread "Signal Dispatcher"          daemon [_thread_blocked, id=14532, stack(0x000000ea02000000,0x000000ea02100000) (1024K)]
  0x000002bc2f970060 JavaThread "Attach Listener"            daemon [_thread_blocked, id=25332, stack(0x000000ea02100000,0x000000ea02200000) (1024K)]
  0x000002bc2f970c20 JavaThread "Service Thread"             daemon [_thread_blocked, id=8952, stack(0x000000ea02200000,0x000000ea02300000) (1024K)]
  0x000002bc2f9717e0 JavaThread "Monitor Deflation Thread"   daemon [_thread_blocked, id=18556, stack(0x000000ea02300000,0x000000ea02400000) (1024K)]
  0x000002bc2f97a6e0 JavaThread "C2 CompilerThread0"         daemon [_thread_blocked, id=24796, stack(0x000000ea02400000,0x000000ea02500000) (1024K)]
  0x000002bc2f97e7b0 JavaThread "C1 CompilerThread0"         daemon [_thread_blocked, id=1388, stack(0x000000ea02500000,0x000000ea02600000) (1024K)]
  0x000002bc2fb92e00 JavaThread "JDWP Transport Listener: dt_socket" daemon [_thread_blocked, id=16084, stack(0x000000ea02600000,0x000000ea02700000) (1024K)]
  0x000002bc2fbb2910 JavaThread "JDWP Event Helper Thread"   daemon [_thread_blocked, id=3424, stack(0x000000ea02700000,0x000000ea02800000) (1024K)]
  0x000002bc2fbb7320 JavaThread "JDWP Command Reader"        daemon [_thread_in_native, id=4176, stack(0x000000ea02800000,0x000000ea02900000) (1024K)]
  0x000002bc2fb7fb90 JavaThread "Common-Cleaner"             daemon [_thread_blocked, id=18512, stack(0x000000ea02900000,0x000000ea02a00000) (1024K)]
  0x000002bc2fcae9f0 JavaThread "IntelliJ Suspend Helper"    daemon [_thread_blocked, id=18500, stack(0x000000ea02a00000,0x000000ea02b00000) (1024K)]
  0x000002bc2fda7980 JavaThread "Notification Thread"        daemon [_thread_blocked, id=1296, stack(0x000000ea02b00000,0x000000ea02c00000) (1024K)]
Total: 15

Other Threads:
  0x000002bc2f95a0f0 VMThread "VM Thread"                           [id=21464, stack(0x000000ea01d00000,0x000000ea01e00000) (1024K)]
  0x000002bc2f94eb90 WatcherThread "VM Periodic Task Thread"        [id=22320, stack(0x000000ea01c00000,0x000000ea01d00000) (1024K)]
  0x000002bc0fe8c610 WorkerThread "GC Thread#0"                     [id=1828, stack(0x000000ea01700000,0x000000ea01800000) (1024K)]
  0x000002bc0dbbdf80 ConcurrentGCThread "G1 Main Marker"            [id=4588, stack(0x000000ea01800000,0x000000ea01900000) (1024K)]
  0x000002bc0dbbeb20 WorkerThread "G1 Conc#0"                       [id=18608, stack(0x000000ea01900000,0x000000ea01a00000) (1024K)]
  0x000002bc2f81b570 ConcurrentGCThread "G1 Refine#0"               [id=6976, stack(0x000000ea01a00000,0x000000ea01b00000) (1024K)]
  0x000002bc2f81c180 ConcurrentGCThread "G1 Service"                [id=12868, stack(0x000000ea01b00000,0x000000ea01c00000) (1024K)]
Total: 7

Threads with active compile tasks:
Total: 0

VM state: not at safepoint (normal execution)

VM Mutex/Monitor currently owned by a thread: None

Heap address: 0x0000000700c00000, size: 4084 MB, Compressed Oops mode: Zero based, Oop shift amount: 3

CDS archive(s) mapped at: [0x0000000090000000-0x0000000090dd0000-0x0000000090dd0000), size 14483456, SharedBaseAddress: 0x0000000090000000, ArchiveRelocationMode: 1.
Compressed class space mapped at: 0x0000000091000000-0x00000000d1000000, reserved size: 1073741824
UseCompressedClassPointers 1, UseCompactObjectHeaders 0
Narrow klass pointer bits 32, Max shift 3
Narrow klass base: 0x0000000090000000, Narrow klass shift: 0
Encoding Range: [0x0000000090000000 - 0x0000000190000000), (4294967296 bytes)
Klass Range:    [0x0000000090010000 - 0x00000000d1000000), (1090453504 bytes)
Klass ID Range:  [65536 - 1090519033) (1090453497)
Protection zone: [0x0000000090000000 - 0x0000000090010000), (65536 bytes)

GC Precious Log:
 CardTable entry size: 512
 Card Set container configuration: InlinePtr #cards 4 size 8 Array Of Cards #cards 16 size 48 Howl #buckets 8 coarsen threshold 3686 Howl Bitmap #cards 512 size 80 coarsen threshold 460 Card regions per heap region 1 cards per card region 4096
 CPUs: 12 total, 12 available
 Memory: 16330M
 Large Page Support: Disabled
 NUMA Support: Disabled
 Compressed Oops: Enabled (Zero based)
 Heap Region Size: 2M
 Heap Min Capacity: 8M
 Heap Initial Capacity: 256M
 Heap Max Capacity: 4084M
 Pre-touch: Disabled
 Parallel Workers: 10
 Concurrent Workers: 3
 Concurrent Refinement Workers: 10
 Periodic GC: Disabled

Heap:
 garbage-first heap   total reserved 4182016K, committed 264192K, used 23701K [0x0000000700c00000, 0x0000000800000000)
  region size 2048K, 13 young (26624K), 0 survivors (0K)

Heap Regions: E=young(eden), S=young(survivor), O=old, HS=humongous(starts), HC=humongous(continues), CS=collection set, F=free, TAMS=top-at-mark-start, PB=parsable bottom
|   0|0x0000000700c00000, 0x0000000700c00000, 0x0000000700e00000|  0%| F|  |TAMS 0x0000000700c00000| PB 0x0000000700c00000| Untracked |  0
|   1|0x0000000700e00000, 0x0000000700e00000, 0x0000000701000000|  0%| F|  |TAMS 0x0000000700e00000| PB 0x0000000700e00000| Untracked |  0
|   2|0x0000000701000000, 0x0000000701000000, 0x0000000701200000|  0%| F|  |TAMS 0x0000000701000000| PB 0x0000000701000000| Untracked |  0
|   3|0x0000000701200000, 0x0000000701200000, 0x0000000701400000|  0%| F|  |TAMS 0x0000000701200000| PB 0x0000000701200000| Untracked |  0
|   4|0x0000000701400000, 0x0000000701400000, 0x0000000701600000|  0%| F|  |TAMS 0x0000000701400000| PB 0x0000000701400000| Untracked |  0
|   5|0x0000000701600000, 0x0000000701600000, 0x0000000701800000|  0%| F|  |TAMS 0x0000000701600000| PB 0x0000000701600000| Untracked |  0
|   6|0x0000000701800000, 0x0000000701800000, 0x0000000701a00000|  0%| F|  |TAMS 0x0000000701800000| PB 0x0000000701800000| Untracked |  0
|   7|0x0000000701a00000, 0x0000000701a00000, 0x0000000701c00000|  0%| F|  |TAMS 0x0000000701a00000| PB 0x0000000701a00000| Untracked |  0
|   8|0x0000000701c00000, 0x0000000701c00000, 0x0000000701e00000|  0%| F|  |TAMS 0x0000000701c00000| PB 0x0000000701c00000| Untracked |  0
|   9|0x0000000701e00000, 0x0000000701e00000, 0x0000000702000000|  0%| F|  |TAMS 0x0000000701e00000| PB 0x0000000701e00000| Untracked |  0
|  10|0x0000000702000000, 0x0000000702000000, 0x0000000702200000|  0%| F|  |TAMS 0x0000000702000000| PB 0x0000000702000000| Untracked |  0
|  11|0x0000000702200000, 0x0000000702200000, 0x0000000702400000|  0%| F|  |TAMS 0x0000000702200000| PB 0x0000000702200000| Untracked |  0
|  12|0x0000000702400000, 0x0000000702400000, 0x0000000702600000|  0%| F|  |TAMS 0x0000000702400000| PB 0x0000000702400000| Untracked |  0
|  13|0x0000000702600000, 0x0000000702600000, 0x0000000702800000|  0%| F|  |TAMS 0x0000000702600000| PB 0x0000000702600000| Untracked |  0
|  14|0x0000000702800000, 0x0000000702800000, 0x0000000702a00000|  0%| F|  |TAMS 0x0000000702800000| PB 0x0000000702800000| Untracked |  0
|  15|0x0000000702a00000, 0x0000000702a00000, 0x0000000702c00000|  0%| F|  |TAMS 0x0000000702a00000| PB 0x0000000702a00000| Untracked |  0
|  16|0x0000000702c00000, 0x0000000702c00000, 0x0000000702e00000|  0%| F|  |TAMS 0x0000000702c00000| PB 0x0000000702c00000| Untracked |  0
|  17|0x0000000702e00000, 0x0000000702e00000, 0x0000000703000000|  0%| F|  |TAMS 0x0000000702e00000| PB 0x0000000702e00000| Untracked |  0
|  18|0x0000000703000000, 0x0000000703000000, 0x0000000703200000|  0%| F|  |TAMS 0x0000000703000000| PB 0x0000000703000000| Untracked |  0
|  19|0x0000000703200000, 0x0000000703200000, 0x0000000703400000|  0%| F|  |TAMS 0x0000000703200000| PB 0x0000000703200000| Untracked |  0
|  20|0x0000000703400000, 0x0000000703400000, 0x0000000703600000|  0%| F|  |TAMS 0x0000000703400000| PB 0x0000000703400000| Untracked |  0
|  21|0x0000000703600000, 0x0000000703600000, 0x0000000703800000|  0%| F|  |TAMS 0x0000000703600000| PB 0x0000000703600000| Untracked |  0
|  22|0x0000000703800000, 0x0000000703800000, 0x0000000703a00000|  0%| F|  |TAMS 0x0000000703800000| PB 0x0000000703800000| Untracked |  0
|  23|0x0000000703a00000, 0x0000000703a00000, 0x0000000703c00000|  0%| F|  |TAMS 0x0000000703a00000| PB 0x0000000703a00000| Untracked |  0
|  24|0x0000000703c00000, 0x0000000703c00000, 0x0000000703e00000|  0%| F|  |TAMS 0x0000000703c00000| PB 0x0000000703c00000| Untracked |  0
|  25|0x0000000703e00000, 0x0000000703e00000, 0x0000000704000000|  0%| F|  |TAMS 0x0000000703e00000| PB 0x0000000703e00000| Untracked |  0
|  26|0x0000000704000000, 0x0000000704000000, 0x0000000704200000|  0%| F|  |TAMS 0x0000000704000000| PB 0x0000000704000000| Untracked |  0
|  27|0x0000000704200000, 0x0000000704200000, 0x0000000704400000|  0%| F|  |TAMS 0x0000000704200000| PB 0x0000000704200000| Untracked |  0
|  28|0x0000000704400000, 0x0000000704400000, 0x0000000704600000|  0%| F|  |TAMS 0x0000000704400000| PB 0x0000000704400000| Untracked |  0
|  29|0x0000000704600000, 0x0000000704600000, 0x0000000704800000|  0%| F|  |TAMS 0x0000000704600000| PB 0x0000000704600000| Untracked |  0
|  30|0x0000000704800000, 0x0000000704800000, 0x0000000704a00000|  0%| F|  |TAMS 0x0000000704800000| PB 0x0000000704800000| Untracked |  0
|  31|0x0000000704a00000, 0x0000000704a00000, 0x0000000704c00000|  0%| F|  |TAMS 0x0000000704a00000| PB 0x0000000704a00000| Untracked |  0
|  32|0x0000000704c00000, 0x0000000704c00000, 0x0000000704e00000|  0%| F|  |TAMS 0x0000000704c00000| PB 0x0000000704c00000| Untracked |  0
|  33|0x0000000704e00000, 0x0000000704e00000, 0x0000000705000000|  0%| F|  |TAMS 0x0000000704e00000| PB 0x0000000704e00000| Untracked |  0
|  34|0x0000000705000000, 0x0000000705000000, 0x0000000705200000|  0%| F|  |TAMS 0x0000000705000000| PB 0x0000000705000000| Untracked |  0
|  35|0x0000000705200000, 0x0000000705200000, 0x0000000705400000|  0%| F|  |TAMS 0x0000000705200000| PB 0x0000000705200000| Untracked |  0
|  36|0x0000000705400000, 0x0000000705400000, 0x0000000705600000|  0%| F|  |TAMS 0x0000000705400000| PB 0x0000000705400000| Untracked |  0
|  37|0x0000000705600000, 0x0000000705600000, 0x0000000705800000|  0%| F|  |TAMS 0x0000000705600000| PB 0x0000000705600000| Untracked |  0
|  38|0x0000000705800000, 0x0000000705800000, 0x0000000705a00000|  0%| F|  |TAMS 0x0000000705800000| PB 0x0000000705800000| Untracked |  0
|  39|0x0000000705a00000, 0x0000000705a00000, 0x0000000705c00000|  0%| F|  |TAMS 0x0000000705a00000| PB 0x0000000705a00000| Untracked |  0
|  40|0x0000000705c00000, 0x0000000705c00000, 0x0000000705e00000|  0%| F|  |TAMS 0x0000000705c00000| PB 0x0000000705c00000| Untracked |  0
|  41|0x0000000705e00000, 0x0000000705e00000, 0x0000000706000000|  0%| F|  |TAMS 0x0000000705e00000| PB 0x0000000705e00000| Untracked |  0
|  42|0x0000000706000000, 0x0000000706000000, 0x0000000706200000|  0%| F|  |TAMS 0x0000000706000000| PB 0x0000000706000000| Untracked |  0
|  43|0x0000000706200000, 0x0000000706200000, 0x0000000706400000|  0%| F|  |TAMS 0x0000000706200000| PB 0x0000000706200000| Untracked |  0
|  44|0x0000000706400000, 0x0000000706400000, 0x0000000706600000|  0%| F|  |TAMS 0x0000000706400000| PB 0x0000000706400000| Untracked |  0
|  45|0x0000000706600000, 0x0000000706600000, 0x0000000706800000|  0%| F|  |TAMS 0x0000000706600000| PB 0x0000000706600000| Untracked |  0
|  46|0x0000000706800000, 0x0000000706800000, 0x0000000706a00000|  0%| F|  |TAMS 0x0000000706800000| PB 0x0000000706800000| Untracked |  0
|  47|0x0000000706a00000, 0x0000000706a00000, 0x0000000706c00000|  0%| F|  |TAMS 0x0000000706a00000| PB 0x0000000706a00000| Untracked |  0
|  48|0x0000000706c00000, 0x0000000706c00000, 0x0000000706e00000|  0%| F|  |TAMS 0x0000000706c00000| PB 0x0000000706c00000| Untracked |  0
|  49|0x0000000706e00000, 0x0000000706e00000, 0x0000000707000000|  0%| F|  |TAMS 0x0000000706e00000| PB 0x0000000706e00000| Untracked |  0
|  50|0x0000000707000000, 0x0000000707000000, 0x0000000707200000|  0%| F|  |TAMS 0x0000000707000000| PB 0x0000000707000000| Untracked |  0
|  51|0x0000000707200000, 0x0000000707200000, 0x0000000707400000|  0%| F|  |TAMS 0x0000000707200000| PB 0x0000000707200000| Untracked |  0
|  52|0x0000000707400000, 0x0000000707400000, 0x0000000707600000|  0%| F|  |TAMS 0x0000000707400000| PB 0x0000000707400000| Untracked |  0
|  53|0x0000000707600000, 0x0000000707600000, 0x0000000707800000|  0%| F|  |TAMS 0x0000000707600000| PB 0x0000000707600000| Untracked |  0
|  54|0x0000000707800000, 0x0000000707800000, 0x0000000707a00000|  0%| F|  |TAMS 0x0000000707800000| PB 0x0000000707800000| Untracked |  0
|  55|0x0000000707a00000, 0x0000000707a00000, 0x0000000707c00000|  0%| F|  |TAMS 0x0000000707a00000| PB 0x0000000707a00000| Untracked |  0
|  56|0x0000000707c00000, 0x0000000707c00000, 0x0000000707e00000|  0%| F|  |TAMS 0x0000000707c00000| PB 0x0000000707c00000| Untracked |  0
|  57|0x0000000707e00000, 0x0000000707e00000, 0x0000000708000000|  0%| F|  |TAMS 0x0000000707e00000| PB 0x0000000707e00000| Untracked |  0
|  58|0x0000000708000000, 0x0000000708000000, 0x0000000708200000|  0%| F|  |TAMS 0x0000000708000000| PB 0x0000000708000000| Untracked |  0
|  59|0x0000000708200000, 0x0000000708200000, 0x0000000708400000|  0%| F|  |TAMS 0x0000000708200000| PB 0x0000000708200000| Untracked |  0
|  60|0x0000000708400000, 0x0000000708400000, 0x0000000708600000|  0%| F|  |TAMS 0x0000000708400000| PB 0x0000000708400000| Untracked |  0
|  61|0x0000000708600000, 0x0000000708600000, 0x0000000708800000|  0%| F|  |TAMS 0x0000000708600000| PB 0x0000000708600000| Untracked |  0
|  62|0x0000000708800000, 0x0000000708800000, 0x0000000708a00000|  0%| F|  |TAMS 0x0000000708800000| PB 0x0000000708800000| Untracked |  0
|  63|0x0000000708a00000, 0x0000000708a00000, 0x0000000708c00000|  0%| F|  |TAMS 0x0000000708a00000| PB 0x0000000708a00000| Untracked |  0
|  64|0x0000000708c00000, 0x0000000708c00000, 0x0000000708e00000|  0%| F|  |TAMS 0x0000000708c00000| PB 0x0000000708c00000| Untracked |  0
|  65|0x0000000708e00000, 0x0000000708e00000, 0x0000000709000000|  0%| F|  |TAMS 0x0000000708e00000| PB 0x0000000708e00000| Untracked |  0
|  66|0x0000000709000000, 0x0000000709000000, 0x0000000709200000|  0%| F|  |TAMS 0x0000000709000000| PB 0x0000000709000000| Untracked |  0
|  67|0x0000000709200000, 0x0000000709200000, 0x0000000709400000|  0%| F|  |TAMS 0x0000000709200000| PB 0x0000000709200000| Untracked |  0
|  68|0x0000000709400000, 0x0000000709400000, 0x0000000709600000|  0%| F|  |TAMS 0x0000000709400000| PB 0x0000000709400000| Untracked |  0
|  69|0x0000000709600000, 0x0000000709600000, 0x0000000709800000|  0%| F|  |TAMS 0x0000000709600000| PB 0x0000000709600000| Untracked |  0
|  70|0x0000000709800000, 0x0000000709800000, 0x0000000709a00000|  0%| F|  |TAMS 0x0000000709800000| PB 0x0000000709800000| Untracked |  0
|  71|0x0000000709a00000, 0x0000000709a00000, 0x0000000709c00000|  0%| F|  |TAMS 0x0000000709a00000| PB 0x0000000709a00000| Untracked |  0
|  72|0x0000000709c00000, 0x0000000709c00000, 0x0000000709e00000|  0%| F|  |TAMS 0x0000000709c00000| PB 0x0000000709c00000| Untracked |  0
|  73|0x0000000709e00000, 0x0000000709e00000, 0x000000070a000000|  0%| F|  |TAMS 0x0000000709e00000| PB 0x0000000709e00000| Untracked |  0
|  74|0x000000070a000000, 0x000000070a000000, 0x000000070a200000|  0%| F|  |TAMS 0x000000070a000000| PB 0x000000070a000000| Untracked |  0
|  75|0x000000070a200000, 0x000000070a200000, 0x000000070a400000|  0%| F|  |TAMS 0x000000070a200000| PB 0x000000070a200000| Untracked |  0
|  76|0x000000070a400000, 0x000000070a400000, 0x000000070a600000|  0%| F|  |TAMS 0x000000070a400000| PB 0x000000070a400000| Untracked |  0
|  77|0x000000070a600000, 0x000000070a600000, 0x000000070a800000|  0%| F|  |TAMS 0x000000070a600000| PB 0x000000070a600000| Untracked |  0
|  78|0x000000070a800000, 0x000000070a800000, 0x000000070aa00000|  0%| F|  |TAMS 0x000000070a800000| PB 0x000000070a800000| Untracked |  0
|  79|0x000000070aa00000, 0x000000070aa00000, 0x000000070ac00000|  0%| F|  |TAMS 0x000000070aa00000| PB 0x000000070aa00000| Untracked |  0
|  80|0x000000070ac00000, 0x000000070ac00000, 0x000000070ae00000|  0%| F|  |TAMS 0x000000070ac00000| PB 0x000000070ac00000| Untracked |  0
|  81|0x000000070ae00000, 0x000000070ae00000, 0x000000070b000000|  0%| F|  |TAMS 0x000000070ae00000| PB 0x000000070ae00000| Untracked |  0
|  82|0x000000070b000000, 0x000000070b000000, 0x000000070b200000|  0%| F|  |TAMS 0x000000070b000000| PB 0x000000070b000000| Untracked |  0
|  83|0x000000070b200000, 0x000000070b200000, 0x000000070b400000|  0%| F|  |TAMS 0x000000070b200000| PB 0x000000070b200000| Untracked |  0
|  84|0x000000070b400000, 0x000000070b400000, 0x000000070b600000|  0%| F|  |TAMS 0x000000070b400000| PB 0x000000070b400000| Untracked |  0
|  85|0x000000070b600000, 0x000000070b600000, 0x000000070b800000|  0%| F|  |TAMS 0x000000070b600000| PB 0x000000070b600000| Untracked |  0
|  86|0x000000070b800000, 0x000000070b800000, 0x000000070ba00000|  0%| F|  |TAMS 0x000000070b800000| PB 0x000000070b800000| Untracked |  0
|  87|0x000000070ba00000, 0x000000070ba00000, 0x000000070bc00000|  0%| F|  |TAMS 0x000000070ba00000| PB 0x000000070ba00000| Untracked |  0
|  88|0x000000070bc00000, 0x000000070bc00000, 0x000000070be00000|  0%| F|  |TAMS 0x000000070bc00000| PB 0x000000070bc00000| Untracked |  0
|  89|0x000000070be00000, 0x000000070be00000, 0x000000070c000000|  0%| F|  |TAMS 0x000000070be00000| PB 0x000000070be00000| Untracked |  0
|  90|0x000000070c000000, 0x000000070c000000, 0x000000070c200000|  0%| F|  |TAMS 0x000000070c000000| PB 0x000000070c000000| Untracked |  0
|  91|0x000000070c200000, 0x000000070c200000, 0x000000070c400000|  0%| F|  |TAMS 0x000000070c200000| PB 0x000000070c200000| Untracked |  0
|  92|0x000000070c400000, 0x000000070c400000, 0x000000070c600000|  0%| F|  |TAMS 0x000000070c400000| PB 0x000000070c400000| Untracked |  0
|  93|0x000000070c600000, 0x000000070c600000, 0x000000070c800000|  0%| F|  |TAMS 0x000000070c600000| PB 0x000000070c600000| Untracked |  0
|  94|0x000000070c800000, 0x000000070c800000, 0x000000070ca00000|  0%| F|  |TAMS 0x000000070c800000| PB 0x000000070c800000| Untracked |  0
|  95|0x000000070ca00000, 0x000000070ca00000, 0x000000070cc00000|  0%| F|  |TAMS 0x000000070ca00000| PB 0x000000070ca00000| Untracked |  0
|  96|0x000000070cc00000, 0x000000070cc00000, 0x000000070ce00000|  0%| F|  |TAMS 0x000000070cc00000| PB 0x000000070cc00000| Untracked |  0
|  97|0x000000070ce00000, 0x000000070ce00000, 0x000000070d000000|  0%| F|  |TAMS 0x000000070ce00000| PB 0x000000070ce00000| Untracked |  0
|  98|0x000000070d000000, 0x000000070d000000, 0x000000070d200000|  0%| F|  |TAMS 0x000000070d000000| PB 0x000000070d000000| Untracked |  0
|  99|0x000000070d200000, 0x000000070d200000, 0x000000070d400000|  0%| F|  |TAMS 0x000000070d200000| PB 0x000000070d200000| Untracked |  0
| 100|0x000000070d400000, 0x000000070d400000, 0x000000070d600000|  0%| F|  |TAMS 0x000000070d400000| PB 0x000000070d400000| Untracked |  0
| 101|0x000000070d600000, 0x000000070d600000, 0x000000070d800000|  0%| F|  |TAMS 0x000000070d600000| PB 0x000000070d600000| Untracked |  0
| 102|0x000000070d800000, 0x000000070d800000, 0x000000070da00000|  0%| F|  |TAMS 0x000000070d800000| PB 0x000000070d800000| Untracked |  0
| 103|0x000000070da00000, 0x000000070da00000, 0x000000070dc00000|  0%| F|  |TAMS 0x000000070da00000| PB 0x000000070da00000| Untracked |  0
| 104|0x000000070dc00000, 0x000000070dc00000, 0x000000070de00000|  0%| F|  |TAMS 0x000000070dc00000| PB 0x000000070dc00000| Untracked |  0
| 105|0x000000070de00000, 0x000000070de00000, 0x000000070e000000|  0%| F|  |TAMS 0x000000070de00000| PB 0x000000070de00000| Untracked |  0
| 106|0x000000070e000000, 0x000000070e000000, 0x000000070e200000|  0%| F|  |TAMS 0x000000070e000000| PB 0x000000070e000000| Untracked |  0
| 107|0x000000070e200000, 0x000000070e200000, 0x000000070e400000|  0%| F|  |TAMS 0x000000070e200000| PB 0x000000070e200000| Untracked |  0
| 108|0x000000070e400000, 0x000000070e400000, 0x000000070e600000|  0%| F|  |TAMS 0x000000070e400000| PB 0x000000070e400000| Untracked |  0
| 109|0x000000070e600000, 0x000000070e600000, 0x000000070e800000|  0%| F|  |TAMS 0x000000070e600000| PB 0x000000070e600000| Untracked |  0
| 110|0x000000070e800000, 0x000000070e800000, 0x000000070ea00000|  0%| F|  |TAMS 0x000000070e800000| PB 0x000000070e800000| Untracked |  0
| 111|0x000000070ea00000, 0x000000070ea00000, 0x000000070ec00000|  0%| F|  |TAMS 0x000000070ea00000| PB 0x000000070ea00000| Untracked |  0
| 112|0x000000070ec00000, 0x000000070ec00000, 0x000000070ee00000|  0%| F|  |TAMS 0x000000070ec00000| PB 0x000000070ec00000| Untracked |  0
| 113|0x000000070ee00000, 0x000000070ee00000, 0x000000070f000000|  0%| F|  |TAMS 0x000000070ee00000| PB 0x000000070ee00000| Untracked |  0
| 114|0x000000070f000000, 0x000000070f000000, 0x000000070f200000|  0%| F|  |TAMS 0x000000070f000000| PB 0x000000070f000000| Untracked |  0
| 115|0x000000070f200000, 0x000000070f3f53a8, 0x000000070f400000| 97%| E|  |TAMS 0x000000070f200000| PB 0x000000070f200000| Complete |  0
| 116|0x000000070f400000, 0x000000070f600000, 0x000000070f600000|100%| E|CS|TAMS 0x000000070f400000| PB 0x000000070f400000| Complete |  0
| 117|0x000000070f600000, 0x000000070f800000, 0x000000070f800000|100%| E|CS|TAMS 0x000000070f600000| PB 0x000000070f600000| Complete |  0
| 118|0x000000070f800000, 0x000000070fa00000, 0x000000070fa00000|100%| E|  |TAMS 0x000000070f800000| PB 0x000000070f800000| Complete |  0
| 119|0x000000070fa00000, 0x000000070fc00000, 0x000000070fc00000|100%| E|CS|TAMS 0x000000070fa00000| PB 0x000000070fa00000| Complete |  0
| 120|0x000000070fc00000, 0x000000070fe00000, 0x000000070fe00000|100%| E|CS|TAMS 0x000000070fc00000| PB 0x000000070fc00000| Complete |  0
| 121|0x000000070fe00000, 0x0000000710000000, 0x0000000710000000|100%| E|CS|TAMS 0x000000070fe00000| PB 0x000000070fe00000| Complete |  0
| 122|0x0000000710000000, 0x0000000710200000, 0x0000000710200000|100%| E|CS|TAMS 0x0000000710000000| PB 0x0000000710000000| Complete |  0
| 123|0x0000000710200000, 0x0000000710400000, 0x0000000710400000|100%| E|CS|TAMS 0x0000000710200000| PB 0x0000000710200000| Complete |  0
| 124|0x0000000710400000, 0x0000000710600000, 0x0000000710600000|100%| E|CS|TAMS 0x0000000710400000| PB 0x0000000710400000| Complete |  0
| 125|0x0000000710600000, 0x0000000710800000, 0x0000000710800000|100%| E|CS|TAMS 0x0000000710600000| PB 0x0000000710600000| Complete |  0
| 126|0x0000000710800000, 0x0000000710a00000, 0x0000000710a00000|100%| E|CS|TAMS 0x0000000710800000| PB 0x0000000710800000| Complete |  0
| 127|0x0000000710a00000, 0x0000000710c00000, 0x0000000710c00000|100%| E|CS|TAMS 0x0000000710a00000| PB 0x0000000710a00000| Complete |  0
|2041|0x00000007ffe00000, 0x00000007fff256a0, 0x0000000800000000| 57%| O|  |TAMS 0x00000007ffe00000| PB 0x00000007ffe00000| Untracked |  0

Card table byte_map: [0x000002bc28500000,0x000002bc28d00000] _byte_map_base: 0x000002bc24cfa000

Marking Bits: (CMBitMap*) 0x000002bc0fe8cda0
 Bits: [0x000002bc28d00000, 0x000002bc2ccd0000)

Polling page: 0x000002bc0dcd0000

Metaspace:
Metaspace        used 12619K, committed 12800K, reserved 1114112K
 class space     used 747K, committed 832K, reserved 1048576K

Usage:
  Non-class:     11.59 MB used.
      Class:    747.28 KB used.
       Both:     12.32 MB used.

Virtual space:
  Non-class space:       64.00 MB reserved,      11.69 MB ( 18%) committed,  1 nodes.
      Class space:        1.00 GB reserved,     832.00 KB ( <1%) committed,  1 nodes.
             Both:        1.06 GB reserved,      12.50 MB (  1%) committed. 

Chunk freelists:
   Non-Class:  3.88 MB
       Class:  15.09 MB
        Both:  18.97 MB

MaxMetaspaceSize: unlimited
CompressedClassSpaceSize: 1.00 GB
Initial GC threshold: 21.00 MB
Current GC threshold: 21.00 MB
CDS: on
 - commit_granule_bytes: 65536.
 - commit_granule_words: 8192.
 - virtual_space_node_default_size: 8388608.
 - enlarge_chunks_in_place: 1.
UseCompressedClassPointers 1, UseCompactObjectHeaders 0
Narrow klass pointer bits 32, Max shift 3
Narrow klass base: 0x0000000090000000, Narrow klass shift: 0
Encoding Range: [0x0000000090000000 - 0x0000000190000000), (4294967296 bytes)
Klass Range:    [0x0000000090010000 - 0x00000000d1000000), (1090453504 bytes)
Klass ID Range:  [65536 - 1090519033) (1090453497)
Protection zone: [0x0000000090000000 - 0x0000000090010000), (65536 bytes)


Internal statistics:

num_allocs_failed_limit: 0.
num_arena_births: 114.
num_arena_deaths: 0.
num_vsnodes_births: 2.
num_vsnodes_deaths: 0.
num_space_committed: 199.
num_space_uncommitted: 0.
num_chunks_returned_to_freelist: 0.
num_chunks_taken_from_freelist: 349.
num_chunk_merges: 0.
num_chunk_splits: 251.
num_chunks_enlarged: 191.
num_inconsistent_stats: 0.

CodeHeap 'non-profiled nmethods': size=120064Kb used=304Kb max_used=304Kb free=119759Kb
 bounds [0x000002bc20160000, 0x000002bc203d0000, 0x000002bc276a0000]
CodeHeap 'profiled nmethods': size=120000Kb used=1738Kb max_used=1738Kb free=118261Kb
 bounds [0x000002bc186a0000, 0x000002bc18910000, 0x000002bc1fbd0000]
CodeHeap 'non-nmethods': size=5696Kb used=2315Kb max_used=2330Kb free=3380Kb
 bounds [0x000002bc1fbd0000, 0x000002bc1fe40000, 0x000002bc20160000]
CodeCache: size=245760Kb, used=4357Kb, max_used=4372Kb, free=241400Kb
 total_blobs=2717, nmethods=1311, adapters=1310, full_count=0
Compilation: enabled, stopped_count=0, restarted_count=0

Compilation events (20 events):
Event: 0.584 Thread 0x000002bc2f97e7b0 nmethod 1303 0x000002bc1884f188 code [0x000002bc1884f280, 0x000002bc1884f760]
Event: 0.584 Thread 0x000002bc2f97e7b0 1304       3       java.util.zip.ZipEntry::isCENHeaderValid (58 bytes)
Event: 0.584 Thread 0x000002bc2f97e7b0 nmethod 1304 0x000002bc1884f788 code [0x000002bc1884f880, 0x000002bc1884fe50]
Event: 0.584 Thread 0x000002bc2f97e7b0 1305       3       java.util.zip.ZipUtils::CENTIM (9 bytes)
Event: 0.584 Thread 0x000002bc2f97e7b0 nmethod 1305 0x000002bc1884fe88 code [0x000002bc1884ff80, 0x000002bc188500a8]
Event: 0.584 Thread 0x000002bc2f97e7b0 1306       3       java.util.zip.ZipUtils::CENCRC (9 bytes)
Event: 0.584 Thread 0x000002bc2f97e7b0 nmethod 1306 0x000002bc18850188 code [0x000002bc18850280, 0x000002bc188503a8]
Event: 0.584 Thread 0x000002bc2f97e7b0 1307       3       java.util.zip.ZipUtils::CENVEM_FA (9 bytes)
Event: 0.584 Thread 0x000002bc2f97e7b0 nmethod 1307 0x000002bc18850488 code [0x000002bc18850580, 0x000002bc188506f8]
Event: 0.584 Thread 0x000002bc2f97e7b0 1308       3       java.util.zip.ZipUtils::CENATX_PERMS (9 bytes)
Event: 0.584 Thread 0x000002bc2f97e7b0 nmethod 1308 0x000002bc18850788 code [0x000002bc18850880, 0x000002bc188509a8]
Event: 0.584 Thread 0x000002bc2f97e7b0 1309   !   3       java.util.zip.ZipFile::getInputStream (286 bytes)
Event: 0.585 Thread 0x000002bc2f97e7b0 nmethod 1309 0x000002bc18850a88 code [0x000002bc18850b80, 0x000002bc18851d88]
Event: 0.585 Thread 0x000002bc2f97e7b0 1310       3       java.util.zip.ZipFile$ZipFileInputStream::<init> (101 bytes)
Event: 0.585 Thread 0x000002bc2f97e7b0 nmethod 1310 0x000002bc18851e08 code [0x000002bc18851f00, 0x000002bc188525a0]
Event: 0.586 Thread 0x000002bc34fdb7b0 1311       4       java.nio.ByteOrder::nativeOrder (4 bytes)
Event: 0.586 Thread 0x000002bc34fdb7b0 nmethod 1311 0x000002bc201ab788 code [0x000002bc201ab880, 0x000002bc201ab8f0]
Event: 0.586 Thread 0x000002bc2f97a6e0 nmethod 1298 0x000002bc201aba88 code [0x000002bc201abb80, 0x000002bc201abf38]
Event: 0.587 Thread 0x000002bc2f97e7b0 1313       3       java.lang.invoke.MemberName::isCallerSensitive (8 bytes)
Event: 0.587 Thread 0x000002bc2f97e7b0 nmethod 1313 0x000002bc18852608 code [0x000002bc18852700, 0x000002bc188528c0]

GC Heap Usage History (0 events):
No events

Metaspace Usage History (0 events):
No events

Dll operation events (11 events):
Event: 0.006 Loaded shared library C:\Program Files\Java\jdk-25\bin\java.dll
Event: 0.006 Loaded shared library C:\Program Files\Java\jdk-25\bin\zip.dll
Event: 0.060 Loaded shared library C:\Program Files\Java\jdk-25\bin\instrument.dll
Event: 0.069 Loaded shared library C:\Program Files\Java\jdk-25\bin\verify.dll
Event: 0.098 Loaded shared library C:\Program Files\Java\jdk-25\bin\net.dll
Event: 0.099 Loaded shared library C:\Program Files\Java\jdk-25\bin\nio.dll
Event: 0.106 Loaded shared library C:\Program Files\Java\jdk-25\bin\zip.dll
Event: 0.159 Loaded shared library C:\Program Files\Java\jdk-25\bin\jimage.dll
Event: 0.179 Loaded shared library C:\Users\ciara\AppData\Local\Temp\lwjgl_ciara\3.3.6+1\x64\lwjgl.dll
Event: 0.419 Loaded shared library C:\Users\ciara\AppData\Local\Temp\lwjgl_ciara\3.3.6+1\x64\lwjgl_opengl.dll
Event: 0.473 Loaded shared library C:\Users\ciara\AppData\Local\Temp\imgui-java-natives\1.90.0\imgui-java64.dll

Deoptimization events (20 events):
Event: 0.238 Thread 0x000002bc0fe20580 Uncommon trap: trap_request=0xffffffc6 fr.pc=0x000002bc20188d90 relative=0x0000000000000410
Event: 0.238 Thread 0x000002bc0fe20580 Uncommon trap: reason=bimorphic_or_optimized_type_check action=maybe_recompile pc=0x000002bc20188d90 method=java.util.HashMap.getNode(Ljava/lang/Object;)Ljava/util/HashMap$Node; @ 63 c2
Event: 0.238 Thread 0x000002bc0fe20580 DEOPT PACKING pc=0x000002bc20188d90 sp=0x000000ea016fe220
Event: 0.238 Thread 0x000002bc0fe20580 DEOPT UNPACKING pc=0x000002bc1fcffb82 sp=0x000000ea016fe1a8 mode 2
Event: 0.414 Thread 0x000002bc0fe20580 Uncommon trap: trap_request=0xffffff66 fr.pc=0x000002bc20196b30 relative=0x0000000000000430
Event: 0.414 Thread 0x000002bc0fe20580 Uncommon trap: reason=loop_limit_check action=maybe_recompile pc=0x000002bc20196b30 method=java.lang.StringLatin1.indexOf([BI[BII)I @ 37 c2
Event: 0.414 Thread 0x000002bc0fe20580 DEOPT PACKING pc=0x000002bc20196b30 sp=0x000000ea016fe760
Event: 0.414 Thread 0x000002bc0fe20580 DEOPT UNPACKING pc=0x000002bc1fcffb82 sp=0x000000ea016fe6c0 mode 2
Event: 0.415 Thread 0x000002bc0fe20580 Uncommon trap: trap_request=0xffffffc6 fr.pc=0x000002bc20188d90 relative=0x0000000000000410
Event: 0.415 Thread 0x000002bc0fe20580 Uncommon trap: reason=bimorphic_or_optimized_type_check action=maybe_recompile pc=0x000002bc20188d90 method=java.util.HashMap.getNode(Ljava/lang/Object;)Ljava/util/HashMap$Node; @ 63 c2
Event: 0.415 Thread 0x000002bc0fe20580 DEOPT PACKING pc=0x000002bc20188d90 sp=0x000000ea016fe460
Event: 0.415 Thread 0x000002bc0fe20580 DEOPT UNPACKING pc=0x000002bc1fcffb82 sp=0x000000ea016fe3e8 mode 2
Event: 0.446 Thread 0x000002bc0fe20580 Uncommon trap: trap_request=0xffffffc6 fr.pc=0x000002bc20188d90 relative=0x0000000000000410
Event: 0.446 Thread 0x000002bc0fe20580 Uncommon trap: reason=bimorphic_or_optimized_type_check action=maybe_recompile pc=0x000002bc20188d90 method=java.util.HashMap.getNode(Ljava/lang/Object;)Ljava/util/HashMap$Node; @ 63 c2
Event: 0.446 Thread 0x000002bc0fe20580 DEOPT PACKING pc=0x000002bc20188d90 sp=0x000000ea016fe4e0
Event: 0.446 Thread 0x000002bc0fe20580 DEOPT UNPACKING pc=0x000002bc1fcffb82 sp=0x000000ea016fe468 mode 2
Event: 0.545 Thread 0x000002bc0fe20580 Uncommon trap: trap_request=0xffffff45 fr.pc=0x000002bc2016f55c relative=0x000000000000005c
Event: 0.545 Thread 0x000002bc0fe20580 Uncommon trap: reason=unstable_if action=reinterpret pc=0x000002bc2016f55c method=java.lang.String.isLatin1()Z @ 10 c2
Event: 0.545 Thread 0x000002bc0fe20580 DEOPT PACKING pc=0x000002bc2016f55c sp=0x000000ea016fa370
Event: 0.545 Thread 0x000002bc0fe20580 DEOPT UNPACKING pc=0x000002bc1fcffb82 sp=0x000000ea016fa310 mode 2

Classes loaded (20 events):
Event: 0.584 Loading class org/joml/Vector2ic
Event: 0.584 Loading class org/joml/Vector2ic done
Event: 0.585 Loading class org/joml/Math
Event: 0.585 Loading class org/joml/Math done
Event: 0.586 Loading class java/util/stream/IntStream$Builder
Event: 0.586 Loading class java/util/stream/IntStream$Builder done
Event: 0.586 Loading class java/util/stream/Streams$RangeIntSpliterator
Event: 0.586 Loading class java/util/stream/Streams$RangeIntSpliterator done
Event: 0.586 Loading class java/util/stream/IntPipeline$Head
Event: 0.586 Loading class java/util/stream/IntPipeline
Event: 0.586 Loading class java/util/stream/IntPipeline done
Event: 0.586 Loading class java/util/stream/IntPipeline$Head done
Event: 28.693 Loading class org/lwjgl/opengl/GL33
Event: 28.693 Loading class org/lwjgl/opengl/GL33 done
Event: 28.694 Loading class org/lwjgl/opengl/GL33C
Event: 28.694 Loading class org/lwjgl/opengl/GL33C done
Event: 28.695 Loading class org/lwjgl/opengl/GL32C
Event: 28.695 Loading class org/lwjgl/opengl/GL32C done
Event: 28.696 Loading class org/lwjgl/opengl/GL31C
Event: 28.696 Loading class org/lwjgl/opengl/GL31C done

Classes unloaded (0 events):
No events

Classes redefined (1 events):
Event: 0.078 Thread 0x000002bc2f95a0f0 redefined class name=java.lang.Throwable, count=1

Internal exceptions (20 events):
Event: 0.182 Thread 0x000002bc0fe20580 Exception <a 'sun/nio/fs/WindowsException'{0x000000071002cd38}> (0x000000071002cd38) 
thrown [s\open\src\hotspot\share\prims\jni.cpp, line 516]
Event: 0.218 Thread 0x000002bc0fe20580 Exception <a 'java/lang/NoSuchMethodError'{0x00000007101f6d50}: 'int java.lang.invoke.DirectMethodHandle$Holder.invokeStaticInit(java.lang.Object, java.lang.Object, int, long)'> (0x00000007101f6d50) 
thrown [s\open\src\hotspot\share\interpreter\linkResolver.cpp, line 804]
Event: 0.218 Thread 0x000002bc0fe20580 Exception <a 'java/lang/NoSuchMethodError'{0x000000070fe063a8}: 'java.lang.Object java.lang.invoke.DirectMethodHandle$Holder.newInvokeSpecial(java.lang.Object, java.lang.Object, int)'> (0x000000070fe063a8) 
thrown [s\open\src\hotspot\share\interpreter\linkResolver.cpp, line 804]
Event: 0.228 Thread 0x000002bc0fe20580 Exception <a 'java/lang/NoSuchMethodError'{0x000000070fe9d620}: 'int java.lang.invoke.DirectMethodHandle$Holder.invokeStaticInit(java.lang.Object, java.lang.Object, long, long)'> (0x000000070fe9d620) 
thrown [s\open\src\hotspot\share\interpreter\linkResolver.cpp, line 804]
Event: 0.229 Thread 0x000002bc0fe20580 Exception <a 'java/lang/NoSuchMethodError'{0x000000070feaca50}: 'java.lang.Object java.lang.invoke.DirectMethodHandle$Holder.newInvokeSpecial(java.lang.Object, java.lang.Object, long)'> (0x000000070feaca50) 
thrown [s\open\src\hotspot\share\interpreter\linkResolver.cpp, line 804]
Event: 0.229 Thread 0x000002bc0fe20580 Exception <a 'java/lang/NoSuchMethodError'{0x000000070feb57e0}: 'java.lang.Object java.lang.invoke.Invokers$Holder.linkToTargetMethod(java.lang.Object, long, java.lang.Object)'> (0x000000070feb57e0) 
thrown [s\open\src\hotspot\share\interpreter\linkResolver.cpp, line 804]
Event: 0.230 Thread 0x000002bc0fe20580 Exception <a 'java/lang/NoSuchMethodError'{0x000000070fec5e78}: 'int java.lang.invoke.DirectMethodHandle$Holder.invokeStaticInit(java.lang.Object, java.lang.Object, java.lang.Object, long)'> (0x000000070fec5e78) 
thrown [s\open\src\hotspot\share\interpreter\linkResolver.cpp, line 804]
Event: 0.240 Thread 0x000002bc0fe20580 Exception <a 'sun/nio/fs/WindowsException'{0x000000070ff84658}> (0x000000070ff84658) 
thrown [s\open\src\hotspot\share\prims\jni.cpp, line 516]
Event: 0.240 Thread 0x000002bc0fe20580 Exception <a 'sun/nio/fs/WindowsException'{0x000000070ff849d8}> (0x000000070ff849d8) 
thrown [s\open\src\hotspot\share\prims\jni.cpp, line 516]
Event: 0.244 Thread 0x000002bc0fe20580 Exception <a 'java/lang/NoSuchMethodError'{0x000000070ff99d48}: 'int java.lang.invoke.Invokers$Holder.invokeExact_MT(java.lang.Object, java.lang.Object)'> (0x000000070ff99d48) 
thrown [s\open\src\hotspot\share\interpreter\linkResolver.cpp, line 804]
Event: 0.397 Thread 0x000002bc0fe20580 Exception <a 'java/lang/NoSuchMethodError'{0x000000070fffdc80}: 'void java.lang.invoke.DirectMethodHandle$Holder.invokeStaticInit(java.lang.Object, long, double, double)'> (0x000000070fffdc80) 
thrown [s\open\src\hotspot\share\interpreter\linkResolver.cpp, line 804]
Event: 0.398 Thread 0x000002bc0fe20580 Exception <a 'java/lang/NoSuchMethodError'{0x000000070fc17080}: 'void java.lang.invoke.DirectMethodHandle$Holder.invokeStaticInit(java.lang.Object, long, int, int, int)'> (0x000000070fc17080) 
thrown [s\open\src\hotspot\share\interpreter\linkResolver.cpp, line 804]
Event: 0.400 Thread 0x000002bc0fe20580 Exception <a 'java/lang/NoSuchMethodError'{0x000000070fc39650}: 'void java.lang.invoke.DirectMethodHandle$Holder.invokeStaticInit(java.lang.Object, long, int, int, int, int)'> (0x000000070fc39650) 
thrown [s\open\src\hotspot\share\interpreter\linkResolver.cpp, line 804]
Event: 0.413 Thread 0x000002bc0fe20580 Exception <a 'java/lang/NoSuchMethodError'{0x000000070fc642b8}: 'void java.lang.System.load(java.lang.String, java.lang.Class)'> (0x000000070fc642b8) 
thrown [s\open\src\hotspot\share\interpreter\linkResolver.cpp, line 804]
Event: 0.414 Thread 0x000002bc0fe20580 Exception <a 'java/lang/NoSuchMethodError'{0x000000070fc6c0b8}: 'void java.lang.System.loadLibrary(java.lang.String, java.lang.Class)'> (0x000000070fc6c0b8) 
thrown [s\open\src\hotspot\share\interpreter\linkResolver.cpp, line 804]
Event: 0.417 Thread 0x000002bc0fe20580 Exception <a 'sun/nio/fs/WindowsException'{0x000000070fc7fd38}> (0x000000070fc7fd38) 
thrown [s\open\src\hotspot\share\prims\jni.cpp, line 516]
Event: 0.418 Thread 0x000002bc0fe20580 Exception <a 'sun/nio/fs/WindowsException'{0x000000070fc800f8}> (0x000000070fc800f8) 
thrown [s\open\src\hotspot\share\prims\jni.cpp, line 516]
Event: 0.421 Thread 0x000002bc0fe20580 Exception <a 'sun/nio/fs/WindowsException'{0x000000070fc89980}> (0x000000070fc89980) 
thrown [s\open\src\hotspot\share\prims\jni.cpp, line 516]
Event: 0.421 Thread 0x000002bc0fe20580 Exception <a 'sun/nio/fs/WindowsException'{0x000000070fc89c70}> (0x000000070fc89c70) 
thrown [s\open\src\hotspot\share\prims\jni.cpp, line 516]
Event: 0.587 Thread 0x000002bc0fe20580 Exception <a 'java/lang/NoSuchMethodError'{0x000000070f2b7458}: 'void java.lang.invoke.DirectMethodHandle$Holder.invokeStatic(java.lang.Object, java.lang.Object, int)'> (0x000000070f2b7458) 
thrown [s\open\src\hotspot\share\interpreter\linkResolver.cpp, line 804]

VM Operations (20 events):
Event: 27.712 Executing safepoint VM operation: get/set locals
Event: 27.712 Executing safepoint VM operation: get/set locals done
Event: 28.214 Executing safepoint VM operation: ChangeSingleStep
Event: 28.214 Executing safepoint VM operation: ChangeSingleStep done
Event: 28.214 Executing safepoint VM operation: ChangeSingleStep
Event: 28.214 Executing safepoint VM operation: ChangeSingleStep done
Event: 28.214 Executing safepoint VM operation: ChangeSingleStep
Event: 28.214 Executing safepoint VM operation: ChangeSingleStep done
Event: 28.214 Executing safepoint VM operation: ChangeSingleStep
Event: 28.214 Executing safepoint VM operation: ChangeSingleStep done
Event: 28.217 Executing safepoint VM operation: get/set locals
Event: 28.217 Executing safepoint VM operation: get/set locals done
Event: 28.692 Executing safepoint VM operation: ChangeSingleStep
Event: 28.692 Executing safepoint VM operation: ChangeSingleStep done
Event: 28.692 Executing safepoint VM operation: ChangeSingleStep
Event: 28.692 Executing safepoint VM operation: ChangeSingleStep done
Event: 28.692 Executing safepoint VM operation: ChangeSingleStep
Event: 28.692 Executing safepoint VM operation: ChangeSingleStep done
Event: 28.692 Executing safepoint VM operation: ChangeSingleStep
Event: 28.692 Executing safepoint VM operation: ChangeSingleStep done

Memory protections (0 events):
No events

Nmethod flushes (0 events):
No events

Events (17 events):
Event: 0.014 Thread 0x000002bc0fe20580 Thread added: 0x000002bc0fe20580
Event: 0.020 Thread 0x000002bc0fe20580 Thread added: 0x000002bc2f968460
Event: 0.020 Thread 0x000002bc0fe20580 Thread added: 0x000002bc2f96aed0
Event: 0.020 Thread 0x000002bc0fe20580 Thread added: 0x000002bc2f96dd40
Event: 0.020 Thread 0x000002bc0fe20580 Thread added: 0x000002bc2f970060
Event: 0.020 Thread 0x000002bc0fe20580 Thread added: 0x000002bc2f970c20
Event: 0.020 Thread 0x000002bc0fe20580 Thread added: 0x000002bc2f9717e0
Event: 0.020 Thread 0x000002bc0fe20580 Thread added: 0x000002bc2f97a6e0
Event: 0.020 Thread 0x000002bc0fe20580 Thread added: 0x000002bc2f97e7b0
Event: 0.053 Thread 0x000002bc0fe20580 Thread added: 0x000002bc2fb92e00
Event: 0.053 Thread 0x000002bc0fe20580 Thread added: 0x000002bc2fbb2910
Event: 0.053 Thread 0x000002bc2fb92e00 Thread added: 0x000002bc2fbb7320
Event: 0.066 Thread 0x000002bc0fe20580 Thread added: 0x000002bc2fb7fb90
Event: 0.079 Thread 0x000002bc0fe20580 Thread added: 0x000002bc2fcae9f0
Event: 0.081 Thread 0x000002bc0fe20580 Thread added: 0x000002bc2fda7980
Event: 0.524 Thread 0x000002bc2f97a6e0 Thread added: 0x000002bc34fdb7b0
Event: 5.586 Thread 0x000002bc34fdb7b0 Thread exited: 0x000002bc34fdb7b0


Dynamic libraries:
0x00007ff679810000 - 0x00007ff679820000 	C:\Program Files\Java\jdk-25\bin\java.exe
0x00007ffaf5770000 - 0x00007ffaf5968000 	C:\WINDOWS\SYSTEM32\ntdll.dll
0x00007ffaf4ab0000 - 0x00007ffaf4b72000 	C:\WINDOWS\System32\KERNEL32.DLL
0x00007ffaf32c0000 - 0x00007ffaf35b6000 	C:\WINDOWS\System32\KERNELBASE.dll
0x00007ffaf3130000 - 0x00007ffaf3230000 	C:\WINDOWS\System32\ucrtbase.dll
0x00007ffac7450000 - 0x00007ffac7467000 	C:\Program Files\Java\jdk-25\bin\jli.dll
0x00007ffac67c0000 - 0x00007ffac67de000 	C:\Program Files\Java\jdk-25\bin\VCRUNTIME140.dll
0x00007ffaf4290000 - 0x00007ffaf4431000 	C:\WINDOWS\System32\USER32.dll
0x00007ffaf35c0000 - 0x00007ffaf35e2000 	C:\WINDOWS\System32\win32u.dll
0x00007ffae6dc0000 - 0x00007ffae705b000 	C:\WINDOWS\WinSxS\amd64_microsoft.windows.common-controls_6595b64144ccf1df_6.0.19041.6456_none_60b8a6cb71f64256\COMCTL32.dll
0x00007ffaf3a00000 - 0x00007ffaf3a2b000 	C:\WINDOWS\System32\GDI32.dll
0x00007ffaf3a30000 - 0x00007ffaf3ace000 	C:\WINDOWS\System32\msvcrt.dll
0x00007ffaf2e00000 - 0x00007ffaf2f19000 	C:\WINDOWS\System32\gdi32full.dll
0x00007ffaf3670000 - 0x00007ffaf370d000 	C:\WINDOWS\System32\msvcp_win.dll
0x00007ffaf3bf0000 - 0x00007ffaf3c1f000 	C:\WINDOWS\System32\IMM32.DLL
0x00007ffacbc40000 - 0x00007ffacbc4c000 	C:\Program Files\Java\jdk-25\bin\vcruntime140_1.dll
0x00007ffab1ad0000 - 0x00007ffab1b5d000 	C:\Program Files\Java\jdk-25\bin\msvcp140.dll
0x00007ffa43650000 - 0x00007ffa444af000 	C:\Program Files\Java\jdk-25\bin\server\jvm.dll
0x00007ffaf4450000 - 0x00007ffaf4501000 	C:\WINDOWS\System32\ADVAPI32.dll
0x00007ffaf4a10000 - 0x00007ffaf4aaf000 	C:\WINDOWS\System32\sechost.dll
0x00007ffaf3790000 - 0x00007ffaf38b0000 	C:\WINDOWS\System32\RPCRT4.dll
0x00007ffaf3710000 - 0x00007ffaf3737000 	C:\WINDOWS\System32\bcrypt.dll
0x00007ffaf56c0000 - 0x00007ffaf572b000 	C:\WINDOWS\System32\WS2_32.dll
0x00007ffaf2390000 - 0x00007ffaf23db000 	C:\WINDOWS\SYSTEM32\POWRPROF.dll
0x00007ffae8e90000 - 0x00007ffae8eb7000 	C:\WINDOWS\SYSTEM32\WINMM.dll
0x00007ffaece90000 - 0x00007ffaece9a000 	C:\WINDOWS\SYSTEM32\VERSION.dll
0x00007ffaf2200000 - 0x00007ffaf2212000 	C:\WINDOWS\SYSTEM32\UMPDC.dll
0x00007ffaf0c90000 - 0x00007ffaf0ca2000 	C:\WINDOWS\SYSTEM32\kernel.appcore.dll
0x00007ffac78a0000 - 0x00007ffac78aa000 	C:\Program Files\Java\jdk-25\bin\jimage.dll
0x00007ffae8530000 - 0x00007ffae8731000 	C:\WINDOWS\SYSTEM32\DBGHELP.DLL
0x00007ffaddeb0000 - 0x00007ffaddee4000 	C:\WINDOWS\SYSTEM32\dbgcore.DLL
0x00007ffaf3230000 - 0x00007ffaf32b2000 	C:\WINDOWS\System32\bcryptPrimitives.dll
0x00007ffac1e90000 - 0x00007ffac1ecd000 	C:\Program Files\Java\jdk-25\bin\jdwp.dll
0x00007ffac5270000 - 0x00007ffac5280000 	C:\Program Files\Java\jdk-25\bin\instrument.dll
0x00007ffac1f80000 - 0x00007ffac1f9f000 	C:\Program Files\Java\jdk-25\bin\java.dll
0x00007ffaf53c0000 - 0x00007ffaf54eb000 	C:\WINDOWS\System32\ole32.dll
0x00007ffaf45c0000 - 0x00007ffaf4914000 	C:\WINDOWS\System32\combase.dll
0x00007ffaf4b90000 - 0x00007ffaf5300000 	C:\WINDOWS\System32\SHELL32.dll
0x00007ffac18f0000 - 0x00007ffac1907000 	C:\Program Files\Java\jdk-25\bin\zip.dll
0x00007ffaf0e90000 - 0x00007ffaf1635000 	C:\WINDOWS\SYSTEM32\windows.storage.dll
0x00007ffaf2830000 - 0x00007ffaf285b000 	C:\WINDOWS\SYSTEM32\Wldp.dll
0x00007ffaf3930000 - 0x00007ffaf39fd000 	C:\WINDOWS\System32\OLEAUT32.dll
0x00007ffaf41e0000 - 0x00007ffaf428d000 	C:\WINDOWS\System32\SHCORE.dll
0x00007ffaf5300000 - 0x00007ffaf535b000 	C:\WINDOWS\System32\shlwapi.dll
0x00007ffaf2d30000 - 0x00007ffaf2d54000 	C:\WINDOWS\SYSTEM32\profapi.dll
0x00007ffac4690000 - 0x00007ffac469c000 	C:\Program Files\Java\jdk-25\bin\dt_socket.dll
0x00007ffaf2220000 - 0x00007ffaf225b000 	C:\WINDOWS\SYSTEM32\IPHLPAPI.DLL
0x00007ffaf2590000 - 0x00007ffaf25fa000 	C:\WINDOWS\system32\mswsock.dll
0x00007ffac4190000 - 0x00007ffac41a0000 	C:\Program Files\Java\jdk-25\bin\verify.dll
0x00007ffabbf90000 - 0x00007ffabbfa2000 	C:\Program Files\Java\jdk-25\bin\net.dll
0x00007ffabbf70000 - 0x00007ffabbf86000 	C:\Program Files\Java\jdk-25\bin\nio.dll
0x00007ffab1a50000 - 0x00007ffab1ace000 	C:\Users\ciara\AppData\Local\Temp\lwjgl_ciara\3.3.6+1\x64\lwjgl.dll
0x00007ffab19c0000 - 0x00007ffab1a49000 	C:\Users\ciara\AppData\Local\Temp\lwjgl_ciara\3.3.6+1\x64\glfw.dll
0x00007ffac4640000 - 0x00007ffac4685000 	C:\WINDOWS\SYSTEM32\dinput8.dll
0x00007ffaa1340000 - 0x00007ffaa1351000 	C:\WINDOWS\SYSTEM32\xinput1_4.dll
0x00007ffaf3740000 - 0x00007ffaf378e000 	C:\WINDOWS\System32\cfgmgr32.dll
0x00007ffaf2b90000 - 0x00007ffaf2bc3000 	C:\WINDOWS\SYSTEM32\DEVOBJ.dll
0x00007ffaf0ab0000 - 0x00007ffaf0ade000 	C:\WINDOWS\SYSTEM32\dwmapi.dll
0x00007ffad09a0000 - 0x00007ffad0af2000 	C:\WINDOWS\SYSTEM32\inputhost.dll
0x00007ffaf01c0000 - 0x00007ffaf02b4000 	C:\WINDOWS\SYSTEM32\PROPSYS.dll
0x00007ffaef0d0000 - 0x00007ffaef1c2000 	C:\WINDOWS\SYSTEM32\CoreMessaging.dll
0x00007ffaef960000 - 0x00007ffaefab7000 	C:\WINDOWS\SYSTEM32\wintypes.dll
0x00007ffaeec70000 - 0x00007ffaeefcb000 	C:\WINDOWS\SYSTEM32\CoreUIComponents.dll
0x00007ffaf2090000 - 0x00007ffaf20c3000 	C:\WINDOWS\SYSTEM32\ntmarta.dll
0x00007ffaf0700000 - 0x00007ffaf079e000 	C:\WINDOWS\system32\uxtheme.dll
0x00007ffaf3ad0000 - 0x00007ffaf3be5000 	C:\WINDOWS\System32\MSCTF.dll
0x00007ffa84dd0000 - 0x00007ffa84ef8000 	C:\WINDOWS\SYSTEM32\opengl32.dll
0x00007ffa89aa0000 - 0x00007ffa89acc000 	C:\WINDOWS\SYSTEM32\GLU32.dll
0x00007ffaf4510000 - 0x00007ffaf45b9000 	C:\WINDOWS\System32\clbcatq.dll
0x00007ffa49a70000 - 0x00007ffa4c3c3000 	C:\WINDOWS\System32\DriverStore\FileRepository\nv_dispi.inf_amd64_d471cab2f241c3c2\nvoglv64.dll
0x00007ffaf3d00000 - 0x00007ffaf4170000 	C:\WINDOWS\System32\SETUPAPI.dll
0x00007ffaef280000 - 0x00007ffaef294000 	C:\WINDOWS\SYSTEM32\WTSAPI32.dll
0x00007ffaf29c0000 - 0x00007ffaf29d2000 	C:\WINDOWS\SYSTEM32\msasn1.dll
0x00007ffaec620000 - 0x00007ffaec651000 	C:\WINDOWS\SYSTEM32\cryptnet.dll
0x00007ffaf2f20000 - 0x00007ffaf307d000 	C:\WINDOWS\System32\CRYPT32.dll
0x00007ffaf27a0000 - 0x00007ffaf27ac000 	C:\WINDOWS\SYSTEM32\cryptbase.dll
0x00007ffaec920000 - 0x00007ffaeca67000 	C:\WINDOWS\SYSTEM32\drvstore.dll
0x00007ffaf35f0000 - 0x00007ffaf3663000 	C:\WINDOWS\System32\WINTRUST.dll
0x00007ffaf56a0000 - 0x00007ffaf56bd000 	C:\WINDOWS\System32\imagehlp.dll
0x00007ffaf2780000 - 0x00007ffaf2798000 	C:\WINDOWS\SYSTEM32\CRYPTSP.dll
0x00007ffaf1e40000 - 0x00007ffaf1e78000 	C:\WINDOWS\system32\rsaenh.dll
0x00007ffadf780000 - 0x00007ffae3514000 	C:\WINDOWS\System32\DriverStore\FileRepository\nv_dispi.inf_amd64_d471cab2f241c3c2\nvgpucomp64.dll
0x00007ffae84f0000 - 0x00007ffae852b000 	C:\WINDOWS\SYSTEM32\dxcore.dll
0x00007ffa6fd50000 - 0x00007ffa6fe97000 	C:\WINDOWS\system32\nvspcap64.dll
0x00007ffaf1ab0000 - 0x00007ffaf1b13000 	C:\WINDOWS\SYSTEM32\WINSTA.dll
0x00007ffad4900000 - 0x00007ffad49f9000 	C:\WINDOWS\SYSTEM32\textinputframework.dll
0x00007ffabbdf0000 - 0x00007ffabbe4d000 	C:\Users\ciara\AppData\Local\Temp\lwjgl_ciara\3.3.6+1\x64\lwjgl_opengl.dll
0x00007ffa407b0000 - 0x00007ffa40fb7000 	C:\Users\ciara\AppData\Local\Temp\imgui-java-natives\1.90.0\imgui-java64.dll

JVMTI agents:
jdwp path:C:\Program Files\Java\jdk-25\bin\jdwp.dll, loaded, initialized, options:transport=dt_socket,server=n,suspend=y,address=127.0.0.1:60078
C:\Users\ciara\AppData\Local\JetBrains\IntelliJIdea2025.2\captureAgent\debugger-agent.jar path:C:\Program Files\Java\jdk-25\bin\instrument.dll, loaded, initialized, instrumentlib options:file:///C:/Users/ciara/AppData/Local/Temp/capture12777109813002656682.props

dbghelp: loaded successfully - version: 4.0.5 - missing functions: none
symbol engine: initialized successfully - sym options: 0x614 - pdb path: .;C:\Program Files\Java\jdk-25\bin;C:\WINDOWS\SYSTEM32;C:\WINDOWS\WinSxS\amd64_microsoft.windows.common-controls_6595b64144ccf1df_6.0.19041.6456_none_60b8a6cb71f64256;C:\Program Files\Java\jdk-25\bin\server;C:\Users\ciara\AppData\Local\Temp\lwjgl_ciara\3.3.6+1\x64;C:\WINDOWS\System32\DriverStore\FileRepository\nv_dispi.inf_amd64_d471cab2f241c3c2;C:\Users\ciara\AppData\Local\Temp\imgui-java-natives\1.90.0

VM Arguments:
jvm_args: -Ddebugger.agent.enable.coroutines=true -Dkotlinx.coroutines.debug.enable.creation.stack.trace=false -Dkotlinx.coroutines.debug.enable.flows.stack.trace=true -Dkotlinx.coroutines.debug.enable.mutable.state.flows.stack.trace=true --enable-native-access=ALL-UNNAMED --add-opens=java.base/sun.misc=ALL-UNNAMED --add-opens=java.base/java.nio=ALL-UNNAMED --enable-preview --enable-preview -agentlib:jdwp=transport=dt_socket,server=n,suspend=y,address=127.0.0.1:60078 -javaagent:C:\Users\ciara\AppData\Local\JetBrains\IntelliJIdea2025.2\captureAgent\debugger-agent.jar=file:///C:/Users/ciara/AppData/Local/Temp/capture12777109813002656682.props -Dfile.encoding=UTF-8 -Duser.country=IE -Duser.language=en -Duser.variant -ea 
java_command: Main java.library.path=libs
java_class_path (initial): C:\Users\ciara\Desktop\Code\College Work\Year 4\FYP\PrototypeEngine\build\classes\java\main;C:\Users\ciara\Desktop\Code\College Work\Year 4\FYP\PrototypeEngine\build\resources\main;C:\Users\ciara\Desktop\Code\College Work\Year 4\FYP\PrototypeEngine\libs\imgui-app-1.90.0.jar;C:\Users\ciara\Desktop\Code\College Work\Year 4\FYP\PrototypeEngine\libs\imgui-binding-1.90.0.jar;C:\Users\ciara\Desktop\Code\College Work\Year 4\FYP\PrototypeEngine\libs\imgui-lwjgl3-1.90.0.jar;C:\Users\ciara\.gradle\caches\modules-2\files-2.1\org.lwjgl\lwjgl-assimp\3.3.6\931a8de55dd5ee546689119c85ed4d4af7fa68f2\lwjgl-assimp-3.3.6.jar;C:\Users\ciara\.gradle\caches\modules-2\files-2.1\org.lwjgl\lwjgl-assimp\3.3.6\486fa1e2db9fc903a0cab984604cef1a895b0e28\lwjgl-assimp-3.3.6-natives-windows.jar;C:\Users\ciara\.gradle\caches\modules-2\files-2.1\org.lwjgl\lwjgl-glfw\3.3.6\7119f7d0eeb1e5502ff0ca71d2b4d47317da015\lwjgl-glfw-3.3.6.jar;C:\Users\ciara\.gradle\caches\modules-2\files-2.1\org.lwjgl\lwjgl-glfw\3.3.6\99ef08056feb9627f90425a4d2a22cd9fae8e39b\lwjgl-glfw-3.3.6-natives-windows.jar;C:\Users\ciara\.gradle\caches\modules-2\files-2.1\org.lwjgl\lwjgl-openal\3.3.6\ad313317ff399fd2a7f4dd74716a68cf3976c6ad\lwjgl-openal-3.3.6.jar;C:\Users\ciara\.gradle\caches\modules-2\files-2.1\org.lwjgl\lwjgl-openal\3.3.6\9c2b9b660e085bb0b47a4453dc0e26f24a5475e4\lwjgl-openal-3.3.6-natives-windows.jar;C:\Users\ciara\.gradle\caches\modules-2\files-2.1\org.lwjgl\lwjgl-opengl\3.3.6\ac2532612a4df374e9a9282bcf8ce2573018ebbb\lwjgl-opengl-3.3.6.jar;C:\Users\ciara\.gradle\caches\modules-2\files-2.1\org.lwjgl\lwjgl-opengl\3.3.6\18dc639ebc94aa5202c2157f7490d28997b697c5\lwjgl-opengl-3.3.6-natives-windows.jar;C:\Users\ciara\.gradle\caches\modules-2\files-2.1\org.lwjgl\lwjgl-stb\3.3.6\e2d3739dcfe7b672b626ded66d94f6587083306e\lwjgl-stb-3.3.6.jar;C:\Users\ciara\.gradle\caches\modules-2\files-2.1\org.lwjgl\lwjgl-stb\3.3.6\334cf885b39e2db9070c39e70e65efb136435f10\lwjgl-stb-3.3.6-natives-windows.jar;C:\Users\ciara\.gradle\caches\modules-2\files-2.1\org.lwjgl\lwjgl\3.3.6\ce7721d30cfaf47feaed10213e0c43eb55c49d68\lwjgl-3.3.6.jar;C:\Users\ciara\.gradle\caches\modules-2\files-2.1\org.lwjgl\lwjgl\3.3.6\9a29b6a22fc5184604b8cb434ee5d5ecc4bfcbee\lwjgl-3.3.6-natives-windows.jar;C:\Users\ciara\.gradle\caches\modules-2\files-2.1\org.joml\joml\1.10.8\fc0a71dad90a2cf41d82a76156a0e700af8e4f8d\joml-1.10.8.jar;C:\Users\ciara\.gradle\caches\modules-2\files-2.1\com.code-disaster.steamworks4j\steamworks4j\1.9.0\d69b7f7540745a8d569a5400554e34d42e035da8\steamworks4j-1.9.0.jar;C:\Users\ciara\.gradle\caches\modules-2\files-2.1\org.jetbrains.kotlin\kotlin-stdlib-jdk8\1.8.20\73576ddf378c5b4f1f6b449fe6b119b8183fc078\kotlin-stdlib-jdk8-1.8.20.jar;C:\Users\ciara\.gradle\caches\modules-2\files-2.1\org.jetbrains.kotlin\kotlin-stdlib-jdk7\1.8.20\3aa51faf20aae8b31e1a4bc54f8370673d7b7df4\kotlin-stdlib-jdk7-1.8.20.jar;C:\Users\ciara\.gradle\caches\modules-2\files-2.1\org.jetbrains.kotlin\kotlin-stdlib\1.8.20\e72fc5e03ec6c064c678a6bd0d955c88d55b0c4a\kotlin-stdlib-1.8.20.jar;C:\Users\ciara\.gradle\caches\modules-2\files-2.1\org.jetbrains.kotlin\kotlin-stdlib-common\1.8.20\5eddaaf234c8c49d03eebeb6a14feb7f90faca71\kotlin-stdlib-common-1.8.20.jar;C:\Users\ciara\.gradle\caches\modules-2\files-2.1\org.jetbrains\annotations\13.0\919f0dfe192fb4e063e7dacadee7f8bb9a2672a9\annotations-13.0.jar
Launcher Type: SUN_STANDARD

[Global flags]
     intx CICompilerCount                          = 4                                         {product} {ergonomic}
     uint ConcGCThreads                            = 3                                         {product} {ergonomic}
     uint G1ConcRefinementThreads                  = 10                                        {product} {ergonomic}
   size_t G1HeapRegionSize                         = 2097152                                   {product} {ergonomic}
   size_t InitialHeapSize                          = 268435456                                 {product} {ergonomic}
   size_t MarkStackSize                            = 4194304                                   {product} {ergonomic}
   size_t MarkStackSizeMax                         = 536870912                                 {product} {ergonomic}
   size_t MaxHeapSize                              = 4282384384                                {product} {ergonomic}
   size_t MaxNewSize                               = 2569011200                                {product} {ergonomic}
   size_t MinHeapDeltaBytes                        = 2097152                                   {product} {ergonomic}
   size_t MinHeapSize                              = 8388608                                   {product} {ergonomic}
    uintx NonNMethodCodeHeapSize                   = 5832704                                {pd product} {ergonomic}
    uintx NonProfiledCodeHeapSize                  = 122945536                              {pd product} {ergonomic}
    uintx ProfiledCodeHeapSize                     = 122880000                              {pd product} {ergonomic}
    uintx ReservedCodeCacheSize                    = 251658240                              {pd product} {ergonomic}
     bool SegmentedCodeCache                       = true                                      {product} {ergonomic}
   size_t SoftMaxHeapSize                          = 4282384384                             {manageable} {ergonomic}
     bool UseCompressedOops                        = true                           {product lp64_product} {ergonomic}
     bool UseG1GC                                  = true                                      {product} {ergonomic}
     bool UseLargePagesIndividualAllocation        = false                                  {pd product} {ergonomic}

Logging:
Log output configuration:
 #0: stdout all=warning uptime,level,tags foldmultilines=false
 #1: stderr all=off uptime,level,tags foldmultilines=false

Release file:
IMPLEMENTOR="Oracle Corporation" 
JAVA_RUNTIME_VERSION="25.0.1+8-LTS-27" 
JAVA_VERSION="25.0.1" 
JAVA_VERSION_DATE="2025-10-21" 
LIBC="default" 
MODULES="java.base java.compiler java.datatransfer java.xml java.prefs java.desktop java.instrument java.logging java.management java.security.sasl java.naming java.rmi java.management.rmi java.net.http java.scripting java.security.jgss java.transaction.xa java.sql java.sql.rowset java.xml.crypto java.se java.smartcardio jdk.accessibility jdk.internal.jvmstat jdk.attach jdk.charsets jdk.internal.opt jdk.zipfs jdk.compiler jdk.crypto.cryptoki jdk.crypto.ec jdk.crypto.mscapi jdk.dynalink jdk.internal.ed jdk.editpad jdk.internal.vm.ci jdk.graal.compiler jdk.graal.compiler.management jdk.hotspot.agent jdk.httpserver jdk.incubator.vector jdk.internal.le jdk.internal.md jdk.jartool jdk.javadoc jdk.jcmd jdk.management jdk.management.agent jdk.jconsole jdk.jdeps jdk.jdwp.agent jdk.jdi jdk.jfr jdk.jlink jdk.jpackage jdk.jshell jdk.jsobject jdk.jstatd jdk.localedata jdk.management.jfr jdk.naming.dns jdk.naming.rmi jdk.net jdk.nio.mapmode jdk.sctp jdk.security.auth jdk.security.jgss jdk.unsupported jdk.unsupported.desktop jdk.xml.dom" 
OS_ARCH="x86_64" 
OS_NAME="Windows" 
SOURCE=".:git:862c85bc42b7 open:git:78770bfaefd2" 

Environment Variables:
PATH=C:\Program Files\Common Files\Oracle\Java\javapath;C:\WINDOWS\system32;C:\WINDOWS;C:\WINDOWS\System32\Wbem;C:\WINDOWS\System32\WindowsPowerShell\v1.0\;C:\WINDOWS\System32\OpenSSH\;C:\Program Files\NVIDIA Corporation\NVIDIA App\NvDLISR;C:\Program Files (x86)\NVIDIA Corporation\PhysX\Common;C:\Program Files\Git\cmd;C:\Users\ciara\AppData\Local\Android\Sdk\platform-tools;C:\Program Files\ytDLP;C:\Users\ciara\AppData\Local\Muse Hub\lib;C:\Users\ciara\AppData\Local\Microsoft\WindowsApps;C:\Users\ciara\AppData\Local\Programs\Microsoft VS Code\bin;C:\Users\ciara\AppData\Local\Python\bin
USERNAME=ciara
OS=Windows_NT
PROCESSOR_IDENTIFIER=AMD64 Family 25 Model 33 Stepping 0, AuthenticAMD
TMP=C:\Users\ciara\AppData\Local\Temp
TEMP=C:\Users\ciara\AppData\Local\Temp




Compilation memory statistics disabled.

Periodic native trim disabled

---------------  S Y S T E M  ---------------

OS:
 Windows 10 , 64 bit Build 19041 (10.0.19041.5915)
OS uptime: 0 days 20:40 hours

CPU: total 12 (initial active 12) (12 cores per cpu, 2 threads per core) family 25 model 33 stepping 0 microcode 0x0, cx8, cmov, fxsr, ht, mmx, 3dnowpref, sse, sse2, sse3, ssse3, sse4a, sse4.1, sse4.2, popcnt, lzcnt, tsc, tscinvbit, avx, avx2, aes, erms, clmul, bmi1, bmi2, adx, sha, fma, vzeroupper, clflush, clflushopt, clwb, rdtscp, rdpid, fsrm, f16c, pku, cet_ss
Processor Information for the first 12 processors :
  Max Mhz: 3701, Current Mhz: 3701, Mhz Limit: 3701

Memory: 4k page, system-wide physical 16330M (5200M free)
TotalPageFile size 23242M (AvailPageFile size 6207M)
current process WorkingSet (physical memory assigned to process): 148M, peak: 153M
current process commit charge ("private bytes"): 501M, peak: 507M

vm_info: Java HotSpot(TM) 64-Bit Server VM (25.0.1+8-LTS-27) for windows-amd64 JRE (25.0.1+8-LTS-27), built on 2025-09-25T16:41:16Z with unknown MS VC++:1943

END.
