#
# A fatal error has been detected by the Java Runtime Environment:
#
#  EXCEPTION_ACCESS_VIOLATION (0xc0000005) at pc=0x00007ff95ecd2827, pid=22752, tid=22624
#
# JRE version: Java(TM) SE Runtime Environment (25.0.1+8) (build 25.0.1+8-LTS-27)
# Java VM: Java HotSpot(TM) 64-Bit Server VM (25.0.1+8-LTS-27, mixed mode, sharing, tiered, compressed oops, compressed class ptrs, g1 gc, windows-amd64)
# Problematic frame:
# C  [imgui-java64.dll+0x52827]
#
# No core dump will be written. Minidumps are not enabled by default on client versions of Windows
#
# If you would like to submit a bug report, please visit:
#   https://bugreport.java.com/bugreport/crash.jsp
# The crash happened outside the Java Virtual Machine in native code.
# See problematic frame for where to report the bug.
#

---------------  S U M M A R Y ------------

Command Line: -Ddebugger.agent.enable.coroutines=true -Dkotlinx.coroutines.debug.enable.creation.stack.trace=false -Dkotlinx.coroutines.debug.enable.flows.stack.trace=true -Dkotlinx.coroutines.debug.enable.mutable.state.flows.stack.trace=true --enable-native-access=ALL-UNNAMED --add-opens=java.base/sun.misc=ALL-UNNAMED --add-opens=java.base/java.nio=ALL-UNNAMED --enable-preview --enable-preview -agentlib:jdwp=transport=dt_socket,server=n,suspend=y,address=127.0.0.1:62002 -javaagent:C:\Users\ciara\AppData\Local\JetBrains\IntelliJIdea2025.2\captureAgent\debugger-agent.jar=file:///C:/Users/ciara/AppData/Local/Temp/capture10752122846797818966.props -Dfile.encoding=UTF-8 -Duser.country=IE -Duser.language=en -Duser.variant -ea Main java.library.path=libs

Host: AMD Ryzen 5 5600X 6-Core Processor             , 12 cores, 15G,  Windows 10 , 64 bit Build 19041 (10.0.19041.5915)
Time: Fri Apr  3 04:34:49 2026 GMT Summer Time elapsed time: 19.481155 seconds (0d 0h 0m 19s)

---------------  T H R E A D  ---------------

Current thread (0x000002c3da35a410):  JavaThread "main"             [_thread_in_native, id=22624, stack(0x000000f540600000,0x000000f540700000) (1024K)]

Stack: [0x000000f540600000,0x000000f540700000],  sp=0x000000f5406fd040,  free space=1012k
Native frames: (J=compiled Java code, j=interpreted, Vv=VM code, C=native code)
C  [imgui-java64.dll+0x52827]  (no source info available)
C  [imgui-java64.dll+0x54816]  (no source info available)
C  [imgui-java64.dll+0xa386e]  (no source info available)
C  0x000002c3ea120abe  (no source info available)

The last pc belongs to native method entry point (kind = native) (printed below).
Java frames: (J=compiled Java code, j=interpreted, Vv=VM code)
j  imgui.ImGui.nOpenPopup(Ljava/lang/String;)V+0
j  imgui.ImGui.openPopup(Ljava/lang/String;)V+1
j  Rendering.ImGui.ImGuiWindowClose.windowClose()V+8
j  Jade.Window.lambda$init$1(J)V+5
j  Jade.Window$$Lambda+0x000000009208a000.invoke(J)V+1
j  org.lwjgl.glfw.GLFWWindowCloseCallbackI.callback(JJ)V+8
v  ~StubRoutines::call_stub 0x000002c3ea1112ed
J 1671  org.lwjgl.system.JNI.invokeV(J)V (0 bytes) @ 0x000002c3ea7029c9 [0x000002c3ea702980+0x0000000000000049]
J 1954 c1 Jade.Window.renderBuffer()V (11 bytes) @ 0x000002c3e2e598f4 [0x000002c3e2e59800+0x00000000000000f4]
j  Jade.Window.loop()V+75
j  Jade.Window.run()V+16
j  Main.main([Ljava/lang/String;)V+5
v  ~StubRoutines::call_stub 0x000002c3ea1112ed

siginfo: EXCEPTION_ACCESS_VIOLATION (0xc0000005), reading address 0x0000000000000138


Registers:
RAX=0x000002c38ad74a70, RBX=0x000002c3da35a858, RCX=0x0000000000000000, RDX=0x000002c38ad74a70
RSP=0x000000f5406fd040, RBP=0x000002c3ffbf6cd0, RSI=0x000002c38ad74a70, RDI=0x0000000000000000
R8 =0x0000000000000000, R9 =0x0000000000000001, R10=0x000002c38ad74a7f, R11=0x000002c38ad74a70
R12=0x0000000000000000, R13=0x000002c3faa3f9b8, R14=0x000000f5406fd1b8, R15=0x000002c3da35a410
RIP=0x00007ff95ecd2827, EFLAGS=0x0000000000010202

XMM[0]=0x000000f5406fc910 0x0000000000000000
XMM[1]=0x0000000000000000 0x000000f5406fc8b8
XMM[2]=0x0000000000000000 0x000002c3ea118408
XMM[3]=0x000002c3ea12d567 0x000000f5406fc8b8
XMM[4]=0x0000000000000000 0x0000000000000000
XMM[5]=0x0000000000000000 0x0000000000000000
XMM[6]=0x0000000000000000 0x0000000000000000
XMM[7]=0x0000000000000000 0x0000000000000000
XMM[8]=0x0000000000000000 0x0000000000000000
XMM[9]=0x0000000000000000 0x0000000000000000
XMM[10]=0x0000000000000000 0x0000000000000000
XMM[11]=0x0000000000000000 0x0000000000000000
XMM[12]=0x0000000000000000 0x0000000000000000
XMM[13]=0x0000000000000000 0x0000000000000000
XMM[14]=0x0000000000000000 0x0000000000000000
XMM[15]=0x0000000000000000 0x0000000000000000
  MXCSR=0x00001fa0


Register to memory mapping:

RAX=0x000002c38ad74a70 points into unknown readable memory: 0x2064657661736e55 | 55 6e 73 61 76 65 64 20
RBX=0x000002c3da35a858 points into unknown readable memory: 0x000002c3ff592680 | 80 26 59 ff c3 02 00 00
RCX=0x0 is null
RDX=0x000002c38ad74a70 points into unknown readable memory: 0x2064657661736e55 | 55 6e 73 61 76 65 64 20
RSP=0x000000f5406fd040 is pointing into the stack for thread: 0x000002c3da35a410
RBP=0x000002c3ffbf6cd0 points into unknown readable memory: 0x000002c3d8060101 | 01 01 06 d8 c3 02 00 00
RSI=0x000002c38ad74a70 points into unknown readable memory: 0x2064657661736e55 | 55 6e 73 61 76 65 64 20
RDI=0x0 is null
R8 =0x0 is null
R9 =0x0000000000000001 is an unknown value
R10=0x000002c38ad74a7f points into unknown readable memory: 00
R11=0x000002c38ad74a70 points into unknown readable memory: 0x2064657661736e55 | 55 6e 73 61 76 65 64 20
R12=0x0 is null
R13={method} {0x000002c3faa3f9c0} 'nOpenPopup' '(Ljava/lang/String;)V' in 'imgui/ImGui'
R14=0x000000f5406fd1b8 is pointing into the stack for thread: 0x000002c3da35a410
R15=0x000002c3da35a410 is a thread

Top of Stack: (sp=0x000000f5406fd040)
0x000000f5406fd040:   000000f5406fd090 000000f5406fd6a0   ..o@......o@....
0x000000f5406fd050:   000002c3ea11946c 000000f5406fd6a0   l.........o@....
0x000000f5406fd060:   000047863fcaf9f2 00007ff95f904702   ...?.G...G._....
0x000000f5406fd070:   000002c3da35a858 000002c38ad74a70   X.5.....pJ......
0x000000f5406fd080:   0000000000000000 00007ff95ecd4816   .........H.^....
0x000000f5406fd090:   000000f5406fd6a0 000000f5406fd1b8   ..o@......o@....
0x000000f5406fd0a0:   000002c3da35a410 0000000000000000   ..5.............
0x000000f5406fd0b0:   000000f5406fd0d0 000002c3da35a858   ..o@....X.5.....
0x000000f5406fd0c0:   000000f5406fd1b8 000002c38ad74a70   ..o@....pJ......
0x000000f5406fd0d0:   000000f5406fd198 00007ff95ed2386e   ..o@....n8.^....
0x000000f5406fd0e0:   000002c3ea11946c 000000f5406fd198   l.........o@....
0x000000f5406fd0f0:   000000f5406fd1b8 000002c3da35a410   ..o@......5.....
0x000000f5406fd100:   000002c3faa3f9b8 000000f5406fd6a0   ..........o@....
0x000000f5406fd110:   000002c3ea11946c 000002c3ea120abe   l...............
0x000000f5406fd120:   000002c3ea118408 000002c3faa3f9b8   ................
0x000000f5406fd130:   000000f5406fd6a0 000000f5406fd208   ..o@......o@....
0x000000f5406fd140:   000000f5406fd1c0 000002c3ea1205f0   ..o@............
0x000000f5406fd150:   fffffffffffffff7 000002c3faa3f9b8   ................
0x000000f5406fd160:   0000000000000004 000002c3faa660b0   .........`......
0x000000f5406fd170:   0000000000000000 000000070f585c20   ........ \X.....
0x000000f5406fd180:   000002c3faa3f9b8 0000000000000000   ................
0x000000f5406fd190:   000000f5406fd1b8 000000f5406fd208   ..o@......o@....
0x000000f5406fd1a0:   000002c3ea11946c 000000070f585c20   l....... \X.....
0x000000f5406fd1b0:   000002c3ea11ca57 000000070e8fa2c0   W...............
0x000000f5406fd1c0:   fffffffffffffff7 000002c3faa3f851   ........Q.......
0x000000f5406fd1d0:   0000000000000002 000002c3faa660b0   .........`......
0x000000f5406fd1e0:   0000000000000000 000000070f585c20   ........ \X.....
0x000000f5406fd1f0:   000002c3faa3f870 fffffffffffffff6   p...............
0x000000f5406fd200:   000000f5406fd218 000000f5406fd268   ..o@....h.o@....
0x000000f5406fd210:   000002c3ea11946c 000000070e8fa2c0   l...............
0x000000f5406fd220:   fffffffffffffff7 000002c3fb069e40   ........@.......
0x000000f5406fd230:   0000000000000002 000002c3fb06a1e0   ................

Instructions: (pc=0x00007ff95ecd2827)
  0x00007ff95ecd2727:   e8 e4 51 1b 00 eb a4 66 90 83 fd 0d 75 53 80 7b
  0x00007ff95ecd2737:   0c 00 0f 85 79 fc ff ff 48 8d 4b 0c 41 89 f9 ba
  0x00007ff95ecd2747:   39 00 00 00 4c 8d 05 fb b1 4d 00 e8 b9 f1 fc ff
  0x00007ff95ecd2757:   eb 1f 0f 1f 80 00 00 00 00 48 8d 4b 0c 4d 89 e1
  0x00007ff95ecd2767:   ba 39 00 00 00 4c 8d 05 ce b1 4d 00 e8 98 f1 fc
  0x00007ff95ecd2777:   ff c6 43 05 01 40 88 6b 08 e9 33 fc ff ff 0f 1f
  0x00007ff95ecd2787:   00 e8 43 52 1b 00 84 c0 74 6f 4c 8d 05 28 47 4d
  0x00007ff95ecd2797:   00 ba 4d 55 00 00 48 8d 0d a6 4c 4d 00 e8 67 51
  0x00007ff95ecd27a7:   1b 00 eb cd 0f 1f 44 00 00 48 8d 4b 0c 45 89 e1
  0x00007ff95ecd27b7:   ba 39 00 00 00 4c 8d 05 9f 5f 4d 00 e8 48 f1 fc
  0x00007ff95ecd27c7:   ff eb ae 66 0f 1f 44 00 00 89 c6 c1 ee 1f 01 c6
  0x00007ff95ecd27d7:   d1 fe 01 c6 44 39 fe 41 0f 4c f7 39 f0 0f 8d 3d
  0x00007ff95ecd27e7:   fe ff ff e9 ba fd ff ff 90 4c 89 e1 e8 e8 7c 27
  0x00007ff95ecd27f7:   00 41 89 c1 e9 72 fc ff ff 41 b8 4d 55 00 00 48
  0x00007ff95ecd2807:   8d 15 b3 46 4d 00 48 8d 0d 36 4c 4d 00 ff 15 66
  0x00007ff95ecd2817:   de 7a 00 90 90 0f 1f 40 00 57 56 53 48 83 ec 30
=>0x00007ff95ecd2827:   48 63 81 38 01 00 00 48 89 cb 48 89 d7 4c 89 c6
  0x00007ff95ecd2837:   85 c0 7e 3d 48 8b 8b 40 01 00 00 48 89 f2 45 31
  0x00007ff95ecd2847:   c0 48 29 fa 48 85 f6 49 0f 44 d0 44 8b 44 81 fc
  0x00007ff95ecd2857:   48 89 f9 e8 c1 f2 fc ff 48 8b 13 39 82 d4 41 00
  0x00007ff95ecd2867:   00 74 2e 48 83 c4 30 5b 5e 5f c3 66 0f 1f 44 00
  0x00007ff95ecd2877:   00 e8 53 51 1b 00 84 c0 75 3f 48 63 83 38 01 00
  0x00007ff95ecd2887:   00 85 c0 7f af e8 6f 82 fc ff 0f 1f 80 00 00 00
  0x00007ff95ecd2897:   00 89 c1 49 89 f1 49 89 f8 ba 0b 00 00 00 89 44
  0x00007ff95ecd28a7:   24 2c e8 c2 fa ff ff 8b 44 24 2c 48 83 c4 30 5b
  0x00007ff95ecd28b7:   5e 5f c3 66 0f 1f 44 00 00 4c 8d 05 d1 49 4d 00
  0x00007ff95ecd28c7:   ba 3a 08 00 00 48 8d 0d 24 4b 4d 00 e8 38 50 1b
  0x00007ff95ecd28d7:   00 48 63 83 38 01 00 00 e9 57 ff ff ff 66 66 2e
  0x00007ff95ecd28e7:   0f 1f 84 00 00 00 00 00 90 41 55 41 54 55 57 56
  0x00007ff95ecd28f7:   53 48 83 ec 28 31 c0 48 8d 79 08 48 89 cb 48 8d
  0x00007ff95ecd2907:   69 20 4d 89 c4 48 83 e7 f8 48 8d b1 f0 02 00 00
  0x00007ff95ecd2917:   48 c7 81 88 04 00 00 00 00 00 00 48 29 f9 81 c1


Stack slot to memory mapping:

stack at sp + 0 slots: 0x000000f5406fd090 is pointing into the stack for thread: 0x000002c3da35a410
stack at sp + 1 slots: 0x000000f5406fd6a0 is pointing into the stack for thread: 0x000002c3da35a410
stack at sp + 2 slots: 0x000002c3ea11946c is at code_begin+3468 in an Interpreter codelet
return entry points  [0x000002c3ea1186e0, 0x000002c3ea11a8c8]  8680 bytes
stack at sp + 3 slots: 0x000000f5406fd6a0 is pointing into the stack for thread: 0x000002c3da35a410
stack at sp + 4 slots: 0x000047863fcaf9f2 is an unknown value
stack at sp + 5 slots: 0x00007ff95f904702 jvm.dll
stack at sp + 6 slots: 0x000002c3da35a858 points into unknown readable memory: 0x000002c3ff592680 | 80 26 59 ff c3 02 00 00
stack at sp + 7 slots: 0x000002c38ad74a70 points into unknown readable memory: 0x2064657661736e55 | 55 6e 73 61 76 65 64 20

Lock stack of current Java thread (top to bottom):

native method entry point (kind = native)  [0x000002c3ea120360, 0x000002c3ea121570]  4624 bytes
[MachCode]
  0x000002c3ea120360: 488b 4b08 | 0fb7 492e | 584c 8d74 | ccf8 6800 | 0000 0068 | 0000 0000 | 5055 488b | ec41 5548 
  0x000002c3ea120380: 8b43 084c | 8d68 3848 | 8b40 0868 | 0000 0000 | 5348 8b50 | 1848 8b52 | 7048 8b12 | 5248 8b53 
  0x000002c3ea1203a0: 1048 85d2 | 7407 4881 | c2d0 0000 | 0052 488b | 5010 5249 | 8bc6 482b | c548 c1e8 | 0350 6800 
  0x000002c3ea1203c0: 0000 0068 | f7ff ffff | 41c6 87f1 | 0400 0001 | 488b 4310 | 4885 c074 | 208b 8890 | 0000 0083 
  0x000002c3ea1203e0: c102 8988 | 9000 0000 | 2388 a400 | 0000 0f84 | 1110 0000 | e986 0100 | 0048 8b43 | 1848 85c0 
  0x000002c3ea120400: 0f85 6701 | 0000 e805 | 0000 00e9 | 5001 0000 | 488b d348 | 8d44 2408 | 4c89 6dc0 | 498b cfc5 
  0x000002c3ea120420: f877 4989 | af38 0400 | 0049 8987 | 2804 0000 | 4883 ec20 | 40f6 c40f | 0f84 1900 | 0000 4883 
  0x000002c3ea120440: ec08 48b8 | 401f 905f | f97f 0000 | ffd0 4883 | c408 e90c | 0000 0048 | b840 1f90 | 5ff9 7f00 
  0x000002c3ea120460: 00ff d048 | 83c4 2049 | c787 2804 | 0000 0000 | 0000 49c7 | 8738 0400 | 0000 0000 | 0049 c787 
  0x000002c3ea120480: 3004 0000 | 0000 0000 | c5f8 7741 | 8b8f b405 | 0000 f6c1 | 010f 8442 | 0000 00f6 | c102 0f85 
  0x000002c3ea1204a0: 3900 0000 | 4883 ec20 | 40f6 c40f | 0f84 1900 | 0000 4883 | ec08 48b8 | d0f0 8f5f | f97f 0000 
  0x000002c3ea1204c0: ffd0 4883 | c408 e90c | 0000 0048 | b8d0 f08f | 5ff9 7f00 | 00ff d048 | 83c4 20ff | e049 8b8f 
  0x000002c3ea1204e0: 7806 0000 | 4885 c90f | 8455 0000 | 008b 899c | 0000 0083 | f901 0f85 | 4600 0000 | 498b 8f78 
  0x000002c3ea120500: 0600 008b | 89a0 0000 | 0048 83ec | 2040 f6c4 | 0f0f 8419 | 0000 0048 | 83ec 0848 | b8c0 f08f 
  0x000002c3ea120520: 5ff9 7f00 | 00ff d048 | 83c4 08e9 | 0c00 0000 | 48b8 c0f0 | 8f5f f97f | 0000 ffd0 | 4883 c420 
  0x000002c3ea120540: ffe0 4983 | 7f08 000f | 8405 0000 | 00e9 8e0c | ffff 4c8b | 6dc0 4c8b | 75c8 4e8d | 74f5 00c3 
  0x000002c3ea120560: 488b 4318 | 4885 c00f | 8412 0000 | 008b 4808 | 83c1 0289 | 4808 2348 | 2c0f 8486 | 0e00 0049 
  0x000002c3ea120580: 3ba7 7005 | 0000 0f87 | 4800 0000 | 8984 2400 | f0ff ff89 | 8424 00e0 | ffff 8984 | 2400 d0ff 
  0x000002c3ea1205a0: ff89 8424 | 00c0 ffff | 8984 2400 | b0ff ff89 | 8424 00a0 | ffff 8984 | 2400 90ff | ff89 8424 
  0x000002c3ea1205c0: 0080 ffff | 493b a768 | 0500 0076 | 0749 89a7 | 7005 0000 | 41c6 87f1 | 0400 0000 | 418b 9780 
  0x000002c3ea1205e0: 0600 0085 | d20f 8457 | 0100 00e8 | 0500 0000 | e94d 0100 | 0048 8d44 | 2408 4c89 | 6dc0 498b 
  0x000002c3ea120600: cfc5 f877 | 4989 af38 | 0400 0049 | 8987 2804 | 0000 4883 | ec20 40f6 | c40f 0f84 | 1900 0000 
  0x000002c3ea120620: 4883 ec08 | 48b8 7046 | 905f f97f | 0000 ffd0 | 4883 c408 | e90c 0000 | 0048 b870 | 4690 5ff9 
  0x000002c3ea120640: 7f00 00ff | d048 83c4 | 2049 c787 | 2804 0000 | 0000 0000 | 49c7 8738 | 0400 0000 | 0000 0049 
  0x000002c3ea120660: c787 3004 | 0000 0000 | 0000 c5f8 | 7741 8b8f | b405 0000 | f6c1 010f | 8442 0000 | 00f6 c102 
  0x000002c3ea120680: 0f85 3900 | 0000 4883 | ec20 40f6 | c40f 0f84 | 1900 0000 | 4883 ec08 | 48b8 d0f0 | 8f5f f97f 
  0x000002c3ea1206a0: 0000 ffd0 | 4883 c408 | e90c 0000 | 0048 b8d0 | f08f 5ff9 | 7f00 00ff | d048 83c4 | 20ff e049 
  0x000002c3ea1206c0: 8b8f 7806 | 0000 4885 | c90f 8455 | 0000 008b | 899c 0000 | 0083 f901 | 0f85 4600 | 0000 498b 
  0x000002c3ea1206e0: 8f78 0600 | 008b 89a0 | 0000 0048 | 83ec 2040 | f6c4 0f0f | 8419 0000 | 0048 83ec | 0848 b8c0 
  0x000002c3ea120700: f08f 5ff9 | 7f00 00ff | d048 83c4 | 08e9 0c00 | 0000 48b8 | c0f0 8f5f | f97f 0000 | ffd0 4883 
  0x000002c3ea120720: c420 ffe0 | 4983 7f08 | 000f 8405 | 0000 00e9 | ac0a ffff | 4c8b 6dc0 | 4c8b 75c8 | 4e8d 74f5 
  0x000002c3ea120740: 00c3 488b | 5de8 4c8b | 5b08 450f | b75b 2e41 | c1e3 0349 | 2be3 4883 | ec20 4883 | e4f0 4c8b 
  0x000002c3ea120760: 5b60 4d85 | db0f 8562 | 0100 00e8 | 0500 0000 | e950 0100 | 0048 8bd3 | 488d 4424 | 084c 896d 
  0x000002c3ea120780: c049 8bcf | c5f8 7749 | 89af 3804 | 0000 4989 | 8728 0400 | 0048 83ec | 2040 f6c4 | 0f0f 8419 
  0x000002c3ea1207a0: 0000 0048 | 83ec 0848 | b870 4890 | 5ff9 7f00 | 00ff d048 | 83c4 08e9 | 0c00 0000 | 48b8 7048 
  0x000002c3ea1207c0: 905f f97f | 0000 ffd0 | 4883 c420 | 49c7 8728 | 0400 0000 | 0000 0049 | c787 3804 | 0000 0000 
  0x000002c3ea1207e0: 0000 49c7 | 8730 0400 | 0000 0000 | 00c5 f877 | 418b 8fb4 | 0500 00f6 | c101 0f84 | 4200 0000 
  0x000002c3ea120800: f6c1 020f | 8539 0000 | 0048 83ec | 2040 f6c4 | 0f0f 8419 | 0000 0048 | 83ec 0848 | b8d0 f08f 
  0x000002c3ea120820: 5ff9 7f00 | 00ff d048 | 83c4 08e9 | 0c00 0000 | 48b8 d0f0 | 8f5f f97f | 0000 ffd0 | 4883 c420 
  0x000002c3ea120840: ffe0 498b | 8f78 0600 | 0048 85c9 | 0f84 5500 | 0000 8b89 | 9c00 0000 | 83f9 010f | 8546 0000 
  0x000002c3ea120860: 0049 8b8f | 7806 0000 | 8b89 a000 | 0000 4883 | ec20 40f6 | c40f 0f84 | 1900 0000 | 4883 ec08 
  0x000002c3ea120880: 48b8 c0f0 | 8f5f f97f | 0000 ffd0 | 4883 c408 | e90c 0000 | 0048 b8c0 | f08f 5ff9 | 7f00 00ff 
  0x000002c3ea1208a0: d048 83c4 | 20ff e049 | 837f 0800 | 0f84 0500 | 0000 e929 | 09ff ff4c | 8b6d c04c | 8b75 c84e 
  0x000002c3ea1208c0: 8d74 f500 | c348 8b5d | e84c 8b5b | 6041 ffd3 | 488b 5de8 | 4889 4518 | 440f b75b | 2c41 f6c3 
  0x000002c3ea1208e0: 080f 841b | 0000 004c | 8b5b 084d | 8b5b 084d | 8b5b 184d | 8b5b 704d | 8b1b 4c89 | 5d10 488d 
  0x000002c3ea120900: 5510 488b | 4358 49ba | a00f cb5f | f97f 0000 | 493b c20f | 8562 0100 | 00e8 0500 | 0000 e950 
  0x000002c3ea120920: 0100 0048 | 8bd3 488d | 4424 084c | 896d c049 | 8bcf c5f8 | 7749 89af | 3804 0000 | 4989 8728 
  0x000002c3ea120940: 0400 0048 | 83ec 2040 | f6c4 0f0f | 8419 0000 | 0048 83ec | 0848 b870 | 4890 5ff9 | 7f00 00ff 
  0x000002c3ea120960: d048 83c4 | 08e9 0c00 | 0000 48b8 | 7048 905f | f97f 0000 | ffd0 4883 | c420 49c7 | 8728 0400 
  0x000002c3ea120980: 0000 0000 | 0049 c787 | 3804 0000 | 0000 0000 | 49c7 8730 | 0400 0000 | 0000 00c5 | f877 418b 
  0x000002c3ea1209a0: 8fb4 0500 | 00f6 c101 | 0f84 4200 | 0000 f6c1 | 020f 8539 | 0000 0048 | 83ec 2040 | f6c4 0f0f 
  0x000002c3ea1209c0: 8419 0000 | 0048 83ec | 0848 b8d0 | f08f 5ff9 | 7f00 00ff | d048 83c4 | 08e9 0c00 | 0000 48b8 
  0x000002c3ea1209e0: d0f0 8f5f | f97f 0000 | ffd0 4883 | c420 ffe0 | 498b 8f78 | 0600 0048 | 85c9 0f84 | 5500 0000 
  0x000002c3ea120a00: 8b89 9c00 | 0000 83f9 | 010f 8546 | 0000 0049 | 8b8f 7806 | 0000 8b89 | a000 0000 | 4883 ec20 
  0x000002c3ea120a20: 40f6 c40f | 0f84 1900 | 0000 4883 | ec08 48b8 | c0f0 8f5f | f97f 0000 | ffd0 4883 | c408 e90c 
  0x000002c3ea120a40: 0000 0048 | b8c0 f08f | 5ff9 7f00 | 00ff d048 | 83c4 20ff | e049 837f | 0800 0f84 | 0500 0000 
  0x000002c3ea120a60: e97b 07ff | ff4c 8b6d | c04c 8b75 | c84e 8d74 | f500 c348 | 8b5d e848 | 8b43 5849 | 8d8f 4804 
  0x000002c3ea120a80: 0000 4c8d | 15d5 0000 | 004d 8997 | 3004 0000 | c5f8 7749 | 89af 3804 | 0000 4989 | a728 0400 
  0x000002c3ea120aa0: 0041 c787 | d404 0000 | 0400 0000 | 493b a7c8 | 0500 0076 | 0749 89a7 | c805 0000 | ffd0 493b 
  0x000002c3ea120ac0: a7c8 0500 | 0072 0b49 | c787 c805 | 0000 0000 | 0000 c5f8 | 7748 83ec | 10c5 fb11 | 0424 4883 
  0x000002c3ea120ae0: ec10 4889 | 0424 48c7 | 4424 0800 | 0000 0041 | c787 d404 | 0000 0500 | 0000 f083 | 4424 c000 
  0x000002c3ea120b00: 493b 6f28 | 0f87 0e00 | 0000 4183 | bfd0 0400 | 0000 0f84 | 2000 0000 | 498b cf4c | 8be4 4883 
  0x000002c3ea120b20: ec20 4883 | e4f0 48b8 | a0ac 915f | f97f 0000 | ffd0 498b | e44d 33e4 | 41c7 87d4 | 0400 0008 
  0x000002c3ea120b40: 0000 004d | 8b97 f005 | 0000 4983 | fa00 7435 | 49c7 87f0 | 0500 0000 | 0000 0041 | ffe2 49ba 
  0x000002c3ea120b60: 00ed 11ea | c302 0000 | 41ff d248 | 83ec 10c5 | fb11 0424 | 4883 ec10 | 4889 0424 | 48c7 4424 
  0x000002c3ea120b80: 0800 0000 | 0049 c787 | 2804 0000 | 0000 0000 | 49c7 8738 | 0400 0000 | 0000 0049 | c787 3004 
  0x000002c3ea120ba0: 0000 0000 | 0000 c5f8 | 774d 8b9f | b804 0000 | 41c7 8300 | 0100 0000 | 0000 0049 | bb5a ca11 
  0x000002c3ea120bc0: eac3 0200 | 004c 3b5d | 180f 8555 | 0100 0048 | 8b04 2448 | 83c4 1048 | 85c0 0f84 | 2f01 0000 
  0x000002c3ea120be0: a803 0f85 | 0800 0000 | 488b 00e9 | 1f01 0000 | a801 0f85 | 0900 0000 | 488b 40fe | e90e 0100 
  0x000002c3ea120c00: 0048 8b40 | ff41 807f | 4800 0f84 | ff00 0000 | 4883 f800 | 0f84 f500 | 0000 4d8b | 5f38 4d85 
  0x000002c3ea120c20: db0f 8414 | 0000 0049 | 83eb 084d | 895f 384d | 035f 4049 | 8903 e9d4 | 0000 0048 | 83ec 7048 
  0x000002c3ea120c40: 8904 2448 | 894c 2408 | 4889 5424 | 104c 8944 | 2418 4c89 | 4c24 204c | 8954 2428 | 4c89 5c24 
  0x000002c3ea120c60: 30c5 fb11 | 4424 40c5 | fb11 4c24 | 48c5 fb11 | 5424 50c5 | fb11 5c24 | 58c5 fb11 | 6424 60c5 
  0x000002c3ea120c80: fb11 6c24 | 6849 8bd7 | 488b c848 | 83ec 2040 | f6c4 0f0f | 8419 0000 | 0048 83ec | 0848 b820 
  0x000002c3ea120ca0: 7684 5ff9 | 7f00 00ff | d048 83c4 | 08e9 0c00 | 0000 48b8 | 2076 845f | f97f 0000 | ffd0 4883 
  0x000002c3ea120cc0: c420 c5fb | 106c 2468 | c5fb 1064 | 2460 c5fb | 105c 2458 | c5fb 1054 | 2450 c5fb | 104c 2448 
  0x000002c3ea120ce0: c5fb 1044 | 2440 4c8b | 5c24 304c | 8b54 2428 | 4c8b 4c24 | 204c 8b44 | 2418 488b | 5424 1048 
  0x000002c3ea120d00: 8b4c 2408 | 488b 0424 | 4883 c470 | c5f8 7748 | 8945 1048 | 83ec 1048 | 8904 2448 | c744 2408 
  0x000002c3ea120d20: 0000 0000 | 4183 bf50 | 0500 0002 | 0f85 bf00 | 0000 4881 | ec80 0000 | 0048 8944 | 2478 4889 
  0x000002c3ea120d40: 4c24 7048 | 8954 2468 | 4889 5c24 | 6048 896c | 2450 4889 | 7424 4848 | 897c 2440 | 4c89 4424 
  0x000002c3ea120d60: 384c 894c | 2430 4c89 | 5424 284c | 895c 2420 | 4c89 6424 | 184c 896c | 2410 4c89 | 7424 084c 
  0x000002c3ea120d80: 893c 244c | 8be4 4883 | ec20 4883 | e4f0 48b8 | 10f7 ca5f | f97f 0000 | ffd0 498b | e44c 8b3c 
  0x000002c3ea120da0: 244c 8b74 | 2408 4c8b | 6c24 104c | 8b64 2418 | 4c8b 5c24 | 204c 8b54 | 2428 4c8b | 4c24 304c 
  0x000002c3ea120dc0: 8b44 2438 | 488b 7c24 | 4048 8b74 | 2448 488b | 6c24 5048 | 8b5c 2460 | 488b 5424 | 6848 8b4c 
  0x000002c3ea120de0: 2470 488b | 4424 7848 | 81c4 8000 | 0000 4d33 | e448 8b5d | e84c 8b6b | 084d 8d6d | 3849 837f 
  0x000002c3ea120e00: 0800 0f84 | 7201 0000 | e805 0000 | 00e9 4d01 | 0000 488d | 4424 084c | 896d c049 | 8bcf c5f8 
  0x000002c3ea120e20: 7749 89af | 3804 0000 | 4989 8728 | 0400 0048 | 83ec 2040 | f6c4 0f0f | 8419 0000 | 0048 83ec 
  0x000002c3ea120e40: 0848 b8b0 | 6690 5ff9 | 7f00 00ff | d048 83c4 | 08e9 0c00 | 0000 48b8 | b066 905f | f97f 0000 
  0x000002c3ea120e60: ffd0 4883 | c420 49c7 | 8728 0400 | 0000 0000 | 0049 c787 | 3804 0000 | 0000 0000 | 49c7 8730 
  0x000002c3ea120e80: 0400 0000 | 0000 00c5 | f877 418b | 8fb4 0500 | 00f6 c101 | 0f84 4200 | 0000 f6c1 | 020f 8539 
  0x000002c3ea120ea0: 0000 0048 | 83ec 2040 | f6c4 0f0f | 8419 0000 | 0048 83ec | 0848 b8d0 | f08f 5ff9 | 7f00 00ff 
  0x000002c3ea120ec0: d048 83c4 | 08e9 0c00 | 0000 48b8 | d0f0 8f5f | f97f 0000 | ffd0 4883 | c420 ffe0 | 498b 8f78 
  0x000002c3ea120ee0: 0600 0048 | 85c9 0f84 | 5500 0000 | 8b89 9c00 | 0000 83f9 | 010f 8546 | 0000 0049 | 8b8f 7806 
  0x000002c3ea120f00: 0000 8b89 | a000 0000 | 4883 ec20 | 40f6 c40f | 0f84 1900 | 0000 4883 | ec08 48b8 | c0f0 8f5f 
  0x000002c3ea120f20: f97f 0000 | ffd0 4883 | c408 e90c | 0000 0048 | b8c0 f08f | 5ff9 7f00 | 00ff d048 | 83c4 20ff 
  0x000002c3ea120f40: e049 837f | 0800 0f84 | 0500 0000 | e98f 02ff | ff4c 8b6d | c04c 8b75 | c84e 8d74 | f500 c348 
  0x000002c3ea120f60: b948 08f4 | 5ff9 7f00 | 0048 83e4 | f048 b800 | 8db7 5ff9 | 7f00 00ff | d0f4 440f | b75b 2c41 
  0x000002c3ea120f80: f6c3 200f | 8429 0200 | 0048 8d55 | a84c 8b5a | 084d 85db | 0f85 7201 | 0000 e805 | 0000 00e9 
  0x000002c3ea120fa0: 4d01 0000 | 488d 4424 | 084c 896d | c049 8bcf | c5f8 7749 | 89af 3804 | 0000 4989 | 8728 0400 
  0x000002c3ea120fc0: 0048 83ec | 2040 f6c4 | 0f0f 8419 | 0000 0048 | 83ec 0848 | b8e0 6590 | 5ff9 7f00 | 00ff d048 
  0x000002c3ea120fe0: 83c4 08e9 | 0c00 0000 | 48b8 e065 | 905f f97f | 0000 ffd0 | 4883 c420 | 49c7 8728 | 0400 0000 
  0x000002c3ea121000: 0000 0049 | c787 3804 | 0000 0000 | 0000 49c7 | 8730 0400 | 0000 0000 | 00c5 f877 | 418b 8fb4 
  0x000002c3ea121020: 0500 00f6 | c101 0f84 | 4200 0000 | f6c1 020f | 8539 0000 | 0048 83ec | 2040 f6c4 | 0f0f 8419 
  0x000002c3ea121040: 0000 0048 | 83ec 0848 | b8d0 f08f | 5ff9 7f00 | 00ff d048 | 83c4 08e9 | 0c00 0000 | 48b8 d0f0 
  0x000002c3ea121060: 8f5f f97f | 0000 ffd0 | 4883 c420 | ffe0 498b | 8f78 0600 | 0048 85c9 | 0f84 5500 | 0000 8b89 
  0x000002c3ea121080: 9c00 0000 | 83f9 010f | 8546 0000 | 0049 8b8f | 7806 0000 | 8b89 a000 | 0000 4883 | ec20 40f6 
  0x000002c3ea1210a0: c40f 0f84 | 1900 0000 | 4883 ec08 | 48b8 c0f0 | 8f5f f97f | 0000 ffd0 | 4883 c408 | e90c 0000 
  0x000002c3ea1210c0: 0048 b8c0 | f08f 5ff9 | 7f00 00ff | d048 83c4 | 20ff e049 | 837f 0800 | 0f84 0500 | 0000 e9fd 
  0x000002c3ea1210e0: 00ff ff4c | 8b6d c04c | 8b75 c84e | 8d74 f500 | c348 b948 | 08f4 5ff9 | 7f00 0048 | 83e4 f048 
  0x000002c3ea121100: b800 8db7 | 5ff9 7f00 | 00ff d0f4 | 4c89 6dc0 | 4c8b 4a08 | 48c7 4208 | 0000 0000 | 458b 87d8 
  0x000002c3ea121120: 0600 004f | 3b4c 07f8 | 0f85 4200 | 0000 4183 | afd8 0600 | 0008 4f3b | 4c07 f00f | 842a 0000 
  0x000002c3ea121140: 0049 8b01 | a802 0f85 | 1200 0000 | 4c8b c049 | 83c8 01f0 | 4d0f b101 | 0f84 0d00 | 0000 4183 
  0x000002c3ea121160: 87d8 0600 | 0008 e905 | 0000 00e9 | 3e00 0000 | 4c89 4a08 | 488b ca48 | 83ec 2040 | f6c4 0f0f 
  0x000002c3ea121180: 8419 0000 | 0048 83ec | 0848 b830 | 3890 5ff9 | 7f00 00ff | d048 83c4 | 08e9 0c00 | 0000 48b8 
  0x000002c3ea1211a0: 3038 905f | f97f 0000 | ffd0 4883 | c420 4c8b | 6dc0 41c6 | 8796 0300 | 0001 493b | 6f28 0f87 
  0x000002c3ea1211c0: 0500 0000 | e9ab 0000 | 0048 83ec | 10c5 fb11 | 0424 4883 | ec10 4889 | 0424 48c7 | 4424 0800 
  0x000002c3ea1211e0: 0000 00c5 | f877 4989 | af38 0400 | 0049 bae3 | 1112 eac3 | 0200 004d | 8997 3004 | 0000 4989 
  0x000002c3ea121200: a728 0400 | 0049 8bcf | 4883 ec20 | 40f6 c40f | 0f84 1900 | 0000 4883 | ec08 48b8 | d01e 905f 
  0x000002c3ea121220: f97f 0000 | ffd0 4883 | c408 e90c | 0000 0048 | b8d0 1e90 | 5ff9 7f00 | 00ff d048 | 83c4 2049 
  0x000002c3ea121240: c787 2804 | 0000 0000 | 0000 49c7 | 8738 0400 | 0000 0000 | 0049 c787 | 3004 0000 | 0000 0000 
  0x000002c3ea121260: c5f8 7748 | 8b04 2448 | 83c4 10c5 | fb10 0424 | 4883 c410 | 418b 9780 | 0600 0085 | d20f 8457 
  0x000002c3ea121280: 0100 00e8 | 0500 0000 | e94d 0100 | 0048 8d44 | 2408 4c89 | 6dc0 498b | cfc5 f877 | 4989 af38 
  0x000002c3ea1212a0: 0400 0049 | 8987 2804 | 0000 4883 | ec20 40f6 | c40f 0f84 | 1900 0000 | 4883 ec08 | 48b8 a047 
  0x000002c3ea1212c0: 905f f97f | 0000 ffd0 | 4883 c408 | e90c 0000 | 0048 b8a0 | 4790 5ff9 | 7f00 00ff | d048 83c4 
  0x000002c3ea1212e0: 2049 c787 | 2804 0000 | 0000 0000 | 49c7 8738 | 0400 0000 | 0000 0049 | c787 3004 | 0000 0000 
  0x000002c3ea121300: 0000 c5f8 | 7741 8b8f | b405 0000 | f6c1 010f | 8442 0000 | 00f6 c102 | 0f85 3900 | 0000 4883 
  0x000002c3ea121320: ec20 40f6 | c40f 0f84 | 1900 0000 | 4883 ec08 | 48b8 d0f0 | 8f5f f97f | 0000 ffd0 | 4883 c408 
  0x000002c3ea121340: e90c 0000 | 0048 b8d0 | f08f 5ff9 | 7f00 00ff | d048 83c4 | 20ff e049 | 8b8f 7806 | 0000 4885 
  0x000002c3ea121360: c90f 8455 | 0000 008b | 899c 0000 | 0083 f901 | 0f85 4600 | 0000 498b | 8f78 0600 | 008b 89a0 
  0x000002c3ea121380: 0000 0048 | 83ec 2040 | f6c4 0f0f | 8419 0000 | 0048 83ec | 0848 b8c0 | f08f 5ff9 | 7f00 00ff 
  0x000002c3ea1213a0: d048 83c4 | 08e9 0c00 | 0000 48b8 | c0f0 8f5f | f97f 0000 | ffd0 4883 | c420 ffe0 | 4983 7f08 
  0x000002c3ea1213c0: 000f 8405 | 0000 00e9 | 14fe feff | 4c8b 6dc0 | 4c8b 75c8 | 4e8d 74f5 | 00c3 488b | 0424 4883 
  0x000002c3ea1213e0: c410 c5fb | 1004 2448 | 83c4 104c | 8b5d 1841 | ffd3 4c8b | 5df8 c941 | c687 9603 | 0000 005f 
  0x000002c3ea121400: 498b e3ff | e7ba 0000 | 0000 e805 | 0000 00e9 | 4d01 0000 | 488d 4424 | 084c 896d | c049 8bcf 
  0x000002c3ea121420: c5f8 7749 | 89af 3804 | 0000 4989 | 8728 0400 | 0048 83ec | 2040 f6c4 | 0f0f 8419 | 0000 0048 
  0x000002c3ea121440: 83ec 0848 | b820 2e90 | 5ff9 7f00 | 00ff d048 | 83c4 08e9 | 0c00 0000 | 48b8 202e | 905f f97f 
  0x000002c3ea121460: 0000 ffd0 | 4883 c420 | 49c7 8728 | 0400 0000 | 0000 0049 | c787 3804 | 0000 0000 | 0000 49c7 
  0x000002c3ea121480: 8730 0400 | 0000 0000 | 00c5 f877 | 418b 8fb4 | 0500 00f6 | c101 0f84 | 4200 0000 | f6c1 020f 
  0x000002c3ea1214a0: 8539 0000 | 0048 83ec | 2040 f6c4 | 0f0f 8419 | 0000 0048 | 83ec 0848 | b8d0 f08f | 5ff9 7f00 
  0x000002c3ea1214c0: 00ff d048 | 83c4 08e9 | 0c00 0000 | 48b8 d0f0 | 8f5f f97f | 0000 ffd0 | 4883 c420 | ffe0 498b 
  0x000002c3ea1214e0: 8f78 0600 | 0048 85c9 | 0f84 5500 | 0000 8b89 | 9c00 0000 | 83f9 010f | 8546 0000 | 0049 8b8f 
  0x000002c3ea121500: 7806 0000 | 8b89 a000 | 0000 4883 | ec20 40f6 | c40f 0f84 | 1900 0000 | 4883 ec08 | 48b8 c0f0 
  0x000002c3ea121520: 8f5f f97f | 0000 ffd0 | 4883 c408 | e90c 0000 | 0048 b8c0 | f08f 5ff9 | 7f00 00ff | d048 83c4 
  0x000002c3ea121540: 20ff e049 | 837f 0800 | 0f84 0500 | 0000 e98d | fcfe ff4c | 8b6d c04c | 8b75 c84e | 8d74 f500 
  0x000002c3ea121560: c348 8b5d | e8e9 15f0 | ffff 660f | 1f44 0000 
[/MachCode]

Compiled method (n/a) 19585 1671     n 0       org.lwjgl.system.JNI::invokeV (native)
 total in heap  [0x000002c3ea702888,0x000002c3ea702af0] = 616
 main code      [0x000002c3ea702980,0x000002c3ea702ae5] = 357
 stub code      [0x000002c3ea702ae5,0x000002c3ea702ae8] = 3
 oops           [0x000002c3ea702ae8,0x000002c3ea702af0] = 8
 mutable data [0x000002c38acd1060,0x000002c38acd1080] = 32
 relocation     [0x000002c38acd1060,0x000002c38acd1080] = 32

[Constant Pool (empty)]

[MachCode]
[Entry Point]
  # {method} {0x000002c3fa63f088} 'invokeV' '(J)V' in 'org/lwjgl/system/JNI'
  # parm0:    rdx:rdx   = long
  #           [sp+0x70]  (sp of caller)
  0x000002c3ea702980: 6690 448b | 5208 443b 

  0x000002c3ea702988: ;   {runtime_call Shared Runtime ic_miss_blob}
  0x000002c3ea702988: 5008 0f85 | 50c1 a5ff 
[Verified Entry Point]
  0x000002c3ea702990: 8984 2400 | 80ff ff55 | 488b ec48 | 83ec 6090 | 4181 7f20 | 0100 0000 

  0x000002c3ea7029a8: ;   {runtime_call Stub::method_entry_barrier}
  0x000002c3ea7029a8: 7405 e891 | 18a4 ff4c 

  0x000002c3ea7029b0: ;   {oop(a 'java/lang/Class'{0x000000070fc26ca8} = 'org/lwjgl/system/JNI')}
  0x000002c3ea7029b0: 8bc2 49be | a86c c20f | 0700 0000 | 4c89 7424 | 504c 8d74 | 2450 498b | d6c5 f877 

  0x000002c3ea7029cc: ;   {internal_word}
  0x000002c3ea7029cc: 49ba c929 | 70ea c302 | 0000 4d89 | 9730 0400 | 0049 89a7 | 2804 0000 | 498d 8f48 | 0400 0041 
  0x000002c3ea7029ec: c787 d404 | 0000 0400 

  0x000002c3ea7029f4: ;   {runtime_call}
  0x000002c3ea7029f4: 0000 48b8 | b013 3712 | fa7f 0000 | ffd0 c5f8 | 7741 c787 | d404 0000 | 0500 0000 | f083 4424 
  0x000002c3ea702a14: c000 493b | 6f28 0f87 | 0e00 0000 | 4183 bfd0 | 0400 0000 | 0f84 2300 | 0000 c5f8 | 7749 8bcf 
  0x000002c3ea702a34: 4c8b e448 | 83ec 2048 

  0x000002c3ea702a3c: ;   {runtime_call}
  0x000002c3ea702a3c: 83e4 f048 | b8a0 ac91 | 5ff9 7f00 | 00ff d049 | 8be4 4d33 | e441 c787 | d404 0000 | 0800 0000 
  0x000002c3ea702a5c: 4183 bf50 | 0500 0002 | 0f84 5900 | 0000 49c7 | 8728 0400 | 0000 0000 | 0049 c787 | 3004 0000 
  0x000002c3ea702a7c: 0000 0000 | c5f8 7749 | 8b8f b804 | 0000 c781 | 0001 0000 | 0000 0000 

  0x000002c3ea702a94: ;   {poll_return}
  0x000002c3ea702a94: c941 f647 | 2801 7416 

  0x000002c3ea702a9c: ;   {internal_word}
  0x000002c3ea702a9c: 49ba 952a | 70ea c302 | 0000 4d89 | 97e0 0400 

  0x000002c3ea702aac: ;   {runtime_call SafepointBlob}
  0x000002c3ea702aac: 00e9 aee4 | a5ff 4983 | 7f08 000f | 8501 0000 

  0x000002c3ea702abc: ;   {runtime_call Stub::forward_exception}
  0x000002c3ea702abc: 00c3 e91d | e7a0 ffc5 | f877 4c8b | e448 83ec | 2048 83e4 

  0x000002c3ea702ad0: ;   {runtime_call}
  0x000002c3ea702ad0: f048 b810 | f7ca 5ff9 | 7f00 00ff | d049 8be4 | 4d33 e4eb | 85f4 f4f4 
[/MachCode]


Compiled method (c1) 19587 1954       3       Jade.Window::renderBuffer (11 bytes)
 total in heap  [0x000002c3e2e59708,0x000002c3e2e599e0] = 728
 main code      [0x000002c3e2e59800,0x000002c3e2e59988] = 392
 stub code      [0x000002c3e2e59988,0x000002c3e2e599d8] = 80
 oops           [0x000002c3e2e599d8,0x000002c3e2e599e0] = 8
 mutable data [0x000002c38aa0ff80,0x000002c38aa0ffe8] = 104
 relocation     [0x000002c38aa0ff80,0x000002c38aa0ffd8] = 88
 metadata       [0x000002c38aa0ffd8,0x000002c38aa0ffe8] = 16
 immutable data [0x000002c38aa8c050,0x000002c38aa8c0f0] = 160
 dependencies   [0x000002c38aa8c050,0x000002c38aa8c058] = 8
 scopes pcs     [0x000002c38aa8c058,0x000002c38aa8c0b8] = 96
 scopes data    [0x000002c38aa8c0b8,0x000002c38aa8c0f0] = 56

[Constant Pool (empty)]

[MachCode]
[Instructions begin]
  0x000002c3e2e59800: 660f 1f84 | 0000 0000 | 0066 0f1f | 8400 0000 | 0000 448b | 5208 443b 

  0x000002c3e2e59818: ;   {runtime_call Shared Runtime ic_miss_blob}
  0x000002c3e2e59818: 5008 0f85 | c052 3007 
[Verified Entry Point]
  0x000002c3e2e59820: 8984 2400 | 80ff ff55 | 4883 ec40 | 4181 7f20 | 0100 0000 

  0x000002c3e2e59834: ;   {runtime_call Stub::method_entry_barrier}
  0x000002c3e2e59834: 7405 e805 

  0x000002c3e2e59838: ;   {metadata(method data for {method} {0x000002c3fa405a80} 'renderBuffer' '()V' in 'Jade/Window')}
  0x000002c3e2e59838: aa2e 0748 | be08 6205 | fbc3 0200 | 008b be90 | 0000 0083 | c702 89be | 9000 0000 | 81e7 fe07 
  0x000002c3e2e59858: 0000 85ff | 0f84 aa00 | 0000 488b 

  0x000002c3e2e59864: ;   {metadata(method data for {method} {0x000002c3fa405a80} 'renderBuffer' '()V' in 'Jade/Window')}
  0x000002c3e2e59864: 7210 48bf | 0862 05fb | c302 0000 | 4883 87d8 | 0000 0001 | 4889 5424 | 3048 8bd6 | 0f1f 8000 
  0x000002c3e2e59884: ;   {static_call}
  0x000002c3e2e59884: 0000 00e8 

  0x000002c3e2e59888: ; ImmutableOopMap {[48]=Oop }
                      ;*invokestatic glfwSwapBuffers {reexecute=0 rethrow=0 return_oop=0}
                      ; - Jade.Window::renderBuffer@4 (line 87)
  0x000002c3e2e59888: 7402 0000 

  0x000002c3e2e5988c: ;   {post_call_nop}
  0x000002c3e2e5988c: 0f1f 8400 | 8401 0000 

  0x000002c3e2e59894: ;   {metadata(method data for {method} {0x000002c3fa405a80} 'renderBuffer' '()V' in 'Jade/Window')}
  0x000002c3e2e59894: 48ba 0862 | 05fb c302 | 0000 4883 | 82e8 0000 

  0x000002c3e2e598a4: ;   {metadata(method data for {method} {0x000002c3fa613e30} 'glfwPollEvents' '()V' in 'org/lwjgl/glfw/GLFW')}
  0x000002c3e2e598a4: 0001 48ba | 28c6 04fb | c302 0000 | 8bb2 9000 | 0000 83c6 | 0289 b290 | 0000 0081 | e6fe ff1f 
  0x000002c3e2e598c4: 0085 f60f | 8460 0000 

  0x000002c3e2e598cc: ;   {metadata(method data for {method} {0x000002c3fa613e30} 'glfwPollEvents' '()V' in 'org/lwjgl/glfw/GLFW')}
  0x000002c3e2e598cc: 0048 ba28 | c604 fbc3 | 0200 0048 | 8382 d800 | 0000 0148 | bae0 7cc3 | 08fa 7f00 | 0066 0f1f 
  0x000002c3e2e598ec: ;   {static_call}
  0x000002c3e2e598ec: 4400 00e8 

  0x000002c3e2e598f0: ; ImmutableOopMap {[48]=Oop }
                      ;*invokestatic invokeV {reexecute=0 rethrow=0 return_oop=0}
                      ; - org.lwjgl.glfw.GLFW::glfwPollEvents@5 (line 3484)
                      ; - Jade.Window::renderBuffer@7 (line 88)
  0x000002c3e2e598f0: 9c90 8a07 

  0x000002c3e2e598f4: ;   {post_call_nop}
  0x000002c3e2e598f4: 0f1f 8400 | ec01 0001 | 4883 c440 

  0x000002c3e2e59900: ;   {poll_return}
  0x000002c3e2e59900: 5d49 3b67 | 280f 8740 | 0000 00c3 

  0x000002c3e2e5990c: ;   {metadata({method} {0x000002c3fa405a80} 'renderBuffer' '()V' in 'Jade/Window')}
  0x000002c3e2e5990c: 49ba 785a | 40fa c302 | 0000 4c89 | 5424 0848 | c704 24ff 

  0x000002c3e2e59920: ;   {runtime_call C1 Runtime counter_overflow_blob}
  0x000002c3e2e59920: ffff ffe8 

  0x000002c3e2e59924: ; ImmutableOopMap {rdx=Oop }
                      ;*synchronization entry
                      ; - Jade.Window::renderBuffer@-1 (line 87)
  0x000002c3e2e59924: 3849 3e07 | e935 ffff 

  0x000002c3e2e5992c: ;   {metadata({method} {0x000002c3fa613e30} 'glfwPollEvents' '()V' in 'org/lwjgl/glfw/GLFW')}
  0x000002c3e2e5992c: ff49 ba28 | 3e61 fac3 | 0200 004c | 8954 2408 | 48c7 0424 | ffff ffff 

  0x000002c3e2e59944: ;   {runtime_call C1 Runtime counter_overflow_blob}
  0x000002c3e2e59944: e817 493e 

  0x000002c3e2e59948: ; ImmutableOopMap {[48]=Oop }
                      ;*synchronization entry
                      ; - org.lwjgl.glfw.GLFW::glfwPollEvents@-1 (line 3483)
                      ; - Jade.Window::renderBuffer@7 (line 88)
                      ;   {internal_word}
  0x000002c3e2e59948: 07eb 8249 | ba01 99e5 | e2c3 0200 | 004d 8997 | e004 0000 

  0x000002c3e2e5995c: ;   {runtime_call SafepointBlob}
  0x000002c3e2e5995c: e9ff 7530 | 0749 8b87 | 8805 0000 | 49c7 8788 | 0500 0000 | 0000 0049 | c787 9005 | 0000 0000 
  0x000002c3e2e5997c: 0000 4883 

  0x000002c3e2e59980: ;   {runtime_call C1 Runtime unwind_exception_blob}
  0x000002c3e2e59980: c440 5de9 | d8d9 3d07 
[Stub Code]
  0x000002c3e2e59988: ;   {static_stub}
  0x000002c3e2e59988: 48bb 0000 | 0000 0000 

  0x000002c3e2e59990: ;   {runtime_call nmethod}
  0x000002c3e2e59990: 0000 e9fb 

  0x000002c3e2e59994: ;   {static_stub}
  0x000002c3e2e59994: ffff ff48 | bb00 0000 | 0000 0000 

  0x000002c3e2e599a0: ;   {runtime_call nmethod}
  0x000002c3e2e599a0: 00e9 fbff 

  0x000002c3e2e599a4: ;   {runtime_call C1 Runtime handle_exception_from_callee_blob}
  0x000002c3e2e599a4: ffff e835 

  0x000002c3e2e599a8: ;   {external_word}
  0x000002c3e2e599a8: 0a3e 0748 | b948 08f4 | 5ff9 7f00 | 0048 83e4 

  0x000002c3e2e599b8: ;   {runtime_call}
  0x000002c3e2e599b8: f048 b800 | 8db7 5ff9 | 7f00 00ff 

  0x000002c3e2e599c4: ;   {section_word}
  0x000002c3e2e599c4: d0f4 49ba | c699 e5e2 | c302 0000 

  0x000002c3e2e599d0: ;   {runtime_call DeoptimizationBlob}
  0x000002c3e2e599d0: 4152 e989 | 7830 07f4 
[/MachCode]


---------------  P R O C E S S  ---------------

Threads class SMR info:
_java_thread_list=0x000002c3feeaf000, length=17, elements={
0x000002c3da35a410, 0x000002c3f9da7bb0, 0x000002c3f9daa620, 0x000002c3f9dab480,
0x000002c3f9db3c90, 0x000002c3f9db4850, 0x000002c3f9db5410, 0x000002c3f9db8310,
0x000002c3f9dbaf30, 0x000002c3fe138100, 0x000002c3fe191b80, 0x000002c3fe19e890,
0x000002c3fe24b030, 0x000002c3fe324c80, 0x000002c3fe3bbc10, 0x000002c3ffb32730,
0x000002c3fe192b70
}

Java Threads: ( => current thread )
=>0x000002c3da35a410 JavaThread "main"                              [_thread_in_native, id=22624, stack(0x000000f540600000,0x000000f540700000) (1024K)]
  0x000002c3f9da7bb0 JavaThread "Reference Handler"          daemon [_thread_blocked, id=22984, stack(0x000000f540e00000,0x000000f540f00000) (1024K)]
  0x000002c3f9daa620 JavaThread "Finalizer"                  daemon [_thread_blocked, id=23388, stack(0x000000f540f00000,0x000000f541000000) (1024K)]
  0x000002c3f9dab480 JavaThread "Signal Dispatcher"          daemon [_thread_blocked, id=17768, stack(0x000000f541000000,0x000000f541100000) (1024K)]
  0x000002c3f9db3c90 JavaThread "Attach Listener"            daemon [_thread_blocked, id=10328, stack(0x000000f541100000,0x000000f541200000) (1024K)]
  0x000002c3f9db4850 JavaThread "Service Thread"             daemon [_thread_blocked, id=20828, stack(0x000000f541200000,0x000000f541300000) (1024K)]
  0x000002c3f9db5410 JavaThread "Monitor Deflation Thread"   daemon [_thread_blocked, id=14348, stack(0x000000f541300000,0x000000f541400000) (1024K)]
  0x000002c3f9db8310 JavaThread "C2 CompilerThread0"         daemon [_thread_blocked, id=7460, stack(0x000000f541400000,0x000000f541500000) (1024K)]
  0x000002c3f9dbaf30 JavaThread "C1 CompilerThread0"         daemon [_thread_blocked, id=18288, stack(0x000000f541500000,0x000000f541600000) (1024K)]
  0x000002c3fe138100 JavaThread "JDWP Transport Listener: dt_socket" daemon [_thread_blocked, id=7788, stack(0x000000f541600000,0x000000f541700000) (1024K)]
  0x000002c3fe191b80 JavaThread "JDWP Event Helper Thread"   daemon [_thread_blocked, id=17316, stack(0x000000f541700000,0x000000f541800000) (1024K)]
  0x000002c3fe19e890 JavaThread "JDWP Command Reader"        daemon [_thread_in_native, id=20428, stack(0x000000f541800000,0x000000f541900000) (1024K)]
  0x000002c3fe24b030 JavaThread "Common-Cleaner"             daemon [_thread_blocked, id=16172, stack(0x000000f541900000,0x000000f541a00000) (1024K)]
  0x000002c3fe324c80 JavaThread "IntelliJ Suspend Helper"    daemon [_thread_blocked, id=13568, stack(0x000000f541a00000,0x000000f541b00000) (1024K)]
  0x000002c3fe3bbc10 JavaThread "Notification Thread"        daemon [_thread_blocked, id=23316, stack(0x000000f541b00000,0x000000f541c00000) (1024K)]
  0x000002c3ffb32730 JavaThread "Java2D Disposer"            daemon [_thread_blocked, id=13284, stack(0x000000f541c00000,0x000000f541d00000) (1024K)]
  0x000002c3fe192b70 JavaThread "AWT-Windows"                daemon [_thread_in_native, id=924, stack(0x000000f542500000,0x000000f542600000) (1024K)]
Total: 17

Other Threads:
  0x000002c3f9d96c90 VMThread "VM Thread"                           [id=18012, stack(0x000000f540d00000,0x000000f540e00000) (1024K)]
  0x000002c3f9d8af90 WatcherThread "VM Periodic Task Thread"        [id=20700, stack(0x000000f540c00000,0x000000f540d00000) (1024K)]
  0x000002c3da3c7a10 WorkerThread "GC Thread#0"                     [id=19748, stack(0x000000f540700000,0x000000f540800000) (1024K)]
  0x000002c3da3e0b40 ConcurrentGCThread "G1 Main Marker"            [id=16228, stack(0x000000f540800000,0x000000f540900000) (1024K)]
  0x000002c3da3e2e90 WorkerThread "G1 Conc#0"                       [id=18084, stack(0x000000f540900000,0x000000f540a00000) (1024K)]
  0x000002c3f9c5aea0 ConcurrentGCThread "G1 Refine#0"               [id=7916, stack(0x000000f540a00000,0x000000f540b00000) (1024K)]
  0x000002c3f9c5bab0 ConcurrentGCThread "G1 Service"                [id=15116, stack(0x000000f540b00000,0x000000f540c00000) (1024K)]
Total: 7

Threads with active compile tasks:
Total: 0

VM state: not at safepoint (normal execution)

VM Mutex/Monitor currently owned by a thread: None

Heap address: 0x0000000700c00000, size: 4084 MB, Compressed Oops mode: Zero based, Oop shift amount: 3

CDS archive(s) mapped at: [0x0000000091000000-0x0000000091dd0000-0x0000000091dd0000), size 14483456, SharedBaseAddress: 0x0000000091000000, ArchiveRelocationMode: 1.
Compressed class space mapped at: 0x0000000092000000-0x00000000d2000000, reserved size: 1073741824
UseCompressedClassPointers 1, UseCompactObjectHeaders 0
Narrow klass pointer bits 32, Max shift 3
Narrow klass base: 0x0000000091000000, Narrow klass shift: 0
Encoding Range: [0x0000000091000000 - 0x0000000191000000), (4294967296 bytes)
Klass Range:    [0x0000000091010000 - 0x00000000d2000000), (1090453504 bytes)
Klass ID Range:  [65536 - 1090519033) (1090453497)
Protection zone: [0x0000000091000000 - 0x0000000091010000), (65536 bytes)

GC Precious Log:
 CardTable entry size: 512
 Card Set container configuration: InlinePtr #cards 4 size 8 Array Of Cards #cards 16 size 48 Howl #buckets 8 coarsen threshold 3686 Howl Bitmap #cards 512 size 80 coarsen threshold 460 Card regions per heap region 1 cards per card region 4096
 CPUs: 12 total, 12 available
 Memory: 16330M
 Large Page Support: Disabled
 NUMA Support: Disabled
 Compressed Oops: Enabled (Zero based)
 Heap Region Size: 2M
 Heap Min Capacity: 8M
 Heap Initial Capacity: 256M
 Heap Max Capacity: 4084M
 Pre-touch: Disabled
 Parallel Workers: 10
 Concurrent Workers: 3
 Concurrent Refinement Workers: 10
 Periodic GC: Disabled

Heap:
 garbage-first heap   total reserved 4182016K, committed 264192K, used 33941K [0x0000000700c00000, 0x0000000800000000)
  region size 2048K, 18 young (36864K), 0 survivors (0K)

Heap Regions: E=young(eden), S=young(survivor), O=old, HS=humongous(starts), HC=humongous(continues), CS=collection set, F=free, TAMS=top-at-mark-start, PB=parsable bottom
|   0|0x0000000700c00000, 0x0000000700c00000, 0x0000000700e00000|  0%| F|  |TAMS 0x0000000700c00000| PB 0x0000000700c00000| Untracked |  0
|   1|0x0000000700e00000, 0x0000000700e00000, 0x0000000701000000|  0%| F|  |TAMS 0x0000000700e00000| PB 0x0000000700e00000| Untracked |  0
|   2|0x0000000701000000, 0x0000000701000000, 0x0000000701200000|  0%| F|  |TAMS 0x0000000701000000| PB 0x0000000701000000| Untracked |  0
|   3|0x0000000701200000, 0x0000000701200000, 0x0000000701400000|  0%| F|  |TAMS 0x0000000701200000| PB 0x0000000701200000| Untracked |  0
|   4|0x0000000701400000, 0x0000000701400000, 0x0000000701600000|  0%| F|  |TAMS 0x0000000701400000| PB 0x0000000701400000| Untracked |  0
|   5|0x0000000701600000, 0x0000000701600000, 0x0000000701800000|  0%| F|  |TAMS 0x0000000701600000| PB 0x0000000701600000| Untracked |  0
|   6|0x0000000701800000, 0x0000000701800000, 0x0000000701a00000|  0%| F|  |TAMS 0x0000000701800000| PB 0x0000000701800000| Untracked |  0
|   7|0x0000000701a00000, 0x0000000701a00000, 0x0000000701c00000|  0%| F|  |TAMS 0x0000000701a00000| PB 0x0000000701a00000| Untracked |  0
|   8|0x0000000701c00000, 0x0000000701c00000, 0x0000000701e00000|  0%| F|  |TAMS 0x0000000701c00000| PB 0x0000000701c00000| Untracked |  0
|   9|0x0000000701e00000, 0x0000000701e00000, 0x0000000702000000|  0%| F|  |TAMS 0x0000000701e00000| PB 0x0000000701e00000| Untracked |  0
|  10|0x0000000702000000, 0x0000000702000000, 0x0000000702200000|  0%| F|  |TAMS 0x0000000702000000| PB 0x0000000702000000| Untracked |  0
|  11|0x0000000702200000, 0x0000000702200000, 0x0000000702400000|  0%| F|  |TAMS 0x0000000702200000| PB 0x0000000702200000| Untracked |  0
|  12|0x0000000702400000, 0x0000000702400000, 0x0000000702600000|  0%| F|  |TAMS 0x0000000702400000| PB 0x0000000702400000| Untracked |  0
|  13|0x0000000702600000, 0x0000000702600000, 0x0000000702800000|  0%| F|  |TAMS 0x0000000702600000| PB 0x0000000702600000| Untracked |  0
|  14|0x0000000702800000, 0x0000000702800000, 0x0000000702a00000|  0%| F|  |TAMS 0x0000000702800000| PB 0x0000000702800000| Untracked |  0
|  15|0x0000000702a00000, 0x0000000702a00000, 0x0000000702c00000|  0%| F|  |TAMS 0x0000000702a00000| PB 0x0000000702a00000| Untracked |  0
|  16|0x0000000702c00000, 0x0000000702c00000, 0x0000000702e00000|  0%| F|  |TAMS 0x0000000702c00000| PB 0x0000000702c00000| Untracked |  0
|  17|0x0000000702e00000, 0x0000000702e00000, 0x0000000703000000|  0%| F|  |TAMS 0x0000000702e00000| PB 0x0000000702e00000| Untracked |  0
|  18|0x0000000703000000, 0x0000000703000000, 0x0000000703200000|  0%| F|  |TAMS 0x0000000703000000| PB 0x0000000703000000| Untracked |  0
|  19|0x0000000703200000, 0x0000000703200000, 0x0000000703400000|  0%| F|  |TAMS 0x0000000703200000| PB 0x0000000703200000| Untracked |  0
|  20|0x0000000703400000, 0x0000000703400000, 0x0000000703600000|  0%| F|  |TAMS 0x0000000703400000| PB 0x0000000703400000| Untracked |  0
|  21|0x0000000703600000, 0x0000000703600000, 0x0000000703800000|  0%| F|  |TAMS 0x0000000703600000| PB 0x0000000703600000| Untracked |  0
|  22|0x0000000703800000, 0x0000000703800000, 0x0000000703a00000|  0%| F|  |TAMS 0x0000000703800000| PB 0x0000000703800000| Untracked |  0
|  23|0x0000000703a00000, 0x0000000703a00000, 0x0000000703c00000|  0%| F|  |TAMS 0x0000000703a00000| PB 0x0000000703a00000| Untracked |  0
|  24|0x0000000703c00000, 0x0000000703c00000, 0x0000000703e00000|  0%| F|  |TAMS 0x0000000703c00000| PB 0x0000000703c00000| Untracked |  0
|  25|0x0000000703e00000, 0x0000000703e00000, 0x0000000704000000|  0%| F|  |TAMS 0x0000000703e00000| PB 0x0000000703e00000| Untracked |  0
|  26|0x0000000704000000, 0x0000000704000000, 0x0000000704200000|  0%| F|  |TAMS 0x0000000704000000| PB 0x0000000704000000| Untracked |  0
|  27|0x0000000704200000, 0x0000000704200000, 0x0000000704400000|  0%| F|  |TAMS 0x0000000704200000| PB 0x0000000704200000| Untracked |  0
|  28|0x0000000704400000, 0x0000000704400000, 0x0000000704600000|  0%| F|  |TAMS 0x0000000704400000| PB 0x0000000704400000| Untracked |  0
|  29|0x0000000704600000, 0x0000000704600000, 0x0000000704800000|  0%| F|  |TAMS 0x0000000704600000| PB 0x0000000704600000| Untracked |  0
|  30|0x0000000704800000, 0x0000000704800000, 0x0000000704a00000|  0%| F|  |TAMS 0x0000000704800000| PB 0x0000000704800000| Untracked |  0
|  31|0x0000000704a00000, 0x0000000704a00000, 0x0000000704c00000|  0%| F|  |TAMS 0x0000000704a00000| PB 0x0000000704a00000| Untracked |  0
|  32|0x0000000704c00000, 0x0000000704c00000, 0x0000000704e00000|  0%| F|  |TAMS 0x0000000704c00000| PB 0x0000000704c00000| Untracked |  0
|  33|0x0000000704e00000, 0x0000000704e00000, 0x0000000705000000|  0%| F|  |TAMS 0x0000000704e00000| PB 0x0000000704e00000| Untracked |  0
|  34|0x0000000705000000, 0x0000000705000000, 0x0000000705200000|  0%| F|  |TAMS 0x0000000705000000| PB 0x0000000705000000| Untracked |  0
|  35|0x0000000705200000, 0x0000000705200000, 0x0000000705400000|  0%| F|  |TAMS 0x0000000705200000| PB 0x0000000705200000| Untracked |  0
|  36|0x0000000705400000, 0x0000000705400000, 0x0000000705600000|  0%| F|  |TAMS 0x0000000705400000| PB 0x0000000705400000| Untracked |  0
|  37|0x0000000705600000, 0x0000000705600000, 0x0000000705800000|  0%| F|  |TAMS 0x0000000705600000| PB 0x0000000705600000| Untracked |  0
|  38|0x0000000705800000, 0x0000000705800000, 0x0000000705a00000|  0%| F|  |TAMS 0x0000000705800000| PB 0x0000000705800000| Untracked |  0
|  39|0x0000000705a00000, 0x0000000705a00000, 0x0000000705c00000|  0%| F|  |TAMS 0x0000000705a00000| PB 0x0000000705a00000| Untracked |  0
|  40|0x0000000705c00000, 0x0000000705c00000, 0x0000000705e00000|  0%| F|  |TAMS 0x0000000705c00000| PB 0x0000000705c00000| Untracked |  0
|  41|0x0000000705e00000, 0x0000000705e00000, 0x0000000706000000|  0%| F|  |TAMS 0x0000000705e00000| PB 0x0000000705e00000| Untracked |  0
|  42|0x0000000706000000, 0x0000000706000000, 0x0000000706200000|  0%| F|  |TAMS 0x0000000706000000| PB 0x0000000706000000| Untracked |  0
|  43|0x0000000706200000, 0x0000000706200000, 0x0000000706400000|  0%| F|  |TAMS 0x0000000706200000| PB 0x0000000706200000| Untracked |  0
|  44|0x0000000706400000, 0x0000000706400000, 0x0000000706600000|  0%| F|  |TAMS 0x0000000706400000| PB 0x0000000706400000| Untracked |  0
|  45|0x0000000706600000, 0x0000000706600000, 0x0000000706800000|  0%| F|  |TAMS 0x0000000706600000| PB 0x0000000706600000| Untracked |  0
|  46|0x0000000706800000, 0x0000000706800000, 0x0000000706a00000|  0%| F|  |TAMS 0x0000000706800000| PB 0x0000000706800000| Untracked |  0
|  47|0x0000000706a00000, 0x0000000706a00000, 0x0000000706c00000|  0%| F|  |TAMS 0x0000000706a00000| PB 0x0000000706a00000| Untracked |  0
|  48|0x0000000706c00000, 0x0000000706c00000, 0x0000000706e00000|  0%| F|  |TAMS 0x0000000706c00000| PB 0x0000000706c00000| Untracked |  0
|  49|0x0000000706e00000, 0x0000000706e00000, 0x0000000707000000|  0%| F|  |TAMS 0x0000000706e00000| PB 0x0000000706e00000| Untracked |  0
|  50|0x0000000707000000, 0x0000000707000000, 0x0000000707200000|  0%| F|  |TAMS 0x0000000707000000| PB 0x0000000707000000| Untracked |  0
|  51|0x0000000707200000, 0x0000000707200000, 0x0000000707400000|  0%| F|  |TAMS 0x0000000707200000| PB 0x0000000707200000| Untracked |  0
|  52|0x0000000707400000, 0x0000000707400000, 0x0000000707600000|  0%| F|  |TAMS 0x0000000707400000| PB 0x0000000707400000| Untracked |  0
|  53|0x0000000707600000, 0x0000000707600000, 0x0000000707800000|  0%| F|  |TAMS 0x0000000707600000| PB 0x0000000707600000| Untracked |  0
|  54|0x0000000707800000, 0x0000000707800000, 0x0000000707a00000|  0%| F|  |TAMS 0x0000000707800000| PB 0x0000000707800000| Untracked |  0
|  55|0x0000000707a00000, 0x0000000707a00000, 0x0000000707c00000|  0%| F|  |TAMS 0x0000000707a00000| PB 0x0000000707a00000| Untracked |  0
|  56|0x0000000707c00000, 0x0000000707c00000, 0x0000000707e00000|  0%| F|  |TAMS 0x0000000707c00000| PB 0x0000000707c00000| Untracked |  0
|  57|0x0000000707e00000, 0x0000000707e00000, 0x0000000708000000|  0%| F|  |TAMS 0x0000000707e00000| PB 0x0000000707e00000| Untracked |  0
|  58|0x0000000708000000, 0x0000000708000000, 0x0000000708200000|  0%| F|  |TAMS 0x0000000708000000| PB 0x0000000708000000| Untracked |  0
|  59|0x0000000708200000, 0x0000000708200000, 0x0000000708400000|  0%| F|  |TAMS 0x0000000708200000| PB 0x0000000708200000| Untracked |  0
|  60|0x0000000708400000, 0x0000000708400000, 0x0000000708600000|  0%| F|  |TAMS 0x0000000708400000| PB 0x0000000708400000| Untracked |  0
|  61|0x0000000708600000, 0x0000000708600000, 0x0000000708800000|  0%| F|  |TAMS 0x0000000708600000| PB 0x0000000708600000| Untracked |  0
|  62|0x0000000708800000, 0x0000000708800000, 0x0000000708a00000|  0%| F|  |TAMS 0x0000000708800000| PB 0x0000000708800000| Untracked |  0
|  63|0x0000000708a00000, 0x0000000708a00000, 0x0000000708c00000|  0%| F|  |TAMS 0x0000000708a00000| PB 0x0000000708a00000| Untracked |  0
|  64|0x0000000708c00000, 0x0000000708c00000, 0x0000000708e00000|  0%| F|  |TAMS 0x0000000708c00000| PB 0x0000000708c00000| Untracked |  0
|  65|0x0000000708e00000, 0x0000000708e00000, 0x0000000709000000|  0%| F|  |TAMS 0x0000000708e00000| PB 0x0000000708e00000| Untracked |  0
|  66|0x0000000709000000, 0x0000000709000000, 0x0000000709200000|  0%| F|  |TAMS 0x0000000709000000| PB 0x0000000709000000| Untracked |  0
|  67|0x0000000709200000, 0x0000000709200000, 0x0000000709400000|  0%| F|  |TAMS 0x0000000709200000| PB 0x0000000709200000| Untracked |  0
|  68|0x0000000709400000, 0x0000000709400000, 0x0000000709600000|  0%| F|  |TAMS 0x0000000709400000| PB 0x0000000709400000| Untracked |  0
|  69|0x0000000709600000, 0x0000000709600000, 0x0000000709800000|  0%| F|  |TAMS 0x0000000709600000| PB 0x0000000709600000| Untracked |  0
|  70|0x0000000709800000, 0x0000000709800000, 0x0000000709a00000|  0%| F|  |TAMS 0x0000000709800000| PB 0x0000000709800000| Untracked |  0
|  71|0x0000000709a00000, 0x0000000709a00000, 0x0000000709c00000|  0%| F|  |TAMS 0x0000000709a00000| PB 0x0000000709a00000| Untracked |  0
|  72|0x0000000709c00000, 0x0000000709c00000, 0x0000000709e00000|  0%| F|  |TAMS 0x0000000709c00000| PB 0x0000000709c00000| Untracked |  0
|  73|0x0000000709e00000, 0x0000000709e00000, 0x000000070a000000|  0%| F|  |TAMS 0x0000000709e00000| PB 0x0000000709e00000| Untracked |  0
|  74|0x000000070a000000, 0x000000070a000000, 0x000000070a200000|  0%| F|  |TAMS 0x000000070a000000| PB 0x000000070a000000| Untracked |  0
|  75|0x000000070a200000, 0x000000070a200000, 0x000000070a400000|  0%| F|  |TAMS 0x000000070a200000| PB 0x000000070a200000| Untracked |  0
|  76|0x000000070a400000, 0x000000070a400000, 0x000000070a600000|  0%| F|  |TAMS 0x000000070a400000| PB 0x000000070a400000| Untracked |  0
|  77|0x000000070a600000, 0x000000070a600000, 0x000000070a800000|  0%| F|  |TAMS 0x000000070a600000| PB 0x000000070a600000| Untracked |  0
|  78|0x000000070a800000, 0x000000070a800000, 0x000000070aa00000|  0%| F|  |TAMS 0x000000070a800000| PB 0x000000070a800000| Untracked |  0
|  79|0x000000070aa00000, 0x000000070aa00000, 0x000000070ac00000|  0%| F|  |TAMS 0x000000070aa00000| PB 0x000000070aa00000| Untracked |  0
|  80|0x000000070ac00000, 0x000000070ac00000, 0x000000070ae00000|  0%| F|  |TAMS 0x000000070ac00000| PB 0x000000070ac00000| Untracked |  0
|  81|0x000000070ae00000, 0x000000070ae00000, 0x000000070b000000|  0%| F|  |TAMS 0x000000070ae00000| PB 0x000000070ae00000| Untracked |  0
|  82|0x000000070b000000, 0x000000070b000000, 0x000000070b200000|  0%| F|  |TAMS 0x000000070b000000| PB 0x000000070b000000| Untracked |  0
|  83|0x000000070b200000, 0x000000070b200000, 0x000000070b400000|  0%| F|  |TAMS 0x000000070b200000| PB 0x000000070b200000| Untracked |  0
|  84|0x000000070b400000, 0x000000070b400000, 0x000000070b600000|  0%| F|  |TAMS 0x000000070b400000| PB 0x000000070b400000| Untracked |  0
|  85|0x000000070b600000, 0x000000070b600000, 0x000000070b800000|  0%| F|  |TAMS 0x000000070b600000| PB 0x000000070b600000| Untracked |  0
|  86|0x000000070b800000, 0x000000070b800000, 0x000000070ba00000|  0%| F|  |TAMS 0x000000070b800000| PB 0x000000070b800000| Untracked |  0
|  87|0x000000070ba00000, 0x000000070ba00000, 0x000000070bc00000|  0%| F|  |TAMS 0x000000070ba00000| PB 0x000000070ba00000| Untracked |  0
|  88|0x000000070bc00000, 0x000000070bc00000, 0x000000070be00000|  0%| F|  |TAMS 0x000000070bc00000| PB 0x000000070bc00000| Untracked |  0
|  89|0x000000070be00000, 0x000000070be00000, 0x000000070c000000|  0%| F|  |TAMS 0x000000070be00000| PB 0x000000070be00000| Untracked |  0
|  90|0x000000070c000000, 0x000000070c000000, 0x000000070c200000|  0%| F|  |TAMS 0x000000070c000000| PB 0x000000070c000000| Untracked |  0
|  91|0x000000070c200000, 0x000000070c200000, 0x000000070c400000|  0%| F|  |TAMS 0x000000070c200000| PB 0x000000070c200000| Untracked |  0
|  92|0x000000070c400000, 0x000000070c400000, 0x000000070c600000|  0%| F|  |TAMS 0x000000070c400000| PB 0x000000070c400000| Untracked |  0
|  93|0x000000070c600000, 0x000000070c600000, 0x000000070c800000|  0%| F|  |TAMS 0x000000070c600000| PB 0x000000070c600000| Untracked |  0
|  94|0x000000070c800000, 0x000000070c800000, 0x000000070ca00000|  0%| F|  |TAMS 0x000000070c800000| PB 0x000000070c800000| Untracked |  0
|  95|0x000000070ca00000, 0x000000070ca00000, 0x000000070cc00000|  0%| F|  |TAMS 0x000000070ca00000| PB 0x000000070ca00000| Untracked |  0
|  96|0x000000070cc00000, 0x000000070cc00000, 0x000000070ce00000|  0%| F|  |TAMS 0x000000070cc00000| PB 0x000000070cc00000| Untracked |  0
|  97|0x000000070ce00000, 0x000000070ce00000, 0x000000070d000000|  0%| F|  |TAMS 0x000000070ce00000| PB 0x000000070ce00000| Untracked |  0
|  98|0x000000070d000000, 0x000000070d000000, 0x000000070d200000|  0%| F|  |TAMS 0x000000070d000000| PB 0x000000070d000000| Untracked |  0
|  99|0x000000070d200000, 0x000000070d200000, 0x000000070d400000|  0%| F|  |TAMS 0x000000070d200000| PB 0x000000070d200000| Untracked |  0
| 100|0x000000070d400000, 0x000000070d400000, 0x000000070d600000|  0%| F|  |TAMS 0x000000070d400000| PB 0x000000070d400000| Untracked |  0
| 101|0x000000070d600000, 0x000000070d600000, 0x000000070d800000|  0%| F|  |TAMS 0x000000070d600000| PB 0x000000070d600000| Untracked |  0
| 102|0x000000070d800000, 0x000000070d800000, 0x000000070da00000|  0%| F|  |TAMS 0x000000070d800000| PB 0x000000070d800000| Untracked |  0
| 103|0x000000070da00000, 0x000000070da00000, 0x000000070dc00000|  0%| F|  |TAMS 0x000000070da00000| PB 0x000000070da00000| Untracked |  0
| 104|0x000000070dc00000, 0x000000070dc00000, 0x000000070de00000|  0%| F|  |TAMS 0x000000070dc00000| PB 0x000000070dc00000| Untracked |  0
| 105|0x000000070de00000, 0x000000070de00000, 0x000000070e000000|  0%| F|  |TAMS 0x000000070de00000| PB 0x000000070de00000| Untracked |  0
| 106|0x000000070e000000, 0x000000070e000000, 0x000000070e200000|  0%| F|  |TAMS 0x000000070e000000| PB 0x000000070e000000| Untracked |  0
| 107|0x000000070e200000, 0x000000070e200000, 0x000000070e400000|  0%| F|  |TAMS 0x000000070e200000| PB 0x000000070e200000| Untracked |  0
| 108|0x000000070e400000, 0x000000070e400000, 0x000000070e600000|  0%| F|  |TAMS 0x000000070e400000| PB 0x000000070e400000| Untracked |  0
| 109|0x000000070e600000, 0x000000070e600000, 0x000000070e800000|  0%| F|  |TAMS 0x000000070e600000| PB 0x000000070e600000| Untracked |  0
| 110|0x000000070e800000, 0x000000070e9ebca0, 0x000000070ea00000| 96%| E|  |TAMS 0x000000070e800000| PB 0x000000070e800000| Complete |  0
| 111|0x000000070ea00000, 0x000000070ec00000, 0x000000070ec00000|100%| E|CS|TAMS 0x000000070ea00000| PB 0x000000070ea00000| Complete |  0
| 112|0x000000070ec00000, 0x000000070ee00000, 0x000000070ee00000|100%| E|CS|TAMS 0x000000070ec00000| PB 0x000000070ec00000| Complete |  0
| 113|0x000000070ee00000, 0x000000070f000000, 0x000000070f000000|100%| E|CS|TAMS 0x000000070ee00000| PB 0x000000070ee00000| Complete |  0
| 114|0x000000070f000000, 0x000000070f200000, 0x000000070f200000|100%| E|CS|TAMS 0x000000070f000000| PB 0x000000070f000000| Complete |  0
| 115|0x000000070f200000, 0x000000070f400000, 0x000000070f400000|100%| E|CS|TAMS 0x000000070f200000| PB 0x000000070f200000| Complete |  0
| 116|0x000000070f400000, 0x000000070f600000, 0x000000070f600000|100%| E|  |TAMS 0x000000070f400000| PB 0x000000070f400000| Complete |  0
| 117|0x000000070f600000, 0x000000070f800000, 0x000000070f800000|100%| E|CS|TAMS 0x000000070f600000| PB 0x000000070f600000| Complete |  0
| 118|0x000000070f800000, 0x000000070fa00000, 0x000000070fa00000|100%| E|CS|TAMS 0x000000070f800000| PB 0x000000070f800000| Complete |  0
| 119|0x000000070fa00000, 0x000000070fc00000, 0x000000070fc00000|100%| E|CS|TAMS 0x000000070fa00000| PB 0x000000070fa00000| Complete |  0
| 120|0x000000070fc00000, 0x000000070fe00000, 0x000000070fe00000|100%| E|CS|TAMS 0x000000070fc00000| PB 0x000000070fc00000| Complete |  0
| 121|0x000000070fe00000, 0x0000000710000000, 0x0000000710000000|100%| E|CS|TAMS 0x000000070fe00000| PB 0x000000070fe00000| Complete |  0
| 122|0x0000000710000000, 0x0000000710200000, 0x0000000710200000|100%| E|CS|TAMS 0x0000000710000000| PB 0x0000000710000000| Complete |  0
| 123|0x0000000710200000, 0x0000000710400000, 0x0000000710400000|100%| E|CS|TAMS 0x0000000710200000| PB 0x0000000710200000| Complete |  0
| 124|0x0000000710400000, 0x0000000710600000, 0x0000000710600000|100%| E|CS|TAMS 0x0000000710400000| PB 0x0000000710400000| Complete |  0
| 125|0x0000000710600000, 0x0000000710800000, 0x0000000710800000|100%| E|CS|TAMS 0x0000000710600000| PB 0x0000000710600000| Complete |  0
| 126|0x0000000710800000, 0x0000000710a00000, 0x0000000710a00000|100%| E|CS|TAMS 0x0000000710800000| PB 0x0000000710800000| Complete |  0
| 127|0x0000000710a00000, 0x0000000710c00000, 0x0000000710c00000|100%| E|CS|TAMS 0x0000000710a00000| PB 0x0000000710a00000| Complete |  0
|2041|0x00000007ffe00000, 0x00000007fff256a0, 0x0000000800000000| 57%| O|  |TAMS 0x00000007ffe00000| PB 0x00000007ffe00000| Untracked |  0

Card table byte_map: [0x000002c3f2a40000,0x000002c3f3240000] _byte_map_base: 0x000002c3ef23a000

Marking Bits: (CMBitMap*) 0x000002c3da3c81a0
 Bits: [0x000002c3f3240000, 0x000002c3f7210000)

Polling page: 0x000002c3d9b30000

Metaspace:
Metaspace        used 17035K, committed 17280K, reserved 1114112K
 class space     used 1084K, committed 1216K, reserved 1048576K

Usage:
  Non-class:     15.58 MB used.
      Class:      1.06 MB used.
       Both:     16.64 MB used.

Virtual space:
  Non-class space:       64.00 MB reserved,      15.69 MB ( 25%) committed,  1 nodes.
      Class space:        1.00 GB reserved,       1.19 MB ( <1%) committed,  1 nodes.
             Both:        1.06 GB reserved,      16.88 MB (  2%) committed. 

Chunk freelists:
   Non-Class:  15.58 MB
       Class:  14.67 MB
        Both:  30.25 MB

MaxMetaspaceSize: unlimited
CompressedClassSpaceSize: 1.00 GB
Initial GC threshold: 21.00 MB
Current GC threshold: 21.00 MB
CDS: on
 - commit_granule_bytes: 65536.
 - commit_granule_words: 8192.
 - virtual_space_node_default_size: 8388608.
 - enlarge_chunks_in_place: 1.
UseCompressedClassPointers 1, UseCompactObjectHeaders 0
Narrow klass pointer bits 32, Max shift 3
Narrow klass base: 0x0000000091000000, Narrow klass shift: 0
Encoding Range: [0x0000000091000000 - 0x0000000191000000), (4294967296 bytes)
Klass Range:    [0x0000000091010000 - 0x00000000d2000000), (1090453504 bytes)
Klass ID Range:  [65536 - 1090519033) (1090453497)
Protection zone: [0x0000000091000000 - 0x0000000091010000), (65536 bytes)


Internal statistics:

num_allocs_failed_limit: 0.
num_arena_births: 132.
num_arena_deaths: 0.
num_vsnodes_births: 2.
num_vsnodes_deaths: 0.
num_space_committed: 269.
num_space_uncommitted: 0.
num_chunks_returned_to_freelist: 0.
num_chunks_taken_from_freelist: 455.
num_chunk_merges: 0.
num_chunk_splits: 301.
num_chunks_enlarged: 222.
num_inconsistent_stats: 0.

CodeHeap 'non-profiled nmethods': size=120064Kb used=479Kb max_used=479Kb free=119584Kb
 bounds [0x000002c3ea6a0000, 0x000002c3ea910000, 0x000002c3f1be0000]
CodeHeap 'profiled nmethods': size=120000Kb used=2715Kb max_used=2715Kb free=117284Kb
 bounds [0x000002c3e2be0000, 0x000002c3e2e90000, 0x000002c3ea110000]
CodeHeap 'non-nmethods': size=5696Kb used=2372Kb max_used=2386Kb free=3323Kb
 bounds [0x000002c3ea110000, 0x000002c3ea380000, 0x000002c3ea6a0000]
CodeCache: size=245760Kb, used=5566Kb, max_used=5580Kb, free=240191Kb
 total_blobs=3523, nmethods=2058, adapters=1369, full_count=0
Compilation: enabled, stopped_count=0, restarted_count=0

Compilation events (20 events):
Event: 2.867 Thread 0x000002c3f9dbaf30 2048       3       imgui.ImGui::renderPlatformWindowsDefault (4 bytes)
Event: 2.867 Thread 0x000002c3f9dbaf30 nmethod 2048 0x000002c3e2e85f88 code [0x000002c3e2e86080, 0x000002c3e2e86190]
Event: 2.935 Thread 0x000002c3f9db8310 2051       4       java.util.Arrays::fill (21 bytes)
Event: 2.937 Thread 0x000002c3f9db8310 nmethod 2051 0x000002c3ea716a08 code [0x000002c3ea716b00, 0x000002c3ea716ca8]
Event: 3.130 Thread 0x000002c3f9db8310 2052       4       org.lwjgl.system.MemoryStack::nmalloc (61 bytes)
Event: 3.130 Thread 0x000002c3f9db8310 nmethod 2052 0x000002c3ea716d08 code [0x000002c3ea716e00, 0x000002c3ea716ec8]
Event: 3.193 Thread 0x000002c3f9dbaf30 2053       1       Rendering.Objects.Shape::getShapeType (5 bytes)
Event: 3.193 Thread 0x000002c3f9dbaf30 nmethod 2053 0x000002c3ea717008 code [0x000002c3ea717100, 0x000002c3ea7171c8]
Event: 3.193 Thread 0x000002c3f9dbaf30 2054       1       Rendering.Objects.Components.Transform2D::getScale (5 bytes)
Event: 3.193 Thread 0x000002c3f9dbaf30 nmethod 2054 0x000002c3ea717308 code [0x000002c3ea717400, 0x000002c3ea7174c8]
Event: 3.193 Thread 0x000002c3f9dbaf30 2055       1       Rendering.Objects.Components.Transform2D::getRotation (5 bytes)
Event: 3.193 Thread 0x000002c3f9dbaf30 nmethod 2055 0x000002c3ea717608 code [0x000002c3ea717700, 0x000002c3ea7177c8]
Event: 3.199 Thread 0x000002c3f9dbaf30 2056       3       Rendering.Shaders.Shader::uploadInt (19 bytes)
Event: 3.199 Thread 0x000002c3f9dbaf30 nmethod 2056 0x000002c3e2e86288 code [0x000002c3e2e86380, 0x000002c3e2e866d8]
Event: 3.199 Thread 0x000002c3f9dbaf30 2057       3       org.lwjgl.opengl.GL20::glUniform1iv (6 bytes)
Event: 3.199 Thread 0x000002c3f9dbaf30 nmethod 2057 0x000002c3e2e86708 code [0x000002c3e2e86800, 0x000002c3e2e86928]
Event: 3.199 Thread 0x000002c3f9dbaf30 2058       3       org.lwjgl.opengl.GL20C::glUniform1iv (27 bytes)
Event: 3.199 Thread 0x000002c3f9dbaf30 nmethod 2058 0x000002c3e2e86a08 code [0x000002c3e2e86b00, 0x000002c3e2e86f58]
Event: 3.345 Thread 0x000002c3f9db8310 2060       4       java.nio.Buffer::limit (65 bytes)
Event: 3.346 Thread 0x000002c3f9db8310 nmethod 2060 0x000002c3ea717c08 code [0x000002c3ea717d00, 0x000002c3ea717df8]

GC Heap Usage History (0 events):
No events

Metaspace Usage History (0 events):
No events

Dll operation events (13 events):
Event: 0.011 Loaded shared library C:\Program Files\Java\jdk-25\bin\java.dll
Event: 0.012 Loaded shared library C:\Program Files\Java\jdk-25\bin\zip.dll
Event: 0.172 Loaded shared library C:\Program Files\Java\jdk-25\bin\instrument.dll
Event: 0.184 Loaded shared library C:\Program Files\Java\jdk-25\bin\verify.dll
Event: 0.252 Loaded shared library C:\Program Files\Java\jdk-25\bin\net.dll
Event: 0.253 Loaded shared library C:\Program Files\Java\jdk-25\bin\nio.dll
Event: 0.268 Loaded shared library C:\Program Files\Java\jdk-25\bin\zip.dll
Event: 0.341 Loaded shared library C:\Program Files\Java\jdk-25\bin\jimage.dll
Event: 0.368 Loaded shared library C:\Users\ciara\AppData\Local\Temp\lwjgl_ciara\3.3.6+1\x64\lwjgl.dll
Event: 0.659 Loaded shared library C:\Users\ciara\AppData\Local\Temp\lwjgl_ciara\3.3.6+1\x64\lwjgl_opengl.dll
Event: 0.691 Loaded shared library C:\Users\ciara\AppData\Local\Temp\lwjgl_ciara\3.3.6+1\x64\lwjgl_stb.dll
Event: 0.834 Loaded shared library C:\Users\ciara\AppData\Local\Temp\imgui-java-natives\1.90.0\imgui-java64.dll
Event: 0.848 Loaded shared library C:\Program Files\Java\jdk-25\bin\awt.dll

Deoptimization events (20 events):
Event: 1.024 Thread 0x000002c3da35a410 DEOPT PACKING pc=0x000002c3ea6f18d0 sp=0x000000f5406ff290
Event: 1.024 Thread 0x000002c3da35a410 DEOPT UNPACKING pc=0x000002c3ea23fb82 sp=0x000000f5406ff238 mode 2
Event: 1.024 Thread 0x000002c3da35a410 Uncommon trap: trap_request=0xffffffde fr.pc=0x000002c3ea6f18d0 relative=0x00000000000002d0
Event: 1.024 Thread 0x000002c3da35a410 Uncommon trap: reason=class_check action=maybe_recompile pc=0x000002c3ea6f18d0 method=java.util.regex.Pattern$BmpCharPropertyGreedy.match(Ljava/util/regex/Matcher;ILjava/lang/CharSequence;)Z @ 26 c2
Event: 1.024 Thread 0x000002c3da35a410 DEOPT PACKING pc=0x000002c3ea6f18d0 sp=0x000000f5406ff290
Event: 1.024 Thread 0x000002c3da35a410 DEOPT UNPACKING pc=0x000002c3ea23fb82 sp=0x000000f5406ff238 mode 2
Event: 1.227 Thread 0x000002c3da35a410 Uncommon trap: trap_request=0xffffff4c fr.pc=0x000002c3ea6f82dc relative=0x000000000000005c
Event: 1.227 Thread 0x000002c3da35a410 Uncommon trap: reason=speculate_null_assert action=make_not_entrant pc=0x000002c3ea6f82dc method=sun.misc.Unsafe.getLong(Ljava/lang/Object;J)J @ 8 c2
Event: 1.227 Thread 0x000002c3da35a410 DEOPT PACKING pc=0x000002c3ea6f82dc sp=0x000000f5406ff1e0
Event: 1.227 Thread 0x000002c3da35a410 DEOPT UNPACKING pc=0x000002c3ea23fb82 sp=0x000000f5406ff178 mode 2
Event: 1.345 Thread 0x000002c3da35a410 Uncommon trap: trap_request=0xffffff4c fr.pc=0x000002c3ea6fe2e4 relative=0x0000000000000064
Event: 1.345 Thread 0x000002c3da35a410 Uncommon trap: reason=speculate_null_assert action=make_not_entrant pc=0x000002c3ea6fe2e4 method=sun.misc.Unsafe.putLong(Ljava/lang/Object;JJ)V @ 10 c2
Event: 1.345 Thread 0x000002c3da35a410 DEOPT PACKING pc=0x000002c3ea6fe2e4 sp=0x000000f5406ff1a0
Event: 1.345 Thread 0x000002c3da35a410 DEOPT UNPACKING pc=0x000002c3ea23fb82 sp=0x000000f5406ff138 mode 2
Event: 2.935 Thread 0x000002c3da35a410 DEOPT PACKING pc=0x000002c3e2e2390f sp=0x000000f5406ff430
Event: 2.935 Thread 0x000002c3da35a410 DEOPT UNPACKING pc=0x000002c3ea161702 sp=0x000000f5406fe8c8 mode 0
Event: 3.643 Thread 0x000002c3ffb7cd10 Uncommon trap: trap_request=0xffffff45 fr.pc=0x000002c3ea6f1f90 relative=0x00000000000002f0
Event: 3.643 Thread 0x000002c3ffb7cd10 Uncommon trap: reason=unstable_if action=reinterpret pc=0x000002c3ea6f1f90 method=org.lwjgl.glfw.GLFW.glfwWindowShouldClose(J)Z @ 20 c2
Event: 3.643 Thread 0x000002c3ffb7cd10 DEOPT PACKING pc=0x000002c3ea6f1f90 sp=0x000000f5426ff2d0
Event: 3.643 Thread 0x000002c3ffb7cd10 DEOPT UNPACKING pc=0x000002c3ea23fb82 sp=0x000000f5426ff208 mode 2

Classes loaded (20 events):
Event: 1.029 Loading class org/lwjgl/opengl/GL33C
Event: 1.029 Loading class org/lwjgl/opengl/GL33C done
Event: 1.030 Loading class org/lwjgl/opengl/GL32C
Event: 1.030 Loading class org/lwjgl/opengl/GL32C done
Event: 1.030 Loading class org/lwjgl/opengl/GL31C
Event: 1.030 Loading class org/lwjgl/opengl/GL31C done
Event: 1.032 Loading class util/WorldCoords
Event: 1.032 Loading class util/WorldCoords done
Event: 1.911 Loading class sun/awt/AppContext
Event: 1.911 Loading class sun/awt/AppContext done
Event: 1.911 Loading class jdk/internal/access/JavaAWTAccess
Event: 1.911 Loading class jdk/internal/access/JavaAWTAccess done
Event: 1.912 Loading class sun/awt/AppContext$GetAppContextLock
Event: 1.912 Loading class sun/awt/AppContext$GetAppContextLock done
Event: 1.912 Loading class sun/awt/AppContext$3
Event: 1.912 Loading class sun/awt/AppContext$3 done
Event: 1.915 Loading class java/util/IdentityHashMap$ValueIterator
Event: 1.915 Loading class java/util/IdentityHashMap$ValueIterator done
Event: 9.380 Loading class Rendering/ImGui/ImGuiWindowClose
Event: 9.380 Loading class Rendering/ImGui/ImGuiWindowClose done

Classes unloaded (0 events):
No events

Classes redefined (1 events):
Event: 0.197 Thread 0x000002c3f9d96c90 redefined class name=java.lang.Throwable, count=1

Internal exceptions (20 events):
Event: 0.638 Thread 0x000002c3da35a410 Exception <a 'java/lang/NoSuchMethodError'{0x000000070fc4e758}: 'void java.lang.invoke.DirectMethodHandle$Holder.invokeStaticInit(java.lang.Object, long, int, int, int)'> (0x000000070fc4e758) 
thrown [s\open\src\hotspot\share\interpreter\linkResolver.cpp, line 804]
Event: 0.639 Thread 0x000002c3da35a410 Exception <a 'java/lang/NoSuchMethodError'{0x000000070fc70df0}: 'void java.lang.invoke.DirectMethodHandle$Holder.invokeStaticInit(java.lang.Object, long, int, int, int, int)'> (0x000000070fc70df0) 
thrown [s\open\src\hotspot\share\interpreter\linkResolver.cpp, line 804]
Event: 0.654 Thread 0x000002c3da35a410 Exception <a 'java/lang/NoSuchMethodError'{0x000000070fc9baa0}: 'void java.lang.System.load(java.lang.String, java.lang.Class)'> (0x000000070fc9baa0) 
thrown [s\open\src\hotspot\share\interpreter\linkResolver.cpp, line 804]
Event: 0.655 Thread 0x000002c3da35a410 Exception <a 'java/lang/NoSuchMethodError'{0x000000070fca38a0}: 'void java.lang.System.loadLibrary(java.lang.String, java.lang.Class)'> (0x000000070fca38a0) 
thrown [s\open\src\hotspot\share\interpreter\linkResolver.cpp, line 804]
Event: 0.658 Thread 0x000002c3da35a410 Exception <a 'sun/nio/fs/WindowsException'{0x000000070fcb7530}> (0x000000070fcb7530) 
thrown [s\open\src\hotspot\share\prims\jni.cpp, line 516]
Event: 0.658 Thread 0x000002c3da35a410 Exception <a 'sun/nio/fs/WindowsException'{0x000000070fcb78f0}> (0x000000070fcb78f0) 
thrown [s\open\src\hotspot\share\prims\jni.cpp, line 516]
Event: 0.662 Thread 0x000002c3da35a410 Exception <a 'sun/nio/fs/WindowsException'{0x000000070fcc11f8}> (0x000000070fcc11f8) 
thrown [s\open\src\hotspot\share\prims\jni.cpp, line 516]
Event: 0.662 Thread 0x000002c3da35a410 Exception <a 'sun/nio/fs/WindowsException'{0x000000070fcc14e8}> (0x000000070fcc14e8) 
thrown [s\open\src\hotspot\share\prims\jni.cpp, line 516]
Event: 0.685 Thread 0x000002c3da35a410 Exception <a 'java/lang/NoSuchMethodError'{0x000000070fa2e670}: 'void java.lang.System.load(java.lang.String, java.lang.Class)'> (0x000000070fa2e670) 
thrown [s\open\src\hotspot\share\interpreter\linkResolver.cpp, line 804]
Event: 0.686 Thread 0x000002c3da35a410 Exception <a 'java/lang/NoSuchMethodError'{0x000000070fa36470}: 'void java.lang.System.loadLibrary(java.lang.String, java.lang.Class)'> (0x000000070fa36470) 
thrown [s\open\src\hotspot\share\interpreter\linkResolver.cpp, line 804]
Event: 0.690 Thread 0x000002c3da35a410 Exception <a 'sun/nio/fs/WindowsException'{0x000000070fa49fd0}> (0x000000070fa49fd0) 
thrown [s\open\src\hotspot\share\prims\jni.cpp, line 516]
Event: 0.690 Thread 0x000002c3da35a410 Exception <a 'sun/nio/fs/WindowsException'{0x000000070fa4a370}> (0x000000070fa4a370) 
thrown [s\open\src\hotspot\share\prims\jni.cpp, line 516]
Event: 0.693 Thread 0x000002c3da35a410 Exception <a 'java/lang/NoSuchMethodError'{0x000000070fa58318}: 'void java.lang.invoke.DirectMethodHandle$Holder.invokeStatic(java.lang.Object, long)'> (0x000000070fa58318) 
thrown [s\open\src\hotspot\share\interpreter\linkResolver.cpp, line 804]
Event: 0.718 Thread 0x000002c3da35a410 Exception <a 'java/lang/NoSuchMethodError'{0x000000070fb94a28}: 'void java.lang.invoke.DirectMethodHandle$Holder.invokeVirtual(java.lang.Object, java.lang.Object)'> (0x000000070fb94a28) 
thrown [s\open\src\hotspot\share\interpreter\linkResolver.cpp, line 804]
Event: 0.765 Thread 0x000002c3da35a410 Exception <a 'java/lang/NoSuchMethodError'{0x000000070f643d90}: 'void java.lang.invoke.DirectMethodHandle$Holder.invokeSpecial(java.lang.Object, java.lang.Object, int)'> (0x000000070f643d90) 
thrown [s\open\src\hotspot\share\interpreter\linkResolver.cpp, line 804]
Event: 0.799 Thread 0x000002c3da35a410 Exception <a 'java/lang/NoSuchMethodError'{0x000000070f4ce0e0}: 'void java.lang.invoke.DirectMethodHandle$Holder.invokeSpecial(java.lang.Object, java.lang.Object, double)'> (0x000000070f4ce0e0) 
thrown [s\open\src\hotspot\share\interpreter\linkResolver.cpp, line 804]
Event: 0.846 Thread 0x000002c3da35a410 Exception <a 'java/lang/ClassNotFoundException'{0x000000070f25b1f0}: sun/awt/resources/spi/awtProvider> (0x000000070f25b1f0) 
thrown [s\open\src\hotspot\share\classfile\systemDictionary.cpp, line 327]
Event: 0.849 Thread 0x000002c3da35a410 Exception <a 'java/io/FileNotFoundException'{0x000000070f26beb8}> (0x000000070f26beb8) 
thrown [s\open\src\hotspot\share\prims\jni.cpp, line 516]
Event: 0.849 Thread 0x000002c3da35a410 Exception <a 'java/io/FileNotFoundException'{0x000000070f27e840}> (0x000000070f27e840) 
thrown [s\open\src\hotspot\share\prims\jni.cpp, line 516]
Event: 1.023 Thread 0x000002c3da35a410 Exception <a 'java/lang/NoSuchMethodError'{0x000000070eb11b20}: 'void java.lang.invoke.DirectMethodHandle$Holder.invokeStatic(java.lang.Object, java.lang.Object, int)'> (0x000000070eb11b20) 
thrown [s\open\src\hotspot\share\interpreter\linkResolver.cpp, line 804]

VM Operations (20 events):
Event: 0.721 Executing non-safepoint VM operation: HandshakeAllThreads (Deoptimize)
Event: 0.721 Executing non-safepoint VM operation: HandshakeAllThreads (Deoptimize) done
Event: 0.860 Executing non-safepoint VM operation: HandshakeAllThreads (Deoptimize)
Event: 0.860 Executing non-safepoint VM operation: HandshakeAllThreads (Deoptimize) done
Event: 0.961 Executing non-safepoint VM operation: HandshakeAllThreads (Deoptimize)
Event: 0.961 Executing non-safepoint VM operation: HandshakeAllThreads (Deoptimize) done
Event: 3.681 Executing safepoint VM operation: get/set locals
Event: 3.681 Executing safepoint VM operation: get/set locals done
Event: 9.380 Executing safepoint VM operation: ChangeSingleStep
Event: 9.380 Executing safepoint VM operation: ChangeSingleStep done
Event: 9.382 Executing safepoint VM operation: ChangeSingleStep
Event: 9.382 Executing safepoint VM operation: ChangeSingleStep done
Event: 18.691 Executing safepoint VM operation: ChangeSingleStep
Event: 18.691 Executing safepoint VM operation: ChangeSingleStep done
Event: 18.692 Executing safepoint VM operation: ChangeSingleStep
Event: 18.692 Executing safepoint VM operation: ChangeSingleStep done
Event: 19.472 Executing safepoint VM operation: ChangeSingleStep
Event: 19.472 Executing safepoint VM operation: ChangeSingleStep done
Event: 19.473 Executing safepoint VM operation: ChangeSingleStep
Event: 19.473 Executing safepoint VM operation: ChangeSingleStep done

Memory protections (0 events):
No events

Nmethod flushes (0 events):
No events

Events (20 events):
Event: 0.028 Thread 0x000002c3da35a410 Thread added: 0x000002c3f9dab480
Event: 0.028 Thread 0x000002c3da35a410 Thread added: 0x000002c3f9db3c90
Event: 0.028 Thread 0x000002c3da35a410 Thread added: 0x000002c3f9db4850
Event: 0.028 Thread 0x000002c3da35a410 Thread added: 0x000002c3f9db5410
Event: 0.028 Thread 0x000002c3da35a410 Thread added: 0x000002c3f9db8310
Event: 0.028 Thread 0x000002c3da35a410 Thread added: 0x000002c3f9dbaf30
Event: 0.069 Thread 0x000002c3da35a410 Thread added: 0x000002c3fe138100
Event: 0.069 Thread 0x000002c3da35a410 Thread added: 0x000002c3fe191b80
Event: 0.070 Thread 0x000002c3fe138100 Thread added: 0x000002c3fe19e890
Event: 0.179 Thread 0x000002c3da35a410 Thread added: 0x000002c3fe24b030
Event: 0.208 Thread 0x000002c3da35a410 Thread added: 0x000002c3fe324c80
Event: 0.211 Thread 0x000002c3da35a410 Thread added: 0x000002c3fe3bbc10
Event: 0.422 Thread 0x000002c3f9db8310 Thread added: 0x000002c3fed85310
Event: 0.636 Thread 0x000002c3fed85310 Thread exited: 0x000002c3fed85310
Event: 0.906 Thread 0x000002c3da35a410 Thread added: 0x000002c3ffb32730
Event: 0.907 Thread 0x000002c3da35a410 Thread added: 0x000002c3ffb44130
Event: 0.907 Thread 0x000002c3da35a410 Thread added: 0x000002c3fe192b70
Event: 0.955 Thread 0x000002c3da35a410 Thread added: 0x000002c3ffb7cd10
Event: 1.916 Thread 0x000002c3ffb44130 Thread exited: 0x000002c3ffb44130
Event: 3.644 Thread 0x000002c3ffb7cd10 Thread exited: 0x000002c3ffb7cd10


Dynamic libraries:
0x00007ff70a480000 - 0x00007ff70a490000 	C:\Program Files\Java\jdk-25\bin\java.exe
0x00007ffa44850000 - 0x00007ffa44a48000 	C:\WINDOWS\SYSTEM32\ntdll.dll
0x00007ffa43820000 - 0x00007ffa438e2000 	C:\WINDOWS\System32\KERNEL32.DLL
0x00007ffa423f0000 - 0x00007ffa426e6000 	C:\WINDOWS\System32\KERNELBASE.dll
0x00007ffa426f0000 - 0x00007ffa427f0000 	C:\WINDOWS\System32\ucrtbase.dll
0x00007ffa329c0000 - 0x00007ffa329d7000 	C:\Program Files\Java\jdk-25\bin\jli.dll
0x00007ffa341d0000 - 0x00007ffa341ee000 	C:\Program Files\Java\jdk-25\bin\VCRUNTIME140.dll
0x00007ffa42dd0000 - 0x00007ffa42f71000 	C:\WINDOWS\System32\USER32.dll
0x00007ffa36210000 - 0x00007ffa364ab000 	C:\WINDOWS\WinSxS\amd64_microsoft.windows.common-controls_6595b64144ccf1df_6.0.19041.6456_none_60b8a6cb71f64256\COMCTL32.dll
0x00007ffa41f80000 - 0x00007ffa41fa2000 	C:\WINDOWS\System32\win32u.dll
0x00007ffa43a10000 - 0x00007ffa43aae000 	C:\WINDOWS\System32\msvcrt.dll
0x00007ffa44610000 - 0x00007ffa4463b000 	C:\WINDOWS\System32\GDI32.dll
0x00007ffa41fe0000 - 0x00007ffa420f9000 	C:\WINDOWS\System32\gdi32full.dll
0x00007ffa41ee0000 - 0x00007ffa41f7d000 	C:\WINDOWS\System32\msvcp_win.dll
0x00007ffa446f0000 - 0x00007ffa4471f000 	C:\WINDOWS\System32\IMM32.DLL
0x00007ffa329b0000 - 0x00007ffa329bc000 	C:\Program Files\Java\jdk-25\bin\vcruntime140_1.dll
0x00007ffa123f0000 - 0x00007ffa1247d000 	C:\Program Files\Java\jdk-25\bin\msvcp140.dll
0x00007ff95f490000 - 0x00007ff9602ef000 	C:\Program Files\Java\jdk-25\bin\server\jvm.dll
0x00007ffa444a0000 - 0x00007ffa44551000 	C:\WINDOWS\System32\ADVAPI32.dll
0x00007ffa43ab0000 - 0x00007ffa43b4f000 	C:\WINDOWS\System32\sechost.dll
0x00007ffa44380000 - 0x00007ffa444a0000 	C:\WINDOWS\System32\RPCRT4.dll
0x00007ffa41fb0000 - 0x00007ffa41fd7000 	C:\WINDOWS\System32\bcrypt.dll
0x00007ffa43c10000 - 0x00007ffa43c7b000 	C:\WINDOWS\System32\WS2_32.dll
0x00007ffa41470000 - 0x00007ffa414bb000 	C:\WINDOWS\SYSTEM32\POWRPROF.dll
0x00007ffa3bdf0000 - 0x00007ffa3bdfa000 	C:\WINDOWS\SYSTEM32\VERSION.dll
0x00007ffa38ef0000 - 0x00007ffa38f17000 	C:\WINDOWS\SYSTEM32\WINMM.dll
0x00007ffa412e0000 - 0x00007ffa412f2000 	C:\WINDOWS\SYSTEM32\UMPDC.dll
0x00007ffa3fd70000 - 0x00007ffa3fd82000 	C:\WINDOWS\SYSTEM32\kernel.appcore.dll
0x00007ffa329a0000 - 0x00007ffa329aa000 	C:\Program Files\Java\jdk-25\bin\jimage.dll
0x00007ffa38570000 - 0x00007ffa38771000 	C:\WINDOWS\SYSTEM32\DBGHELP.DLL
0x00007ffa2cfc0000 - 0x00007ffa2cff4000 	C:\WINDOWS\SYSTEM32\dbgcore.DLL
0x00007ffa42200000 - 0x00007ffa42282000 	C:\WINDOWS\System32\bcryptPrimitives.dll
0x00007ffa32740000 - 0x00007ffa3277d000 	C:\Program Files\Java\jdk-25\bin\jdwp.dll
0x00007ffa32940000 - 0x00007ffa32950000 	C:\Program Files\Java\jdk-25\bin\instrument.dll
0x00007ffa26710000 - 0x00007ffa2672f000 	C:\Program Files\Java\jdk-25\bin\java.dll
0x00007ffa42f80000 - 0x00007ffa430ab000 	C:\WINDOWS\System32\ole32.dll
0x00007ffa43e50000 - 0x00007ffa441a4000 	C:\WINDOWS\System32\combase.dll
0x00007ffa430b0000 - 0x00007ffa43820000 	C:\WINDOWS\System32\SHELL32.dll
0x00007ffa23dd0000 - 0x00007ffa23de7000 	C:\Program Files\Java\jdk-25\bin\zip.dll
0x00007ffa3ff70000 - 0x00007ffa40715000 	C:\WINDOWS\SYSTEM32\windows.storage.dll
0x00007ffa41910000 - 0x00007ffa4193b000 	C:\WINDOWS\SYSTEM32\Wldp.dll
0x00007ffa44740000 - 0x00007ffa4480d000 	C:\WINDOWS\System32\OLEAUT32.dll
0x00007ffa44640000 - 0x00007ffa446ed000 	C:\WINDOWS\System32\SHCORE.dll
0x00007ffa43bb0000 - 0x00007ffa43c0b000 	C:\WINDOWS\System32\shlwapi.dll
0x00007ffa41e10000 - 0x00007ffa41e34000 	C:\WINDOWS\SYSTEM32\profapi.dll
0x00007ffa266c0000 - 0x00007ffa266cc000 	C:\Program Files\Java\jdk-25\bin\dt_socket.dll
0x00007ffa41300000 - 0x00007ffa4133b000 	C:\WINDOWS\SYSTEM32\IPHLPAPI.DLL
0x00007ffa41670000 - 0x00007ffa416da000 	C:\WINDOWS\system32\mswsock.dll
0x00007ffa23dc0000 - 0x00007ffa23dd0000 	C:\Program Files\Java\jdk-25\bin\verify.dll
0x00007ffa232e0000 - 0x00007ffa232f2000 	C:\Program Files\Java\jdk-25\bin\net.dll
0x00007ffa21070000 - 0x00007ffa21086000 	C:\Program Files\Java\jdk-25\bin\nio.dll
0x00007ffa12370000 - 0x00007ffa123ee000 	C:\Users\ciara\AppData\Local\Temp\lwjgl_ciara\3.3.6+1\x64\lwjgl.dll
0x00007ffa08c30000 - 0x00007ffa08cb9000 	C:\Users\ciara\AppData\Local\Temp\lwjgl_ciara\3.3.6+1\x64\glfw.dll
0x00007ffa0ba50000 - 0x00007ffa0ba95000 	C:\WINDOWS\SYSTEM32\dinput8.dll
0x00007ff9c2a50000 - 0x00007ff9c2a61000 	C:\WINDOWS\SYSTEM32\xinput1_4.dll
0x00007ffa42100000 - 0x00007ffa4214e000 	C:\WINDOWS\System32\cfgmgr32.dll
0x00007ffa41c70000 - 0x00007ffa41ca3000 	C:\WINDOWS\SYSTEM32\DEVOBJ.dll
0x00007ffa3fb90000 - 0x00007ffa3fbbe000 	C:\WINDOWS\SYSTEM32\dwmapi.dll
0x00007ffa1dbe0000 - 0x00007ffa1dd32000 	C:\WINDOWS\SYSTEM32\inputhost.dll
0x00007ffa3db20000 - 0x00007ffa3dc12000 	C:\WINDOWS\SYSTEM32\CoreMessaging.dll
0x00007ffa3e990000 - 0x00007ffa3eae7000 	C:\WINDOWS\SYSTEM32\wintypes.dll
0x00007ffa3f2a0000 - 0x00007ffa3f394000 	C:\WINDOWS\SYSTEM32\PROPSYS.dll
0x00007ffa3d670000 - 0x00007ffa3d9cb000 	C:\WINDOWS\SYSTEM32\CoreUIComponents.dll
0x00007ffa41170000 - 0x00007ffa411a3000 	C:\WINDOWS\SYSTEM32\ntmarta.dll
0x00007ffa3f7e0000 - 0x00007ffa3f87e000 	C:\WINDOWS\system32\uxtheme.dll
0x00007ffa438f0000 - 0x00007ffa43a05000 	C:\WINDOWS\System32\MSCTF.dll
0x00007ff9d3020000 - 0x00007ff9d3148000 	C:\WINDOWS\SYSTEM32\opengl32.dll
0x00007ff9d2ff0000 - 0x00007ff9d301c000 	C:\WINDOWS\SYSTEM32\GLU32.dll
0x00007ffa44560000 - 0x00007ffa44609000 	C:\WINDOWS\System32\clbcatq.dll
0x00007ff99b910000 - 0x00007ff99e263000 	C:\WINDOWS\System32\DriverStore\FileRepository\nv_dispi.inf_amd64_d471cab2f241c3c2\nvoglv64.dll
0x00007ffa428d0000 - 0x00007ffa42d40000 	C:\WINDOWS\System32\SETUPAPI.dll
0x00007ffa3e300000 - 0x00007ffa3e314000 	C:\WINDOWS\SYSTEM32\WTSAPI32.dll
0x00007ffa41aa0000 - 0x00007ffa41ab2000 	C:\WINDOWS\SYSTEM32\msasn1.dll
0x00007ffa3be90000 - 0x00007ffa3bec1000 	C:\WINDOWS\SYSTEM32\cryptnet.dll
0x00007ffa42290000 - 0x00007ffa423ed000 	C:\WINDOWS\System32\CRYPT32.dll
0x00007ffa41880000 - 0x00007ffa4188c000 	C:\WINDOWS\SYSTEM32\cryptbase.dll
0x00007ffa3b9b0000 - 0x00007ffa3baf7000 	C:\WINDOWS\SYSTEM32\drvstore.dll
0x00007ffa427f0000 - 0x00007ffa42863000 	C:\WINDOWS\System32\WINTRUST.dll
0x00007ffa44360000 - 0x00007ffa4437d000 	C:\WINDOWS\System32\imagehlp.dll
0x00007ffa41860000 - 0x00007ffa41878000 	C:\WINDOWS\SYSTEM32\CRYPTSP.dll
0x00007ffa40f20000 - 0x00007ffa40f58000 	C:\WINDOWS\system32\rsaenh.dll
0x00007ffa2e8d0000 - 0x00007ffa32664000 	C:\WINDOWS\System32\DriverStore\FileRepository\nv_dispi.inf_amd64_d471cab2f241c3c2\nvgpucomp64.dll
0x00007ffa36f40000 - 0x00007ffa36f7b000 	C:\WINDOWS\SYSTEM32\dxcore.dll
0x00007ff9bf010000 - 0x00007ff9bf157000 	C:\WINDOWS\system32\nvspcap64.dll
0x00007ffa40b90000 - 0x00007ffa40bf3000 	C:\WINDOWS\SYSTEM32\WINSTA.dll
0x00007ffa33e10000 - 0x00007ffa33f09000 	C:\WINDOWS\SYSTEM32\textinputframework.dll
0x00007ffa15c60000 - 0x00007ffa15cbd000 	C:\Users\ciara\AppData\Local\Temp\lwjgl_ciara\3.3.6+1\x64\lwjgl_opengl.dll
0x00007ffa068b0000 - 0x00007ffa06949000 	C:\Users\ciara\AppData\Local\Temp\lwjgl_ciara\3.3.6+1\x64\lwjgl_stb.dll
0x00007ffa3a110000 - 0x00007ffa3a1be000 	C:\WINDOWS\SYSTEM32\mscms.dll
0x00007ffa41d90000 - 0x00007ffa41dbe000 	C:\WINDOWS\SYSTEM32\USERENV.dll
0x00007ffa3ad20000 - 0x00007ffa3ad31000 	C:\WINDOWS\SYSTEM32\ColorAdapterClient.dll
0x00007ff988510000 - 0x00007ff988555000 	C:\WINDOWS\SYSTEM32\icm32.dll
0x00007ff95ec80000 - 0x00007ff95f487000 	C:\Users\ciara\AppData\Local\Temp\imgui-java-natives\1.90.0\imgui-java64.dll
0x00007ffa044d0000 - 0x00007ffa04654000 	C:\Program Files\Java\jdk-25\bin\awt.dll
0x00007ffa3df10000 - 0x00007ffa3dfa4000 	C:\WINDOWS\SYSTEM32\apphelp.dll

JVMTI agents:
jdwp path:C:\Program Files\Java\jdk-25\bin\jdwp.dll, loaded, initialized, options:transport=dt_socket,server=n,suspend=y,address=127.0.0.1:62002
C:\Users\ciara\AppData\Local\JetBrains\IntelliJIdea2025.2\captureAgent\debugger-agent.jar path:C:\Program Files\Java\jdk-25\bin\instrument.dll, loaded, initialized, instrumentlib options:file:///C:/Users/ciara/AppData/Local/Temp/capture10752122846797818966.props

dbghelp: loaded successfully - version: 4.0.5 - missing functions: none
symbol engine: initialized successfully - sym options: 0x614 - pdb path: .;C:\Program Files\Java\jdk-25\bin;C:\WINDOWS\SYSTEM32;C:\WINDOWS\WinSxS\amd64_microsoft.windows.common-controls_6595b64144ccf1df_6.0.19041.6456_none_60b8a6cb71f64256;C:\Program Files\Java\jdk-25\bin\server;C:\Users\ciara\AppData\Local\Temp\lwjgl_ciara\3.3.6+1\x64;C:\WINDOWS\System32\DriverStore\FileRepository\nv_dispi.inf_amd64_d471cab2f241c3c2;C:\Users\ciara\AppData\Local\Temp\imgui-java-natives\1.90.0

VM Arguments:
jvm_args: -Ddebugger.agent.enable.coroutines=true -Dkotlinx.coroutines.debug.enable.creation.stack.trace=false -Dkotlinx.coroutines.debug.enable.flows.stack.trace=true -Dkotlinx.coroutines.debug.enable.mutable.state.flows.stack.trace=true --enable-native-access=ALL-UNNAMED --add-opens=java.base/sun.misc=ALL-UNNAMED --add-opens=java.base/java.nio=ALL-UNNAMED --enable-preview --enable-preview -agentlib:jdwp=transport=dt_socket,server=n,suspend=y,address=127.0.0.1:62002 -javaagent:C:\Users\ciara\AppData\Local\JetBrains\IntelliJIdea2025.2\captureAgent\debugger-agent.jar=file:///C:/Users/ciara/AppData/Local/Temp/capture10752122846797818966.props -Dfile.encoding=UTF-8 -Duser.country=IE -Duser.language=en -Duser.variant -ea 
java_command: Main java.library.path=libs
java_class_path (initial): C:\Users\ciara\Desktop\Code\College Work\Year 4\FYP\PrototypeEngine\build\classes\java\main;C:\Users\ciara\Desktop\Code\College Work\Year 4\FYP\PrototypeEngine\build\resources\main;C:\Users\ciara\Desktop\Code\College Work\Year 4\FYP\PrototypeEngine\libs\imgui-app-1.90.0.jar;C:\Users\ciara\Desktop\Code\College Work\Year 4\FYP\PrototypeEngine\libs\imgui-binding-1.90.0.jar;C:\Users\ciara\Desktop\Code\College Work\Year 4\FYP\PrototypeEngine\libs\imgui-lwjgl3-1.90.0.jar;C:\Users\ciara\.gradle\caches\modules-2\files-2.1\com.google.code.gson\gson\2.13.2\48b8230771e573b54ce6e867a9001e75977fe78e\gson-2.13.2.jar;C:\Users\ciara\.gradle\caches\modules-2\files-2.1\org.lwjgl\lwjgl-assimp\3.3.6\931a8de55dd5ee546689119c85ed4d4af7fa68f2\lwjgl-assimp-3.3.6.jar;C:\Users\ciara\.gradle\caches\modules-2\files-2.1\org.lwjgl\lwjgl-assimp\3.3.6\486fa1e2db9fc903a0cab984604cef1a895b0e28\lwjgl-assimp-3.3.6-natives-windows.jar;C:\Users\ciara\.gradle\caches\modules-2\files-2.1\org.lwjgl\lwjgl-glfw\3.3.6\7119f7d0eeb1e5502ff0ca71d2b4d47317da015\lwjgl-glfw-3.3.6.jar;C:\Users\ciara\.gradle\caches\modules-2\files-2.1\org.lwjgl\lwjgl-glfw\3.3.6\99ef08056feb9627f90425a4d2a22cd9fae8e39b\lwjgl-glfw-3.3.6-natives-windows.jar;C:\Users\ciara\.gradle\caches\modules-2\files-2.1\org.lwjgl\lwjgl-openal\3.3.6\ad313317ff399fd2a7f4dd74716a68cf3976c6ad\lwjgl-openal-3.3.6.jar;C:\Users\ciara\.gradle\caches\modules-2\files-2.1\org.lwjgl\lwjgl-openal\3.3.6\9c2b9b660e085bb0b47a4453dc0e26f24a5475e4\lwjgl-openal-3.3.6-natives-windows.jar;C:\Users\ciara\.gradle\caches\modules-2\files-2.1\org.lwjgl\lwjgl-opengl\3.3.6\ac2532612a4df374e9a9282bcf8ce2573018ebbb\lwjgl-opengl-3.3.6.jar;C:\Users\ciara\.gradle\caches\modules-2\files-2.1\org.lwjgl\lwjgl-opengl\3.3.6\18dc639ebc94aa5202c2157f7490d28997b697c5\lwjgl-opengl-3.3.6-natives-windows.jar;C:\Users\ciara\.gradle\caches\modules-2\files-2.1\org.lwjgl\lwjgl-stb\3.3.6\e2d3739dcfe7b672b626ded66d94f6587083306e\lwjgl-stb-3.3.6.jar;C:\Users\ciara\.gradle\caches\modules-2\files-2.1\org.lwjgl\lwjgl-stb\3.3.6\334cf885b39e2db9070c39e70e65efb136435f10\lwjgl-stb-3.3.6-natives-windows.jar;C:\Users\ciara\.gradle\caches\modules-2\files-2.1\org.lwjgl\lwjgl-tinyfd\3.3.6\58ceead1d42ff20d2d4f674aaeceb200733461c2\lwjgl-tinyfd-3.3.6.jar;C:\Users\ciara\.gradle\caches\modules-2\files-2.1\org.lwjgl\lwjgl-tinyfd\3.3.6\e2edcbe44ae26d2914156386e224b67f4b47c442\lwjgl-tinyfd-3.3.6-natives-windows.jar;C:\Users\ciara\.gradle\caches\modules-2\files-2.1\org.lwjgl\lwjgl\3.3.6\ce7721d30cfaf47feaed10213e0c43eb55c49d68\lwjgl-3.3.6.jar;C:\Users\ciara\.gradle\caches\modules-2\files-2.1\org.lwjgl\lwjgl\3.3.6\9a29b6a22fc5184604b8cb434ee5d5ecc4bfcbee\lwjgl-3.3.6-natives-windows.jar;C:\Users\ciara\.gradle\caches\modules-2\files-2.1\org.joml\joml\1.10.8\fc0a71dad90a2cf41d82a76156a0e700af8e4f8d\joml-1.10.8.jar;C:\Users\ciara\.gradle\caches\modules-2\files-2.1\com.code-disaster.steamworks4j\steamworks4j\1.9.0\d69b7f7540745a8d569a5400554e34d42e035da8\steamworks4j-1.9.0.jar;C:\Users\ciara\.gradle\caches\modules-2\files-2.1\com.google.errorprone\error_prone_annotations\2.41.0\4381275efdef6ddfae38f002c31e84cd001c97f0\error_prone_annotations-2.41.0.jar;C:\Users\ciara\.gradle\caches\modules-2\files-2.1\org.jetbrains.kotlin\kotlin-stdlib-jdk8\1.8.20\73576ddf378c5b4f1f6b449fe6b119b8183fc078\kotlin-stdlib-jdk8-1.8.20.jar;C:\Users\ciara\.gradle\caches\modules-2\files-2.1\org.jetbrains.kotlin\kotlin-stdlib-jdk7\1.8.20\3aa51faf20aae8b31e1a4bc54f8370673d7b7df4\kotlin-stdlib-jdk7-1.8.20.jar;C:\Users\ciara\.gradle\caches\modules-2\files-2.1\org.jetbrains.kotlin\kotlin-stdlib\1.8.20\e72fc5e03ec6c064c678a6bd0d955c88d55b0c4a\kotlin-stdlib-1.8.20.jar;C:\Users\ciara\.gradle\caches\modules-2\files-2.1\org.jetbrains.kotlin\kotlin-stdlib-common\1.8.20\5eddaaf234c8c49d03eebeb6a14feb7f90faca71\kotlin-stdlib-common-1.8.20.jar;C:\Users\ciara\.gradle\caches\modules-2\files-2.1\org.jetbrains\annotations\13.0\919f0dfe192fb4e063e7dacadee7f8bb9a2672a9\annotations-13.0.jar
Launcher Type: SUN_STANDARD

[Global flags]
     intx CICompilerCount                          = 4                                         {product} {ergonomic}
     uint ConcGCThreads                            = 3                                         {product} {ergonomic}
     uint G1ConcRefinementThreads                  = 10                                        {product} {ergonomic}
   size_t G1HeapRegionSize                         = 2097152                                   {product} {ergonomic}
   size_t InitialHeapSize                          = 268435456                                 {product} {ergonomic}
   size_t MarkStackSize                            = 4194304                                   {product} {ergonomic}
   size_t MarkStackSizeMax                         = 536870912                                 {product} {ergonomic}
   size_t MaxHeapSize                              = 4282384384                                {product} {ergonomic}
   size_t MaxNewSize                               = 2569011200                                {product} {ergonomic}
   size_t MinHeapDeltaBytes                        = 2097152                                   {product} {ergonomic}
   size_t MinHeapSize                              = 8388608                                   {product} {ergonomic}
    uintx NonNMethodCodeHeapSize                   = 5832704                                {pd product} {ergonomic}
    uintx NonProfiledCodeHeapSize                  = 122945536                              {pd product} {ergonomic}
    uintx ProfiledCodeHeapSize                     = 122880000                              {pd product} {ergonomic}
    uintx ReservedCodeCacheSize                    = 251658240                              {pd product} {ergonomic}
     bool SegmentedCodeCache                       = true                                      {product} {ergonomic}
   size_t SoftMaxHeapSize                          = 4282384384                             {manageable} {ergonomic}
     bool UseCompressedOops                        = true                           {product lp64_product} {ergonomic}
     bool UseG1GC                                  = true                                      {product} {ergonomic}
     bool UseLargePagesIndividualAllocation        = false                                  {pd product} {ergonomic}

Logging:
Log output configuration:
 #0: stdout all=warning uptime,level,tags foldmultilines=false
 #1: stderr all=off uptime,level,tags foldmultilines=false

Release file:
IMPLEMENTOR="Oracle Corporation" 
JAVA_RUNTIME_VERSION="25.0.1+8-LTS-27" 
JAVA_VERSION="25.0.1" 
JAVA_VERSION_DATE="2025-10-21" 
LIBC="default" 
MODULES="java.base java.compiler java.datatransfer java.xml java.prefs java.desktop java.instrument java.logging java.management java.security.sasl java.naming java.rmi java.management.rmi java.net.http java.scripting java.security.jgss java.transaction.xa java.sql java.sql.rowset java.xml.crypto java.se java.smartcardio jdk.accessibility jdk.internal.jvmstat jdk.attach jdk.charsets jdk.internal.opt jdk.zipfs jdk.compiler jdk.crypto.cryptoki jdk.crypto.ec jdk.crypto.mscapi jdk.dynalink jdk.internal.ed jdk.editpad jdk.internal.vm.ci jdk.graal.compiler jdk.graal.compiler.management jdk.hotspot.agent jdk.httpserver jdk.incubator.vector jdk.internal.le jdk.internal.md jdk.jartool jdk.javadoc jdk.jcmd jdk.management jdk.management.agent jdk.jconsole jdk.jdeps jdk.jdwp.agent jdk.jdi jdk.jfr jdk.jlink jdk.jpackage jdk.jshell jdk.jsobject jdk.jstatd jdk.localedata jdk.management.jfr jdk.naming.dns jdk.naming.rmi jdk.net jdk.nio.mapmode jdk.sctp jdk.security.auth jdk.security.jgss jdk.unsupported jdk.unsupported.desktop jdk.xml.dom" 
OS_ARCH="x86_64" 
OS_NAME="Windows" 
SOURCE=".:git:862c85bc42b7 open:git:78770bfaefd2" 

Environment Variables:
PATH=C:\Program Files\Common Files\Oracle\Java\javapath;C:\WINDOWS\system32;C:\WINDOWS;C:\WINDOWS\System32\Wbem;C:\WINDOWS\System32\WindowsPowerShell\v1.0\;C:\WINDOWS\System32\OpenSSH\;C:\Program Files\NVIDIA Corporation\NVIDIA App\NvDLISR;C:\Program Files (x86)\NVIDIA Corporation\PhysX\Common;C:\Program Files\Git\cmd;C:\Users\ciara\AppData\Local\Android\Sdk\platform-tools;C:\Program Files\ytDLP;C:\Users\ciara\AppData\Local\Muse Hub\lib;C:\Strawberry\c\bin;C:\Strawberry\perl\site\bin;C:\Strawberry\perl\bin;C:\Users\ciara\AppData\Local\Microsoft\WindowsApps;C:\Users\ciara\AppData\Local\Programs\Microsoft VS Code\bin;C:\Users\ciara\AppData\Local\Python\bin;C:\Program Files\LLVM\bin;C:\msys2\mingw64\bin;
USERNAME=ciara
OS=Windows_NT
PROCESSOR_IDENTIFIER=AMD64 Family 25 Model 33 Stepping 0, AuthenticAMD
TMP=C:\Users\ciara\AppData\Local\Temp
TEMP=C:\Users\ciara\AppData\Local\Temp




Compilation memory statistics disabled.

Periodic native trim disabled

---------------  S Y S T E M  ---------------

OS:
 Windows 10 , 64 bit Build 19041 (10.0.19041.5915)
OS uptime: 2 days 11:33 hours

CPU: total 12 (initial active 12) (12 cores per cpu, 2 threads per core) family 25 model 33 stepping 0 microcode 0x0, cx8, cmov, fxsr, ht, mmx, 3dnowpref, sse, sse2, sse3, ssse3, sse4a, sse4.1, sse4.2, popcnt, lzcnt, tsc, tscinvbit, avx, avx2, aes, erms, clmul, bmi1, bmi2, adx, sha, fma, vzeroupper, clflush, clflushopt, clwb, rdtscp, rdpid, fsrm, f16c, pku, cet_ss
Processor Information for the first 12 processors :
  Max Mhz: 3701, Current Mhz: 3701, Mhz Limit: 3701

Memory: 4k page, system-wide physical 16330M (3291M free)
TotalPageFile size 34708M (AvailPageFile size 5507M)
current process WorkingSet (physical memory assigned to process): 189M, peak: 196M
current process commit charge ("private bytes"): 537M, peak: 542M

vm_info: Java HotSpot(TM) 64-Bit Server VM (25.0.1+8-LTS-27) for windows-amd64 JRE (25.0.1+8-LTS-27), built on 2025-09-25T16:41:16Z with unknown MS VC++:1943

END.
